[2024-03-11T07:43:01.556+0000][6][gc,heap] Heap region size: 1M
[2024-03-11T07:43:01.556+0000][6][gc,heap,coops] Heap address: 0x00000000e0000000, size: 512 MB, Compressed Oops mode: 32-bit
[2024-03-11T07:43:01.725+0000][6][gc           ] Using G1
[2024-03-11T07:43:01.739+0000][6][gc           ] Periodic GC disabled
[2024-03-11T07:43:01.855+0000][6][safepoint    ] Safepoint "ICBufferFull", Time since last: 122883292 ns, Reaching safepoint: 764042 ns, At safepoint: 7500 ns, Total: 771542 ns
[2024-03-11T07:43:01.964+0000][6][gc,start     ] GC(0) Pause Young (Normal) (G1 Evacuation Pause)
[2024-03-11T07:43:01.965+0000][6][gc,task      ] GC(0) Using 8 workers of 8 for evacuation
[2024-03-11T07:43:01.966+0000][6][gc,age       ] GC(0) Desired survivor size 2097152 bytes, new threshold 15 (max threshold 15)
[2024-03-11T07:43:01.969+0000][6][gc,age       ] GC(0) Age table with threshold 15 (max threshold 15)
[2024-03-11T07:43:01.969+0000][6][gc,age       ] GC(0) - age   1:    3308080 bytes,    3308080 total
[2024-03-11T07:43:01.969+0000][6][gc,phases    ] GC(0)   Pre Evacuate Collection Set: 0.1ms
[2024-03-11T07:43:01.969+0000][6][gc,phases    ] GC(0)   Merge Heap Roots: 0.3ms
[2024-03-11T07:43:01.969+0000][6][gc,phases    ] GC(0)   Evacuate Collection Set: 2.2ms
[2024-03-11T07:43:01.969+0000][6][gc,phases    ] GC(0)   Post Evacuate Collection Set: 0.4ms
[2024-03-11T07:43:01.969+0000][6][gc,phases    ] GC(0)   Other: 2.6ms
[2024-03-11T07:43:01.969+0000][6][gc,heap      ] GC(0) Eden regions: 25->0(35)
[2024-03-11T07:43:01.969+0000][6][gc,heap      ] GC(0) Survivor regions: 0->4(4)
[2024-03-11T07:43:01.969+0000][6][gc,heap      ] GC(0) Old regions: 0->0
[2024-03-11T07:43:01.970+0000][6][gc,heap      ] GC(0) Archive regions: 0->0
[2024-03-11T07:43:01.970+0000][6][gc,heap      ] GC(0) Humongous regions: 1->1
[2024-03-11T07:43:01.970+0000][6][gc,metaspace ] GC(0) Metaspace: 14026K(14592K)->14026K(14592K) NonClass: 12650K(13056K)->12650K(13056K) Class: 1376K(1536K)->1376K(1536K)
[2024-03-11T07:43:01.970+0000][6][gc           ] GC(0) Pause Young (Normal) (G1 Evacuation Pause) 26M->4M(512M) 6.107ms
[2024-03-11T07:43:01.970+0000][6][gc,cpu       ] GC(0) User=0.01s Sys=0.01s Real=0.00s
[2024-03-11T07:43:01.970+0000][6][safepoint    ] Safepoint "G1CollectForAllocation", Time since last: 108258917 ns, Reaching safepoint: 117916 ns, At safepoint: 6265500 ns, Total: 6383416 ns
[2024-03-11T07:43:02.151+0000][6][safepoint    ] Safepoint "ICBufferFull", Time since last: 180969625 ns, Reaching safepoint: 237959 ns, At safepoint: 6541 ns, Total: 244500 ns
[2024-03-11T07:43:02.491+0000][6][safepoint    ] Safepoint "ICBufferFull", Time since last: 339320750 ns, Reaching safepoint: 424417 ns, At safepoint: 158250 ns, Total: 582667 ns
[2024-03-11T07:43:02.525+0000][6][gc,start     ] GC(1) Pause Young (Normal) (G1 Evacuation Pause)
[2024-03-11T07:43:02.527+0000][6][gc,task      ] GC(1) Using 8 workers of 8 for evacuation
[2024-03-11T07:43:02.528+0000][6][gc,age       ] GC(1) Desired survivor size 2621440 bytes, new threshold 1 (max threshold 15)
[2024-03-11T07:43:02.539+0000][6][gc,age       ] GC(1) Age table with threshold 1 (max threshold 15)
[2024-03-11T07:43:02.539+0000][6][gc,age       ] GC(1) - age   1:    2531368 bytes,    2531368 total
[2024-03-11T07:43:02.540+0000][6][gc,phases    ] GC(1)   Pre Evacuate Collection Set: 0.2ms
[2024-03-11T07:43:02.540+0000][6][gc,phases    ] GC(1)   Merge Heap Roots: 0.3ms
[2024-03-11T07:43:02.540+0000][6][gc,phases    ] GC(1)   Evacuate Collection Set: 9.0ms
[2024-03-11T07:43:02.541+0000][6][gc,phases    ] GC(1)   Post Evacuate Collection Set: 0.8ms
[2024-03-11T07:43:02.541+0000][6][gc,phases    ] GC(1)   Other: 4.1ms
[2024-03-11T07:43:02.541+0000][6][gc,heap      ] GC(1) Eden regions: 35->0(136)
[2024-03-11T07:43:02.541+0000][6][gc,heap      ] GC(1) Survivor regions: 4->3(5)
[2024-03-11T07:43:02.541+0000][6][gc,heap      ] GC(1) Old regions: 0->4
[2024-03-11T07:43:02.541+0000][6][gc,heap      ] GC(1) Archive regions: 0->0
[2024-03-11T07:43:02.542+0000][6][gc,heap      ] GC(1) Humongous regions: 1->1
[2024-03-11T07:43:02.542+0000][6][gc,metaspace ] GC(1) Metaspace: 20192K(20864K)->20192K(20864K) NonClass: 18021K(18432K)->18021K(18432K) Class: 2170K(2432K)->2170K(2432K)
[2024-03-11T07:43:02.542+0000][6][gc           ] GC(1) Pause Young (Normal) (G1 Evacuation Pause) 39M->6M(512M) 16.652ms
[2024-03-11T07:43:02.542+0000][6][gc,cpu       ] GC(1) User=0.04s Sys=0.00s Real=0.02s
[2024-03-11T07:43:02.542+0000][6][safepoint    ] Safepoint "G1CollectForAllocation", Time since last: 33803333 ns, Reaching safepoint: 512875 ns, At safepoint: 17060417 ns, Total: 17573292 ns
[2024-03-11T07:43:02.583+0000][6][gc,start     ] GC(2) Pause Young (Concurrent Start) (Metadata GC Threshold)
[2024-03-11T07:43:02.583+0000][6][gc,task      ] GC(2) Using 8 workers of 8 for evacuation
[2024-03-11T07:43:02.584+0000][6][gc,age       ] GC(2) Desired survivor size 9437184 bytes, new threshold 15 (max threshold 15)
[2024-03-11T07:43:02.586+0000][6][gc,age       ] GC(2) Age table with threshold 15 (max threshold 15)
[2024-03-11T07:43:02.587+0000][6][gc,age       ] GC(2) - age   1:     122312 bytes,     122312 total
[2024-03-11T07:43:02.587+0000][6][gc,age       ] GC(2) - age   2:    2493944 bytes,    2616256 total
[2024-03-11T07:43:02.587+0000][6][gc,phases    ] GC(2)   Pre Evacuate Collection Set: 0.2ms
[2024-03-11T07:43:02.587+0000][6][gc,phases    ] GC(2)   Merge Heap Roots: 0.1ms
[2024-03-11T07:43:02.587+0000][6][gc,phases    ] GC(2)   Evacuate Collection Set: 1.8ms
[2024-03-11T07:43:02.587+0000][6][gc,phases    ] GC(2)   Post Evacuate Collection Set: 0.6ms
[2024-03-11T07:43:02.587+0000][6][gc,phases    ] GC(2)   Other: 1.1ms
[2024-03-11T07:43:02.587+0000][6][gc,heap      ] GC(2) Eden regions: 3->0(202)
[2024-03-11T07:43:02.587+0000][6][gc,heap      ] GC(2) Survivor regions: 3->3(18)
[2024-03-11T07:43:02.587+0000][6][gc,heap      ] GC(2) Old regions: 4->4
[2024-03-11T07:43:02.587+0000][6][gc,heap      ] GC(2) Archive regions: 0->0
[2024-03-11T07:43:02.588+0000][6][gc,heap      ] GC(2) Humongous regions: 1->1
[2024-03-11T07:43:02.588+0000][6][gc,metaspace ] GC(2) Metaspace: 20743K(21296K)->20743K(21296K) NonClass: 18516K(18864K)->18516K(18864K) Class: 2227K(2432K)->2227K(2432K)
[2024-03-11T07:43:02.588+0000][6][gc           ] GC(2) Pause Young (Concurrent Start) (Metadata GC Threshold) 8M->6M(512M) 4.872ms
[2024-03-11T07:43:02.588+0000][6][gc,cpu       ] GC(2) User=0.01s Sys=0.00s Real=0.00s
[2024-03-11T07:43:02.588+0000][6][gc           ] GC(3) Concurrent Cycle
[2024-03-11T07:43:02.589+0000][6][gc,marking   ] GC(3) Concurrent Clear Claimed Marks
[2024-03-11T07:43:02.588+0000][6][safepoint    ] Safepoint "CollectForMetadataAllocation", Time since last: 40572875 ns, Reaching safepoint: 137750 ns, At safepoint: 5362750 ns, Total: 5500500 ns
[2024-03-11T07:43:02.589+0000][6][gc,marking   ] GC(3) Concurrent Clear Claimed Marks 0.334ms
[2024-03-11T07:43:02.589+0000][6][gc,marking   ] GC(3) Concurrent Scan Root Regions
[2024-03-11T07:43:02.591+0000][6][gc,marking   ] GC(3) Concurrent Scan Root Regions 1.639ms
[2024-03-11T07:43:02.591+0000][6][gc,marking   ] GC(3) Concurrent Mark (1.045s)
[2024-03-11T07:43:02.592+0000][6][gc,marking   ] GC(3) Concurrent Mark From Roots
[2024-03-11T07:43:02.592+0000][6][gc,task      ] GC(3) Using 2 workers of 2 for marking
[2024-03-11T07:43:02.595+0000][6][gc,marking   ] GC(3) Concurrent Mark From Roots 3.870ms
[2024-03-11T07:43:02.596+0000][6][gc,marking   ] GC(3) Concurrent Preclean
[2024-03-11T07:43:02.598+0000][6][gc,marking   ] GC(3) Concurrent Preclean 1.748ms
[2024-03-11T07:43:02.598+0000][6][gc,marking   ] GC(3) Concurrent Mark (1.045s, 1.052s) 6.782ms
[2024-03-11T07:43:02.599+0000][6][gc,start     ] GC(3) Pause Remark
[2024-03-11T07:43:02.603+0000][6][gc           ] GC(3) Pause Remark 7M->7M(512M) 3.449ms
[2024-03-11T07:43:02.603+0000][6][gc,cpu       ] GC(3) User=0.01s Sys=0.00s Real=0.01s
[2024-03-11T07:43:02.603+0000][6][safepoint    ] Safepoint "G1Concurrent", Time since last: 10350750 ns, Reaching safepoint: 338084 ns, At safepoint: 3855875 ns, Total: 4193959 ns
[2024-03-11T07:43:02.604+0000][6][gc,marking   ] GC(3) Concurrent Rebuild Remembered Sets
[2024-03-11T07:43:02.605+0000][6][gc,marking   ] GC(3) Concurrent Rebuild Remembered Sets 1.542ms
[2024-03-11T07:43:02.607+0000][6][gc,start     ] GC(3) Pause Cleanup
[2024-03-11T07:43:02.607+0000][6][gc           ] GC(3) Pause Cleanup 8M->8M(512M) 0.275ms
[2024-03-11T07:43:02.610+0000][6][gc,cpu       ] GC(3) User=0.00s Sys=0.00s Real=0.01s
[2024-03-11T07:43:02.610+0000][6][safepoint    ] Safepoint "G1Concurrent", Time since last: 2533208 ns, Reaching safepoint: 1052167 ns, At safepoint: 3858208 ns, Total: 4910375 ns
[2024-03-11T07:43:02.611+0000][6][gc,marking   ] GC(3) Concurrent Cleanup for Next Mark
[2024-03-11T07:43:02.612+0000][6][gc,marking   ] GC(3) Concurrent Cleanup for Next Mark 1.423ms
[2024-03-11T07:43:02.612+0000][6][gc           ] GC(3) Concurrent Cycle 24.082ms
[2024-03-11T07:43:02.849+0000][6][safepoint    ] Safepoint "ICBufferFull", Time since last: 238197375 ns, Reaching safepoint: 418375 ns, At safepoint: 84583 ns, Total: 502958 ns
[2024-03-11T07:43:03.083+0000][6][safepoint    ] Safepoint "ICBufferFull", Time since last: 233566209 ns, Reaching safepoint: 173875 ns, At safepoint: 7791 ns, Total: 181666 ns
[2024-03-11T07:43:03.208+0000][6][safepoint    ] Safepoint "ICBufferFull", Time since last: 124561959 ns, Reaching safepoint: 206583 ns, At safepoint: 8958 ns, Total: 215541 ns
[2024-03-11T07:43:03.264+0000][6][gc,start     ] GC(4) Pause Young (Normal) (G1 Evacuation Pause)
[2024-03-11T07:43:03.264+0000][6][gc,task      ] GC(4) Using 8 workers of 8 for evacuation
[2024-03-11T07:43:03.264+0000][6][gc,age       ] GC(4) Desired survivor size 15204352 bytes, new threshold 15 (max threshold 15)
[2024-03-11T07:43:03.269+0000][6][gc,age       ] GC(4) Age table with threshold 15 (max threshold 15)
[2024-03-11T07:43:03.269+0000][6][gc,age       ] GC(4) - age   1:    5757328 bytes,    5757328 total
[2024-03-11T07:43:03.269+0000][6][gc,age       ] GC(4) - age   2:     110216 bytes,    5867544 total
[2024-03-11T07:43:03.270+0000][6][gc,age       ] GC(4) - age   3:    2462616 bytes,    8330160 total
[2024-03-11T07:43:03.270+0000][6][gc,phases    ] GC(4)   Pre Evacuate Collection Set: 0.1ms
[2024-03-11T07:43:03.270+0000][6][gc,phases    ] GC(4)   Merge Heap Roots: 0.1ms
[2024-03-11T07:43:03.270+0000][6][gc,phases    ] GC(4)   Evacuate Collection Set: 3.8ms
[2024-03-11T07:43:03.270+0000][6][gc,phases    ] GC(4)   Post Evacuate Collection Set: 0.8ms
[2024-03-11T07:43:03.270+0000][6][gc,phases    ] GC(4)   Other: 0.9ms
[2024-03-11T07:43:03.270+0000][6][gc,heap      ] GC(4) Eden regions: 222->0(298)
[2024-03-11T07:43:03.270+0000][6][gc,heap      ] GC(4) Survivor regions: 3->9(29)
[2024-03-11T07:43:03.270+0000][6][gc,heap      ] GC(4) Old regions: 4->4
[2024-03-11T07:43:03.270+0000][6][gc,heap      ] GC(4) Archive regions: 0->0
[2024-03-11T07:43:03.270+0000][6][gc,heap      ] GC(4) Humongous regions: 2->1
[2024-03-11T07:43:03.270+0000][6][gc,metaspace ] GC(4) Metaspace: 26313K(27312K)->26313K(27312K) NonClass: 23382K(23984K)->23382K(23984K) Class: 2930K(3328K)->2930K(3328K)
[2024-03-11T07:43:03.270+0000][6][gc           ] GC(4) Pause Young (Normal) (G1 Evacuation Pause) 229M->12M(512M) 6.666ms
[2024-03-11T07:43:03.271+0000][6][gc,cpu       ] GC(4) User=0.02s Sys=0.00s Real=0.01s
[2024-03-11T07:43:03.271+0000][6][safepoint    ] Safepoint "G1CollectForAllocation", Time since last: 55984126 ns, Reaching safepoint: 174125 ns, At safepoint: 6880250 ns, Total: 7054375 ns
[2024-03-11T07:43:03.272+0000][6][safepoint    ] Safepoint "BulkRevokeBias", Time since last: 623583 ns, Reaching safepoint: 874667 ns, At safepoint: 24791 ns, Total: 899458 ns
[2024-03-11T07:43:03.278+0000][6][safepoint    ] Safepoint "BulkRevokeBias", Time since last: 5536167 ns, Reaching safepoint: 333458 ns, At safepoint: 14125 ns, Total: 347583 ns
[2024-03-11T07:43:03.279+0000][6][safepoint    ] Safepoint "BulkRevokeBias", Time since last: 246084 ns, Reaching safepoint: 829875 ns, At safepoint: 20250 ns, Total: 850125 ns
[2024-03-11T07:43:03.577+0000][6][safepoint    ] Safepoint "ICBufferFull", Time since last: 297179583 ns, Reaching safepoint: 195375 ns, At safepoint: 3708 ns, Total: 199083 ns
[2024-03-11T07:43:03.612+0000][6][gc,start     ] GC(5) Pause Young (Normal) (G1 Evacuation Pause)
[2024-03-11T07:43:03.612+0000][6][gc,task      ] GC(5) Using 8 workers of 8 for evacuation
[2024-03-11T07:43:03.612+0000][6][gc,age       ] GC(5) Desired survivor size 20447232 bytes, new threshold 15 (max threshold 15)
[2024-03-11T07:43:03.618+0000][6][gc,age       ] GC(5) Age table with threshold 15 (max threshold 15)
[2024-03-11T07:43:03.618+0000][6][gc,age       ] GC(5) - age   1:    3834432 bytes,    3834432 total
[2024-03-11T07:43:03.618+0000][6][gc,age       ] GC(5) - age   2:    5475384 bytes,    9309816 total
[2024-03-11T07:43:03.618+0000][6][gc,age       ] GC(5) - age   3:     110216 bytes,    9420032 total
[2024-03-11T07:43:03.619+0000][6][gc,age       ] GC(5) - age   4:    2462520 bytes,   11882552 total
[2024-03-11T07:43:03.619+0000][6][gc,phases    ] GC(5)   Pre Evacuate Collection Set: 0.1ms
[2024-03-11T07:43:03.619+0000][6][gc,phases    ] GC(5)   Merge Heap Roots: 0.1ms
[2024-03-11T07:43:03.619+0000][6][gc,phases    ] GC(5)   Evacuate Collection Set: 5.2ms
[2024-03-11T07:43:03.619+0000][6][gc,phases    ] GC(5)   Post Evacuate Collection Set: 0.7ms
[2024-03-11T07:43:03.619+0000][6][gc,phases    ] GC(5)   Other: 1.0ms
[2024-03-11T07:43:03.619+0000][6][gc,heap      ] GC(5) Eden regions: 298->0(295)
[2024-03-11T07:43:03.619+0000][6][gc,heap      ] GC(5) Survivor regions: 9->12(39)
[2024-03-11T07:43:03.619+0000][6][gc,heap      ] GC(5) Old regions: 4->4
[2024-03-11T07:43:03.619+0000][6][gc,heap      ] GC(5) Archive regions: 0->0
[2024-03-11T07:43:03.619+0000][6][gc,heap      ] GC(5) Humongous regions: 1->1
[2024-03-11T07:43:03.619+0000][6][gc,metaspace ] GC(5) Metaspace: 27937K(29360K)->27937K(29360K) NonClass: 24826K(25776K)->24826K(25776K) Class: 3111K(3584K)->3111K(3584K)
[2024-03-11T07:43:03.619+0000][6][gc           ] GC(5) Pause Young (Normal) (G1 Evacuation Pause) 310M->16M(512M) 7.887ms
[2024-03-11T07:43:03.620+0000][6][gc,cpu       ] GC(5) User=0.03s Sys=0.00s Real=0.00s
[2024-03-11T07:43:03.620+0000][6][safepoint    ] Safepoint "G1CollectForAllocation", Time since last: 34913584 ns, Reaching safepoint: 107208 ns, At safepoint: 8084250 ns, Total: 8191458 ns
[2024-03-11T07:43:03.620+0000][6][safepoint    ] Safepoint "BulkRevokeBias", Time since last: 186167 ns, Reaching safepoint: 203208 ns, At safepoint: 72708 ns, Total: 275916 ns
[2024-03-11T07:43:03.628+0000][6][safepoint    ] Safepoint "BulkRevokeBias", Time since last: 7305417 ns, Reaching safepoint: 779667 ns, At safepoint: 24416 ns, Total: 804083 ns
[2024-03-11T07:43:03.629+0000][6][safepoint    ] Safepoint "BulkRevokeBias", Time since last: 222334 ns, Reaching safepoint: 639958 ns, At safepoint: 29708 ns, Total: 669666 ns
[2024-03-11T07:43:04.271+0000][6][gc,start     ] GC(6) Pause Young (Normal) (G1 Evacuation Pause)
[2024-03-11T07:43:04.273+0000][6][gc,task      ] GC(6) Using 8 workers of 8 for evacuation
[2024-03-11T07:43:04.274+0000][6][gc,age       ] GC(6) Desired survivor size 20447232 bytes, new threshold 15 (max threshold 15)
[2024-03-11T07:43:04.280+0000][6][gc,age       ] GC(6) Age table with threshold 15 (max threshold 15)
[2024-03-11T07:43:04.280+0000][6][gc,age       ] GC(6) - age   1:    1632752 bytes,    1632752 total
[2024-03-11T07:43:04.280+0000][6][gc,age       ] GC(6) - age   2:    2993512 bytes,    4626264 total
[2024-03-11T07:43:04.280+0000][6][gc,age       ] GC(6) - age   3:    5471352 bytes,   10097616 total
[2024-03-11T07:43:04.280+0000][6][gc,age       ] GC(6) - age   4:     110216 bytes,   10207832 total
[2024-03-11T07:43:04.281+0000][6][gc,age       ] GC(6) - age   5:    2462520 bytes,   12670352 total
[2024-03-11T07:43:04.281+0000][6][gc,phases    ] GC(6)   Pre Evacuate Collection Set: 0.3ms
[2024-03-11T07:43:04.281+0000][6][gc,phases    ] GC(6)   Merge Heap Roots: 0.1ms
[2024-03-11T07:43:04.281+0000][6][gc,phases    ] GC(6)   Evacuate Collection Set: 4.7ms
[2024-03-11T07:43:04.281+0000][6][gc,phases    ] GC(6)   Post Evacuate Collection Set: 0.8ms
[2024-03-11T07:43:04.281+0000][6][gc,phases    ] GC(6)   Other: 3.6ms
[2024-03-11T07:43:04.282+0000][6][gc,heap      ] GC(6) Eden regions: 295->0(294)
[2024-03-11T07:43:04.282+0000][6][gc,heap      ] GC(6) Survivor regions: 12->13(39)
[2024-03-11T07:43:04.282+0000][6][gc,heap      ] GC(6) Old regions: 4->4
[2024-03-11T07:43:04.282+0000][6][gc,heap      ] GC(6) Archive regions: 0->0
[2024-03-11T07:43:04.282+0000][6][gc,heap      ] GC(6) Humongous regions: 1->1
[2024-03-11T07:43:04.282+0000][6][gc,metaspace ] GC(6) Metaspace: 28419K(29872K)->28419K(29872K) NonClass: 25228K(26288K)->25228K(26288K) Class: 3191K(3584K)->3191K(3584K)
[2024-03-11T07:43:04.283+0000][6][gc           ] GC(6) Pause Young (Normal) (G1 Evacuation Pause) 311M->17M(512M) 11.516ms
[2024-03-11T07:43:04.283+0000][6][gc,cpu       ] GC(6) User=0.04s Sys=0.00s Real=0.01s
[2024-03-11T07:43:04.283+0000][6][safepoint    ] Safepoint "G1CollectForAllocation", Time since last: 641932542 ns, Reaching safepoint: 186417 ns, At safepoint: 11955708 ns, Total: 12142125 ns
[2024-03-11T07:43:04.515+0000][6][gc,start     ] GC(7) Pause Young (Normal) (G1 Evacuation Pause)
[2024-03-11T07:43:04.515+0000][6][gc,task      ] GC(7) Using 8 workers of 8 for evacuation
[2024-03-11T07:43:04.515+0000][6][gc,age       ] GC(7) Desired survivor size 20447232 bytes, new threshold 15 (max threshold 15)
[2024-03-11T07:43:04.520+0000][6][gc,age       ] GC(7) Age table with threshold 15 (max threshold 15)
[2024-03-11T07:43:04.520+0000][6][gc,age       ] GC(7) - age   1:    2136536 bytes,    2136536 total
[2024-03-11T07:43:04.520+0000][6][gc,age       ] GC(7) - age   2:     759728 bytes,    2896264 total
[2024-03-11T07:43:04.521+0000][6][gc,age       ] GC(7) - age   3:    2991688 bytes,    5887952 total
[2024-03-11T07:43:04.521+0000][6][gc,age       ] GC(7) - age   4:    5470816 bytes,   11358768 total
[2024-03-11T07:43:04.521+0000][6][gc,age       ] GC(7) - age   5:     110216 bytes,   11468984 total
[2024-03-11T07:43:04.521+0000][6][gc,age       ] GC(7) - age   6:    2462520 bytes,   13931504 total
[2024-03-11T07:43:04.521+0000][6][gc,phases    ] GC(7)   Pre Evacuate Collection Set: 0.1ms
[2024-03-11T07:43:04.521+0000][6][gc,phases    ] GC(7)   Merge Heap Roots: 0.1ms
[2024-03-11T07:43:04.521+0000][6][gc,phases    ] GC(7)   Evacuate Collection Set: 4.0ms
[2024-03-11T07:43:04.521+0000][6][gc,phases    ] GC(7)   Post Evacuate Collection Set: 0.6ms
[2024-03-11T07:43:04.521+0000][6][gc,phases    ] GC(7)   Other: 1.2ms
[2024-03-11T07:43:04.522+0000][6][gc,heap      ] GC(7) Eden regions: 294->0(292)
[2024-03-11T07:43:04.522+0000][6][gc,heap      ] GC(7) Survivor regions: 13->15(39)
[2024-03-11T07:43:04.522+0000][6][gc,heap      ] GC(7) Old regions: 4->4
[2024-03-11T07:43:04.522+0000][6][gc,heap      ] GC(7) Archive regions: 0->0
[2024-03-11T07:43:04.522+0000][6][gc,heap      ] GC(7) Humongous regions: 1->1
[2024-03-11T07:43:04.523+0000][6][gc,metaspace ] GC(7) Metaspace: 28866K(30512K)->28866K(30512K) NonClass: 25606K(26800K)->25606K(26800K) Class: 3259K(3712K)->3259K(3712K)
[2024-03-11T07:43:04.523+0000][6][gc           ] GC(7) Pause Young (Normal) (G1 Evacuation Pause) 311M->18M(512M) 8.047ms
[2024-03-11T07:43:04.523+0000][6][gc,cpu       ] GC(7) User=0.02s Sys=0.00s Real=0.01s
[2024-03-11T07:43:04.523+0000][6][safepoint    ] Safepoint "G1CollectForAllocation", Time since last: 231600209 ns, Reaching safepoint: 132666 ns, At safepoint: 8352084 ns, Total: 8484750 ns
[2024-03-11T07:43:04.731+0000][6][gc,start     ] GC(8) Pause Young (Normal) (G1 Evacuation Pause)
[2024-03-11T07:43:04.732+0000][6][gc,task      ] GC(8) Using 8 workers of 8 for evacuation
[2024-03-11T07:43:04.732+0000][6][gc,age       ] GC(8) Desired survivor size 20447232 bytes, new threshold 15 (max threshold 15)
[2024-03-11T07:43:04.738+0000][6][gc,age       ] GC(8) Age table with threshold 15 (max threshold 15)
[2024-03-11T07:43:04.738+0000][6][gc,age       ] GC(8) - age   1:     875208 bytes,     875208 total
[2024-03-11T07:43:04.739+0000][6][gc,age       ] GC(8) - age   2:    2110392 bytes,    2985600 total
[2024-03-11T07:43:04.739+0000][6][gc,age       ] GC(8) - age   3:     759120 bytes,    3744720 total
[2024-03-11T07:43:04.740+0000][6][gc,age       ] GC(8) - age   4:    2990720 bytes,    6735440 total
[2024-03-11T07:43:04.740+0000][6][gc,age       ] GC(8) - age   5:    5470304 bytes,   12205744 total
[2024-03-11T07:43:04.741+0000][6][gc,age       ] GC(8) - age   6:     110216 bytes,   12315960 total
[2024-03-11T07:43:04.741+0000][6][gc,age       ] GC(8) - age   7:    2462360 bytes,   14778320 total
[2024-03-11T07:43:04.741+0000][6][gc,phases    ] GC(8)   Pre Evacuate Collection Set: 0.1ms
[2024-03-11T07:43:04.741+0000][6][gc,phases    ] GC(8)   Merge Heap Roots: 0.1ms
[2024-03-11T07:43:04.742+0000][6][gc,phases    ] GC(8)   Evacuate Collection Set: 4.6ms
[2024-03-11T07:43:04.742+0000][6][gc,phases    ] GC(8)   Post Evacuate Collection Set: 1.2ms
[2024-03-11T07:43:04.742+0000][6][gc,phases    ] GC(8)   Other: 3.8ms
[2024-03-11T07:43:04.742+0000][6][gc,heap      ] GC(8) Eden regions: 292->0(291)
[2024-03-11T07:43:04.742+0000][6][gc,heap      ] GC(8) Survivor regions: 15->16(39)
[2024-03-11T07:43:04.742+0000][6][gc,heap      ] GC(8) Old regions: 4->4
[2024-03-11T07:43:04.743+0000][6][gc,heap      ] GC(8) Archive regions: 0->0
[2024-03-11T07:43:04.743+0000][6][gc,heap      ] GC(8) Humongous regions: 1->1
[2024-03-11T07:43:04.743+0000][6][gc,metaspace ] GC(8) Metaspace: 29136K(31152K)->29136K(31152K) NonClass: 25825K(27312K)->25825K(27312K) Class: 3311K(3840K)->3311K(3840K)
[2024-03-11T07:43:04.743+0000][6][gc           ] GC(8) Pause Young (Normal) (G1 Evacuation Pause) 310M->19M(512M) 11.556ms
[2024-03-11T07:43:04.743+0000][6][gc,cpu       ] GC(8) User=0.03s Sys=0.00s Real=0.01s
[2024-03-11T07:43:04.743+0000][6][safepoint    ] Safepoint "G1CollectForAllocation", Time since last: 208066917 ns, Reaching safepoint: 103458 ns, At safepoint: 11837917 ns, Total: 11941375 ns
[2024-03-11T07:43:04.809+0000][6][safepoint    ] Safepoint "ICBufferFull", Time since last: 65605583 ns, Reaching safepoint: 450125 ns, At safepoint: 11500 ns, Total: 461625 ns
[2024-03-11T07:43:05.053+0000][6][gc,start     ] GC(9) Pause Young (Concurrent Start) (Metadata GC Threshold)
[2024-03-11T07:43:05.053+0000][6][gc,task      ] GC(9) Using 8 workers of 8 for evacuation
[2024-03-11T07:43:05.053+0000][6][gc,age       ] GC(9) Desired survivor size 20447232 bytes, new threshold 15 (max threshold 15)
[2024-03-11T07:43:05.059+0000][6][gc,age       ] GC(9) Age table with threshold 15 (max threshold 15)
[2024-03-11T07:43:05.060+0000][6][gc,age       ] GC(9) - age   1:     988096 bytes,     988096 total
[2024-03-11T07:43:05.060+0000][6][gc,age       ] GC(9) - age   2:     851336 bytes,    1839432 total
[2024-03-11T07:43:05.060+0000][6][gc,age       ] GC(9) - age   3:    2100448 bytes,    3939880 total
[2024-03-11T07:43:05.060+0000][6][gc,age       ] GC(9) - age   4:     749240 bytes,    4689120 total
[2024-03-11T07:43:05.060+0000][6][gc,age       ] GC(9) - age   5:    2977400 bytes,    7666520 total
[2024-03-11T07:43:05.060+0000][6][gc,age       ] GC(9) - age   6:    5420336 bytes,   13086856 total
[2024-03-11T07:43:05.060+0000][6][gc,age       ] GC(9) - age   7:     109992 bytes,   13196848 total
[2024-03-11T07:43:05.060+0000][6][gc,age       ] GC(9) - age   8:    2457248 bytes,   15654096 total
[2024-03-11T07:43:05.061+0000][6][gc,phases    ] GC(9)   Pre Evacuate Collection Set: 0.2ms
[2024-03-11T07:43:05.061+0000][6][gc,phases    ] GC(9)   Merge Heap Roots: 0.1ms
[2024-03-11T07:43:05.061+0000][6][gc,phases    ] GC(9)   Evacuate Collection Set: 5.3ms
[2024-03-11T07:43:05.061+0000][6][gc,phases    ] GC(9)   Post Evacuate Collection Set: 0.6ms
[2024-03-11T07:43:05.061+0000][6][gc,phases    ] GC(9)   Other: 1.7ms
[2024-03-11T07:43:05.061+0000][6][gc,heap      ] GC(9) Eden regions: 32->0(290)
[2024-03-11T07:43:05.062+0000][6][gc,heap      ] GC(9) Survivor regions: 16->17(39)
[2024-03-11T07:43:05.062+0000][6][gc,heap      ] GC(9) Old regions: 4->4
[2024-03-11T07:43:05.062+0000][6][gc,heap      ] GC(9) Archive regions: 0->0
[2024-03-11T07:43:05.062+0000][6][gc,heap      ] GC(9) Humongous regions: 1->1
[2024-03-11T07:43:05.062+0000][6][gc,metaspace ] GC(9) Metaspace: 33754K(35920K)->33754K(35920K) NonClass: 29845K(31408K)->29845K(31408K) Class: 3908K(4512K)->3908K(4512K)
[2024-03-11T07:43:05.062+0000][6][gc           ] GC(9) Pause Young (Concurrent Start) (Metadata GC Threshold) 51M->20M(512M) 9.552ms
[2024-03-11T07:43:05.062+0000][6][gc,cpu       ] GC(9) User=0.03s Sys=0.00s Real=0.01s
[2024-03-11T07:43:05.063+0000][6][gc           ] GC(10) Concurrent Cycle
[2024-03-11T07:43:05.063+0000][6][gc,marking   ] GC(10) Concurrent Clear Claimed Marks
[2024-03-11T07:43:05.063+0000][6][safepoint    ] Safepoint "CollectForMetadataAllocation", Time since last: 243201458 ns, Reaching safepoint: 152792 ns, At safepoint: 9882917 ns, Total: 10035709 ns
[2024-03-11T07:43:05.063+0000][6][gc,marking   ] GC(10) Concurrent Clear Claimed Marks 0.237ms
[2024-03-11T07:43:05.063+0000][6][gc,marking   ] GC(10) Concurrent Scan Root Regions
[2024-03-11T07:43:05.066+0000][6][gc,marking   ] GC(10) Concurrent Scan Root Regions 2.743ms
[2024-03-11T07:43:05.066+0000][6][gc,marking   ] GC(10) Concurrent Mark (3.520s)
[2024-03-11T07:43:05.066+0000][6][gc,marking   ] GC(10) Concurrent Mark From Roots
[2024-03-11T07:43:05.066+0000][6][gc,task      ] GC(10) Using 2 workers of 2 for marking
[2024-03-11T07:43:05.068+0000][6][gc,marking   ] GC(10) Concurrent Mark From Roots 1.286ms
[2024-03-11T07:43:05.068+0000][6][gc,marking   ] GC(10) Concurrent Preclean
[2024-03-11T07:43:05.068+0000][6][gc,marking   ] GC(10) Concurrent Preclean 0.217ms
[2024-03-11T07:43:05.068+0000][6][gc,marking   ] GC(10) Concurrent Mark (3.520s, 3.522s) 1.868ms
[2024-03-11T07:43:05.071+0000][6][gc,start     ] GC(10) Pause Remark
[2024-03-11T07:43:05.073+0000][6][gc           ] GC(10) Pause Remark 21M->21M(512M) 2.358ms
[2024-03-11T07:43:05.073+0000][6][gc,cpu       ] GC(10) User=0.01s Sys=0.00s Real=0.00s
[2024-03-11T07:43:05.073+0000][6][safepoint    ] Safepoint "G1Concurrent", Time since last: 6551500 ns, Reaching safepoint: 1353291 ns, At safepoint: 2701750 ns, Total: 4055041 ns
[2024-03-11T07:43:05.073+0000][6][gc,marking   ] GC(10) Concurrent Rebuild Remembered Sets
[2024-03-11T07:43:05.075+0000][6][gc,marking   ] GC(10) Concurrent Rebuild Remembered Sets 1.505ms
[2024-03-11T07:43:05.076+0000][6][gc,start     ] GC(10) Pause Cleanup
[2024-03-11T07:43:05.077+0000][6][gc           ] GC(10) Pause Cleanup 21M->21M(512M) 0.206ms
[2024-03-11T07:43:05.077+0000][6][gc,cpu       ] GC(10) User=0.00s Sys=0.00s Real=0.00s
[2024-03-11T07:43:05.077+0000][6][safepoint    ] Safepoint "G1Concurrent", Time since last: 2070292 ns, Reaching safepoint: 1133375 ns, At safepoint: 443333 ns, Total: 1576708 ns
[2024-03-11T07:43:05.077+0000][6][gc,marking   ] GC(10) Concurrent Cleanup for Next Mark
[2024-03-11T07:43:05.080+0000][6][gc,marking   ] GC(10) Concurrent Cleanup for Next Mark 3.095ms
[2024-03-11T07:43:05.081+0000][6][gc           ] GC(10) Concurrent Cycle 18.120ms
[2024-03-11T07:43:05.318+0000][6][safepoint    ] Safepoint "ICBufferFull", Time since last: 240130584 ns, Reaching safepoint: 1438541 ns, At safepoint: 14625 ns, Total: 1453166 ns
[2024-03-11T07:43:05.561+0000][6][safepoint    ] Safepoint "ICBufferFull", Time since last: 242635292 ns, Reaching safepoint: 248959 ns, At safepoint: 10166 ns, Total: 259125 ns
[2024-03-11T07:43:05.814+0000][6][safepoint    ] Safepoint "ICBufferFull", Time since last: 252294375 ns, Reaching safepoint: 148167 ns, At safepoint: 5667 ns, Total: 153834 ns
[2024-03-11T07:43:05.976+0000][6][safepoint    ] Safepoint "ICBufferFull", Time since last: 162229625 ns, Reaching safepoint: 161083 ns, At safepoint: 9083 ns, Total: 170166 ns
[2024-03-11T07:43:05.986+0000][6][gc,start     ] GC(11) Pause Young (Normal) (G1 Evacuation Pause)
[2024-03-11T07:43:05.986+0000][6][gc,task      ] GC(11) Using 8 workers of 8 for evacuation
[2024-03-11T07:43:05.986+0000][6][gc,age       ] GC(11) Desired survivor size 20447232 bytes, new threshold 15 (max threshold 15)
[2024-03-11T07:43:06.025+0000][6][gc,age       ] GC(11) Age table with threshold 15 (max threshold 15)
[2024-03-11T07:43:06.025+0000][6][gc,age       ] GC(11) - age   1:   25631480 bytes,   25631480 total
[2024-03-11T07:43:06.025+0000][6][gc,age       ] GC(11) - age   2:     935288 bytes,   26566768 total
[2024-03-11T07:43:06.025+0000][6][gc,age       ] GC(11) - age   3:     847984 bytes,   27414752 total
[2024-03-11T07:43:06.025+0000][6][gc,age       ] GC(11) - age   4:    2095864 bytes,   29510616 total
[2024-03-11T07:43:06.025+0000][6][gc,age       ] GC(11) - age   5:     743864 bytes,   30254480 total
[2024-03-11T07:43:06.026+0000][6][gc,age       ] GC(11) - age   6:    2965392 bytes,   33219872 total
[2024-03-11T07:43:06.026+0000][6][gc,age       ] GC(11) - age   7:    5284464 bytes,   38504336 total
[2024-03-11T07:43:06.026+0000][6][gc,age       ] GC(11) - age   8:     109216 bytes,   38613552 total
[2024-03-11T07:43:06.026+0000][6][gc,age       ] GC(11) - age   9:    1981384 bytes,   40594936 total
[2024-03-11T07:43:06.026+0000][6][gc,phases    ] GC(11)   Pre Evacuate Collection Set: 0.1ms
[2024-03-11T07:43:06.026+0000][6][gc,phases    ] GC(11)   Merge Heap Roots: 0.1ms
[2024-03-11T07:43:06.026+0000][6][gc,phases    ] GC(11)   Evacuate Collection Set: 37.3ms
[2024-03-11T07:43:06.026+0000][6][gc,phases    ] GC(11)   Post Evacuate Collection Set: 1.2ms
[2024-03-11T07:43:06.026+0000][6][gc,phases    ] GC(11)   Other: 1.6ms
[2024-03-11T07:43:06.026+0000][6][gc,heap      ] GC(11) Eden regions: 290->0(268)
[2024-03-11T07:43:06.027+0000][6][gc,heap      ] GC(11) Survivor regions: 17->39(39)
[2024-03-11T07:43:06.027+0000][6][gc,heap      ] GC(11) Old regions: 4->9
[2024-03-11T07:43:06.027+0000][6][gc,heap      ] GC(11) Archive regions: 0->0
[2024-03-11T07:43:06.027+0000][6][gc,heap      ] GC(11) Humongous regions: 1->1
[2024-03-11T07:43:06.027+0000][6][gc,metaspace ] GC(11) Metaspace: 44112K(47516K)->44112K(47516K) NonClass: 38756K(41136K)->38756K(41136K) Class: 5356K(6380K)->5356K(6380K)
[2024-03-11T07:43:06.027+0000][6][gc           ] GC(11) Pause Young (Normal) (G1 Evacuation Pause) 310M->48M(512M) 41.359ms
[2024-03-11T07:43:06.027+0000][6][gc,cpu       ] GC(11) User=0.26s Sys=0.00s Real=0.04s
[2024-03-11T07:43:06.027+0000][6][safepoint    ] Safepoint "G1CollectForAllocation", Time since last: 9303459 ns, Reaching safepoint: 114916 ns, At safepoint: 41593834 ns, Total: 41708750 ns
[2024-03-11T07:43:06.122+0000][6][safepoint    ] Safepoint "ICBufferFull", Time since last: 94244208 ns, Reaching safepoint: 968875 ns, At safepoint: 22084 ns, Total: 990959 ns
[2024-03-11T07:43:06.549+0000][6][gc,start     ] GC(12) Pause Young (Concurrent Start) (Metadata GC Threshold)
[2024-03-11T07:43:06.550+0000][6][gc,task      ] GC(12) Using 8 workers of 8 for evacuation
[2024-03-11T07:43:06.550+0000][6][gc,age       ] GC(12) Desired survivor size 20447232 bytes, new threshold 1 (max threshold 15)
[2024-03-11T07:43:06.570+0000][6][gc,age       ] GC(12) Age table with threshold 1 (max threshold 15)
[2024-03-11T07:43:06.570+0000][6][gc,age       ] GC(12) - age   1:    4439920 bytes,    4439920 total
[2024-03-11T07:43:06.570+0000][6][gc,phases    ] GC(12)   Pre Evacuate Collection Set: 0.5ms
[2024-03-11T07:43:06.571+0000][6][gc,phases    ] GC(12)   Merge Heap Roots: 0.1ms
[2024-03-11T07:43:06.571+0000][6][gc,phases    ] GC(12)   Evacuate Collection Set: 18.2ms
[2024-03-11T07:43:06.571+0000][6][gc,phases    ] GC(12)   Post Evacuate Collection Set: 1.4ms
[2024-03-11T07:43:06.571+0000][6][gc,phases    ] GC(12)   Other: 1.0ms
[2024-03-11T07:43:06.571+0000][6][gc,heap      ] GC(12) Eden regions: 169->0(291)
[2024-03-11T07:43:06.571+0000][6][gc,heap      ] GC(12) Survivor regions: 39->7(39)
[2024-03-11T07:43:06.571+0000][6][gc,heap      ] GC(12) Old regions: 9->48
[2024-03-11T07:43:06.571+0000][6][gc,heap      ] GC(12) Archive regions: 0->0
[2024-03-11T07:43:06.572+0000][6][gc,heap      ] GC(12) Humongous regions: 1->1
[2024-03-11T07:43:06.572+0000][6][gc,metaspace ] GC(12) Metaspace: 55907K(60420K)->55907K(60420K) NonClass: 48715K(51608K)->48715K(51608K) Class: 7191K(8812K)->7191K(8812K)
[2024-03-11T07:43:06.572+0000][6][gc           ] GC(12) Pause Young (Concurrent Start) (Metadata GC Threshold) 217M->55M(512M) 22.427ms
[2024-03-11T07:43:06.572+0000][6][gc,cpu       ] GC(12) User=0.14s Sys=0.00s Real=0.03s
[2024-03-11T07:43:06.572+0000][6][gc           ] GC(13) Concurrent Cycle
[2024-03-11T07:43:06.572+0000][6][gc,marking   ] GC(13) Concurrent Clear Claimed Marks
[2024-03-11T07:43:06.572+0000][6][safepoint    ] Safepoint "CollectForMetadataAllocation", Time since last: 426607291 ns, Reaching safepoint: 229500 ns, At safepoint: 22824709 ns, Total: 23054209 ns
[2024-03-11T07:43:06.573+0000][6][gc,marking   ] GC(13) Concurrent Clear Claimed Marks 0.758ms
[2024-03-11T07:43:06.574+0000][6][gc,marking   ] GC(13) Concurrent Scan Root Regions
[2024-03-11T07:43:06.585+0000][6][gc,marking   ] GC(13) Concurrent Scan Root Regions 10.883ms
[2024-03-11T07:43:06.585+0000][6][gc,marking   ] GC(13) Concurrent Mark (5.039s)
[2024-03-11T07:43:06.585+0000][6][gc,marking   ] GC(13) Concurrent Mark From Roots
[2024-03-11T07:43:06.585+0000][6][gc,task      ] GC(13) Using 2 workers of 2 for marking
[2024-03-11T07:43:06.590+0000][6][gc,marking   ] GC(13) Concurrent Mark From Roots 5.266ms
[2024-03-11T07:43:06.591+0000][6][gc,marking   ] GC(13) Concurrent Preclean
[2024-03-11T07:43:06.591+0000][6][gc,marking   ] GC(13) Concurrent Preclean 0.226ms
[2024-03-11T07:43:06.591+0000][6][gc,marking   ] GC(13) Concurrent Mark (5.039s, 5.045s) 6.356ms
[2024-03-11T07:43:06.592+0000][6][gc,start     ] GC(13) Pause Remark
[2024-03-11T07:43:06.595+0000][6][gc           ] GC(13) Pause Remark 57M->57M(512M) 2.869ms
[2024-03-11T07:43:06.595+0000][6][gc,cpu       ] GC(13) User=0.01s Sys=0.00s Real=0.00s
[2024-03-11T07:43:06.596+0000][6][safepoint    ] Safepoint "G1Concurrent", Time since last: 19388833 ns, Reaching safepoint: 869417 ns, At safepoint: 3191916 ns, Total: 4061333 ns
[2024-03-11T07:43:06.596+0000][6][gc,marking   ] GC(13) Concurrent Rebuild Remembered Sets
[2024-03-11T07:43:06.611+0000][6][gc,marking   ] GC(13) Concurrent Rebuild Remembered Sets 15.556ms
[2024-03-11T07:43:06.613+0000][6][gc,start     ] GC(13) Pause Cleanup
[2024-03-11T07:43:06.613+0000][6][gc           ] GC(13) Pause Cleanup 60M->60M(512M) 0.281ms
[2024-03-11T07:43:06.613+0000][6][gc,cpu       ] GC(13) User=0.00s Sys=0.00s Real=0.00s
[2024-03-11T07:43:06.613+0000][6][safepoint    ] Safepoint "G1Concurrent", Time since last: 16175042 ns, Reaching safepoint: 1011000 ns, At safepoint: 477333 ns, Total: 1488333 ns
[2024-03-11T07:43:06.613+0000][6][gc,marking   ] GC(13) Concurrent Cleanup for Next Mark
[2024-03-11T07:43:06.616+0000][6][gc,marking   ] GC(13) Concurrent Cleanup for Next Mark 2.487ms
[2024-03-11T07:43:06.616+0000][6][gc           ] GC(13) Concurrent Cycle 44.114ms
[2024-03-11T07:43:06.737+0000][6][safepoint    ] Safepoint "ICBufferFull", Time since last: 123223750 ns, Reaching safepoint: 148000 ns, At safepoint: 2500 ns, Total: 150500 ns
[2024-03-11T07:43:06.789+0000][6][safepoint    ] Safepoint "BulkRevokeBias", Time since last: 51774876 ns, Reaching safepoint: 858458 ns, At safepoint: 36875 ns, Total: 895333 ns
[2024-03-11T07:43:06.800+0000][6][safepoint    ] Safepoint "BulkRevokeBias", Time since last: 10150292 ns, Reaching safepoint: 136791 ns, At safepoint: 39667 ns, Total: 176458 ns
[2024-03-11T07:43:06.811+0000][6][safepoint    ] Safepoint "BulkRevokeBias", Time since last: 11404542 ns, Reaching safepoint: 82166 ns, At safepoint: 36834 ns, Total: 119000 ns
[2024-03-11T07:43:07.290+0000][6][safepoint    ] Safepoint "ICBufferFull", Time since last: 477835333 ns, Reaching safepoint: 565792 ns, At safepoint: 14916 ns, Total: 580708 ns
[2024-03-11T07:43:07.305+0000][6][safepoint    ] Safepoint "ICBufferFull", Time since last: 14708167 ns, Reaching safepoint: 1106542 ns, At safepoint: 8416 ns, Total: 1114958 ns
[2024-03-11T07:43:07.362+0000][6][safepoint    ] Safepoint "ICBufferFull", Time since last: 56642334 ns, Reaching safepoint: 262583 ns, At safepoint: 19500 ns, Total: 282083 ns
[2024-03-11T07:43:07.372+0000][6][safepoint    ] Safepoint "ICBufferFull", Time since last: 9033208 ns, Reaching safepoint: 211875 ns, At safepoint: 11584 ns, Total: 223459 ns
[2024-03-11T07:43:07.790+0000][6][safepoint    ] Safepoint "ICBufferFull", Time since last: 417498417 ns, Reaching safepoint: 927916 ns, At safepoint: 6917 ns, Total: 934833 ns
[2024-03-11T07:43:08.128+0000][6][safepoint    ] Safepoint "ICBufferFull", Time since last: 337066667 ns, Reaching safepoint: 611916 ns, At safepoint: 2667 ns, Total: 614583 ns
[2024-03-11T07:43:08.226+0000][6][gc,start     ] GC(14) Pause Young (Normal) (G1 Evacuation Pause)
[2024-03-11T07:43:08.227+0000][6][gc,task      ] GC(14) Using 8 workers of 8 for evacuation
[2024-03-11T07:43:08.227+0000][6][gc,age       ] GC(14) Desired survivor size 19922944 bytes, new threshold 15 (max threshold 15)
[2024-03-11T07:43:08.236+0000][6][gc,age       ] GC(14) Age table with threshold 15 (max threshold 15)
[2024-03-11T07:43:08.236+0000][6][gc,age       ] GC(14) - age   1:   10304048 bytes,   10304048 total
[2024-03-11T07:43:08.236+0000][6][gc,age       ] GC(14) - age   2:    4238520 bytes,   14542568 total
[2024-03-11T07:43:08.236+0000][6][gc,phases    ] GC(14)   Pre Evacuate Collection Set: 0.2ms
[2024-03-11T07:43:08.236+0000][6][gc,phases    ] GC(14)   Merge Heap Roots: 0.2ms
[2024-03-11T07:43:08.236+0000][6][gc,phases    ] GC(14)   Evacuate Collection Set: 7.3ms
[2024-03-11T07:43:08.237+0000][6][gc,phases    ] GC(14)   Post Evacuate Collection Set: 1.1ms
[2024-03-11T07:43:08.237+0000][6][gc,phases    ] GC(14)   Other: 1.2ms
[2024-03-11T07:43:08.237+0000][6][gc,heap      ] GC(14) Eden regions: 291->0(284)
[2024-03-11T07:43:08.237+0000][6][gc,heap      ] GC(14) Survivor regions: 7->15(38)
[2024-03-11T07:43:08.237+0000][6][gc,heap      ] GC(14) Old regions: 48->48
[2024-03-11T07:43:08.237+0000][6][gc,heap      ] GC(14) Archive regions: 0->0
[2024-03-11T07:43:08.237+0000][6][gc,heap      ] GC(14) Humongous regions: 1->1
[2024-03-11T07:43:08.237+0000][6][gc,metaspace ] GC(14) Metaspace: 78648K(84816K)->78648K(84816K) NonClass: 68327K(72036K)->68327K(72036K) Class: 10320K(12780K)->10320K(12780K)
[2024-03-11T07:43:08.237+0000][6][gc           ] GC(14) Pause Young (Normal) (G1 Evacuation Pause) 346M->63M(512M) 10.866ms
[2024-03-11T07:43:08.237+0000][6][gc,cpu       ] GC(14) User=0.05s Sys=0.00s Real=0.01s
[2024-03-11T07:43:08.238+0000][6][safepoint    ] Safepoint "G1CollectForAllocation", Time since last: 98577125 ns, Reaching safepoint: 227459 ns, At safepoint: 11107208 ns, Total: 11334667 ns
[2024-03-11T07:43:08.243+0000][6][safepoint    ] Safepoint "BulkRevokeBias", Time since last: 5380667 ns, Reaching safepoint: 99125 ns, At safepoint: 54500 ns, Total: 153625 ns
[2024-03-11T07:43:08.560+0000][6][safepoint    ] Safepoint "ICBufferFull", Time since last: 316995708 ns, Reaching safepoint: 134417 ns, At safepoint: 2666 ns, Total: 137083 ns
[2024-03-11T07:43:08.562+0000][6][safepoint    ] Safepoint "BulkRevokeBias", Time since last: 1906167 ns, Reaching safepoint: 82542 ns, At safepoint: 26041 ns, Total: 108583 ns
[2024-03-11T07:43:08.650+0000][6][safepoint    ] Safepoint "ICBufferFull", Time since last: 86785584 ns, Reaching safepoint: 1251083 ns, At safepoint: 19458 ns, Total: 1270541 ns
[2024-03-11T07:43:08.802+0000][6][safepoint    ] Safepoint "ICBufferFull", Time since last: 151178375 ns, Reaching safepoint: 840375 ns, At safepoint: 25834 ns, Total: 866209 ns
[2024-03-11T07:43:08.803+0000][6][safepoint    ] Safepoint "BulkRevokeBias", Time since last: 530333 ns, Reaching safepoint: 251000 ns, At safepoint: 87125 ns, Total: 338125 ns
[2024-03-11T07:43:08.875+0000][6][safepoint    ] Safepoint "ICBufferFull", Time since last: 71392709 ns, Reaching safepoint: 259333 ns, At safepoint: 18500 ns, Total: 277833 ns
[2024-03-11T07:43:09.049+0000][6][safepoint    ] Safepoint "ICBufferFull", Time since last: 173988583 ns, Reaching safepoint: 283750 ns, At safepoint: 13959 ns, Total: 297709 ns
[2024-03-11T07:43:09.067+0000][6][safepoint    ] Safepoint "BulkRevokeBias", Time since last: 17096458 ns, Reaching safepoint: 200125 ns, At safepoint: 241792 ns, Total: 441917 ns
[2024-03-11T07:43:09.071+0000][6][safepoint    ] Safepoint "BulkRevokeBias", Time since last: 4154875 ns, Reaching safepoint: 102125 ns, At safepoint: 81916 ns, Total: 184041 ns
[2024-03-11T07:43:09.187+0000][6][gc,start     ] GC(15) Pause Young (Concurrent Start) (Metadata GC Threshold)
[2024-03-11T07:43:09.188+0000][6][gc,task      ] GC(15) Using 8 workers of 8 for evacuation
[2024-03-11T07:43:09.188+0000][6][gc,age       ] GC(15) Desired survivor size 19922944 bytes, new threshold 15 (max threshold 15)
[2024-03-11T07:43:09.197+0000][6][gc,age       ] GC(15) Age table with threshold 15 (max threshold 15)
[2024-03-11T07:43:09.197+0000][6][gc,age       ] GC(15) - age   1:    5876752 bytes,    5876752 total
[2024-03-11T07:43:09.197+0000][6][gc,age       ] GC(15) - age   2:    9669464 bytes,   15546216 total
[2024-03-11T07:43:09.197+0000][6][gc,age       ] GC(15) - age   3:    4223888 bytes,   19770104 total
[2024-03-11T07:43:09.198+0000][6][gc,phases    ] GC(15)   Pre Evacuate Collection Set: 0.8ms
[2024-03-11T07:43:09.198+0000][6][gc,phases    ] GC(15)   Merge Heap Roots: 0.1ms
[2024-03-11T07:43:09.198+0000][6][gc,phases    ] GC(15)   Evacuate Collection Set: 7.3ms
[2024-03-11T07:43:09.198+0000][6][gc,phases    ] GC(15)   Post Evacuate Collection Set: 1.2ms
[2024-03-11T07:43:09.198+0000][6][gc,phases    ] GC(15)   Other: 0.8ms
[2024-03-11T07:43:09.198+0000][6][gc,heap      ] GC(15) Eden regions: 172->0(280)
[2024-03-11T07:43:09.198+0000][6][gc,heap      ] GC(15) Survivor regions: 15->20(38)
[2024-03-11T07:43:09.198+0000][6][gc,heap      ] GC(15) Old regions: 48->48
[2024-03-11T07:43:09.198+0000][6][gc,heap      ] GC(15) Archive regions: 0->0
[2024-03-11T07:43:09.198+0000][6][gc,heap      ] GC(15) Humongous regions: 1->1
[2024-03-11T07:43:09.198+0000][6][gc,metaspace ] GC(15) Metaspace: 93968K(101256K)->93968K(101256K) NonClass: 81434K(85788K)->81434K(85788K) Class: 12534K(15468K)->12534K(15468K)
[2024-03-11T07:43:09.198+0000][6][gc           ] GC(15) Pause Young (Concurrent Start) (Metadata GC Threshold) 235M->68M(512M) 10.747ms
[2024-03-11T07:43:09.198+0000][6][gc,cpu       ] GC(15) User=0.05s Sys=0.00s Real=0.01s
[2024-03-11T07:43:09.198+0000][6][gc           ] GC(16) Concurrent Cycle
[2024-03-11T07:43:09.198+0000][6][gc,marking   ] GC(16) Concurrent Clear Claimed Marks
[2024-03-11T07:43:09.198+0000][6][safepoint    ] Safepoint "CollectForMetadataAllocation", Time since last: 116208667 ns, Reaching safepoint: 138583 ns, At safepoint: 11023959 ns, Total: 11162542 ns
[2024-03-11T07:43:09.200+0000][6][gc,marking   ] GC(16) Concurrent Clear Claimed Marks 1.361ms
[2024-03-11T07:43:09.200+0000][6][gc,marking   ] GC(16) Concurrent Scan Root Regions
[2024-03-11T07:43:09.206+0000][6][gc,marking   ] GC(16) Concurrent Scan Root Regions 6.059ms
[2024-03-11T07:43:09.206+0000][6][gc,marking   ] GC(16) Concurrent Mark (7.661s)
[2024-03-11T07:43:09.207+0000][6][gc,marking   ] GC(16) Concurrent Mark From Roots
[2024-03-11T07:43:09.207+0000][6][gc,task      ] GC(16) Using 2 workers of 2 for marking
[2024-03-11T07:43:09.228+0000][6][gc,marking   ] GC(16) Concurrent Mark From Roots 21.490ms
[2024-03-11T07:43:09.228+0000][6][gc,marking   ] GC(16) Concurrent Preclean
[2024-03-11T07:43:09.228+0000][6][gc,marking   ] GC(16) Concurrent Preclean 0.246ms
[2024-03-11T07:43:09.229+0000][6][gc,marking   ] GC(16) Concurrent Mark (7.661s, 7.683s) 22.095ms
[2024-03-11T07:43:09.229+0000][6][gc,start     ] GC(16) Pause Remark
[2024-03-11T07:43:09.232+0000][6][gc           ] GC(16) Pause Remark 75M->75M(512M) 2.503ms
[2024-03-11T07:43:09.232+0000][6][gc,cpu       ] GC(16) User=0.01s Sys=0.00s Real=0.01s
[2024-03-11T07:43:09.232+0000][6][safepoint    ] Safepoint "G1Concurrent", Time since last: 30296875 ns, Reaching safepoint: 423791 ns, At safepoint: 2723417 ns, Total: 3147208 ns
[2024-03-11T07:43:09.232+0000][6][gc,marking   ] GC(16) Concurrent Rebuild Remembered Sets
[2024-03-11T07:43:09.249+0000][6][gc,marking   ] GC(16) Concurrent Rebuild Remembered Sets 17.184ms
[2024-03-11T07:43:09.251+0000][6][gc,start     ] GC(16) Pause Cleanup
[2024-03-11T07:43:09.251+0000][6][gc           ] GC(16) Pause Cleanup 78M->78M(512M) 0.275ms
[2024-03-11T07:43:09.252+0000][6][gc,cpu       ] GC(16) User=0.00s Sys=0.00s Real=0.00s
[2024-03-11T07:43:09.252+0000][6][safepoint    ] Safepoint "G1Concurrent", Time since last: 17533708 ns, Reaching safepoint: 1764209 ns, At safepoint: 542500 ns, Total: 2306709 ns
[2024-03-11T07:43:09.252+0000][6][gc,marking   ] GC(16) Concurrent Cleanup for Next Mark
[2024-03-11T07:43:09.252+0000][6][gc,marking   ] GC(16) Concurrent Cleanup for Next Mark 0.449ms
[2024-03-11T07:43:09.252+0000][6][gc           ] GC(16) Concurrent Cycle 54.059ms
[2024-03-11T07:43:10.313+0000][6][safepoint    ] Safepoint "Cleanup", Time since last: 1061081084 ns, Reaching safepoint: 363541 ns, At safepoint: 4500 ns, Total: 368041 ns
[2024-03-11T07:43:11.679+0000][6][safepoint    ] Safepoint "Cleanup", Time since last: 1365276126 ns, Reaching safepoint: 183000 ns, At safepoint: 4375 ns, Total: 187375 ns
[2024-03-11T07:43:12.680+0000][6][safepoint    ] Safepoint "Cleanup", Time since last: 1001434209 ns, Reaching safepoint: 219375 ns, At safepoint: 5375 ns, Total: 224750 ns
[2024-03-11T07:43:15.685+0000][6][safepoint    ] Safepoint "Cleanup", Time since last: 3004756834 ns, Reaching safepoint: 405209 ns, At safepoint: 5500 ns, Total: 410709 ns
[2024-03-11T07:43:17.687+0000][6][safepoint    ] Safepoint "Cleanup", Time since last: 2001656084 ns, Reaching safepoint: 272208 ns, At safepoint: 7167 ns, Total: 279375 ns
[2024-03-11T07:43:19.691+0000][6][safepoint    ] Safepoint "Cleanup", Time since last: 2002956918 ns, Reaching safepoint: 213708 ns, At safepoint: 5875 ns, Total: 219583 ns
[2024-03-11T07:43:25.702+0000][6][safepoint    ] Safepoint "Cleanup", Time since last: 6010604420 ns, Reaching safepoint: 875875 ns, At safepoint: 13375 ns, Total: 889250 ns
[2024-03-11T07:43:26.704+0000][6][safepoint    ] Safepoint "Cleanup", Time since last: 1002199625 ns, Reaching safepoint: 180125 ns, At safepoint: 4125 ns, Total: 184250 ns
[2024-03-11T07:43:27.707+0000][6][safepoint    ] Safepoint "Cleanup", Time since last: 1002501667 ns, Reaching safepoint: 229875 ns, At safepoint: 4875 ns, Total: 234750 ns
[2024-03-11T07:43:34.722+0000][6][safepoint    ] Safepoint "Cleanup", Time since last: 7010613753 ns, Reaching safepoint: 756250 ns, At safepoint: 4416 ns, Total: 760666 ns
[2024-03-11T07:43:39.015+0000][6][safepoint    ] Safepoint "Cleanup", Time since last: 4293300377 ns, Reaching safepoint: 248709 ns, At safepoint: 9166 ns, Total: 257875 ns
[2024-03-11T07:43:40.323+0000][6][safepoint    ] Safepoint "Cleanup", Time since last: 1308145793 ns, Reaching safepoint: 176541 ns, At safepoint: 4167 ns, Total: 180708 ns
[2024-03-11T07:43:41.329+0000][6][safepoint    ] Safepoint "Cleanup", Time since last: 1005676917 ns, Reaching safepoint: 221833 ns, At safepoint: 5375 ns, Total: 227208 ns
[2024-03-11T07:43:42.333+0000][6][safepoint    ] Safepoint "Cleanup", Time since last: 1003499584 ns, Reaching safepoint: 422875 ns, At safepoint: 9375 ns, Total: 432250 ns
[2024-03-11T07:43:43.339+0000][6][safepoint    ] Safepoint "Cleanup", Time since last: 1005797376 ns, Reaching safepoint: 242583 ns, At safepoint: 4750 ns, Total: 247333 ns
[2024-03-11T07:43:44.345+0000][6][safepoint    ] Safepoint "Cleanup", Time since last: 1005753875 ns, Reaching safepoint: 100250 ns, At safepoint: 3209 ns, Total: 103459 ns
[2024-03-11T07:43:45.346+0000][6][safepoint    ] Safepoint "Cleanup", Time since last: 1001076250 ns, Reaching safepoint: 239959 ns, At safepoint: 4583 ns, Total: 244542 ns
[2024-03-11T07:43:46.348+0000][6][safepoint    ] Safepoint "Cleanup", Time since last: 1001600125 ns, Reaching safepoint: 182375 ns, At safepoint: 5125 ns, Total: 187500 ns
[2024-03-11T07:43:47.351+0000][6][safepoint    ] Safepoint "Cleanup", Time since last: 1002917293 ns, Reaching safepoint: 141708 ns, At safepoint: 3250 ns, Total: 144958 ns
[2024-03-11T07:43:48.354+0000][6][safepoint    ] Safepoint "Cleanup", Time since last: 1002882917 ns, Reaching safepoint: 194792 ns, At safepoint: 4541 ns, Total: 199333 ns
[2024-03-11T07:43:49.360+0000][6][safepoint    ] Safepoint "Cleanup", Time since last: 1005676001 ns, Reaching safepoint: 203250 ns, At safepoint: 5083 ns, Total: 208333 ns
[2024-03-11T07:43:50.364+0000][6][safepoint    ] Safepoint "Cleanup", Time since last: 1003726626 ns, Reaching safepoint: 169583 ns, At safepoint: 5083 ns, Total: 174666 ns
[2024-03-11T07:43:51.366+0000][6][safepoint    ] Safepoint "Cleanup", Time since last: 1001092709 ns, Reaching safepoint: 350875 ns, At safepoint: 6833 ns, Total: 357708 ns
[2024-03-11T07:43:52.368+0000][6][safepoint    ] Safepoint "Cleanup", Time since last: 1001770584 ns, Reaching safepoint: 172459 ns, At safepoint: 4791 ns, Total: 177250 ns
[2024-03-11T07:43:53.369+0000][6][safepoint    ] Safepoint "Cleanup", Time since last: 1001461751 ns, Reaching safepoint: 287625 ns, At safepoint: 9208 ns, Total: 296833 ns
[2024-03-11T07:43:54.371+0000][6][safepoint    ] Safepoint "Cleanup", Time since last: 1001429917 ns, Reaching safepoint: 237875 ns, At safepoint: 6042 ns, Total: 243917 ns
[2024-03-11T07:43:55.374+0000][6][safepoint    ] Safepoint "Cleanup", Time since last: 1002651375 ns, Reaching safepoint: 259125 ns, At safepoint: 6584 ns, Total: 265709 ns
[2024-03-11T07:43:56.379+0000][6][safepoint    ] Safepoint "Cleanup", Time since last: 1004257709 ns, Reaching safepoint: 273416 ns, At safepoint: 13584 ns, Total: 287000 ns
[2024-03-11T07:43:57.380+0000][6][safepoint    ] Safepoint "Cleanup", Time since last: 1000860583 ns, Reaching safepoint: 196584 ns, At safepoint: 4500 ns, Total: 201084 ns
[2024-03-11T07:43:58.385+0000][6][safepoint    ] Safepoint "Cleanup", Time since last: 1005252000 ns, Reaching safepoint: 431625 ns, At safepoint: 9042 ns, Total: 440667 ns
[2024-03-11T07:43:59.390+0000][6][safepoint    ] Safepoint "Cleanup", Time since last: 1004948000 ns, Reaching safepoint: 220042 ns, At safepoint: 6250 ns, Total: 226292 ns
[2024-03-11T07:44:00.389+0000][6][safepoint    ] Safepoint "Cleanup", Time since last: 1005658083 ns, Reaching safepoint: 400375 ns, At safepoint: 11375 ns, Total: 411750 ns
[2024-03-11T07:44:01.394+0000][6][safepoint    ] Safepoint "Cleanup", Time since last: 1004019584 ns, Reaching safepoint: 218208 ns, At safepoint: 7667 ns, Total: 225875 ns
[2024-03-11T07:44:02.400+0000][6][safepoint    ] Safepoint "Cleanup", Time since last: 1005631250 ns, Reaching safepoint: 377167 ns, At safepoint: 10208 ns, Total: 387375 ns
[2024-03-11T07:44:03.641+0000][6][safepoint    ] Safepoint "Cleanup", Time since last: 1240900376 ns, Reaching safepoint: 197750 ns, At safepoint: 5291 ns, Total: 203041 ns
[2024-03-11T07:44:04.646+0000][6][safepoint    ] Safepoint "Cleanup", Time since last: 1005026626 ns, Reaching safepoint: 270625 ns, At safepoint: 5583 ns, Total: 276208 ns
[2024-03-11T07:44:05.652+0000][6][safepoint    ] Safepoint "Cleanup", Time since last: 1005457501 ns, Reaching safepoint: 369958 ns, At safepoint: 7417 ns, Total: 377375 ns
[2024-03-11T07:44:06.658+0000][6][safepoint    ] Safepoint "Cleanup", Time since last: 1006123417 ns, Reaching safepoint: 349250 ns, At safepoint: 5208 ns, Total: 354458 ns
[2024-03-11T07:44:07.661+0000][6][safepoint    ] Safepoint "Cleanup", Time since last: 1001997459 ns, Reaching safepoint: 165500 ns, At safepoint: 3375 ns, Total: 168875 ns
[2024-03-11T07:44:08.666+0000][6][safepoint    ] Safepoint "Cleanup", Time since last: 1005473959 ns, Reaching safepoint: 348250 ns, At safepoint: 6958 ns, Total: 355208 ns
[2024-03-11T07:44:10.043+0000][6][safepoint    ] Safepoint "Cleanup", Time since last: 1376528501 ns, Reaching safepoint: 198458 ns, At safepoint: 5333 ns, Total: 203791 ns
[2024-03-11T07:44:11.046+0000][6][safepoint    ] Safepoint "Cleanup", Time since last: 1002912001 ns, Reaching safepoint: 294958 ns, At safepoint: 5375 ns, Total: 300333 ns
[2024-03-11T07:44:12.050+0000][6][safepoint    ] Safepoint "Cleanup", Time since last: 1003517251 ns, Reaching safepoint: 314416 ns, At safepoint: 6042 ns, Total: 320458 ns
[2024-03-11T07:44:13.053+0000][6][safepoint    ] Safepoint "Cleanup", Time since last: 1003019917 ns, Reaching safepoint: 271917 ns, At safepoint: 5500 ns, Total: 277417 ns
[2024-03-11T07:44:14.060+0000][6][safepoint    ] Safepoint "Cleanup", Time since last: 1006584042 ns, Reaching safepoint: 266458 ns, At safepoint: 5792 ns, Total: 272250 ns
[2024-03-11T07:44:15.066+0000][6][safepoint    ] Safepoint "Cleanup", Time since last: 1005048709 ns, Reaching safepoint: 319250 ns, At safepoint: 13666 ns, Total: 332916 ns
[2024-03-11T07:44:16.073+0000][6][safepoint    ] Safepoint "Cleanup", Time since last: 1007227876 ns, Reaching safepoint: 207625 ns, At safepoint: 4708 ns, Total: 212333 ns
[2024-03-11T07:44:17.077+0000][6][safepoint    ] Safepoint "Cleanup", Time since last: 1003402376 ns, Reaching safepoint: 204833 ns, At safepoint: 4667 ns, Total: 209500 ns
[2024-03-11T07:44:18.079+0000][6][safepoint    ] Safepoint "Cleanup", Time since last: 1002394875 ns, Reaching safepoint: 168500 ns, At safepoint: 4959 ns, Total: 173459 ns
[2024-03-11T07:44:19.085+0000][6][safepoint    ] Safepoint "Cleanup", Time since last: 1005684667 ns, Reaching safepoint: 318500 ns, At safepoint: 6000 ns, Total: 324500 ns
[2024-03-11T07:44:20.089+0000][6][safepoint    ] Safepoint "Cleanup", Time since last: 1003405417 ns, Reaching safepoint: 203000 ns, At safepoint: 4792 ns, Total: 207792 ns
[2024-03-11T07:44:21.091+0000][6][safepoint    ] Safepoint "Cleanup", Time since last: 1002105542 ns, Reaching safepoint: 379250 ns, At safepoint: 7791 ns, Total: 387041 ns
[2024-03-11T07:44:22.095+0000][6][safepoint    ] Safepoint "Cleanup", Time since last: 1003717001 ns, Reaching safepoint: 255458 ns, At safepoint: 4625 ns, Total: 260083 ns
[2024-03-11T07:44:23.101+0000][6][safepoint    ] Safepoint "Cleanup", Time since last: 1005590042 ns, Reaching safepoint: 438167 ns, At safepoint: 4417 ns, Total: 442584 ns
[2024-03-11T07:44:24.107+0000][6][safepoint    ] Safepoint "Cleanup", Time since last: 1005379750 ns, Reaching safepoint: 250167 ns, At safepoint: 4916 ns, Total: 255083 ns
[2024-03-11T07:44:25.111+0000][6][safepoint    ] Safepoint "Cleanup", Time since last: 1003250876 ns, Reaching safepoint: 966000 ns, At safepoint: 9417 ns, Total: 975417 ns
[2024-03-11T07:44:26.114+0000][6][safepoint    ] Safepoint "Cleanup", Time since last: 1002431958 ns, Reaching safepoint: 78834 ns, At safepoint: 1916 ns, Total: 80750 ns
[2024-03-11T07:44:27.117+0000][6][safepoint    ] Safepoint "Cleanup", Time since last: 1002716293 ns, Reaching safepoint: 218125 ns, At safepoint: 6125 ns, Total: 224250 ns
[2024-03-11T07:44:28.123+0000][6][safepoint    ] Safepoint "Cleanup", Time since last: 1005708125 ns, Reaching safepoint: 288875 ns, At safepoint: 5333 ns, Total: 294208 ns
[2024-03-11T07:44:29.125+0000][6][safepoint    ] Safepoint "Cleanup", Time since last: 1001737709 ns, Reaching safepoint: 173208 ns, At safepoint: 5250 ns, Total: 178458 ns
[2024-03-11T07:44:30.126+0000][6][safepoint    ] Safepoint "Cleanup", Time since last: 1001879417 ns, Reaching safepoint: 319458 ns, At safepoint: 6458 ns, Total: 325916 ns
[2024-03-11T07:44:31.133+0000][6][safepoint    ] Safepoint "Cleanup", Time since last: 1006263292 ns, Reaching safepoint: 410000 ns, At safepoint: 8584 ns, Total: 418584 ns
[2024-03-11T07:44:32.135+0000][6][safepoint    ] Safepoint "Cleanup", Time since last: 1002070084 ns, Reaching safepoint: 409041 ns, At safepoint: 6125 ns, Total: 415166 ns
[2024-03-11T07:44:33.139+0000][6][safepoint    ] Safepoint "Cleanup", Time since last: 1003258667 ns, Reaching safepoint: 291834 ns, At safepoint: 4000 ns, Total: 295834 ns
[2024-03-11T07:44:34.142+0000][6][safepoint    ] Safepoint "Cleanup", Time since last: 1003010417 ns, Reaching safepoint: 200125 ns, At safepoint: 4750 ns, Total: 204875 ns
[2024-03-11T07:44:35.144+0000][6][safepoint    ] Safepoint "Cleanup", Time since last: 1001813459 ns, Reaching safepoint: 171083 ns, At safepoint: 3792 ns, Total: 174875 ns
[2024-03-11T07:44:36.150+0000][6][safepoint    ] Safepoint "Cleanup", Time since last: 1006185667 ns, Reaching safepoint: 278167 ns, At safepoint: 5916 ns, Total: 284083 ns
[2024-03-11T07:44:37.153+0000][6][safepoint    ] Safepoint "Cleanup", Time since last: 1002404751 ns, Reaching safepoint: 427916 ns, At safepoint: 5625 ns, Total: 433541 ns
[2024-03-11T07:44:38.159+0000][6][safepoint    ] Safepoint "Cleanup", Time since last: 1005990292 ns, Reaching safepoint: 316792 ns, At safepoint: 6458 ns, Total: 323250 ns
[2024-03-11T07:44:39.165+0000][6][safepoint    ] Safepoint "Cleanup", Time since last: 1004836251 ns, Reaching safepoint: 351167 ns, At safepoint: 8791 ns, Total: 359958 ns
[2024-03-11T07:44:40.167+0000][6][safepoint    ] Safepoint "Cleanup", Time since last: 1002609001 ns, Reaching safepoint: 223875 ns, At safepoint: 4666 ns, Total: 228541 ns
[2024-03-11T07:44:41.174+0000][6][safepoint    ] Safepoint "Cleanup", Time since last: 1006478168 ns, Reaching safepoint: 224625 ns, At safepoint: 6000 ns, Total: 230625 ns
[2024-03-11T07:44:42.180+0000][6][safepoint    ] Safepoint "Cleanup", Time since last: 1005512750 ns, Reaching safepoint: 311000 ns, At safepoint: 8958 ns, Total: 319958 ns
[2024-03-11T07:44:43.189+0000][6][safepoint    ] Safepoint "Cleanup", Time since last: 1008094709 ns, Reaching safepoint: 815084 ns, At safepoint: 34791 ns, Total: 849875 ns
[2024-03-11T07:44:44.196+0000][6][safepoint    ] Safepoint "Cleanup", Time since last: 1007044167 ns, Reaching safepoint: 235917 ns, At safepoint: 4333 ns, Total: 240250 ns
[2024-03-11T07:44:45.201+0000][6][safepoint    ] Safepoint "Cleanup", Time since last: 1004244043 ns, Reaching safepoint: 394541 ns, At safepoint: 6375 ns, Total: 400916 ns
[2024-03-11T07:44:46.204+0000][6][safepoint    ] Safepoint "Cleanup", Time since last: 1002875459 ns, Reaching safepoint: 186417 ns, At safepoint: 4833 ns, Total: 191250 ns
[2024-03-11T07:44:47.210+0000][6][safepoint    ] Safepoint "Cleanup", Time since last: 1005383917 ns, Reaching safepoint: 533083 ns, At safepoint: 6084 ns, Total: 539167 ns
[2024-03-11T07:44:48.217+0000][6][safepoint    ] Safepoint "Cleanup", Time since last: 1006309000 ns, Reaching safepoint: 333959 ns, At safepoint: 9083 ns, Total: 343042 ns
[2024-03-11T07:44:49.221+0000][6][safepoint    ] Safepoint "Cleanup", Time since last: 1004661792 ns, Reaching safepoint: 233042 ns, At safepoint: 4333 ns, Total: 237375 ns
[2024-03-11T07:44:50.224+0000][6][safepoint    ] Safepoint "Cleanup", Time since last: 1002511001 ns, Reaching safepoint: 362291 ns, At safepoint: 6250 ns, Total: 368541 ns
[2024-03-11T07:44:51.227+0000][6][safepoint    ] Safepoint "Cleanup", Time since last: 1002505251 ns, Reaching safepoint: 237250 ns, At safepoint: 4791 ns, Total: 242041 ns
[2024-03-11T07:44:52.234+0000][6][safepoint    ] Safepoint "Cleanup", Time since last: 1005945668 ns, Reaching safepoint: 552166 ns, At safepoint: 7417 ns, Total: 559583 ns
[2024-03-11T07:44:53.236+0000][6][safepoint    ] Safepoint "Cleanup", Time since last: 1001547125 ns, Reaching safepoint: 782084 ns, At safepoint: 55958 ns, Total: 838042 ns
[2024-03-11T07:44:54.238+0000][6][safepoint    ] Safepoint "Cleanup", Time since last: 1001781042 ns, Reaching safepoint: 261708 ns, At safepoint: 5375 ns, Total: 267083 ns
[2024-03-11T07:44:55.243+0000][6][safepoint    ] Safepoint "Cleanup", Time since last: 1004817876 ns, Reaching safepoint: 320208 ns, At safepoint: 7042 ns, Total: 327250 ns
[2024-03-11T07:44:56.251+0000][6][safepoint    ] Safepoint "Cleanup", Time since last: 1007087792 ns, Reaching safepoint: 611583 ns, At safepoint: 7084 ns, Total: 618667 ns
[2024-03-11T07:44:57.254+0000][6][safepoint    ] Safepoint "Cleanup", Time since last: 1002450750 ns, Reaching safepoint: 214709 ns, At safepoint: 4416 ns, Total: 219125 ns
[2024-03-11T07:44:58.258+0000][6][safepoint    ] Safepoint "Cleanup", Time since last: 1003977459 ns, Reaching safepoint: 186375 ns, At safepoint: 5000 ns, Total: 191375 ns
[2024-03-11T07:44:59.264+0000][6][safepoint    ] Safepoint "Cleanup", Time since last: 1006386792 ns, Reaching safepoint: 291667 ns, At safepoint: 7417 ns, Total: 299084 ns
[2024-03-11T07:45:00.271+0000][6][safepoint    ] Safepoint "Cleanup", Time since last: 1006729291 ns, Reaching safepoint: 382542 ns, At safepoint: 6416 ns, Total: 388958 ns
[2024-03-11T07:45:01.277+0000][6][safepoint    ] Safepoint "Cleanup", Time since last: 1005401668 ns, Reaching safepoint: 304666 ns, At safepoint: 7459 ns, Total: 312125 ns
[2024-03-11T07:45:02.282+0000][6][safepoint    ] Safepoint "Cleanup", Time since last: 1004431792 ns, Reaching safepoint: 411791 ns, At safepoint: 7042 ns, Total: 418833 ns
[2024-03-11T07:45:03.287+0000][6][safepoint    ] Safepoint "Cleanup", Time since last: 1004752167 ns, Reaching safepoint: 460500 ns, At safepoint: 6958 ns, Total: 467458 ns
[2024-03-11T07:45:04.290+0000][6][safepoint    ] Safepoint "Cleanup", Time since last: 1002829418 ns, Reaching safepoint: 193375 ns, At safepoint: 4458 ns, Total: 197833 ns
[2024-03-11T07:45:05.292+0000][6][safepoint    ] Safepoint "Cleanup", Time since last: 1002186459 ns, Reaching safepoint: 201666 ns, At safepoint: 3709 ns, Total: 205375 ns
[2024-03-11T07:45:06.299+0000][6][safepoint    ] Safepoint "Cleanup", Time since last: 1005745334 ns, Reaching safepoint: 320000 ns, At safepoint: 6291 ns, Total: 326291 ns
[2024-03-11T07:45:07.305+0000][6][safepoint    ] Safepoint "Cleanup", Time since last: 1002320792 ns, Reaching safepoint: 3701167 ns, At safepoint: 9833 ns, Total: 3711000 ns
[2024-03-11T07:45:08.306+0000][6][safepoint    ] Safepoint "Cleanup", Time since last: 1000701501 ns, Reaching safepoint: 382333 ns, At safepoint: 10084 ns, Total: 392417 ns
[2024-03-11T07:45:09.313+0000][6][safepoint    ] Safepoint "Cleanup", Time since last: 1007081208 ns, Reaching safepoint: 320792 ns, At safepoint: 7542 ns, Total: 328334 ns
[2024-03-11T07:45:10.315+0000][6][safepoint    ] Safepoint "Cleanup", Time since last: 1001717167 ns, Reaching safepoint: 211333 ns, At safepoint: 4584 ns, Total: 215917 ns
[2024-03-11T07:45:11.320+0000][6][safepoint    ] Safepoint "Cleanup", Time since last: 1005050417 ns, Reaching safepoint: 204083 ns, At safepoint: 4250 ns, Total: 208333 ns
[2024-03-11T07:45:12.324+0000][6][safepoint    ] Safepoint "Cleanup", Time since last: 1003926875 ns, Reaching safepoint: 232459 ns, At safepoint: 4791 ns, Total: 237250 ns
[2024-03-11T07:45:13.329+0000][6][safepoint    ] Safepoint "Cleanup", Time since last: 1004301168 ns, Reaching safepoint: 210916 ns, At safepoint: 4667 ns, Total: 215583 ns
[2024-03-11T07:45:14.359+0000][6][safepoint    ] Safepoint "Cleanup", Time since last: 1029764292 ns, Reaching safepoint: 329542 ns, At safepoint: 5083 ns, Total: 334625 ns
[2024-03-11T07:45:15.361+0000][6][safepoint    ] Safepoint "Cleanup", Time since last: 1001676709 ns, Reaching safepoint: 264625 ns, At safepoint: 4542 ns, Total: 269167 ns
[2024-03-11T07:45:16.362+0000][6][safepoint    ] Safepoint "Cleanup", Time since last: 1000872875 ns, Reaching safepoint: 476333 ns, At safepoint: 5042 ns, Total: 481375 ns
[2024-03-11T07:45:17.365+0000][6][safepoint    ] Safepoint "Cleanup", Time since last: 1002475001 ns, Reaching safepoint: 269375 ns, At safepoint: 3333 ns, Total: 272708 ns
[2024-03-11T07:45:18.374+0000][6][safepoint    ] Safepoint "Cleanup", Time since last: 1008618334 ns, Reaching safepoint: 168000 ns, At safepoint: 4250 ns, Total: 172250 ns
[2024-03-11T07:45:19.376+0000][6][safepoint    ] Safepoint "Cleanup", Time since last: 1001846042 ns, Reaching safepoint: 202750 ns, At safepoint: 3125 ns, Total: 205875 ns
[2024-03-11T07:45:20.379+0000][6][safepoint    ] Safepoint "Cleanup", Time since last: 1002566334 ns, Reaching safepoint: 127791 ns, At safepoint: 1334 ns, Total: 129125 ns
[2024-03-11T07:45:21.386+0000][6][safepoint    ] Safepoint "Cleanup", Time since last: 1006724292 ns, Reaching safepoint: 188250 ns, At safepoint: 4458 ns, Total: 192708 ns
[2024-03-11T07:45:22.387+0000][6][safepoint    ] Safepoint "Cleanup", Time since last: 1001450917 ns, Reaching safepoint: 86250 ns, At safepoint: 1667 ns, Total: 87917 ns
[2024-03-11T07:45:23.388+0000][6][safepoint    ] Safepoint "Cleanup", Time since last: 1000653250 ns, Reaching safepoint: 83375 ns, At safepoint: 2625 ns, Total: 86000 ns
[2024-03-11T07:45:24.390+0000][6][safepoint    ] Safepoint "Cleanup", Time since last: 1001938043 ns, Reaching safepoint: 285458 ns, At safepoint: 5792 ns, Total: 291250 ns
[2024-03-11T07:45:25.391+0000][6][safepoint    ] Safepoint "Cleanup", Time since last: 1001122458 ns, Reaching safepoint: 169542 ns, At safepoint: 3958 ns, Total: 173500 ns
[2024-03-11T07:45:26.392+0000][6][safepoint    ] Safepoint "Cleanup", Time since last: 1000607501 ns, Reaching safepoint: 128542 ns, At safepoint: 4250 ns, Total: 132792 ns
[2024-03-11T07:45:27.393+0000][6][safepoint    ] Safepoint "Cleanup", Time since last: 1000817583 ns, Reaching safepoint: 116292 ns, At safepoint: 3000 ns, Total: 119292 ns
[2024-03-11T07:45:28.398+0000][6][safepoint    ] Safepoint "Cleanup", Time since last: 1005172750 ns, Reaching safepoint: 233292 ns, At safepoint: 5208 ns, Total: 238500 ns
[2024-03-11T07:45:29.403+0000][6][safepoint    ] Safepoint "Cleanup", Time since last: 1004583251 ns, Reaching safepoint: 166792 ns, At safepoint: 3291 ns, Total: 170083 ns
[2024-03-11T07:45:30.406+0000][6][safepoint    ] Safepoint "Cleanup", Time since last: 1002008000 ns, Reaching safepoint: 348709 ns, At safepoint: 5791 ns, Total: 354500 ns
[2024-03-11T07:45:31.407+0000][6][safepoint    ] Safepoint "Cleanup", Time since last: 1001380751 ns, Reaching safepoint: 251958 ns, At safepoint: 4834 ns, Total: 256792 ns
[2024-03-11T07:45:32.410+0000][6][safepoint    ] Safepoint "Cleanup", Time since last: 1002317000 ns, Reaching safepoint: 136500 ns, At safepoint: 4708 ns, Total: 141208 ns
[2024-03-11T07:45:33.415+0000][6][safepoint    ] Safepoint "Cleanup", Time since last: 1005644418 ns, Reaching safepoint: 93541 ns, At safepoint: 2125 ns, Total: 95666 ns
[2024-03-11T07:45:34.417+0000][6][safepoint    ] Safepoint "Cleanup", Time since last: 1001100376 ns, Reaching safepoint: 142458 ns, At safepoint: 2417 ns, Total: 144875 ns
[2024-03-11T07:45:35.418+0000][6][safepoint    ] Safepoint "Cleanup", Time since last: 1001142167 ns, Reaching safepoint: 151792 ns, At safepoint: 3000 ns, Total: 154792 ns
[2024-03-11T07:45:36.421+0000][6][safepoint    ] Safepoint "Cleanup", Time since last: 1003369792 ns, Reaching safepoint: 89875 ns, At safepoint: 1833 ns, Total: 91708 ns
[2024-03-11T07:45:37.422+0000][6][safepoint    ] Safepoint "Cleanup", Time since last: 1000943000 ns, Reaching safepoint: 123000 ns, At safepoint: 2709 ns, Total: 125709 ns
[2024-03-11T07:45:38.425+0000][6][safepoint    ] Safepoint "Cleanup", Time since last: 1001909750 ns, Reaching safepoint: 122042 ns, At safepoint: 2708 ns, Total: 124750 ns
[2024-03-11T07:45:39.427+0000][6][safepoint    ] Safepoint "Cleanup", Time since last: 1002349251 ns, Reaching safepoint: 317916 ns, At safepoint: 15084 ns, Total: 333000 ns
[2024-03-11T07:45:40.434+0000][6][safepoint    ] Safepoint "Cleanup", Time since last: 1005824209 ns, Reaching safepoint: 614791 ns, At safepoint: 5334 ns, Total: 620125 ns
[2024-03-11T07:45:41.435+0000][6][safepoint    ] Safepoint "Cleanup", Time since last: 1001478708 ns, Reaching safepoint: 299125 ns, At safepoint: 6834 ns, Total: 305959 ns
[2024-03-11T07:45:42.440+0000][6][safepoint    ] Safepoint "Cleanup", Time since last: 1004077084 ns, Reaching safepoint: 446333 ns, At safepoint: 9292 ns, Total: 455625 ns
[2024-03-11T07:45:43.442+0000][6][safepoint    ] Safepoint "Cleanup", Time since last: 1001486458 ns, Reaching safepoint: 264042 ns, At safepoint: 5750 ns, Total: 269792 ns
[2024-03-11T07:45:44.444+0000][6][safepoint    ] Safepoint "Cleanup", Time since last: 1002458250 ns, Reaching safepoint: 213459 ns, At safepoint: 4666 ns, Total: 218125 ns
[2024-03-11T07:45:45.450+0000][6][safepoint    ] Safepoint "Cleanup", Time since last: 1005768209 ns, Reaching safepoint: 240750 ns, At safepoint: 4875 ns, Total: 245625 ns
[2024-03-11T07:45:46.453+0000][6][safepoint    ] Safepoint "Cleanup", Time since last: 1002588667 ns, Reaching safepoint: 192042 ns, At safepoint: 6750 ns, Total: 198792 ns
[2024-03-11T07:45:47.454+0000][6][safepoint    ] Safepoint "Cleanup", Time since last: 1000733459 ns, Reaching safepoint: 205792 ns, At safepoint: 4500 ns, Total: 210292 ns
[2024-03-11T07:45:48.460+0000][6][safepoint    ] Safepoint "Cleanup", Time since last: 1005656125 ns, Reaching safepoint: 168292 ns, At safepoint: 4583 ns, Total: 172875 ns
[2024-03-11T07:45:49.466+0000][6][safepoint    ] Safepoint "Cleanup", Time since last: 1005838626 ns, Reaching safepoint: 393000 ns, At safepoint: 10333 ns, Total: 403333 ns
[2024-03-11T07:45:50.470+0000][6][safepoint    ] Safepoint "Cleanup", Time since last: 1003593084 ns, Reaching safepoint: 155625 ns, At safepoint: 3666 ns, Total: 159291 ns
[2024-03-11T07:45:51.472+0000][6][safepoint    ] Safepoint "Cleanup", Time since last: 1002169834 ns, Reaching safepoint: 147292 ns, At safepoint: 3833 ns, Total: 151125 ns
[2024-03-11T07:45:52.473+0000][6][safepoint    ] Safepoint "Cleanup", Time since last: 1000662042 ns, Reaching safepoint: 182584 ns, At safepoint: 4416 ns, Total: 187000 ns
[2024-03-11T07:45:53.477+0000][6][safepoint    ] Safepoint "Cleanup", Time since last: 1003819709 ns, Reaching safepoint: 283625 ns, At safepoint: 8042 ns, Total: 291667 ns
[2024-03-11T07:45:54.482+0000][6][safepoint    ] Safepoint "Cleanup", Time since last: 1004638917 ns, Reaching safepoint: 330042 ns, At safepoint: 9291 ns, Total: 339333 ns
[2024-03-11T07:45:55.485+0000][6][safepoint    ] Safepoint "Cleanup", Time since last: 1002113417 ns, Reaching safepoint: 284459 ns, At safepoint: 5333 ns, Total: 289792 ns
[2024-03-11T07:45:56.486+0000][6][safepoint    ] Safepoint "Cleanup", Time since last: 1001234417 ns, Reaching safepoint: 318667 ns, At safepoint: 6375 ns, Total: 325042 ns
[2024-03-11T07:45:57.488+0000][6][safepoint    ] Safepoint "Cleanup", Time since last: 1001206334 ns, Reaching safepoint: 521000 ns, At safepoint: 5500 ns, Total: 526500 ns
[2024-03-11T07:45:58.493+0000][6][safepoint    ] Safepoint "Cleanup", Time since last: 1004579125 ns, Reaching safepoint: 394000 ns, At safepoint: 9709 ns, Total: 403709 ns
[2024-03-11T07:45:59.500+0000][6][safepoint    ] Safepoint "Cleanup", Time since last: 1007024167 ns, Reaching safepoint: 365208 ns, At safepoint: 9625 ns, Total: 374833 ns
[2024-03-11T07:46:00.501+0000][6][safepoint    ] Safepoint "Cleanup", Time since last: 1001612042 ns, Reaching safepoint: 356875 ns, At safepoint: 3958 ns, Total: 360833 ns
[2024-03-11T07:46:01.507+0000][6][safepoint    ] Safepoint "Cleanup", Time since last: 1005945792 ns, Reaching safepoint: 184709 ns, At safepoint: 3666 ns, Total: 188375 ns
[2024-03-11T07:46:02.510+0000][6][safepoint    ] Safepoint "Cleanup", Time since last: 1002581876 ns, Reaching safepoint: 435208 ns, At safepoint: 10583 ns, Total: 445791 ns
[2024-03-11T07:46:03.517+0000][6][safepoint    ] Safepoint "Cleanup", Time since last: 1006379376 ns, Reaching safepoint: 163417 ns, At safepoint: 4750 ns, Total: 168167 ns
[2024-03-11T07:46:04.519+0000][6][safepoint    ] Safepoint "Cleanup", Time since last: 1002035000 ns, Reaching safepoint: 221167 ns, At safepoint: 5125 ns, Total: 226292 ns
[2024-03-11T07:46:05.524+0000][6][safepoint    ] Safepoint "Cleanup", Time since last: 1004523375 ns, Reaching safepoint: 272000 ns, At safepoint: 6417 ns, Total: 278417 ns
[2024-03-11T07:46:06.531+0000][6][safepoint    ] Safepoint "Cleanup", Time since last: 1006747167 ns, Reaching safepoint: 194292 ns, At safepoint: 7708 ns, Total: 202000 ns
[2024-03-11T07:46:07.537+0000][6][safepoint    ] Safepoint "Cleanup", Time since last: 1005801417 ns, Reaching safepoint: 141334 ns, At safepoint: 2750 ns, Total: 144084 ns
[2024-03-11T07:46:08.540+0000][6][safepoint    ] Safepoint "Cleanup", Time since last: 1003445125 ns, Reaching safepoint: 149250 ns, At safepoint: 4292 ns, Total: 153542 ns
[2024-03-11T07:46:09.547+0000][6][safepoint    ] Safepoint "Cleanup", Time since last: 1006273833 ns, Reaching safepoint: 339167 ns, At safepoint: 6792 ns, Total: 345959 ns
[2024-03-11T07:46:10.554+0000][6][safepoint    ] Safepoint "Cleanup", Time since last: 1006658292 ns, Reaching safepoint: 270167 ns, At safepoint: 7291 ns, Total: 277458 ns
[2024-03-11T07:46:11.556+0000][6][safepoint    ] Safepoint "Cleanup", Time since last: 1001969001 ns, Reaching safepoint: 212375 ns, At safepoint: 4666 ns, Total: 217041 ns
[2024-03-11T07:46:12.562+0000][6][safepoint    ] Safepoint "Cleanup", Time since last: 1005159334 ns, Reaching safepoint: 304000 ns, At safepoint: 5375 ns, Total: 309375 ns
[2024-03-11T07:46:13.564+0000][6][safepoint    ] Safepoint "Cleanup", Time since last: 1002172376 ns, Reaching safepoint: 351500 ns, At safepoint: 6125 ns, Total: 357625 ns
[2024-03-11T07:46:14.570+0000][6][safepoint    ] Safepoint "Cleanup", Time since last: 1005499334 ns, Reaching safepoint: 166041 ns, At safepoint: 4834 ns, Total: 170875 ns
[2024-03-11T07:46:15.572+0000][6][safepoint    ] Safepoint "Cleanup", Time since last: 1001822542 ns, Reaching safepoint: 330291 ns, At safepoint: 4625 ns, Total: 334916 ns
[2024-03-11T07:46:16.575+0000][6][safepoint    ] Safepoint "Cleanup", Time since last: 1002384042 ns, Reaching safepoint: 221125 ns, At safepoint: 5459 ns, Total: 226584 ns
[2024-03-11T07:46:17.578+0000][6][safepoint    ] Safepoint "Cleanup", Time since last: 1002767667 ns, Reaching safepoint: 227167 ns, At safepoint: 6458 ns, Total: 233625 ns
[2024-03-11T07:46:18.583+0000][6][safepoint    ] Safepoint "Cleanup", Time since last: 1004825417 ns, Reaching safepoint: 350375 ns, At safepoint: 6500 ns, Total: 356875 ns
[2024-03-11T07:46:19.586+0000][6][safepoint    ] Safepoint "Cleanup", Time since last: 1003206542 ns, Reaching safepoint: 365417 ns, At safepoint: 8375 ns, Total: 373792 ns
[2024-03-11T07:46:20.591+0000][6][safepoint    ] Safepoint "Cleanup", Time since last: 1004451000 ns, Reaching safepoint: 242625 ns, At safepoint: 4625 ns, Total: 247250 ns
[2024-03-11T07:46:21.597+0000][6][safepoint    ] Safepoint "Cleanup", Time since last: 1005623126 ns, Reaching safepoint: 188292 ns, At safepoint: 5000 ns, Total: 193292 ns
[2024-03-11T07:46:22.598+0000][6][safepoint    ] Safepoint "Cleanup", Time since last: 1001018583 ns, Reaching safepoint: 281875 ns, At safepoint: 6625 ns, Total: 288500 ns
[2024-03-11T07:46:23.601+0000][6][safepoint    ] Safepoint "Cleanup", Time since last: 1002599418 ns, Reaching safepoint: 320166 ns, At safepoint: 5417 ns, Total: 325583 ns
[2024-03-11T07:46:24.608+0000][6][safepoint    ] Safepoint "Cleanup", Time since last: 1006148000 ns, Reaching safepoint: 494834 ns, At safepoint: 9916 ns, Total: 504750 ns
[2024-03-11T07:46:25.611+0000][6][safepoint    ] Safepoint "Cleanup", Time since last: 1003023834 ns, Reaching safepoint: 356625 ns, At safepoint: 6292 ns, Total: 362917 ns
[2024-03-11T07:46:26.615+0000][6][safepoint    ] Safepoint "Cleanup", Time since last: 1003041500 ns, Reaching safepoint: 665667 ns, At safepoint: 9208 ns, Total: 674875 ns
[2024-03-11T07:46:27.622+0000][6][safepoint    ] Safepoint "Cleanup", Time since last: 1006873709 ns, Reaching safepoint: 487542 ns, At safepoint: 8708 ns, Total: 496250 ns
[2024-03-11T07:46:28.624+0000][6][safepoint    ] Safepoint "Cleanup", Time since last: 1001362126 ns, Reaching safepoint: 119708 ns, At safepoint: 4792 ns, Total: 124500 ns
[2024-03-11T07:46:29.625+0000][6][safepoint    ] Safepoint "Cleanup", Time since last: 1001154792 ns, Reaching safepoint: 164875 ns, At safepoint: 4333 ns, Total: 169208 ns
[2024-03-11T07:46:30.626+0000][6][safepoint    ] Safepoint "Cleanup", Time since last: 1000570125 ns, Reaching safepoint: 113167 ns, At safepoint: 2708 ns, Total: 115875 ns
[2024-03-11T07:46:31.627+0000][6][safepoint    ] Safepoint "Cleanup", Time since last: 1001582542 ns, Reaching safepoint: 151292 ns, At safepoint: 4250 ns, Total: 155542 ns
[2024-03-11T07:46:32.629+0000][6][safepoint    ] Safepoint "Cleanup", Time since last: 1001846542 ns, Reaching safepoint: 143667 ns, At safepoint: 3291 ns, Total: 146958 ns
[2024-03-11T07:46:33.632+0000][6][safepoint    ] Safepoint "Cleanup", Time since last: 1002302001 ns, Reaching safepoint: 367666 ns, At safepoint: 9542 ns, Total: 377208 ns
[2024-03-11T07:46:34.634+0000][6][safepoint    ] Safepoint "Cleanup", Time since last: 1002199959 ns, Reaching safepoint: 173916 ns, At safepoint: 3167 ns, Total: 177083 ns
[2024-03-11T07:46:35.636+0000][6][safepoint    ] Safepoint "Cleanup", Time since last: 1001116792 ns, Reaching safepoint: 166417 ns, At safepoint: 3000 ns, Total: 169417 ns
[2024-03-11T07:46:36.642+0000][6][safepoint    ] Safepoint "Cleanup", Time since last: 1005905667 ns, Reaching safepoint: 198292 ns, At safepoint: 5166 ns, Total: 203458 ns
[2024-03-11T07:46:37.648+0000][6][safepoint    ] Safepoint "Cleanup", Time since last: 1005707459 ns, Reaching safepoint: 90792 ns, At safepoint: 2000 ns, Total: 92792 ns
[2024-03-11T07:46:38.652+0000][6][safepoint    ] Safepoint "Cleanup", Time since last: 1004655667 ns, Reaching safepoint: 164208 ns, At safepoint: 2584 ns, Total: 166792 ns
[2024-03-11T07:46:39.658+0000][6][safepoint    ] Safepoint "Cleanup", Time since last: 1005430542 ns, Reaching safepoint: 265500 ns, At safepoint: 5208 ns, Total: 270708 ns
[2024-03-11T07:46:40.662+0000][6][safepoint    ] Safepoint "Cleanup", Time since last: 1004021084 ns, Reaching safepoint: 276708 ns, At safepoint: 7250 ns, Total: 283958 ns
[2024-03-11T07:46:41.664+0000][6][safepoint    ] Safepoint "Cleanup", Time since last: 1001166376 ns, Reaching safepoint: 161083 ns, At safepoint: 11083 ns, Total: 172166 ns
[2024-03-11T07:46:42.665+0000][6][safepoint    ] Safepoint "Cleanup", Time since last: 1000742876 ns, Reaching safepoint: 150375 ns, At safepoint: 19875 ns, Total: 170250 ns
[2024-03-11T07:46:43.672+0000][6][safepoint    ] Safepoint "Cleanup", Time since last: 1006838084 ns, Reaching safepoint: 114416 ns, At safepoint: 2542 ns, Total: 116958 ns
[2024-03-11T07:46:44.675+0000][6][safepoint    ] Safepoint "Cleanup", Time since last: 1003255751 ns, Reaching safepoint: 188833 ns, At safepoint: 6375 ns, Total: 195208 ns
[2024-03-11T07:46:45.681+0000][6][safepoint    ] Safepoint "Cleanup", Time since last: 1005540500 ns, Reaching safepoint: 466584 ns, At safepoint: 7583 ns, Total: 474167 ns
[2024-03-11T07:46:46.688+0000][6][safepoint    ] Safepoint "Cleanup", Time since last: 1006404584 ns, Reaching safepoint: 330625 ns, At safepoint: 14083 ns, Total: 344708 ns
[2024-03-11T07:46:47.696+0000][6][safepoint    ] Safepoint "Cleanup", Time since last: 1007398459 ns, Reaching safepoint: 394333 ns, At safepoint: 7500 ns, Total: 401833 ns
[2024-03-11T07:46:48.697+0000][6][safepoint    ] Safepoint "Cleanup", Time since last: 1001120084 ns, Reaching safepoint: 101417 ns, At safepoint: 1708 ns, Total: 103125 ns
[2024-03-11T07:46:49.701+0000][6][safepoint    ] Safepoint "Cleanup", Time since last: 1004247626 ns, Reaching safepoint: 213458 ns, At safepoint: 2833 ns, Total: 216291 ns
[2024-03-11T07:46:50.705+0000][6][safepoint    ] Safepoint "Cleanup", Time since last: 1003611667 ns, Reaching safepoint: 257792 ns, At safepoint: 5625 ns, Total: 263417 ns
[2024-03-11T07:46:51.708+0000][6][safepoint    ] Safepoint "Cleanup", Time since last: 1002662042 ns, Reaching safepoint: 274917 ns, At safepoint: 6667 ns, Total: 281584 ns
[2024-03-11T07:46:52.715+0000][6][safepoint    ] Safepoint "Cleanup", Time since last: 1006410167 ns, Reaching safepoint: 171916 ns, At safepoint: 5084 ns, Total: 177000 ns
[2024-03-11T07:46:53.721+0000][6][safepoint    ] Safepoint "Cleanup", Time since last: 1005845667 ns, Reaching safepoint: 297542 ns, At safepoint: 5291 ns, Total: 302833 ns
[2024-03-11T07:46:54.727+0000][6][safepoint    ] Safepoint "Cleanup", Time since last: 1005817876 ns, Reaching safepoint: 275375 ns, At safepoint: 6875 ns, Total: 282250 ns
[2024-03-11T07:46:55.730+0000][6][safepoint    ] Safepoint "Cleanup", Time since last: 1002598084 ns, Reaching safepoint: 356833 ns, At safepoint: 11333 ns, Total: 368166 ns
[2024-03-11T07:46:56.735+0000][6][safepoint    ] Safepoint "Cleanup", Time since last: 1004783542 ns, Reaching safepoint: 246334 ns, At safepoint: 9500 ns, Total: 255834 ns
[2024-03-11T07:46:57.741+0000][6][safepoint    ] Safepoint "Cleanup", Time since last: 1005288208 ns, Reaching safepoint: 193209 ns, At safepoint: 5166 ns, Total: 198375 ns
[2024-03-11T07:46:58.746+0000][6][safepoint    ] Safepoint "Cleanup", Time since last: 1005249543 ns, Reaching safepoint: 258916 ns, At safepoint: 6959 ns, Total: 265875 ns
[2024-03-11T07:46:59.753+0000][6][safepoint    ] Safepoint "Cleanup", Time since last: 1006558292 ns, Reaching safepoint: 249333 ns, At safepoint: 5083 ns, Total: 254416 ns
[2024-03-11T07:47:00.797+0000][6][safepoint    ] Safepoint "Cleanup", Time since last: 1003071001 ns, Reaching safepoint: 156375 ns, At safepoint: 3333 ns, Total: 159708 ns
[2024-03-11T07:47:01.802+0000][6][safepoint    ] Safepoint "Cleanup", Time since last: 1005182875 ns, Reaching safepoint: 213750 ns, At safepoint: 9625 ns, Total: 223375 ns
[2024-03-11T07:47:02.806+0000][6][safepoint    ] Safepoint "Cleanup", Time since last: 1003390459 ns, Reaching safepoint: 268209 ns, At safepoint: 5750 ns, Total: 273959 ns
[2024-03-11T07:47:03.809+0000][6][safepoint    ] Safepoint "Cleanup", Time since last: 1002829208 ns, Reaching safepoint: 99875 ns, At safepoint: 3125 ns, Total: 103000 ns
[2024-03-11T07:47:04.814+0000][6][safepoint    ] Safepoint "Cleanup", Time since last: 1005542876 ns, Reaching safepoint: 238667 ns, At safepoint: 5875 ns, Total: 244542 ns
[2024-03-11T07:47:05.819+0000][6][safepoint    ] Safepoint "Cleanup", Time since last: 1004338417 ns, Reaching safepoint: 657000 ns, At safepoint: 9208 ns, Total: 666208 ns
[2024-03-11T07:47:06.826+0000][6][safepoint    ] Safepoint "Cleanup", Time since last: 1006711750 ns, Reaching safepoint: 149209 ns, At safepoint: 5041 ns, Total: 154250 ns
[2024-03-11T07:47:07.832+0000][6][safepoint    ] Safepoint "Cleanup", Time since last: 1005507084 ns, Reaching safepoint: 551417 ns, At safepoint: 8917 ns, Total: 560334 ns
[2024-03-11T07:47:08.836+0000][6][safepoint    ] Safepoint "Cleanup", Time since last: 1002504083 ns, Reaching safepoint: 813834 ns, At safepoint: 24041 ns, Total: 837875 ns
[2024-03-11T07:47:09.842+0000][6][safepoint    ] Safepoint "Cleanup", Time since last: 1005753626 ns, Reaching safepoint: 324708 ns, At safepoint: 6125 ns, Total: 330833 ns
[2024-03-11T07:47:10.847+0000][6][safepoint    ] Safepoint "Cleanup", Time since last: 1004837417 ns, Reaching safepoint: 603375 ns, At safepoint: 5750 ns, Total: 609125 ns
[2024-03-11T07:47:11.851+0000][6][safepoint    ] Safepoint "Cleanup", Time since last: 1003685001 ns, Reaching safepoint: 234542 ns, At safepoint: 5916 ns, Total: 240458 ns
[2024-03-11T07:47:12.856+0000][6][safepoint    ] Safepoint "Cleanup", Time since last: 1004863917 ns, Reaching safepoint: 275834 ns, At safepoint: 3500 ns, Total: 279334 ns
[2024-03-11T07:47:13.858+0000][6][safepoint    ] Safepoint "Cleanup", Time since last: 1001037625 ns, Reaching safepoint: 183500 ns, At safepoint: 5750 ns, Total: 189250 ns
[2024-03-11T07:47:14.863+0000][6][safepoint    ] Safepoint "Cleanup", Time since last: 1005344501 ns, Reaching safepoint: 436708 ns, At safepoint: 10042 ns, Total: 446750 ns
[2024-03-11T07:47:15.866+0000][6][safepoint    ] Safepoint "Cleanup", Time since last: 1002760417 ns, Reaching safepoint: 201833 ns, At safepoint: 6083 ns, Total: 207916 ns
[2024-03-11T07:47:16.869+0000][6][safepoint    ] Safepoint "Cleanup", Time since last: 1001999168 ns, Reaching safepoint: 376916 ns, At safepoint: 6792 ns, Total: 383708 ns
[2024-03-11T07:47:17.872+0000][6][safepoint    ] Safepoint "Cleanup", Time since last: 1002827042 ns, Reaching safepoint: 199042 ns, At safepoint: 3666 ns, Total: 202708 ns
[2024-03-11T07:47:18.877+0000][6][safepoint    ] Safepoint "Cleanup", Time since last: 1005478501 ns, Reaching safepoint: 217750 ns, At safepoint: 4083 ns, Total: 221833 ns
[2024-03-11T07:47:19.884+0000][6][safepoint    ] Safepoint "Cleanup", Time since last: 1006565709 ns, Reaching safepoint: 375958 ns, At safepoint: 20792 ns, Total: 396750 ns
[2024-03-11T07:47:20.888+0000][6][safepoint    ] Safepoint "Cleanup", Time since last: 1002922292 ns, Reaching safepoint: 352709 ns, At safepoint: 7666 ns, Total: 360375 ns
[2024-03-11T07:47:21.891+0000][6][safepoint    ] Safepoint "Cleanup", Time since last: 1002833209 ns, Reaching safepoint: 291583 ns, At safepoint: 10334 ns, Total: 301917 ns
[2024-03-11T07:47:22.897+0000][6][safepoint    ] Safepoint "Cleanup", Time since last: 1006400125 ns, Reaching safepoint: 266333 ns, At safepoint: 4625 ns, Total: 270958 ns
[2024-03-11T07:47:23.903+0000][6][safepoint    ] Safepoint "Cleanup", Time since last: 1005558543 ns, Reaching safepoint: 206791 ns, At safepoint: 5292 ns, Total: 212083 ns
[2024-03-11T07:47:24.909+0000][6][safepoint    ] Safepoint "Cleanup", Time since last: 1005914750 ns, Reaching safepoint: 124834 ns, At safepoint: 3041 ns, Total: 127875 ns
[2024-03-11T07:47:25.916+0000][6][safepoint    ] Safepoint "Cleanup", Time since last: 1005981459 ns, Reaching safepoint: 267542 ns, At safepoint: 6458 ns, Total: 274000 ns
[2024-03-11T07:47:26.922+0000][6][safepoint    ] Safepoint "Cleanup", Time since last: 1006650167 ns, Reaching safepoint: 184250 ns, At safepoint: 4375 ns, Total: 188625 ns
[2024-03-11T07:47:27.925+0000][6][safepoint    ] Safepoint "Cleanup", Time since last: 1002034084 ns, Reaching safepoint: 245500 ns, At safepoint: 8000 ns, Total: 253500 ns
[2024-03-11T07:47:28.931+0000][6][safepoint    ] Safepoint "Cleanup", Time since last: 1006526334 ns, Reaching safepoint: 259333 ns, At safepoint: 5375 ns, Total: 264708 ns
[2024-03-11T07:47:29.941+0000][6][safepoint    ] Safepoint "Cleanup", Time since last: 1003820458 ns, Reaching safepoint: 224792 ns, At safepoint: 5500 ns, Total: 230292 ns
[2024-03-11T07:47:30.944+0000][6][safepoint    ] Safepoint "Cleanup", Time since last: 1002914792 ns, Reaching safepoint: 180917 ns, At safepoint: 4541 ns, Total: 185458 ns
[2024-03-11T07:47:31.952+0000][6][safepoint    ] Safepoint "Cleanup", Time since last: 1005760542 ns, Reaching safepoint: 2309459 ns, At safepoint: 15625 ns, Total: 2325084 ns
[2024-03-11T07:47:32.955+0000][6][safepoint    ] Safepoint "Cleanup", Time since last: 1002429375 ns, Reaching safepoint: 273334 ns, At safepoint: 4416 ns, Total: 277750 ns
[2024-03-11T07:47:33.956+0000][6][safepoint    ] Safepoint "Cleanup", Time since last: 1001324709 ns, Reaching safepoint: 184792 ns, At safepoint: 2958 ns, Total: 187750 ns
[2024-03-11T07:47:34.963+0000][6][safepoint    ] Safepoint "Cleanup", Time since last: 1006228542 ns, Reaching safepoint: 181709 ns, At safepoint: 3458 ns, Total: 185167 ns
[2024-03-11T07:47:35.965+0000][6][safepoint    ] Safepoint "Cleanup", Time since last: 1001868125 ns, Reaching safepoint: 288334 ns, At safepoint: 5625 ns, Total: 293959 ns
[2024-03-11T07:47:36.967+0000][6][safepoint    ] Safepoint "Cleanup", Time since last: 1001216584 ns, Reaching safepoint: 284250 ns, At safepoint: 5416 ns, Total: 289666 ns
[2024-03-11T07:47:37.972+0000][6][safepoint    ] Safepoint "Cleanup", Time since last: 1005062542 ns, Reaching safepoint: 419500 ns, At safepoint: 10167 ns, Total: 429667 ns
[2024-03-11T07:47:38.976+0000][6][safepoint    ] Safepoint "Cleanup", Time since last: 1003281417 ns, Reaching safepoint: 235625 ns, At safepoint: 4792 ns, Total: 240417 ns
[2024-03-11T07:47:39.982+0000][6][safepoint    ] Safepoint "Cleanup", Time since last: 1006184250 ns, Reaching safepoint: 332542 ns, At safepoint: 8875 ns, Total: 341417 ns
[2024-03-11T07:47:40.985+0000][6][safepoint    ] Safepoint "Cleanup", Time since last: 1002508584 ns, Reaching safepoint: 272833 ns, At safepoint: 5458 ns, Total: 278291 ns
[2024-03-11T07:47:41.988+0000][6][safepoint    ] Safepoint "Cleanup", Time since last: 1002486001 ns, Reaching safepoint: 279667 ns, At safepoint: 6791 ns, Total: 286458 ns
[2024-03-11T07:47:42.994+0000][6][safepoint    ] Safepoint "Cleanup", Time since last: 1006078959 ns, Reaching safepoint: 272042 ns, At safepoint: 6708 ns, Total: 278750 ns
[2024-03-11T07:47:43.998+0000][6][safepoint    ] Safepoint "Cleanup", Time since last: 1003962209 ns, Reaching safepoint: 230833 ns, At safepoint: 5500 ns, Total: 236333 ns
[2024-03-11T07:47:45.005+0000][6][safepoint    ] Safepoint "Cleanup", Time since last: 1006659584 ns, Reaching safepoint: 433500 ns, At safepoint: 9292 ns, Total: 442792 ns
[2024-03-11T07:47:46.012+0000][6][safepoint    ] Safepoint "Cleanup", Time since last: 1006399042 ns, Reaching safepoint: 286000 ns, At safepoint: 6167 ns, Total: 292167 ns
[2024-03-11T07:47:47.018+0000][6][safepoint    ] Safepoint "Cleanup", Time since last: 1005756500 ns, Reaching safepoint: 331333 ns, At safepoint: 18209 ns, Total: 349542 ns
[2024-03-11T07:47:48.024+0000][6][safepoint    ] Safepoint "Cleanup", Time since last: 1005690083 ns, Reaching safepoint: 586167 ns, At safepoint: 6792 ns, Total: 592959 ns
[2024-03-11T07:47:49.029+0000][6][safepoint    ] Safepoint "Cleanup", Time since last: 1004276959 ns, Reaching safepoint: 291500 ns, At safepoint: 5333 ns, Total: 296833 ns
[2024-03-11T07:47:50.036+0000][6][safepoint    ] Safepoint "Cleanup", Time since last: 1006753167 ns, Reaching safepoint: 160917 ns, At safepoint: 3000 ns, Total: 163917 ns
[2024-03-11T07:47:51.039+0000][6][safepoint    ] Safepoint "Cleanup", Time since last: 1003207667 ns, Reaching safepoint: 292583 ns, At safepoint: 5042 ns, Total: 297625 ns
[2024-03-11T07:47:52.043+0000][6][safepoint    ] Safepoint "Cleanup", Time since last: 1002999875 ns, Reaching safepoint: 207375 ns, At safepoint: 5792 ns, Total: 213167 ns
[2024-03-11T07:47:53.048+0000][6][safepoint    ] Safepoint "Cleanup", Time since last: 1005471876 ns, Reaching safepoint: 261458 ns, At safepoint: 5208 ns, Total: 266666 ns
[2024-03-11T07:47:54.050+0000][6][safepoint    ] Safepoint "Cleanup", Time since last: 1001699584 ns, Reaching safepoint: 316208 ns, At safepoint: 5667 ns, Total: 321875 ns
[2024-03-11T07:47:55.057+0000][6][safepoint    ] Safepoint "Cleanup", Time since last: 1006540334 ns, Reaching safepoint: 446792 ns, At safepoint: 9208 ns, Total: 456000 ns
[2024-03-11T07:47:56.060+0000][6][safepoint    ] Safepoint "Cleanup", Time since last: 1002858875 ns, Reaching safepoint: 247459 ns, At safepoint: 5125 ns, Total: 252584 ns
[2024-03-11T07:47:57.066+0000][6][safepoint    ] Safepoint "Cleanup", Time since last: 1004970417 ns, Reaching safepoint: 151875 ns, At safepoint: 3000 ns, Total: 154875 ns
[2024-03-11T07:47:58.071+0000][6][safepoint    ] Safepoint "Cleanup", Time since last: 1005048875 ns, Reaching safepoint: 393042 ns, At safepoint: 5125 ns, Total: 398167 ns
[2024-03-11T07:47:59.078+0000][6][safepoint    ] Safepoint "Cleanup", Time since last: 1006822542 ns, Reaching safepoint: 423000 ns, At safepoint: 6292 ns, Total: 429292 ns
[2024-03-11T07:48:00.082+0000][6][safepoint    ] Safepoint "Cleanup", Time since last: 1002406208 ns, Reaching safepoint: 181583 ns, At safepoint: 3000 ns, Total: 184583 ns
[2024-03-11T07:48:01.084+0000][6][safepoint    ] Safepoint "Cleanup", Time since last: 1001681001 ns, Reaching safepoint: 195625 ns, At safepoint: 4666 ns, Total: 200291 ns
[2024-03-11T07:48:02.086+0000][6][safepoint    ] Safepoint "Cleanup", Time since last: 1001507084 ns, Reaching safepoint: 213875 ns, At safepoint: 5000 ns, Total: 218875 ns
[2024-03-11T07:48:03.089+0000][6][safepoint    ] Safepoint "Cleanup", Time since last: 1002492501 ns, Reaching safepoint: 167333 ns, At safepoint: 4792 ns, Total: 172125 ns
[2024-03-11T07:48:04.090+0000][6][safepoint    ] Safepoint "Cleanup", Time since last: 1001023250 ns, Reaching safepoint: 188875 ns, At safepoint: 4667 ns, Total: 193542 ns
[2024-03-11T07:48:05.095+0000][6][safepoint    ] Safepoint "Cleanup", Time since last: 1004884750 ns, Reaching safepoint: 383000 ns, At safepoint: 9875 ns, Total: 392875 ns
[2024-03-11T07:48:06.100+0000][6][safepoint    ] Safepoint "Cleanup", Time since last: 1005050042 ns, Reaching safepoint: 150334 ns, At safepoint: 2833 ns, Total: 153167 ns
[2024-03-11T07:48:07.106+0000][6][safepoint    ] Safepoint "Cleanup", Time since last: 1005388292 ns, Reaching safepoint: 659792 ns, At safepoint: 5625 ns, Total: 665417 ns
[2024-03-11T07:48:08.109+0000][6][safepoint    ] Safepoint "Cleanup", Time since last: 1001972667 ns, Reaching safepoint: 371708 ns, At safepoint: 11084 ns, Total: 382792 ns
[2024-03-11T07:48:09.115+0000][6][safepoint    ] Safepoint "Cleanup", Time since last: 1005580459 ns, Reaching safepoint: 298791 ns, At safepoint: 5250 ns, Total: 304041 ns
[2024-03-11T07:48:10.120+0000][6][safepoint    ] Safepoint "Cleanup", Time since last: 1004669209 ns, Reaching safepoint: 335500 ns, At safepoint: 5917 ns, Total: 341417 ns
[2024-03-11T07:48:11.122+0000][6][safepoint    ] Safepoint "Cleanup", Time since last: 1001978834 ns, Reaching safepoint: 269041 ns, At safepoint: 5875 ns, Total: 274916 ns
[2024-03-11T07:48:12.129+0000][6][safepoint    ] Safepoint "Cleanup", Time since last: 1006444542 ns, Reaching safepoint: 296959 ns, At safepoint: 6625 ns, Total: 303584 ns
[2024-03-11T07:48:13.133+0000][6][safepoint    ] Safepoint "Cleanup", Time since last: 1004564583 ns, Reaching safepoint: 251459 ns, At safepoint: 5208 ns, Total: 256667 ns
[2024-03-11T07:48:14.139+0000][6][safepoint    ] Safepoint "Cleanup", Time since last: 1005768709 ns, Reaching safepoint: 228667 ns, At safepoint: 5125 ns, Total: 233792 ns
[2024-03-11T07:48:15.145+0000][6][safepoint    ] Safepoint "Cleanup", Time since last: 1004926792 ns, Reaching safepoint: 320541 ns, At safepoint: 6500 ns, Total: 327041 ns
[2024-03-11T07:48:16.152+0000][6][safepoint    ] Safepoint "Cleanup", Time since last: 1006533334 ns, Reaching safepoint: 805792 ns, At safepoint: 13250 ns, Total: 819042 ns
[2024-03-11T07:48:17.157+0000][6][safepoint    ] Safepoint "Cleanup", Time since last: 1004625250 ns, Reaching safepoint: 385792 ns, At safepoint: 8917 ns, Total: 394709 ns
[2024-03-11T07:48:18.163+0000][6][safepoint    ] Safepoint "Cleanup", Time since last: 1005805292 ns, Reaching safepoint: 456208 ns, At safepoint: 6542 ns, Total: 462750 ns
[2024-03-11T07:48:19.168+0000][6][safepoint    ] Safepoint "Cleanup", Time since last: 1004104667 ns, Reaching safepoint: 222917 ns, At safepoint: 5250 ns, Total: 228167 ns
[2024-03-11T07:48:20.171+0000][6][safepoint    ] Safepoint "Cleanup", Time since last: 1003462292 ns, Reaching safepoint: 319958 ns, At safepoint: 17209 ns, Total: 337167 ns
[2024-03-11T07:48:21.177+0000][6][safepoint    ] Safepoint "Cleanup", Time since last: 1005428500 ns, Reaching safepoint: 373458 ns, At safepoint: 9334 ns, Total: 382792 ns
[2024-03-11T07:48:22.183+0000][6][safepoint    ] Safepoint "Cleanup", Time since last: 1005895292 ns, Reaching safepoint: 232916 ns, At safepoint: 6125 ns, Total: 239041 ns
[2024-03-11T07:48:23.185+0000][6][safepoint    ] Safepoint "Cleanup", Time since last: 1001153918 ns, Reaching safepoint: 301375 ns, At safepoint: 6750 ns, Total: 308125 ns
[2024-03-11T07:48:24.190+0000][6][safepoint    ] Safepoint "Cleanup", Time since last: 1004793375 ns, Reaching safepoint: 256083 ns, At safepoint: 3792 ns, Total: 259875 ns
[2024-03-11T07:48:25.192+0000][6][safepoint    ] Safepoint "Cleanup", Time since last: 1002000667 ns, Reaching safepoint: 257792 ns, At safepoint: 5792 ns, Total: 263584 ns
[2024-03-11T07:48:26.196+0000][6][safepoint    ] Safepoint "Cleanup", Time since last: 1003068875 ns, Reaching safepoint: 427917 ns, At safepoint: 9416 ns, Total: 437333 ns
[2024-03-11T07:48:27.199+0000][6][safepoint    ] Safepoint "Cleanup", Time since last: 1003044418 ns, Reaching safepoint: 637458 ns, At safepoint: 6375 ns, Total: 643833 ns
[2024-03-11T07:48:28.201+0000][6][safepoint    ] Safepoint "Cleanup", Time since last: 1001027584 ns, Reaching safepoint: 186958 ns, At safepoint: 3750 ns, Total: 190708 ns
[2024-03-11T07:48:29.205+0000][6][safepoint    ] Safepoint "Cleanup", Time since last: 1004039875 ns, Reaching safepoint: 275334 ns, At safepoint: 4500 ns, Total: 279834 ns
[2024-03-11T07:48:30.208+0000][6][safepoint    ] Safepoint "Cleanup", Time since last: 1003673958 ns, Reaching safepoint: 169625 ns, At safepoint: 3375 ns, Total: 173000 ns
[2024-03-11T07:48:31.211+0000][6][safepoint    ] Safepoint "Cleanup", Time since last: 1002037084 ns, Reaching safepoint: 425250 ns, At safepoint: 5000 ns, Total: 430250 ns
[2024-03-11T07:48:32.214+0000][6][safepoint    ] Safepoint "Cleanup", Time since last: 1002232626 ns, Reaching safepoint: 364208 ns, At safepoint: 8083 ns, Total: 372291 ns
[2024-03-11T07:48:33.219+0000][6][safepoint    ] Safepoint "Cleanup", Time since last: 1005573209 ns, Reaching safepoint: 187500 ns, At safepoint: 4667 ns, Total: 192167 ns
[2024-03-11T07:48:34.222+0000][6][safepoint    ] Safepoint "Cleanup", Time since last: 1002139125 ns, Reaching safepoint: 186459 ns, At safepoint: 4708 ns, Total: 191167 ns
[2024-03-11T07:48:35.228+0000][6][safepoint    ] Safepoint "Cleanup", Time since last: 1006434000 ns, Reaching safepoint: 390500 ns, At safepoint: 11417 ns, Total: 401917 ns
[2024-03-11T07:48:36.231+0000][6][safepoint    ] Safepoint "Cleanup", Time since last: 1002876251 ns, Reaching safepoint: 160041 ns, At safepoint: 2209 ns, Total: 162250 ns
[2024-03-11T07:48:37.250+0000][6][safepoint    ] Safepoint "Cleanup", Time since last: 1018416167 ns, Reaching safepoint: 207000 ns, At safepoint: 4916 ns, Total: 211916 ns
[2024-03-11T07:48:38.256+0000][6][safepoint    ] Safepoint "Cleanup", Time since last: 1005719251 ns, Reaching safepoint: 412958 ns, At safepoint: 5875 ns, Total: 418833 ns
[2024-03-11T07:48:40.171+0000][6][safepoint    ] Safepoint "Cleanup", Time since last: 1914675626 ns, Reaching safepoint: 385792 ns, At safepoint: 7166 ns, Total: 392958 ns
[2024-03-11T07:48:41.175+0000][6][safepoint    ] Safepoint "Cleanup", Time since last: 1003636918 ns, Reaching safepoint: 365333 ns, At safepoint: 8542 ns, Total: 373875 ns
[2024-03-11T07:48:42.181+0000][6][safepoint    ] Safepoint "Cleanup", Time since last: 1005674583 ns, Reaching safepoint: 288167 ns, At safepoint: 6375 ns, Total: 294542 ns
[2024-03-11T07:48:43.187+0000][6][safepoint    ] Safepoint "Cleanup", Time since last: 1005274542 ns, Reaching safepoint: 264584 ns, At safepoint: 5041 ns, Total: 269625 ns
[2024-03-11T07:48:44.190+0000][6][safepoint    ] Safepoint "Cleanup", Time since last: 1003063709 ns, Reaching safepoint: 209042 ns, At safepoint: 7208 ns, Total: 216250 ns
[2024-03-11T07:48:45.196+0000][6][safepoint    ] Safepoint "Cleanup", Time since last: 1005750209 ns, Reaching safepoint: 316250 ns, At safepoint: 6416 ns, Total: 322666 ns
[2024-03-11T07:48:46.200+0000][6][safepoint    ] Safepoint "Cleanup", Time since last: 1003589584 ns, Reaching safepoint: 301750 ns, At safepoint: 6459 ns, Total: 308209 ns
[2024-03-11T07:48:47.202+0000][6][safepoint    ] Safepoint "Cleanup", Time since last: 1001487708 ns, Reaching safepoint: 404375 ns, At safepoint: 5417 ns, Total: 409792 ns
[2024-03-11T07:48:48.206+0000][6][safepoint    ] Safepoint "Cleanup", Time since last: 1003984584 ns, Reaching safepoint: 428167 ns, At safepoint: 5875 ns, Total: 434042 ns
[2024-03-11T07:48:49.208+0000][6][safepoint    ] Safepoint "Cleanup", Time since last: 1001646042 ns, Reaching safepoint: 317250 ns, At safepoint: 5041 ns, Total: 322291 ns
[2024-03-11T07:48:50.212+0000][6][safepoint    ] Safepoint "Cleanup", Time since last: 1002731918 ns, Reaching safepoint: 396000 ns, At safepoint: 8541 ns, Total: 404541 ns
[2024-03-11T07:48:51.214+0000][6][safepoint    ] Safepoint "Cleanup", Time since last: 1002426084 ns, Reaching safepoint: 329250 ns, At safepoint: 6125 ns, Total: 335375 ns
[2024-03-11T07:48:52.220+0000][6][safepoint    ] Safepoint "Cleanup", Time since last: 1005386792 ns, Reaching safepoint: 134292 ns, At safepoint: 2750 ns, Total: 137042 ns
[2024-03-11T07:48:53.221+0000][6][safepoint    ] Safepoint "Cleanup", Time since last: 1001023334 ns, Reaching safepoint: 210250 ns, At safepoint: 5416 ns, Total: 215666 ns
[2024-03-11T07:48:54.224+0000][6][safepoint    ] Safepoint "Cleanup", Time since last: 1002157834 ns, Reaching safepoint: 330708 ns, At safepoint: 8250 ns, Total: 338958 ns
[2024-03-11T07:48:55.226+0000][6][safepoint    ] Safepoint "Cleanup", Time since last: 1001745084 ns, Reaching safepoint: 230084 ns, At safepoint: 6125 ns, Total: 236209 ns
[2024-03-11T07:48:56.229+0000][6][safepoint    ] Safepoint "Cleanup", Time since last: 1003021208 ns, Reaching safepoint: 371750 ns, At safepoint: 6792 ns, Total: 378542 ns
[2024-03-11T07:48:57.232+0000][6][safepoint    ] Safepoint "Cleanup", Time since last: 1002359167 ns, Reaching safepoint: 833042 ns, At safepoint: 18750 ns, Total: 851792 ns
[2024-03-11T07:48:58.239+0000][6][safepoint    ] Safepoint "Cleanup", Time since last: 1006719209 ns, Reaching safepoint: 340458 ns, At safepoint: 7125 ns, Total: 347583 ns
[2024-03-11T07:48:59.243+0000][6][safepoint    ] Safepoint "Cleanup", Time since last: 1002693917 ns, Reaching safepoint: 1222625 ns, At safepoint: 11500 ns, Total: 1234125 ns
[2024-03-11T07:49:00.249+0000][6][safepoint    ] Safepoint "Cleanup", Time since last: 1004959459 ns, Reaching safepoint: 1157291 ns, At safepoint: 20084 ns, Total: 1177375 ns
[2024-03-11T07:49:01.254+0000][6][safepoint    ] Safepoint "Cleanup", Time since last: 1005107542 ns, Reaching safepoint: 322333 ns, At safepoint: 5333 ns, Total: 327666 ns
[2024-03-11T07:49:02.261+0000][6][safepoint    ] Safepoint "Cleanup", Time since last: 1005468001 ns, Reaching safepoint: 912917 ns, At safepoint: 12833 ns, Total: 925750 ns
[2024-03-11T07:49:03.266+0000][6][safepoint    ] Safepoint "Cleanup", Time since last: 1004126000 ns, Reaching safepoint: 1022334 ns, At safepoint: 18625 ns, Total: 1040959 ns
[2024-03-11T07:49:04.269+0000][6][safepoint    ] Safepoint "Cleanup", Time since last: 1002908167 ns, Reaching safepoint: 244375 ns, At safepoint: 7000 ns, Total: 251375 ns
[2024-03-11T07:49:05.272+0000][6][safepoint    ] Safepoint "Cleanup", Time since last: 1002089000 ns, Reaching safepoint: 211875 ns, At safepoint: 5750 ns, Total: 217625 ns
[2024-03-11T07:49:06.273+0000][6][safepoint    ] Safepoint "Cleanup", Time since last: 1001200584 ns, Reaching safepoint: 290125 ns, At safepoint: 4500 ns, Total: 294625 ns
[2024-03-11T07:49:07.279+0000][6][safepoint    ] Safepoint "Cleanup", Time since last: 1005526792 ns, Reaching safepoint: 353334 ns, At safepoint: 7083 ns, Total: 360417 ns
[2024-03-11T07:49:08.285+0000][6][safepoint    ] Safepoint "Cleanup", Time since last: 1005764459 ns, Reaching safepoint: 350958 ns, At safepoint: 9209 ns, Total: 360167 ns
[2024-03-11T07:49:10.179+0000][6][safepoint    ] Safepoint "Cleanup", Time since last: 1893856417 ns, Reaching safepoint: 228833 ns, At safepoint: 4750 ns, Total: 233583 ns
[2024-03-11T07:49:11.183+0000][6][safepoint    ] Safepoint "Cleanup", Time since last: 1003065334 ns, Reaching safepoint: 345584 ns, At safepoint: 8875 ns, Total: 354459 ns
[2024-03-11T07:49:12.188+0000][6][safepoint    ] Safepoint "Cleanup", Time since last: 1005180000 ns, Reaching safepoint: 392917 ns, At safepoint: 24416 ns, Total: 417333 ns
[2024-03-11T07:49:13.195+0000][6][safepoint    ] Safepoint "Cleanup", Time since last: 1006642584 ns, Reaching safepoint: 324542 ns, At safepoint: 9458 ns, Total: 334000 ns
[2024-03-11T07:49:14.199+0000][6][safepoint    ] Safepoint "Cleanup", Time since last: 1003357417 ns, Reaching safepoint: 256375 ns, At safepoint: 4250 ns, Total: 260625 ns
[2024-03-11T07:49:15.200+0000][6][safepoint    ] Safepoint "Cleanup", Time since last: 1001055459 ns, Reaching safepoint: 91250 ns, At safepoint: 1833 ns, Total: 93083 ns
[2024-03-11T07:49:16.206+0000][6][safepoint    ] Safepoint "Cleanup", Time since last: 1005807876 ns, Reaching safepoint: 159208 ns, At safepoint: 3167 ns, Total: 162375 ns
[2024-03-11T07:49:17.588+0000][6][safepoint    ] Safepoint "Cleanup", Time since last: 1381799001 ns, Reaching safepoint: 412500 ns, At safepoint: 7000 ns, Total: 419500 ns
[2024-03-11T07:49:18.594+0000][6][safepoint    ] Safepoint "Cleanup", Time since last: 1004528458 ns, Reaching safepoint: 1276917 ns, At safepoint: 6625 ns, Total: 1283542 ns
[2024-03-11T07:49:19.596+0000][6][safepoint    ] Safepoint "Cleanup", Time since last: 1000906792 ns, Reaching safepoint: 934625 ns, At safepoint: 17917 ns, Total: 952542 ns
[2024-03-11T07:49:20.599+0000][6][safepoint    ] Safepoint "Cleanup", Time since last: 1002778500 ns, Reaching safepoint: 647125 ns, At safepoint: 6709 ns, Total: 653834 ns
[2024-03-11T07:49:21.606+0000][6][safepoint    ] Safepoint "Cleanup", Time since last: 1006449667 ns, Reaching safepoint: 172208 ns, At safepoint: 2750 ns, Total: 174958 ns
[2024-03-11T07:49:22.611+0000][6][safepoint    ] Safepoint "Cleanup", Time since last: 1004886792 ns, Reaching safepoint: 212875 ns, At safepoint: 16584 ns, Total: 229459 ns
[2024-03-11T07:49:23.616+0000][6][safepoint    ] Safepoint "Cleanup", Time since last: 1005133208 ns, Reaching safepoint: 265292 ns, At safepoint: 5292 ns, Total: 270584 ns
[2024-03-11T07:49:24.624+0000][6][safepoint    ] Safepoint "Cleanup", Time since last: 1007314500 ns, Reaching safepoint: 218792 ns, At safepoint: 5167 ns, Total: 223959 ns
[2024-03-11T07:49:25.630+0000][6][safepoint    ] Safepoint "Cleanup", Time since last: 1005762667 ns, Reaching safepoint: 392750 ns, At safepoint: 5458 ns, Total: 398208 ns
[2024-03-11T07:49:26.636+0000][6][safepoint    ] Safepoint "Cleanup", Time since last: 1005617417 ns, Reaching safepoint: 263459 ns, At safepoint: 5458 ns, Total: 268917 ns
[2024-03-11T07:49:27.639+0000][6][safepoint    ] Safepoint "Cleanup", Time since last: 1002623500 ns, Reaching safepoint: 307125 ns, At safepoint: 6542 ns, Total: 313667 ns
[2024-03-11T07:49:28.642+0000][6][safepoint    ] Safepoint "Cleanup", Time since last: 1002874459 ns, Reaching safepoint: 317917 ns, At safepoint: 11208 ns, Total: 329125 ns
[2024-03-11T07:49:29.650+0000][6][safepoint    ] Safepoint "Cleanup", Time since last: 1006947417 ns, Reaching safepoint: 628708 ns, At safepoint: 7000 ns, Total: 635708 ns
[2024-03-11T07:49:30.655+0000][6][safepoint    ] Safepoint "Cleanup", Time since last: 1005622708 ns, Reaching safepoint: 349667 ns, At safepoint: 6708 ns, Total: 356375 ns
[2024-03-11T07:49:31.662+0000][6][safepoint    ] Safepoint "Cleanup", Time since last: 1006147792 ns, Reaching safepoint: 486750 ns, At safepoint: 10167 ns, Total: 496917 ns
[2024-03-11T07:49:32.668+0000][6][safepoint    ] Safepoint "Cleanup", Time since last: 1005854875 ns, Reaching safepoint: 163917 ns, At safepoint: 3042 ns, Total: 166959 ns
[2024-03-11T07:49:33.673+0000][6][safepoint    ] Safepoint "Cleanup", Time since last: 1005039375 ns, Reaching safepoint: 214834 ns, At safepoint: 4916 ns, Total: 219750 ns
[2024-03-11T07:49:34.676+0000][6][safepoint    ] Safepoint "Cleanup", Time since last: 1002546542 ns, Reaching safepoint: 223500 ns, At safepoint: 5417 ns, Total: 228917 ns
[2024-03-11T07:49:35.678+0000][6][safepoint    ] Safepoint "Cleanup", Time since last: 1002092917 ns, Reaching safepoint: 193042 ns, At safepoint: 4625 ns, Total: 197667 ns
[2024-03-11T07:49:36.681+0000][6][safepoint    ] Safepoint "Cleanup", Time since last: 1002548167 ns, Reaching safepoint: 379250 ns, At safepoint: 9917 ns, Total: 389167 ns
[2024-03-11T07:49:37.685+0000][6][safepoint    ] Safepoint "Cleanup", Time since last: 1003411084 ns, Reaching safepoint: 196166 ns, At safepoint: 4000 ns, Total: 200166 ns
[2024-03-11T07:49:38.686+0000][6][safepoint    ] Safepoint "Cleanup", Time since last: 1001457626 ns, Reaching safepoint: 217291 ns, At safepoint: 4917 ns, Total: 222208 ns
[2024-03-11T07:49:39.688+0000][6][safepoint    ] Safepoint "Cleanup", Time since last: 1000941959 ns, Reaching safepoint: 144375 ns, At safepoint: 4083 ns, Total: 148458 ns
[2024-03-11T07:49:40.689+0000][6][safepoint    ] Safepoint "Cleanup", Time since last: 1001690001 ns, Reaching safepoint: 121708 ns, At safepoint: 2917 ns, Total: 124625 ns
[2024-03-11T07:49:41.691+0000][6][safepoint    ] Safepoint "Cleanup", Time since last: 1001417417 ns, Reaching safepoint: 329625 ns, At safepoint: 16833 ns, Total: 346458 ns
[2024-03-11T07:49:42.699+0000][6][safepoint    ] Safepoint "Cleanup", Time since last: 1007298167 ns, Reaching safepoint: 113167 ns, At safepoint: 2625 ns, Total: 115792 ns
[2024-03-11T07:49:43.705+0000][6][safepoint    ] Safepoint "Cleanup", Time since last: 1005795917 ns, Reaching safepoint: 948708 ns, At safepoint: 10542 ns, Total: 959250 ns
[2024-03-11T07:49:44.711+0000][6][safepoint    ] Safepoint "Cleanup", Time since last: 1005959501 ns, Reaching safepoint: 108291 ns, At safepoint: 2959 ns, Total: 111250 ns
[2024-03-11T07:49:45.713+0000][6][safepoint    ] Safepoint "Cleanup", Time since last: 1001439792 ns, Reaching safepoint: 164125 ns, At safepoint: 3250 ns, Total: 167375 ns
[2024-03-11T07:49:46.715+0000][6][safepoint    ] Safepoint "Cleanup", Time since last: 1001738292 ns, Reaching safepoint: 109125 ns, At safepoint: 2333 ns, Total: 111458 ns
[2024-03-11T07:49:47.720+0000][6][safepoint    ] Safepoint "Cleanup", Time since last: 1004756376 ns, Reaching safepoint: 251208 ns, At safepoint: 10167 ns, Total: 261375 ns
[2024-03-11T07:49:48.724+0000][6][safepoint    ] Safepoint "Cleanup", Time since last: 1003723958 ns, Reaching safepoint: 138750 ns, At safepoint: 2292 ns, Total: 141042 ns
[2024-03-11T07:49:49.730+0000][6][safepoint    ] Safepoint "Cleanup", Time since last: 1006548126 ns, Reaching safepoint: 244875 ns, At safepoint: 9083 ns, Total: 253958 ns
[2024-03-11T07:49:50.732+0000][6][safepoint    ] Safepoint "Cleanup", Time since last: 1000906792 ns, Reaching safepoint: 144375 ns, At safepoint: 4333 ns, Total: 148708 ns
[2024-03-11T07:49:51.733+0000][6][safepoint    ] Safepoint "Cleanup", Time since last: 1000935793 ns, Reaching safepoint: 517083 ns, At safepoint: 4250 ns, Total: 521333 ns
[2024-03-11T07:49:52.735+0000][6][safepoint    ] Safepoint "Cleanup", Time since last: 1001322167 ns, Reaching safepoint: 427708 ns, At safepoint: 3542 ns, Total: 431250 ns
[2024-03-11T07:49:53.737+0000][6][safepoint    ] Safepoint "Cleanup", Time since last: 1001898917 ns, Reaching safepoint: 118792 ns, At safepoint: 2208 ns, Total: 121000 ns
[2024-03-11T07:49:54.740+0000][6][safepoint    ] Safepoint "Cleanup", Time since last: 1002655959 ns, Reaching safepoint: 105625 ns, At safepoint: 2167 ns, Total: 107792 ns
[2024-03-11T07:49:55.741+0000][6][safepoint    ] Safepoint "Cleanup", Time since last: 1000947083 ns, Reaching safepoint: 109834 ns, At safepoint: 2333 ns, Total: 112167 ns
[2024-03-11T07:49:56.744+0000][6][safepoint    ] Safepoint "Cleanup", Time since last: 1003332126 ns, Reaching safepoint: 105708 ns, At safepoint: 3208 ns, Total: 108916 ns
[2024-03-11T07:49:57.750+0000][6][safepoint    ] Safepoint "Cleanup", Time since last: 1006180376 ns, Reaching safepoint: 138333 ns, At safepoint: 3083 ns, Total: 141416 ns
[2024-03-11T07:49:58.752+0000][6][safepoint    ] Safepoint "Cleanup", Time since last: 1001211001 ns, Reaching safepoint: 710083 ns, At safepoint: 8292 ns, Total: 718375 ns
[2024-03-11T07:49:59.754+0000][6][safepoint    ] Safepoint "Cleanup", Time since last: 1001664792 ns, Reaching safepoint: 304792 ns, At safepoint: 9416 ns, Total: 314208 ns
[2024-03-11T07:50:01.711+0000][6][safepoint    ] Safepoint "Cleanup", Time since last: 1956384251 ns, Reaching safepoint: 379916 ns, At safepoint: 10709 ns, Total: 390625 ns
[2024-03-11T07:50:02.713+0000][6][safepoint    ] Safepoint "Cleanup", Time since last: 1001252584 ns, Reaching safepoint: 282791 ns, At safepoint: 8834 ns, Total: 291625 ns
[2024-03-11T07:50:03.717+0000][6][safepoint    ] Safepoint "Cleanup", Time since last: 1003646292 ns, Reaching safepoint: 356458 ns, At safepoint: 9333 ns, Total: 365791 ns
[2024-03-11T07:50:04.723+0000][6][safepoint    ] Safepoint "Cleanup", Time since last: 1005657001 ns, Reaching safepoint: 155541 ns, At safepoint: 2959 ns, Total: 158500 ns
[2024-03-11T07:50:05.725+0000][6][safepoint    ] Safepoint "Cleanup", Time since last: 1002051209 ns, Reaching safepoint: 223666 ns, At safepoint: 4875 ns, Total: 228541 ns
[2024-03-11T07:50:06.731+0000][6][safepoint    ] Safepoint "Cleanup", Time since last: 1005429584 ns, Reaching safepoint: 297292 ns, At safepoint: 5291 ns, Total: 302583 ns
[2024-03-11T07:50:07.736+0000][6][safepoint    ] Safepoint "Cleanup", Time since last: 1004911418 ns, Reaching safepoint: 211666 ns, At safepoint: 5167 ns, Total: 216833 ns
[2024-03-11T07:50:08.737+0000][6][safepoint    ] Safepoint "Cleanup", Time since last: 1001161125 ns, Reaching safepoint: 169875 ns, At safepoint: 3209 ns, Total: 173084 ns
[2024-03-11T07:50:09.743+0000][6][safepoint    ] Safepoint "Cleanup", Time since last: 1005624459 ns, Reaching safepoint: 223625 ns, At safepoint: 4458 ns, Total: 228083 ns
[2024-03-11T07:50:10.750+0000][6][safepoint    ] Safepoint "Cleanup", Time since last: 1006579417 ns, Reaching safepoint: 325875 ns, At safepoint: 6292 ns, Total: 332167 ns
[2024-03-11T07:50:11.757+0000][6][safepoint    ] Safepoint "Cleanup", Time since last: 1006661708 ns, Reaching safepoint: 376792 ns, At safepoint: 17875 ns, Total: 394667 ns
[2024-03-11T07:50:12.763+0000][6][safepoint    ] Safepoint "Cleanup", Time since last: 1005952792 ns, Reaching safepoint: 397375 ns, At safepoint: 7709 ns, Total: 405084 ns
[2024-03-11T07:50:13.766+0000][6][safepoint    ] Safepoint "Cleanup", Time since last: 1002205000 ns, Reaching safepoint: 402333 ns, At safepoint: 5417 ns, Total: 407750 ns
[2024-03-11T07:50:14.771+0000][6][safepoint    ] Safepoint "Cleanup", Time since last: 1004754876 ns, Reaching safepoint: 196791 ns, At safepoint: 5209 ns, Total: 202000 ns
[2024-03-11T07:50:15.775+0000][6][safepoint    ] Safepoint "Cleanup", Time since last: 1003705708 ns, Reaching safepoint: 316125 ns, At safepoint: 9167 ns, Total: 325292 ns
[2024-03-11T07:50:16.778+0000][6][safepoint    ] Safepoint "Cleanup", Time since last: 1003037876 ns, Reaching safepoint: 320291 ns, At safepoint: 7959 ns, Total: 328250 ns
[2024-03-11T07:50:17.780+0000][6][safepoint    ] Safepoint "Cleanup", Time since last: 1001517792 ns, Reaching safepoint: 290791 ns, At safepoint: 5292 ns, Total: 296083 ns
[2024-03-11T07:50:18.788+0000][6][safepoint    ] Safepoint "Cleanup", Time since last: 1006494042 ns, Reaching safepoint: 1297625 ns, At safepoint: 16334 ns, Total: 1313959 ns
[2024-03-11T07:50:19.795+0000][6][safepoint    ] Safepoint "Cleanup", Time since last: 1006622333 ns, Reaching safepoint: 285959 ns, At safepoint: 5208 ns, Total: 291167 ns
[2024-03-11T07:50:20.802+0000][6][safepoint    ] Safepoint "Cleanup", Time since last: 1006735209 ns, Reaching safepoint: 307791 ns, At safepoint: 6084 ns, Total: 313875 ns
[2024-03-11T07:50:21.809+0000][6][safepoint    ] Safepoint "Cleanup", Time since last: 1006637792 ns, Reaching safepoint: 321542 ns, At safepoint: 7250 ns, Total: 328792 ns
[2024-03-11T07:50:22.817+0000][6][safepoint    ] Safepoint "Cleanup", Time since last: 1006537208 ns, Reaching safepoint: 1483250 ns, At safepoint: 13500 ns, Total: 1496750 ns
[2024-03-11T07:50:23.822+0000][6][safepoint    ] Safepoint "Cleanup", Time since last: 1004790709 ns, Reaching safepoint: 351792 ns, At safepoint: 10917 ns, Total: 362709 ns
[2024-03-11T07:50:24.832+0000][6][safepoint    ] Safepoint "Cleanup", Time since last: 1004421750 ns, Reaching safepoint: 5350458 ns, At safepoint: 31834 ns, Total: 5382292 ns
[2024-03-11T07:50:25.833+0000][6][safepoint    ] Safepoint "Cleanup", Time since last: 1000643709 ns, Reaching safepoint: 686750 ns, At safepoint: 6375 ns, Total: 693125 ns
[2024-03-11T07:50:26.840+0000][6][safepoint    ] Safepoint "Cleanup", Time since last: 1006048042 ns, Reaching safepoint: 556750 ns, At safepoint: 8708 ns, Total: 565458 ns
[2024-03-11T07:50:27.844+0000][6][safepoint    ] Safepoint "Cleanup", Time since last: 1003769084 ns, Reaching safepoint: 281833 ns, At safepoint: 16375 ns, Total: 298208 ns
[2024-03-11T07:50:28.851+0000][6][safepoint    ] Safepoint "Cleanup", Time since last: 1006664917 ns, Reaching safepoint: 187667 ns, At safepoint: 20917 ns, Total: 208584 ns
[2024-03-11T07:50:29.858+0000][6][safepoint    ] Safepoint "Cleanup", Time since last: 1005839125 ns, Reaching safepoint: 1326417 ns, At safepoint: 16833 ns, Total: 1343250 ns
[2024-03-11T07:50:30.860+0000][6][safepoint    ] Safepoint "Cleanup", Time since last: 1002258458 ns, Reaching safepoint: 516875 ns, At safepoint: 8459 ns, Total: 525334 ns
[2024-03-11T07:50:31.867+0000][6][safepoint    ] Safepoint "Cleanup", Time since last: 1006881750 ns, Reaching safepoint: 301167 ns, At safepoint: 13166 ns, Total: 314333 ns
[2024-03-11T07:50:32.870+0000][6][safepoint    ] Safepoint "Cleanup", Time since last: 1002605126 ns, Reaching safepoint: 403000 ns, At safepoint: 7792 ns, Total: 410792 ns
[2024-03-11T07:50:33.876+0000][6][safepoint    ] Safepoint "Cleanup", Time since last: 1005696667 ns, Reaching safepoint: 488166 ns, At safepoint: 19459 ns, Total: 507625 ns
[2024-03-11T07:50:34.878+0000][6][safepoint    ] Safepoint "Cleanup", Time since last: 1001856375 ns, Reaching safepoint: 400834 ns, At safepoint: 9166 ns, Total: 410000 ns
[2024-03-11T07:50:36.340+0000][6][safepoint    ] Safepoint "Cleanup", Time since last: 1461387668 ns, Reaching safepoint: 247625 ns, At safepoint: 5083 ns, Total: 252708 ns
[2024-03-11T07:50:37.344+0000][6][safepoint    ] Safepoint "Cleanup", Time since last: 1003483542 ns, Reaching safepoint: 236042 ns, At safepoint: 5250 ns, Total: 241292 ns
[2024-03-11T07:50:38.346+0000][6][safepoint    ] Safepoint "Cleanup", Time since last: 1001661875 ns, Reaching safepoint: 205084 ns, At safepoint: 4791 ns, Total: 209875 ns
[2024-03-11T07:50:39.350+0000][6][safepoint    ] Safepoint "Cleanup", Time since last: 1003796417 ns, Reaching safepoint: 293334 ns, At safepoint: 3958 ns, Total: 297292 ns
[2024-03-11T07:50:40.351+0000][6][safepoint    ] Safepoint "Cleanup", Time since last: 1001226417 ns, Reaching safepoint: 200958 ns, At safepoint: 4667 ns, Total: 205625 ns
[2024-03-11T07:50:41.358+0000][6][safepoint    ] Safepoint "Cleanup", Time since last: 1006347084 ns, Reaching safepoint: 204125 ns, At safepoint: 18125 ns, Total: 222250 ns
[2024-03-11T07:50:42.363+0000][6][safepoint    ] Safepoint "Cleanup", Time since last: 1005009625 ns, Reaching safepoint: 215542 ns, At safepoint: 5292 ns, Total: 220834 ns
[2024-03-11T07:50:43.366+0000][6][safepoint    ] Safepoint "Cleanup", Time since last: 1002613750 ns, Reaching safepoint: 214875 ns, At safepoint: 4292 ns, Total: 219167 ns
[2024-03-11T07:50:44.372+0000][6][safepoint    ] Safepoint "Cleanup", Time since last: 1005725584 ns, Reaching safepoint: 276125 ns, At safepoint: 5916 ns, Total: 282041 ns
[2024-03-11T07:50:45.379+0000][6][safepoint    ] Safepoint "Cleanup", Time since last: 1006710293 ns, Reaching safepoint: 390583 ns, At safepoint: 7375 ns, Total: 397958 ns
[2024-03-11T07:50:46.386+0000][6][safepoint    ] Safepoint "Cleanup", Time since last: 1006479709 ns, Reaching safepoint: 209583 ns, At safepoint: 8542 ns, Total: 218125 ns
[2024-03-11T07:50:47.392+0000][6][safepoint    ] Safepoint "Cleanup", Time since last: 1005989959 ns, Reaching safepoint: 169625 ns, At safepoint: 3250 ns, Total: 172875 ns
[2024-03-11T07:50:48.398+0000][6][safepoint    ] Safepoint "Cleanup", Time since last: 1005820625 ns, Reaching safepoint: 296375 ns, At safepoint: 8500 ns, Total: 304875 ns
[2024-03-11T07:50:49.402+0000][6][safepoint    ] Safepoint "Cleanup", Time since last: 1004337042 ns, Reaching safepoint: 176250 ns, At safepoint: 4208 ns, Total: 180458 ns
[2024-03-11T07:50:50.406+0000][6][safepoint    ] Safepoint "Cleanup", Time since last: 1003591251 ns, Reaching safepoint: 165917 ns, At safepoint: 4458 ns, Total: 170375 ns
[2024-03-11T07:50:51.409+0000][6][safepoint    ] Safepoint "Cleanup", Time since last: 1002240292 ns, Reaching safepoint: 349042 ns, At safepoint: 9208 ns, Total: 358250 ns
[2024-03-11T07:50:52.411+0000][6][safepoint    ] Safepoint "Cleanup", Time since last: 1002150959 ns, Reaching safepoint: 246208 ns, At safepoint: 5459 ns, Total: 251667 ns
[2024-03-11T07:50:53.415+0000][6][safepoint    ] Safepoint "Cleanup", Time since last: 1002923458 ns, Reaching safepoint: 546959 ns, At safepoint: 6291 ns, Total: 553250 ns
[2024-03-11T07:50:54.421+0000][6][safepoint    ] Safepoint "Cleanup", Time since last: 1006029543 ns, Reaching safepoint: 271166 ns, At safepoint: 6375 ns, Total: 277541 ns
[2024-03-11T07:50:55.425+0000][6][safepoint    ] Safepoint "Cleanup", Time since last: 1003340417 ns, Reaching safepoint: 343500 ns, At safepoint: 7625 ns, Total: 351125 ns
[2024-03-11T07:50:56.427+0000][6][safepoint    ] Safepoint "Cleanup", Time since last: 1001726334 ns, Reaching safepoint: 236750 ns, At safepoint: 4500 ns, Total: 241250 ns
[2024-03-11T07:50:57.429+0000][6][safepoint    ] Safepoint "Cleanup", Time since last: 1002312834 ns, Reaching safepoint: 163750 ns, At safepoint: 3208 ns, Total: 166958 ns
[2024-03-11T07:50:58.435+0000][6][safepoint    ] Safepoint "Cleanup", Time since last: 1005417167 ns, Reaching safepoint: 142709 ns, At safepoint: 5916 ns, Total: 148625 ns
[2024-03-11T07:50:59.440+0000][6][safepoint    ] Safepoint "Cleanup", Time since last: 1005477168 ns, Reaching safepoint: 140250 ns, At safepoint: 3083 ns, Total: 143333 ns
[2024-03-11T07:51:00.442+0000][6][safepoint    ] Safepoint "Cleanup", Time since last: 1002066708 ns, Reaching safepoint: 249709 ns, At safepoint: 3916 ns, Total: 253625 ns
[2024-03-11T07:51:01.445+0000][6][safepoint    ] Safepoint "Cleanup", Time since last: 1001674918 ns, Reaching safepoint: 778916 ns, At safepoint: 10792 ns, Total: 789708 ns
[2024-03-11T07:51:02.466+0000][6][safepoint    ] Safepoint "Cleanup", Time since last: 1007225875 ns, Reaching safepoint: 14395334 ns, At safepoint: 12041 ns, Total: 14407375 ns
[2024-03-11T07:51:03.468+0000][6][safepoint    ] Safepoint "Cleanup", Time since last: 1001354043 ns, Reaching safepoint: 183958 ns, At safepoint: 4583 ns, Total: 188541 ns
[2024-03-11T07:51:04.471+0000][6][safepoint    ] Safepoint "Cleanup", Time since last: 1002404334 ns, Reaching safepoint: 288667 ns, At safepoint: 5250 ns, Total: 293917 ns
[2024-03-11T07:51:05.477+0000][6][safepoint    ] Safepoint "Cleanup", Time since last: 1005811250 ns, Reaching safepoint: 159042 ns, At safepoint: 5875 ns, Total: 164917 ns
[2024-03-11T07:51:06.478+0000][6][safepoint    ] Safepoint "Cleanup", Time since last: 1001086667 ns, Reaching safepoint: 281667 ns, At safepoint: 6208 ns, Total: 287875 ns
[2024-03-11T07:51:07.482+0000][6][safepoint    ] Safepoint "Cleanup", Time since last: 1003432625 ns, Reaching safepoint: 156834 ns, At safepoint: 3500 ns, Total: 160334 ns
[2024-03-11T07:51:08.487+0000][6][safepoint    ] Safepoint "Cleanup", Time since last: 1005082709 ns, Reaching safepoint: 172166 ns, At safepoint: 4500 ns, Total: 176666 ns
[2024-03-11T07:51:09.489+0000][6][safepoint    ] Safepoint "Cleanup", Time since last: 1001736459 ns, Reaching safepoint: 402750 ns, At safepoint: 4708 ns, Total: 407458 ns
[2024-03-11T07:51:10.492+0000][6][safepoint    ] Safepoint "Cleanup", Time since last: 1003283584 ns, Reaching safepoint: 219000 ns, At safepoint: 7500 ns, Total: 226500 ns
[2024-03-11T07:51:11.497+0000][6][safepoint    ] Safepoint "Cleanup", Time since last: 1003878501 ns, Reaching safepoint: 222916 ns, At safepoint: 4500 ns, Total: 227416 ns
[2024-03-11T07:51:12.498+0000][6][safepoint    ] Safepoint "Cleanup", Time since last: 1001673834 ns, Reaching safepoint: 224875 ns, At safepoint: 5292 ns, Total: 230167 ns
[2024-03-11T07:51:13.504+0000][6][safepoint    ] Safepoint "Cleanup", Time since last: 1005419084 ns, Reaching safepoint: 286250 ns, At safepoint: 5583 ns, Total: 291833 ns
[2024-03-11T07:51:14.511+0000][6][safepoint    ] Safepoint "Cleanup", Time since last: 1006096750 ns, Reaching safepoint: 271709 ns, At safepoint: 6708 ns, Total: 278417 ns
[2024-03-11T07:51:15.515+0000][6][safepoint    ] Safepoint "Cleanup", Time since last: 1003739626 ns, Reaching safepoint: 214791 ns, At safepoint: 3250 ns, Total: 218041 ns
[2024-03-11T07:51:16.520+0000][6][safepoint    ] Safepoint "Cleanup", Time since last: 1004978709 ns, Reaching safepoint: 167750 ns, At safepoint: 2875 ns, Total: 170625 ns
[2024-03-11T07:51:17.521+0000][6][safepoint    ] Safepoint "Cleanup", Time since last: 1001256501 ns, Reaching safepoint: 225666 ns, At safepoint: 4625 ns, Total: 230291 ns
[2024-03-11T07:51:18.524+0000][6][safepoint    ] Safepoint "Cleanup", Time since last: 1001978001 ns, Reaching safepoint: 678916 ns, At safepoint: 5834 ns, Total: 684750 ns
[2024-03-11T07:51:19.531+0000][6][safepoint    ] Safepoint "Cleanup", Time since last: 1006826584 ns, Reaching safepoint: 244333 ns, At safepoint: 4708 ns, Total: 249041 ns
[2024-03-11T07:51:20.536+0000][6][safepoint    ] Safepoint "Cleanup", Time since last: 1005199084 ns, Reaching safepoint: 164708 ns, At safepoint: 4459 ns, Total: 169167 ns
[2024-03-11T07:51:21.538+0000][6][safepoint    ] Safepoint "Cleanup", Time since last: 1001487208 ns, Reaching safepoint: 193542 ns, At safepoint: 6917 ns, Total: 200459 ns
[2024-03-11T07:51:22.540+0000][6][safepoint    ] Safepoint "Cleanup", Time since last: 1001704125 ns, Reaching safepoint: 255417 ns, At safepoint: 6917 ns, Total: 262334 ns
[2024-03-11T07:51:23.542+0000][6][safepoint    ] Safepoint "Cleanup", Time since last: 1001446542 ns, Reaching safepoint: 329083 ns, At safepoint: 8792 ns, Total: 337875 ns
[2024-03-11T07:51:24.545+0000][6][safepoint    ] Safepoint "Cleanup", Time since last: 1002936042 ns, Reaching safepoint: 299000 ns, At safepoint: 6875 ns, Total: 305875 ns
[2024-03-11T07:51:25.547+0000][6][safepoint    ] Safepoint "Cleanup", Time since last: 1001429875 ns, Reaching safepoint: 238625 ns, At safepoint: 4709 ns, Total: 243334 ns
[2024-03-11T07:51:26.549+0000][6][safepoint    ] Safepoint "Cleanup", Time since last: 1002184167 ns, Reaching safepoint: 178375 ns, At safepoint: 4625 ns, Total: 183000 ns
[2024-03-11T07:51:27.551+0000][6][safepoint    ] Safepoint "Cleanup", Time since last: 1001486667 ns, Reaching safepoint: 126583 ns, At safepoint: 2667 ns, Total: 129250 ns
[2024-03-11T07:51:28.555+0000][6][safepoint    ] Safepoint "Cleanup", Time since last: 1003584750 ns, Reaching safepoint: 402667 ns, At safepoint: 6042 ns, Total: 408709 ns
[2024-03-11T07:51:29.560+0000][6][safepoint    ] Safepoint "Cleanup", Time since last: 1005181125 ns, Reaching safepoint: 346459 ns, At safepoint: 8791 ns, Total: 355250 ns
[2024-03-11T07:51:30.564+0000][6][safepoint    ] Safepoint "Cleanup", Time since last: 1003426084 ns, Reaching safepoint: 236875 ns, At safepoint: 4500 ns, Total: 241375 ns
[2024-03-11T07:51:31.566+0000][6][safepoint    ] Safepoint "Cleanup", Time since last: 1001426459 ns, Reaching safepoint: 225708 ns, At safepoint: 4667 ns, Total: 230375 ns
[2024-03-11T07:51:32.569+0000][6][safepoint    ] Safepoint "Cleanup", Time since last: 1003677583 ns, Reaching safepoint: 192250 ns, At safepoint: 4792 ns, Total: 197042 ns
[2024-03-11T07:51:33.572+0000][6][safepoint    ] Safepoint "Cleanup", Time since last: 1002267209 ns, Reaching safepoint: 176583 ns, At safepoint: 10167 ns, Total: 186750 ns
[2024-03-11T07:51:34.574+0000][6][safepoint    ] Safepoint "Cleanup", Time since last: 1001745209 ns, Reaching safepoint: 177333 ns, At safepoint: 3333 ns, Total: 180666 ns
[2024-03-11T07:51:35.576+0000][6][safepoint    ] Safepoint "Cleanup", Time since last: 1001657876 ns, Reaching safepoint: 169500 ns, At safepoint: 3292 ns, Total: 172792 ns
[2024-03-11T07:51:36.578+0000][6][safepoint    ] Safepoint "Cleanup", Time since last: 1002093500 ns, Reaching safepoint: 110708 ns, At safepoint: 2792 ns, Total: 113500 ns
[2024-03-11T07:51:37.580+0000][6][safepoint    ] Safepoint "Cleanup", Time since last: 1001832250 ns, Reaching safepoint: 236042 ns, At safepoint: 5250 ns, Total: 241292 ns
[2024-03-11T07:51:38.582+0000][6][safepoint    ] Safepoint "Cleanup", Time since last: 1001373167 ns, Reaching safepoint: 217792 ns, At safepoint: 4500 ns, Total: 222292 ns
[2024-03-11T07:51:39.583+0000][6][safepoint    ] Safepoint "Cleanup", Time since last: 1001220750 ns, Reaching safepoint: 244875 ns, At safepoint: 5625 ns, Total: 250500 ns
[2024-03-11T07:51:40.587+0000][6][safepoint    ] Safepoint "Cleanup", Time since last: 1003844418 ns, Reaching safepoint: 226708 ns, At safepoint: 6250 ns, Total: 232958 ns
[2024-03-11T07:51:41.588+0000][6][safepoint    ] Safepoint "Cleanup", Time since last: 1000996792 ns, Reaching safepoint: 291958 ns, At safepoint: 4750 ns, Total: 296708 ns
[2024-03-11T07:51:42.590+0000][6][safepoint    ] Safepoint "Cleanup", Time since last: 1001468126 ns, Reaching safepoint: 300208 ns, At safepoint: 4875 ns, Total: 305083 ns
[2024-03-11T07:51:43.592+0000][6][safepoint    ] Safepoint "Cleanup", Time since last: 1001204084 ns, Reaching safepoint: 472250 ns, At safepoint: 9125 ns, Total: 481375 ns
[2024-03-11T07:51:44.594+0000][6][safepoint    ] Safepoint "Cleanup", Time since last: 1002162375 ns, Reaching safepoint: 313292 ns, At safepoint: 7542 ns, Total: 320834 ns
[2024-03-11T07:51:45.596+0000][6][safepoint    ] Safepoint "Cleanup", Time since last: 1001641500 ns, Reaching safepoint: 208625 ns, At safepoint: 3250 ns, Total: 211875 ns
[2024-03-11T07:51:46.599+0000][6][safepoint    ] Safepoint "Cleanup", Time since last: 1002614126 ns, Reaching safepoint: 349958 ns, At safepoint: 5292 ns, Total: 355250 ns
[2024-03-11T07:51:47.603+0000][6][safepoint    ] Safepoint "Cleanup", Time since last: 1003756125 ns, Reaching safepoint: 274542 ns, At safepoint: 4667 ns, Total: 279209 ns
[2024-03-11T07:51:48.606+0000][6][safepoint    ] Safepoint "Cleanup", Time since last: 1002045042 ns, Reaching safepoint: 290625 ns, At safepoint: 4875 ns, Total: 295500 ns
[2024-03-11T07:51:49.610+0000][6][safepoint    ] Safepoint "Cleanup", Time since last: 1004011792 ns, Reaching safepoint: 161125 ns, At safepoint: 4417 ns, Total: 165542 ns
[2024-03-11T07:51:50.614+0000][6][safepoint    ] Safepoint "Cleanup", Time since last: 1003463542 ns, Reaching safepoint: 639875 ns, At safepoint: 8166 ns, Total: 648041 ns
[2024-03-11T07:51:51.620+0000][6][safepoint    ] Safepoint "Cleanup", Time since last: 1005627209 ns, Reaching safepoint: 246417 ns, At safepoint: 4083 ns, Total: 250500 ns
[2024-03-11T07:51:52.622+0000][6][safepoint    ] Safepoint "Cleanup", Time since last: 1001493667 ns, Reaching safepoint: 407417 ns, At safepoint: 10083 ns, Total: 417500 ns
[2024-03-11T07:51:53.624+0000][6][safepoint    ] Safepoint "Cleanup", Time since last: 1001825084 ns, Reaching safepoint: 152792 ns, At safepoint: 11833 ns, Total: 164625 ns
[2024-03-11T07:51:54.625+0000][6][safepoint    ] Safepoint "Cleanup", Time since last: 1001112917 ns, Reaching safepoint: 169792 ns, At safepoint: 4875 ns, Total: 174667 ns
[2024-03-11T07:51:55.627+0000][6][safepoint    ] Safepoint "Cleanup", Time since last: 1001800250 ns, Reaching safepoint: 143125 ns, At safepoint: 3792 ns, Total: 146917 ns
[2024-03-11T07:51:56.631+0000][6][safepoint    ] Safepoint "Cleanup", Time since last: 1002577626 ns, Reaching safepoint: 1226416 ns, At safepoint: 11250 ns, Total: 1237666 ns
[2024-03-11T07:51:57.635+0000][6][safepoint    ] Safepoint "Cleanup", Time since last: 1002541834 ns, Reaching safepoint: 1674917 ns, At safepoint: 19458 ns, Total: 1694375 ns
[2024-03-11T07:51:58.638+0000][6][safepoint    ] Safepoint "Cleanup", Time since last: 1002196251 ns, Reaching safepoint: 586458 ns, At safepoint: 18458 ns, Total: 604916 ns
[2024-03-11T07:51:59.641+0000][6][safepoint    ] Safepoint "Cleanup", Time since last: 1002792209 ns, Reaching safepoint: 167042 ns, At safepoint: 5583 ns, Total: 172625 ns
[2024-03-11T07:52:00.646+0000][6][safepoint    ] Safepoint "Cleanup", Time since last: 1005494042 ns, Reaching safepoint: 264500 ns, At safepoint: 5083 ns, Total: 269583 ns
[2024-03-11T07:52:00.933+0000][6][gc,start     ] GC(17) Pause Young (Normal) (G1 Evacuation Pause)
[2024-03-11T07:52:00.933+0000][6][gc,task      ] GC(17) Using 8 workers of 8 for evacuation
[2024-03-11T07:52:00.934+0000][6][gc,age       ] GC(17) Desired survivor size 19922944 bytes, new threshold 15 (max threshold 15)
[2024-03-11T07:52:01.005+0000][6][gc,age       ] GC(17) Age table with threshold 15 (max threshold 15)
[2024-03-11T07:52:01.005+0000][6][gc,age       ] GC(17) - age   1:    2131544 bytes,    2131544 total
[2024-03-11T07:52:01.005+0000][6][gc,age       ] GC(17) - age   2:    5167640 bytes,    7299184 total
[2024-03-11T07:52:01.006+0000][6][gc,age       ] GC(17) - age   3:    9605800 bytes,   16904984 total
[2024-03-11T07:52:01.006+0000][6][gc,age       ] GC(17) - age   4:    4215656 bytes,   21120640 total
[2024-03-11T07:52:01.006+0000][6][gc,phases    ] GC(17)   Pre Evacuate Collection Set: 1.1ms
[2024-03-11T07:52:01.006+0000][6][gc,phases    ] GC(17)   Merge Heap Roots: 1.2ms
[2024-03-11T07:52:01.006+0000][6][gc,phases    ] GC(17)   Evacuate Collection Set: 60.9ms
[2024-03-11T07:52:01.006+0000][6][gc,phases    ] GC(17)   Post Evacuate Collection Set: 7.4ms
[2024-03-11T07:52:01.007+0000][6][gc,phases    ] GC(17)   Other: 2.5ms
[2024-03-11T07:52:01.007+0000][6][gc,heap      ] GC(17) Eden regions: 280->0(271)
[2024-03-11T07:52:01.007+0000][6][gc,heap      ] GC(17) Survivor regions: 20->22(38)
[2024-03-11T07:52:01.007+0000][6][gc,heap      ] GC(17) Old regions: 48->48
[2024-03-11T07:52:01.007+0000][6][gc,heap      ] GC(17) Archive regions: 0->0
[2024-03-11T07:52:01.007+0000][6][gc,heap      ] GC(17) Humongous regions: 15->15
[2024-03-11T07:52:01.007+0000][6][gc,metaspace ] GC(17) Metaspace: 97707K(105096K)->97707K(105096K) NonClass: 84740K(89116K)->84740K(89116K) Class: 12967K(15980K)->12967K(15980K)
[2024-03-11T07:52:01.008+0000][6][gc           ] GC(17) Pause Young (Normal) (G1 Evacuation Pause) 362M->84M(512M) 74.704ms
[2024-03-11T07:52:01.008+0000][6][gc,cpu       ] GC(17) User=0.43s Sys=0.02s Real=0.07s
[2024-03-11T07:52:01.008+0000][6][safepoint    ] Safepoint "G1CollectForAllocation", Time since last: 286463667 ns, Reaching safepoint: 196916 ns, At safepoint: 75444334 ns, Total: 75641250 ns
[2024-03-11T07:52:02.014+0000][6][safepoint    ] Safepoint "Cleanup", Time since last: 1005826708 ns, Reaching safepoint: 305584 ns, At safepoint: 21041 ns, Total: 326625 ns
[2024-03-11T07:52:03.021+0000][6][safepoint    ] Safepoint "Cleanup", Time since last: 1006462501 ns, Reaching safepoint: 307667 ns, At safepoint: 11333 ns, Total: 319000 ns
[2024-03-11T07:52:04.026+0000][6][safepoint    ] Safepoint "Cleanup", Time since last: 1004932000 ns, Reaching safepoint: 233709 ns, At safepoint: 5625 ns, Total: 239334 ns
[2024-03-11T07:52:05.031+0000][6][safepoint    ] Safepoint "Cleanup", Time since last: 1003950125 ns, Reaching safepoint: 385084 ns, At safepoint: 5041 ns, Total: 390125 ns
[2024-03-11T07:52:06.033+0000][6][safepoint    ] Safepoint "Cleanup", Time since last: 1001839001 ns, Reaching safepoint: 549083 ns, At safepoint: 8625 ns, Total: 557708 ns
[2024-03-11T07:52:07.035+0000][6][safepoint    ] Safepoint "Cleanup", Time since last: 1001497501 ns, Reaching safepoint: 256750 ns, At safepoint: 5375 ns, Total: 262125 ns
[2024-03-11T07:52:08.040+0000][6][safepoint    ] Safepoint "Cleanup", Time since last: 1005272000 ns, Reaching safepoint: 336583 ns, At safepoint: 5542 ns, Total: 342125 ns
[2024-03-11T07:52:09.046+0000][6][safepoint    ] Safepoint "Cleanup", Time since last: 1005315459 ns, Reaching safepoint: 614375 ns, At safepoint: 9375 ns, Total: 623750 ns
[2024-03-11T07:52:10.053+0000][6][safepoint    ] Safepoint "Cleanup", Time since last: 1006172334 ns, Reaching safepoint: 663041 ns, At safepoint: 11459 ns, Total: 674500 ns
[2024-03-11T07:52:11.058+0000][6][safepoint    ] Safepoint "Cleanup", Time since last: 1004228500 ns, Reaching safepoint: 271250 ns, At safepoint: 5792 ns, Total: 277042 ns
[2024-03-11T07:52:12.060+0000][6][safepoint    ] Safepoint "Cleanup", Time since last: 1002522292 ns, Reaching safepoint: 232125 ns, At safepoint: 5250 ns, Total: 237375 ns
[2024-03-11T07:52:13.063+0000][6][safepoint    ] Safepoint "Cleanup", Time since last: 1001685584 ns, Reaching safepoint: 467833 ns, At safepoint: 28375 ns, Total: 496208 ns
[2024-03-11T07:52:14.067+0000][6][safepoint    ] Safepoint "Cleanup", Time since last: 1004398667 ns, Reaching safepoint: 281709 ns, At safepoint: 8208 ns, Total: 289917 ns
[2024-03-11T07:52:15.071+0000][6][safepoint    ] Safepoint "Cleanup", Time since last: 1003562292 ns, Reaching safepoint: 500583 ns, At safepoint: 9125 ns, Total: 509708 ns
[2024-03-11T07:52:16.076+0000][6][safepoint    ] Safepoint "Cleanup", Time since last: 1004814876 ns, Reaching safepoint: 325292 ns, At safepoint: 6666 ns, Total: 331958 ns
[2024-03-11T07:52:17.080+0000][6][safepoint    ] Safepoint "Cleanup", Time since last: 1002819292 ns, Reaching safepoint: 395167 ns, At safepoint: 6708 ns, Total: 401875 ns
[2024-03-11T07:52:18.086+0000][6][safepoint    ] Safepoint "Cleanup", Time since last: 1006338251 ns, Reaching safepoint: 241083 ns, At safepoint: 5625 ns, Total: 246708 ns
[2024-03-11T07:52:19.091+0000][6][safepoint    ] Safepoint "Cleanup", Time since last: 1004813292 ns, Reaching safepoint: 257375 ns, At safepoint: 4459 ns, Total: 261834 ns
[2024-03-11T07:52:20.097+0000][6][safepoint    ] Safepoint "Cleanup", Time since last: 1005588292 ns, Reaching safepoint: 192416 ns, At safepoint: 2959 ns, Total: 195375 ns
[2024-03-11T07:52:21.099+0000][6][safepoint    ] Safepoint "Cleanup", Time since last: 1001548417 ns, Reaching safepoint: 249500 ns, At safepoint: 4625 ns, Total: 254125 ns
[2024-03-11T07:52:22.102+0000][6][safepoint    ] Safepoint "Cleanup", Time since last: 1002974584 ns, Reaching safepoint: 240041 ns, At safepoint: 4625 ns, Total: 244666 ns
[2024-03-11T07:52:23.104+0000][6][safepoint    ] Safepoint "Cleanup", Time since last: 1001923126 ns, Reaching safepoint: 149875 ns, At safepoint: 3042 ns, Total: 152917 ns
[2024-03-11T07:52:24.107+0000][6][safepoint    ] Safepoint "Cleanup", Time since last: 1002693333 ns, Reaching safepoint: 370834 ns, At safepoint: 5000 ns, Total: 375834 ns
[2024-03-11T07:52:25.114+0000][6][safepoint    ] Safepoint "Cleanup", Time since last: 1006671959 ns, Reaching safepoint: 232625 ns, At safepoint: 5166 ns, Total: 237791 ns
[2024-03-11T07:52:26.116+0000][6][safepoint    ] Safepoint "Cleanup", Time since last: 1001169334 ns, Reaching safepoint: 256250 ns, At safepoint: 3042 ns, Total: 259292 ns
[2024-03-11T07:52:27.121+0000][6][safepoint    ] Safepoint "Cleanup", Time since last: 1004755417 ns, Reaching safepoint: 191541 ns, At safepoint: 3334 ns, Total: 194875 ns
[2024-03-11T07:52:28.129+0000][6][safepoint    ] Safepoint "Cleanup", Time since last: 1007332750 ns, Reaching safepoint: 661375 ns, At safepoint: 8417 ns, Total: 669792 ns
[2024-03-11T07:52:29.133+0000][6][safepoint    ] Safepoint "Cleanup", Time since last: 1003893042 ns, Reaching safepoint: 259792 ns, At safepoint: 5416 ns, Total: 265208 ns
[2024-03-11T07:52:30.138+0000][6][safepoint    ] Safepoint "Cleanup", Time since last: 1004309042 ns, Reaching safepoint: 129625 ns, At safepoint: 2750 ns, Total: 132375 ns
[2024-03-11T07:52:31.141+0000][6][safepoint    ] Safepoint "Cleanup", Time since last: 1003140209 ns, Reaching safepoint: 161375 ns, At safepoint: 16125 ns, Total: 177500 ns
[2024-03-11T07:52:32.147+0000][6][safepoint    ] Safepoint "Cleanup", Time since last: 1004403126 ns, Reaching safepoint: 2043625 ns, At safepoint: 11916 ns, Total: 2055541 ns
[2024-03-11T07:52:33.153+0000][6][safepoint    ] Safepoint "Cleanup", Time since last: 1005607626 ns, Reaching safepoint: 207291 ns, At safepoint: 4834 ns, Total: 212125 ns
[2024-03-11T07:52:34.158+0000][6][safepoint    ] Safepoint "Cleanup", Time since last: 1004297375 ns, Reaching safepoint: 719959 ns, At safepoint: 13333 ns, Total: 733292 ns
[2024-03-11T07:52:35.162+0000][6][safepoint    ] Safepoint "Cleanup", Time since last: 1003644584 ns, Reaching safepoint: 341791 ns, At safepoint: 5209 ns, Total: 347000 ns
[2024-03-11T07:52:36.166+0000][6][safepoint    ] Safepoint "Cleanup", Time since last: 1003891875 ns, Reaching safepoint: 295042 ns, At safepoint: 5333 ns, Total: 300375 ns
[2024-03-11T07:52:37.172+0000][6][safepoint    ] Safepoint "Cleanup", Time since last: 1005530209 ns, Reaching safepoint: 379708 ns, At safepoint: 5417 ns, Total: 385125 ns
[2024-03-11T07:52:38.174+0000][6][safepoint    ] Safepoint "Cleanup", Time since last: 1001577209 ns, Reaching safepoint: 139291 ns, At safepoint: 4167 ns, Total: 143458 ns
[2024-03-11T07:52:39.178+0000][6][safepoint    ] Safepoint "Cleanup", Time since last: 1003455709 ns, Reaching safepoint: 266625 ns, At safepoint: 4458 ns, Total: 271083 ns
[2024-03-11T07:52:40.182+0000][6][safepoint    ] Safepoint "Cleanup", Time since last: 1004423876 ns, Reaching safepoint: 232333 ns, At safepoint: 4625 ns, Total: 236958 ns
[2024-03-11T07:52:41.184+0000][6][safepoint    ] Safepoint "Cleanup", Time since last: 1001537834 ns, Reaching safepoint: 177958 ns, At safepoint: 3375 ns, Total: 181333 ns
[2024-03-11T07:52:42.190+0000][6][safepoint    ] Safepoint "Cleanup", Time since last: 1005454709 ns, Reaching safepoint: 794125 ns, At safepoint: 6792 ns, Total: 800917 ns
[2024-03-11T07:52:43.196+0000][6][safepoint    ] Safepoint "Cleanup", Time since last: 1005393333 ns, Reaching safepoint: 283334 ns, At safepoint: 5791 ns, Total: 289125 ns
[2024-03-11T07:52:44.202+0000][6][safepoint    ] Safepoint "Cleanup", Time since last: 1005889918 ns, Reaching safepoint: 194833 ns, At safepoint: 5125 ns, Total: 199958 ns
[2024-03-11T07:52:45.209+0000][6][safepoint    ] Safepoint "Cleanup", Time since last: 1006156250 ns, Reaching safepoint: 182542 ns, At safepoint: 4500 ns, Total: 187042 ns
[2024-03-11T07:52:46.213+0000][6][safepoint    ] Safepoint "Cleanup", Time since last: 1004196042 ns, Reaching safepoint: 226500 ns, At safepoint: 4625 ns, Total: 231125 ns
[2024-03-11T07:52:47.217+0000][6][safepoint    ] Safepoint "Cleanup", Time since last: 1003802084 ns, Reaching safepoint: 216667 ns, At safepoint: 4916 ns, Total: 221583 ns
[2024-03-11T07:52:48.224+0000][6][safepoint    ] Safepoint "Cleanup", Time since last: 1006372834 ns, Reaching safepoint: 224209 ns, At safepoint: 4291 ns, Total: 228500 ns
[2024-03-11T07:52:49.226+0000][6][safepoint    ] Safepoint "Cleanup", Time since last: 1002075334 ns, Reaching safepoint: 276042 ns, At safepoint: 5750 ns, Total: 281792 ns
[2024-03-11T07:52:50.233+0000][6][safepoint    ] Safepoint "Cleanup", Time since last: 1006434709 ns, Reaching safepoint: 205583 ns, At safepoint: 4625 ns, Total: 210208 ns
[2024-03-11T07:52:51.235+0000][6][safepoint    ] Safepoint "Cleanup", Time since last: 1002199875 ns, Reaching safepoint: 212250 ns, At safepoint: 5584 ns, Total: 217834 ns
[2024-03-11T07:52:52.238+0000][6][safepoint    ] Safepoint "Cleanup", Time since last: 1002339125 ns, Reaching safepoint: 534917 ns, At safepoint: 5916 ns, Total: 540833 ns
[2024-03-11T07:52:53.243+0000][6][safepoint    ] Safepoint "Cleanup", Time since last: 1004858918 ns, Reaching safepoint: 294833 ns, At safepoint: 9292 ns, Total: 304125 ns
[2024-03-11T07:52:54.246+0000][6][safepoint    ] Safepoint "Cleanup", Time since last: 1002425875 ns, Reaching safepoint: 170542 ns, At safepoint: 4708 ns, Total: 175250 ns
[2024-03-11T07:52:55.248+0000][6][safepoint    ] Safepoint "Cleanup", Time since last: 1002300709 ns, Reaching safepoint: 257000 ns, At safepoint: 13125 ns, Total: 270125 ns
[2024-03-11T07:52:56.251+0000][6][safepoint    ] Safepoint "Cleanup", Time since last: 1002546000 ns, Reaching safepoint: 169417 ns, At safepoint: 4667 ns, Total: 174084 ns
[2024-03-11T07:52:57.254+0000][6][safepoint    ] Safepoint "Cleanup", Time since last: 1003148459 ns, Reaching safepoint: 242000 ns, At safepoint: 5208 ns, Total: 247208 ns
[2024-03-11T07:52:58.258+0000][6][safepoint    ] Safepoint "Cleanup", Time since last: 1003484584 ns, Reaching safepoint: 481083 ns, At safepoint: 10333 ns, Total: 491416 ns
[2024-03-11T07:52:59.261+0000][6][safepoint    ] Safepoint "Cleanup", Time since last: 1001997459 ns, Reaching safepoint: 369792 ns, At safepoint: 6875 ns, Total: 376667 ns
[2024-03-11T07:53:00.264+0000][6][safepoint    ] Safepoint "Cleanup", Time since last: 1003433208 ns, Reaching safepoint: 188583 ns, At safepoint: 4042 ns, Total: 192625 ns
[2024-03-11T07:53:01.382+0000][6][safepoint    ] Safepoint "Cleanup", Time since last: 1118058375 ns, Reaching safepoint: 188542 ns, At safepoint: 12417 ns, Total: 200959 ns
[2024-03-11T07:53:02.384+0000][6][safepoint    ] Safepoint "Cleanup", Time since last: 1001069958 ns, Reaching safepoint: 463959 ns, At safepoint: 5791 ns, Total: 469750 ns
[2024-03-11T07:53:03.387+0000][6][safepoint    ] Safepoint "Cleanup", Time since last: 1003116959 ns, Reaching safepoint: 335958 ns, At safepoint: 5209 ns, Total: 341167 ns
[2024-03-11T07:53:04.393+0000][6][safepoint    ] Safepoint "Cleanup", Time since last: 1005804917 ns, Reaching safepoint: 279625 ns, At safepoint: 5250 ns, Total: 284875 ns
[2024-03-11T07:53:05.395+0000][6][safepoint    ] Safepoint "Cleanup", Time since last: 1002056292 ns, Reaching safepoint: 264000 ns, At safepoint: 5917 ns, Total: 269917 ns
[2024-03-11T07:53:06.398+0000][6][safepoint    ] Safepoint "Cleanup", Time since last: 1002563000 ns, Reaching safepoint: 270209 ns, At safepoint: 8750 ns, Total: 278959 ns
[2024-03-11T07:53:07.404+0000][6][safepoint    ] Safepoint "Cleanup", Time since last: 1005329625 ns, Reaching safepoint: 195250 ns, At safepoint: 11250 ns, Total: 206500 ns
[2024-03-11T07:53:08.409+0000][6][safepoint    ] Safepoint "Cleanup", Time since last: 1004952959 ns, Reaching safepoint: 228833 ns, At safepoint: 4625 ns, Total: 233458 ns
[2024-03-11T07:53:10.355+0000][6][safepoint    ] Safepoint "Cleanup", Time since last: 1946080584 ns, Reaching safepoint: 308625 ns, At safepoint: 6375 ns, Total: 315000 ns
[2024-03-11T07:53:11.360+0000][6][safepoint    ] Safepoint "Cleanup", Time since last: 1004509334 ns, Reaching safepoint: 293417 ns, At safepoint: 6667 ns, Total: 300084 ns
[2024-03-11T07:53:12.366+0000][6][safepoint    ] Safepoint "Cleanup", Time since last: 1005467750 ns, Reaching safepoint: 331792 ns, At safepoint: 4833 ns, Total: 336625 ns
[2024-03-11T07:53:13.370+0000][6][safepoint    ] Safepoint "Cleanup", Time since last: 1003653834 ns, Reaching safepoint: 202042 ns, At safepoint: 3208 ns, Total: 205250 ns
[2024-03-11T07:53:14.376+0000][6][safepoint    ] Safepoint "Cleanup", Time since last: 1005344334 ns, Reaching safepoint: 373333 ns, At safepoint: 12583 ns, Total: 385916 ns
[2024-03-11T07:53:15.378+0000][6][safepoint    ] Safepoint "Cleanup", Time since last: 1002304584 ns, Reaching safepoint: 450584 ns, At safepoint: 5708 ns, Total: 456292 ns
[2024-03-11T07:53:16.383+0000][6][safepoint    ] Safepoint "Cleanup", Time since last: 1003963209 ns, Reaching safepoint: 363375 ns, At safepoint: 5750 ns, Total: 369125 ns
[2024-03-11T07:53:17.387+0000][6][safepoint    ] Safepoint "Cleanup", Time since last: 1004369625 ns, Reaching safepoint: 152792 ns, At safepoint: 3000 ns, Total: 155792 ns
[2024-03-11T07:53:18.389+0000][6][safepoint    ] Safepoint "Cleanup", Time since last: 1001823334 ns, Reaching safepoint: 136791 ns, At safepoint: 3000 ns, Total: 139791 ns
[2024-03-11T07:53:19.395+0000][6][safepoint    ] Safepoint "Cleanup", Time since last: 1005721459 ns, Reaching safepoint: 361167 ns, At safepoint: 7833 ns, Total: 369000 ns
[2024-03-11T07:53:20.398+0000][6][safepoint    ] Safepoint "Cleanup", Time since last: 1002914542 ns, Reaching safepoint: 133834 ns, At safepoint: 2875 ns, Total: 136709 ns
[2024-03-11T07:53:21.400+0000][6][safepoint    ] Safepoint "Cleanup", Time since last: 1001378208 ns, Reaching safepoint: 195792 ns, At safepoint: 3375 ns, Total: 199167 ns
[2024-03-11T07:53:22.404+0000][6][safepoint    ] Safepoint "Cleanup", Time since last: 1003748667 ns, Reaching safepoint: 194334 ns, At safepoint: 3625 ns, Total: 197959 ns
[2024-03-11T07:53:23.407+0000][6][safepoint    ] Safepoint "Cleanup", Time since last: 1001146875 ns, Reaching safepoint: 1464375 ns, At safepoint: 1833 ns, Total: 1466208 ns
[2024-03-11T07:53:24.408+0000][6][safepoint    ] Safepoint "Cleanup", Time since last: 1001497209 ns, Reaching safepoint: 222125 ns, At safepoint: 5917 ns, Total: 228042 ns
[2024-03-11T07:53:25.413+0000][6][safepoint    ] Safepoint "Cleanup", Time since last: 1004502292 ns, Reaching safepoint: 306042 ns, At safepoint: 10000 ns, Total: 316042 ns
[2024-03-11T07:53:26.414+0000][6][safepoint    ] Safepoint "Cleanup", Time since last: 1001067375 ns, Reaching safepoint: 277083 ns, At safepoint: 10125 ns, Total: 287208 ns
[2024-03-11T07:53:27.418+0000][6][safepoint    ] Safepoint "Cleanup", Time since last: 1003520334 ns, Reaching safepoint: 266959 ns, At safepoint: 7250 ns, Total: 274209 ns
[2024-03-11T07:53:28.422+0000][6][safepoint    ] Safepoint "Cleanup", Time since last: 1001576042 ns, Reaching safepoint: 1997791 ns, At safepoint: 12792 ns, Total: 2010583 ns
[2024-03-11T07:53:29.428+0000][6][safepoint    ] Safepoint "Cleanup", Time since last: 1006312417 ns, Reaching safepoint: 322709 ns, At safepoint: 6625 ns, Total: 329334 ns
[2024-03-11T07:53:30.435+0000][6][safepoint    ] Safepoint "Cleanup", Time since last: 1006447124 ns, Reaching safepoint: 211958 ns, At safepoint: 8167 ns, Total: 220125 ns
[2024-03-11T07:53:31.437+0000][6][safepoint    ] Safepoint "Cleanup", Time since last: 1001507751 ns, Reaching safepoint: 344083 ns, At safepoint: 6292 ns, Total: 350375 ns
[2024-03-11T07:53:32.442+0000][6][safepoint    ] Safepoint "Cleanup", Time since last: 1005336833 ns, Reaching safepoint: 383375 ns, At safepoint: 6584 ns, Total: 389959 ns
[2024-03-11T07:53:33.449+0000][6][safepoint    ] Safepoint "Cleanup", Time since last: 1006193542 ns, Reaching safepoint: 246333 ns, At safepoint: 5750 ns, Total: 252083 ns
[2024-03-11T07:53:34.451+0000][6][safepoint    ] Safepoint "Cleanup", Time since last: 1002286584 ns, Reaching safepoint: 281708 ns, At safepoint: 6417 ns, Total: 288125 ns
[2024-03-11T07:53:35.453+0000][6][safepoint    ] Safepoint "Cleanup", Time since last: 1001091834 ns, Reaching safepoint: 84625 ns, At safepoint: 1791 ns, Total: 86416 ns
[2024-03-11T07:53:36.454+0000][6][safepoint    ] Safepoint "Cleanup", Time since last: 1001026626 ns, Reaching safepoint: 187750 ns, At safepoint: 5292 ns, Total: 193042 ns
[2024-03-11T07:53:37.455+0000][6][safepoint    ] Safepoint "Cleanup", Time since last: 1000805208 ns, Reaching safepoint: 831459 ns, At safepoint: 12000 ns, Total: 843459 ns
[2024-03-11T07:53:38.457+0000][6][safepoint    ] Safepoint "Cleanup", Time since last: 1001036459 ns, Reaching safepoint: 115958 ns, At safepoint: 2583 ns, Total: 118541 ns
[2024-03-11T07:53:40.264+0000][6][safepoint    ] Safepoint "Cleanup", Time since last: 1807449001 ns, Reaching safepoint: 138167 ns, At safepoint: 2916 ns, Total: 141083 ns
[2024-03-11T07:53:41.267+0000][6][safepoint    ] Safepoint "Cleanup", Time since last: 1002275376 ns, Reaching safepoint: 116583 ns, At safepoint: 2417 ns, Total: 119000 ns
[2024-03-11T07:53:42.268+0000][6][safepoint    ] Safepoint "Cleanup", Time since last: 1000920584 ns, Reaching safepoint: 840875 ns, At safepoint: 3625 ns, Total: 844500 ns
[2024-03-11T07:53:43.271+0000][6][safepoint    ] Safepoint "Cleanup", Time since last: 1001337084 ns, Reaching safepoint: 1269291 ns, At safepoint: 11667 ns, Total: 1280958 ns
[2024-03-11T07:53:44.273+0000][6][safepoint    ] Safepoint "Cleanup", Time since last: 1001653750 ns, Reaching safepoint: 277959 ns, At safepoint: 4375 ns, Total: 282334 ns
[2024-03-11T07:53:45.274+0000][6][safepoint    ] Safepoint "Cleanup", Time since last: 1000651792 ns, Reaching safepoint: 108375 ns, At safepoint: 2333 ns, Total: 110708 ns
[2024-03-11T07:53:46.275+0000][6][safepoint    ] Safepoint "Cleanup", Time since last: 1001481626 ns, Reaching safepoint: 202625 ns, At safepoint: 4333 ns, Total: 206958 ns
[2024-03-11T07:53:47.279+0000][6][safepoint    ] Safepoint "Cleanup", Time since last: 1003727292 ns, Reaching safepoint: 245167 ns, At safepoint: 5250 ns, Total: 250417 ns
[2024-03-11T07:53:48.282+0000][6][safepoint    ] Safepoint "Cleanup", Time since last: 1002269792 ns, Reaching safepoint: 366125 ns, At safepoint: 3458 ns, Total: 369583 ns
[2024-03-11T07:53:49.288+0000][6][safepoint    ] Safepoint "Cleanup", Time since last: 1005502459 ns, Reaching safepoint: 149958 ns, At safepoint: 2875 ns, Total: 152833 ns
[2024-03-11T07:53:50.291+0000][6][safepoint    ] Safepoint "Cleanup", Time since last: 1003677293 ns, Reaching safepoint: 110833 ns, At safepoint: 2667 ns, Total: 113500 ns
[2024-03-11T07:53:51.298+0000][6][safepoint    ] Safepoint "Cleanup", Time since last: 1006051833 ns, Reaching safepoint: 147459 ns, At safepoint: 2541 ns, Total: 150000 ns
[2024-03-11T07:53:52.304+0000][6][safepoint    ] Safepoint "Cleanup", Time since last: 1005853834 ns, Reaching safepoint: 154917 ns, At safepoint: 3541 ns, Total: 158458 ns
[2024-03-11T07:53:53.305+0000][6][safepoint    ] Safepoint "Cleanup", Time since last: 1001004168 ns, Reaching safepoint: 209083 ns, At safepoint: 5000 ns, Total: 214083 ns
[2024-03-11T07:53:54.308+0000][6][safepoint    ] Safepoint "Cleanup", Time since last: 1002855167 ns, Reaching safepoint: 311750 ns, At safepoint: 8833 ns, Total: 320583 ns
[2024-03-11T07:53:55.312+0000][6][safepoint    ] Safepoint "Cleanup", Time since last: 1003864376 ns, Reaching safepoint: 437083 ns, At safepoint: 9500 ns, Total: 446583 ns
[2024-03-11T07:53:56.317+0000][6][safepoint    ] Safepoint "Cleanup", Time since last: 1004150209 ns, Reaching safepoint: 249417 ns, At safepoint: 4458 ns, Total: 253875 ns
[2024-03-11T07:53:57.320+0000][6][safepoint    ] Safepoint "Cleanup", Time since last: 1002949167 ns, Reaching safepoint: 177209 ns, At safepoint: 4541 ns, Total: 181750 ns
[2024-03-11T07:53:58.326+0000][6][safepoint    ] Safepoint "Cleanup", Time since last: 1005707667 ns, Reaching safepoint: 302375 ns, At safepoint: 7875 ns, Total: 310250 ns
[2024-03-11T07:53:59.330+0000][6][safepoint    ] Safepoint "Cleanup", Time since last: 1003346043 ns, Reaching safepoint: 420833 ns, At safepoint: 7458 ns, Total: 428291 ns
[2024-03-11T07:54:00.336+0000][6][safepoint    ] Safepoint "Cleanup", Time since last: 1005906958 ns, Reaching safepoint: 196417 ns, At safepoint: 5333 ns, Total: 201750 ns
[2024-03-11T07:54:01.342+0000][6][safepoint    ] Safepoint "Cleanup", Time since last: 1005931918 ns, Reaching safepoint: 315166 ns, At safepoint: 7625 ns, Total: 322791 ns
[2024-03-11T07:54:02.349+0000][6][safepoint    ] Safepoint "Cleanup", Time since last: 1006538376 ns, Reaching safepoint: 181083 ns, At safepoint: 4583 ns, Total: 185666 ns
[2024-03-11T07:54:03.352+0000][6][safepoint    ] Safepoint "Cleanup", Time since last: 1002265709 ns, Reaching safepoint: 486583 ns, At safepoint: 6459 ns, Total: 493042 ns
[2024-03-11T07:54:04.354+0000][6][safepoint    ] Safepoint "Cleanup", Time since last: 1002294500 ns, Reaching safepoint: 261459 ns, At safepoint: 5583 ns, Total: 267042 ns
[2024-03-11T07:54:05.362+0000][6][safepoint    ] Safepoint "Cleanup", Time since last: 1007428792 ns, Reaching safepoint: 503708 ns, At safepoint: 7500 ns, Total: 511208 ns
[2024-03-11T07:54:06.365+0000][6][safepoint    ] Safepoint "Cleanup", Time since last: 1002885209 ns, Reaching safepoint: 357209 ns, At safepoint: 8083 ns, Total: 365292 ns
[2024-03-11T07:54:07.368+0000][6][safepoint    ] Safepoint "Cleanup", Time since last: 1002557250 ns, Reaching safepoint: 188417 ns, At safepoint: 3792 ns, Total: 192209 ns
[2024-03-11T07:54:08.374+0000][6][safepoint    ] Safepoint "Cleanup", Time since last: 1005540042 ns, Reaching safepoint: 175500 ns, At safepoint: 5333 ns, Total: 180833 ns
[2024-03-11T07:54:09.380+0000][6][safepoint    ] Safepoint "Cleanup", Time since last: 1005973292 ns, Reaching safepoint: 304209 ns, At safepoint: 3375 ns, Total: 307584 ns
[2024-03-11T07:54:10.384+0000][6][safepoint    ] Safepoint "Cleanup", Time since last: 1003666417 ns, Reaching safepoint: 200000 ns, At safepoint: 3791 ns, Total: 203791 ns
[2024-03-11T07:54:11.386+0000][6][safepoint    ] Safepoint "Cleanup", Time since last: 1001738209 ns, Reaching safepoint: 254917 ns, At safepoint: 7167 ns, Total: 262084 ns
[2024-03-11T07:54:12.391+0000][6][safepoint    ] Safepoint "Cleanup", Time since last: 1004461875 ns, Reaching safepoint: 259958 ns, At safepoint: 5417 ns, Total: 265375 ns
[2024-03-11T07:54:13.397+0000][6][safepoint    ] Safepoint "Cleanup", Time since last: 1005624751 ns, Reaching safepoint: 193583 ns, At safepoint: 4333 ns, Total: 197916 ns
[2024-03-11T07:54:14.399+0000][6][safepoint    ] Safepoint "Cleanup", Time since last: 1002118501 ns, Reaching safepoint: 196375 ns, At safepoint: 4583 ns, Total: 200958 ns
[2024-03-11T07:54:15.404+0000][6][safepoint    ] Safepoint "Cleanup", Time since last: 1005106042 ns, Reaching safepoint: 241834 ns, At safepoint: 5416 ns, Total: 247250 ns
[2024-03-11T07:54:16.412+0000][6][safepoint    ] Safepoint "Cleanup", Time since last: 1006604417 ns, Reaching safepoint: 808917 ns, At safepoint: 8750 ns, Total: 817667 ns
[2024-03-11T07:54:17.413+0000][6][safepoint    ] Safepoint "Cleanup", Time since last: 1001521584 ns, Reaching safepoint: 205791 ns, At safepoint: 28792 ns, Total: 234583 ns
[2024-03-11T07:54:18.416+0000][6][safepoint    ] Safepoint "Cleanup", Time since last: 1002798792 ns, Reaching safepoint: 156459 ns, At safepoint: 4083 ns, Total: 160542 ns
[2024-03-11T07:54:19.422+0000][6][safepoint    ] Safepoint "Cleanup", Time since last: 1005497209 ns, Reaching safepoint: 189666 ns, At safepoint: 4834 ns, Total: 194500 ns
[2024-03-11T07:54:20.428+0000][6][safepoint    ] Safepoint "Cleanup", Time since last: 1005363709 ns, Reaching safepoint: 403083 ns, At safepoint: 8833 ns, Total: 411916 ns
[2024-03-11T07:54:21.431+0000][6][safepoint    ] Safepoint "Cleanup", Time since last: 1002886709 ns, Reaching safepoint: 336000 ns, At safepoint: 6708 ns, Total: 342708 ns
[2024-03-11T07:54:22.437+0000][6][safepoint    ] Safepoint "Cleanup", Time since last: 1005543543 ns, Reaching safepoint: 184958 ns, At safepoint: 5292 ns, Total: 190250 ns
[2024-03-11T07:54:23.439+0000][6][safepoint    ] Safepoint "Cleanup", Time since last: 1001301958 ns, Reaching safepoint: 369625 ns, At safepoint: 5750 ns, Total: 375375 ns
[2024-03-11T07:54:24.445+0000][6][safepoint    ] Safepoint "Cleanup", Time since last: 1006086251 ns, Reaching safepoint: 385083 ns, At safepoint: 9834 ns, Total: 394917 ns
[2024-03-11T07:54:25.447+0000][6][safepoint    ] Safepoint "Cleanup", Time since last: 1001859042 ns, Reaching safepoint: 162166 ns, At safepoint: 3917 ns, Total: 166083 ns
[2024-03-11T07:54:26.448+0000][6][safepoint    ] Safepoint "Cleanup", Time since last: 1000767750 ns, Reaching safepoint: 380792 ns, At safepoint: 6333 ns, Total: 387125 ns
[2024-03-11T07:54:27.451+0000][6][safepoint    ] Safepoint "Cleanup", Time since last: 1001795543 ns, Reaching safepoint: 522500 ns, At safepoint: 12708 ns, Total: 535208 ns
[2024-03-11T07:54:28.452+0000][6][safepoint    ] Safepoint "Cleanup", Time since last: 1001312250 ns, Reaching safepoint: 344459 ns, At safepoint: 8375 ns, Total: 352834 ns
[2024-03-11T07:54:29.454+0000][6][safepoint    ] Safepoint "Cleanup", Time since last: 1001129542 ns, Reaching safepoint: 226708 ns, At safepoint: 4959 ns, Total: 231667 ns
[2024-03-11T07:54:30.455+0000][6][safepoint    ] Safepoint "Cleanup", Time since last: 1002226332 ns, Reaching safepoint: 457792 ns, At safepoint: 12542 ns, Total: 470334 ns
[2024-03-11T07:54:31.457+0000][6][safepoint    ] Safepoint "Cleanup", Time since last: 1001645542 ns, Reaching safepoint: 224250 ns, At safepoint: 5250 ns, Total: 229500 ns
[2024-03-11T07:54:32.461+0000][6][safepoint    ] Safepoint "Cleanup", Time since last: 1002974459 ns, Reaching safepoint: 241958 ns, At safepoint: 4708 ns, Total: 246666 ns
[2024-03-11T07:54:33.468+0000][6][safepoint    ] Safepoint "Cleanup", Time since last: 1006406543 ns, Reaching safepoint: 579250 ns, At safepoint: 10916 ns, Total: 590166 ns
[2024-03-11T07:54:34.474+0000][6][safepoint    ] Safepoint "Cleanup", Time since last: 1002013167 ns, Reaching safepoint: 4545084 ns, At safepoint: 10791 ns, Total: 4555875 ns
[2024-03-11T07:54:35.478+0000][6][safepoint    ] Safepoint "Cleanup", Time since last: 1003997542 ns, Reaching safepoint: 210959 ns, At safepoint: 2208 ns, Total: 213167 ns
[2024-03-11T07:54:36.488+0000][6][safepoint    ] Safepoint "Cleanup", Time since last: 1009575501 ns, Reaching safepoint: 172166 ns, At safepoint: 4459 ns, Total: 176625 ns
[2024-03-11T07:54:37.494+0000][6][safepoint    ] Safepoint "Cleanup", Time since last: 1005861375 ns, Reaching safepoint: 375458 ns, At safepoint: 20334 ns, Total: 395792 ns
[2024-03-11T07:54:38.500+0000][6][safepoint    ] Safepoint "Cleanup", Time since last: 1005944209 ns, Reaching safepoint: 124666 ns, At safepoint: 3709 ns, Total: 128375 ns
[2024-03-11T07:54:39.501+0000][6][safepoint    ] Safepoint "Cleanup", Time since last: 1000815583 ns, Reaching safepoint: 89125 ns, At safepoint: 1917 ns, Total: 91042 ns
[2024-03-11T07:54:40.503+0000][6][safepoint    ] Safepoint "Cleanup", Time since last: 1001244792 ns, Reaching safepoint: 327875 ns, At safepoint: 6917 ns, Total: 334792 ns
[2024-03-11T07:54:41.504+0000][6][safepoint    ] Safepoint "Cleanup", Time since last: 1001390667 ns, Reaching safepoint: 222625 ns, At safepoint: 6875 ns, Total: 229500 ns
[2024-03-11T07:54:42.510+0000][6][safepoint    ] Safepoint "Cleanup", Time since last: 1005500375 ns, Reaching safepoint: 273542 ns, At safepoint: 4833 ns, Total: 278375 ns
[2024-03-11T07:54:43.516+0000][6][safepoint    ] Safepoint "Cleanup", Time since last: 1005264543 ns, Reaching safepoint: 188875 ns, At safepoint: 4000 ns, Total: 192875 ns
[2024-03-11T07:54:44.519+0000][6][safepoint    ] Safepoint "Cleanup", Time since last: 1002554208 ns, Reaching safepoint: 264125 ns, At safepoint: 5375 ns, Total: 269500 ns
[2024-03-11T07:54:45.521+0000][6][safepoint    ] Safepoint "Cleanup", Time since last: 1002098459 ns, Reaching safepoint: 633667 ns, At safepoint: 8375 ns, Total: 642042 ns
[2024-03-11T07:54:46.523+0000][6][safepoint    ] Safepoint "Cleanup", Time since last: 1001773625 ns, Reaching safepoint: 131542 ns, At safepoint: 4083 ns, Total: 135625 ns
[2024-03-11T07:54:47.524+0000][6][safepoint    ] Safepoint "Cleanup", Time since last: 1000704084 ns, Reaching safepoint: 92417 ns, At safepoint: 2208 ns, Total: 94625 ns
[2024-03-11T07:54:48.526+0000][6][safepoint    ] Safepoint "Cleanup", Time since last: 1001887792 ns, Reaching safepoint: 244042 ns, At safepoint: 2042 ns, Total: 246084 ns
[2024-03-11T07:54:49.529+0000][6][safepoint    ] Safepoint "Cleanup", Time since last: 1002760209 ns, Reaching safepoint: 235541 ns, At safepoint: 4875 ns, Total: 240416 ns
[2024-03-11T07:54:50.531+0000][6][safepoint    ] Safepoint "Cleanup", Time since last: 1002192501 ns, Reaching safepoint: 88250 ns, At safepoint: 1875 ns, Total: 90125 ns
[2024-03-11T07:54:51.533+0000][6][safepoint    ] Safepoint "Cleanup", Time since last: 1000562417 ns, Reaching safepoint: 1084083 ns, At safepoint: 4625 ns, Total: 1088708 ns
[2024-03-11T07:54:52.534+0000][6][safepoint    ] Safepoint "Cleanup", Time since last: 1000847751 ns, Reaching safepoint: 321041 ns, At safepoint: 2917 ns, Total: 323958 ns
[2024-03-11T07:54:53.536+0000][6][safepoint    ] Safepoint "Cleanup", Time since last: 1002060125 ns, Reaching safepoint: 142125 ns, At safepoint: 3000 ns, Total: 145125 ns
[2024-03-11T07:54:54.539+0000][6][safepoint    ] Safepoint "Cleanup", Time since last: 1000729668 ns, Reaching safepoint: 1995916 ns, At safepoint: 36584 ns, Total: 2032500 ns
[2024-03-11T07:54:55.541+0000][6][safepoint    ] Safepoint "Cleanup", Time since last: 1001868458 ns, Reaching safepoint: 149292 ns, At safepoint: 4792 ns, Total: 154084 ns
[2024-03-11T07:54:56.543+0000][6][safepoint    ] Safepoint "Cleanup", Time since last: 1001625167 ns, Reaching safepoint: 103875 ns, At safepoint: 1875 ns, Total: 105750 ns
[2024-03-11T07:54:57.547+0000][6][safepoint    ] Safepoint "Cleanup", Time since last: 1003254292 ns, Reaching safepoint: 272667 ns, At safepoint: 8041 ns, Total: 280708 ns
[2024-03-11T07:54:58.550+0000][6][safepoint    ] Safepoint "Cleanup", Time since last: 1003313417 ns, Reaching safepoint: 111250 ns, At safepoint: 2084 ns, Total: 113334 ns
[2024-03-11T07:54:59.553+0000][6][safepoint    ] Safepoint "Cleanup", Time since last: 1002990042 ns, Reaching safepoint: 261958 ns, At safepoint: 4917 ns, Total: 266875 ns
[2024-03-11T07:55:00.556+0000][6][safepoint    ] Safepoint "Cleanup", Time since last: 1002389000 ns, Reaching safepoint: 174208 ns, At safepoint: 2875 ns, Total: 177083 ns
[2024-03-11T07:55:01.559+0000][6][safepoint    ] Safepoint "Cleanup", Time since last: 1002381376 ns, Reaching safepoint: 353625 ns, At safepoint: 14125 ns, Total: 367750 ns
[2024-03-11T07:55:02.564+0000][6][safepoint    ] Safepoint "Cleanup", Time since last: 1005164417 ns, Reaching safepoint: 212042 ns, At safepoint: 10875 ns, Total: 222917 ns
[2024-03-11T07:55:03.567+0000][6][safepoint    ] Safepoint "Cleanup", Time since last: 1003221792 ns, Reaching safepoint: 94000 ns, At safepoint: 1667 ns, Total: 95667 ns
[2024-03-11T07:55:04.569+0000][6][safepoint    ] Safepoint "Cleanup", Time since last: 1001473042 ns, Reaching safepoint: 267916 ns, At safepoint: 5209 ns, Total: 273125 ns
[2024-03-11T07:55:05.575+0000][6][safepoint    ] Safepoint "Cleanup", Time since last: 1005325292 ns, Reaching safepoint: 406208 ns, At safepoint: 7500 ns, Total: 413708 ns
[2024-03-11T07:55:06.581+0000][6][safepoint    ] Safepoint "Cleanup", Time since last: 1006317209 ns, Reaching safepoint: 327208 ns, At safepoint: 10625 ns, Total: 337833 ns
[2024-03-11T07:55:07.585+0000][6][safepoint    ] Safepoint "Cleanup", Time since last: 1003358042 ns, Reaching safepoint: 297625 ns, At safepoint: 6000 ns, Total: 303625 ns
[2024-03-11T07:55:08.588+0000][6][safepoint    ] Safepoint "Cleanup", Time since last: 1002494418 ns, Reaching safepoint: 526875 ns, At safepoint: 11208 ns, Total: 538083 ns
[2024-03-11T07:55:09.594+0000][6][safepoint    ] Safepoint "Cleanup", Time since last: 1005388209 ns, Reaching safepoint: 220708 ns, At safepoint: 4417 ns, Total: 225125 ns
[2024-03-11T07:55:10.596+0000][6][safepoint    ] Safepoint "Cleanup", Time since last: 1001691792 ns, Reaching safepoint: 314167 ns, At safepoint: 3250 ns, Total: 317417 ns
[2024-03-11T07:55:11.603+0000][6][safepoint    ] Safepoint "Cleanup", Time since last: 1006260083 ns, Reaching safepoint: 1233000 ns, At safepoint: 17250 ns, Total: 1250250 ns
[2024-03-11T07:55:12.609+0000][6][safepoint    ] Safepoint "Cleanup", Time since last: 1005884751 ns, Reaching safepoint: 261958 ns, At safepoint: 4709 ns, Total: 266667 ns
[2024-03-11T07:55:13.615+0000][6][safepoint    ] Safepoint "Cleanup", Time since last: 1005466667 ns, Reaching safepoint: 319416 ns, At safepoint: 5375 ns, Total: 324791 ns
[2024-03-11T07:55:14.618+0000][6][safepoint    ] Safepoint "Cleanup", Time since last: 1002262959 ns, Reaching safepoint: 228167 ns, At safepoint: 4583 ns, Total: 232750 ns
[2024-03-11T07:55:15.621+0000][6][safepoint    ] Safepoint "Cleanup", Time since last: 1003439334 ns, Reaching safepoint: 170708 ns, At safepoint: 3209 ns, Total: 173917 ns
[2024-03-11T07:55:16.623+0000][6][safepoint    ] Safepoint "Cleanup", Time since last: 1001555542 ns, Reaching safepoint: 383250 ns, At safepoint: 6208 ns, Total: 389458 ns
[2024-03-11T07:55:17.627+0000][6][safepoint    ] Safepoint "Cleanup", Time since last: 1003688001 ns, Reaching safepoint: 355000 ns, At safepoint: 7083 ns, Total: 362083 ns
[2024-03-11T07:55:18.634+0000][6][safepoint    ] Safepoint "Cleanup", Time since last: 1006763000 ns, Reaching safepoint: 194875 ns, At safepoint: 5667 ns, Total: 200542 ns
[2024-03-11T07:55:19.638+0000][6][safepoint    ] Safepoint "Cleanup", Time since last: 1003351126 ns, Reaching safepoint: 182083 ns, At safepoint: 4708 ns, Total: 186791 ns
[2024-03-11T07:55:20.643+0000][6][safepoint    ] Safepoint "Cleanup", Time since last: 1005640792 ns, Reaching safepoint: 171042 ns, At safepoint: 4792 ns, Total: 175834 ns
[2024-03-11T07:55:21.647+0000][6][safepoint    ] Safepoint "Cleanup", Time since last: 1003659375 ns, Reaching safepoint: 193459 ns, At safepoint: 5916 ns, Total: 199375 ns
[2024-03-11T07:55:22.650+0000][6][safepoint    ] Safepoint "Cleanup", Time since last: 1002040126 ns, Reaching safepoint: 352833 ns, At safepoint: 5208 ns, Total: 358041 ns
[2024-03-11T07:55:23.653+0000][6][safepoint    ] Safepoint "Cleanup", Time since last: 1003056584 ns, Reaching safepoint: 189625 ns, At safepoint: 4583 ns, Total: 194208 ns
[2024-03-11T07:55:24.656+0000][6][safepoint    ] Safepoint "Cleanup", Time since last: 1002226876 ns, Reaching safepoint: 312125 ns, At safepoint: 7167 ns, Total: 319292 ns
[2024-03-11T07:55:25.658+0000][6][safepoint    ] Safepoint "Cleanup", Time since last: 1001797375 ns, Reaching safepoint: 347542 ns, At safepoint: 6666 ns, Total: 354208 ns
[2024-03-11T07:55:26.664+0000][6][safepoint    ] Safepoint "Cleanup", Time since last: 1006205376 ns, Reaching safepoint: 230500 ns, At safepoint: 5000 ns, Total: 235500 ns
[2024-03-11T07:55:27.670+0000][6][safepoint    ] Safepoint "Cleanup", Time since last: 1005762584 ns, Reaching safepoint: 160666 ns, At safepoint: 3834 ns, Total: 164500 ns
[2024-03-11T07:55:28.675+0000][6][safepoint    ] Safepoint "Cleanup", Time since last: 1004474459 ns, Reaching safepoint: 412333 ns, At safepoint: 24250 ns, Total: 436583 ns
[2024-03-11T07:55:29.679+0000][6][safepoint    ] Safepoint "Cleanup", Time since last: 1003920459 ns, Reaching safepoint: 413458 ns, At safepoint: 24208 ns, Total: 437666 ns
[2024-03-11T07:55:30.686+0000][6][safepoint    ] Safepoint "Cleanup", Time since last: 1005953376 ns, Reaching safepoint: 851125 ns, At safepoint: 17041 ns, Total: 868166 ns
[2024-03-11T07:55:31.692+0000][6][safepoint    ] Safepoint "Cleanup", Time since last: 1006142251 ns, Reaching safepoint: 394416 ns, At safepoint: 6209 ns, Total: 400625 ns
[2024-03-11T07:55:32.697+0000][6][safepoint    ] Safepoint "Cleanup", Time since last: 1004635625 ns, Reaching safepoint: 610167 ns, At safepoint: 8250 ns, Total: 618417 ns
[2024-03-11T07:55:33.703+0000][6][safepoint    ] Safepoint "Cleanup", Time since last: 1004275417 ns, Reaching safepoint: 929750 ns, At safepoint: 12167 ns, Total: 941917 ns
[2024-03-11T07:55:34.705+0000][6][safepoint    ] Safepoint "Cleanup", Time since last: 1002024042 ns, Reaching safepoint: 302125 ns, At safepoint: 8625 ns, Total: 310750 ns
[2024-03-11T07:55:35.711+0000][6][safepoint    ] Safepoint "Cleanup", Time since last: 1005621667 ns, Reaching safepoint: 534375 ns, At safepoint: 8292 ns, Total: 542667 ns
[2024-03-11T07:55:36.715+0000][6][safepoint    ] Safepoint "Cleanup", Time since last: 1002195167 ns, Reaching safepoint: 1503250 ns, At safepoint: 22291 ns, Total: 1525541 ns
[2024-03-11T07:55:37.719+0000][6][safepoint    ] Safepoint "Cleanup", Time since last: 1004139084 ns, Reaching safepoint: 368417 ns, At safepoint: 5375 ns, Total: 373792 ns
[2024-03-11T07:55:38.725+0000][6][safepoint    ] Safepoint "Cleanup", Time since last: 1004892959 ns, Reaching safepoint: 277000 ns, At safepoint: 7458 ns, Total: 284458 ns
[2024-03-11T07:55:40.339+0000][6][safepoint    ] Safepoint "Cleanup", Time since last: 1614218376 ns, Reaching safepoint: 421208 ns, At safepoint: 7250 ns, Total: 428458 ns
[2024-03-11T07:55:41.343+0000][6][safepoint    ] Safepoint "Cleanup", Time since last: 1003379751 ns, Reaching safepoint: 347625 ns, At safepoint: 7875 ns, Total: 355500 ns
[2024-03-11T07:55:42.347+0000][6][safepoint    ] Safepoint "Cleanup", Time since last: 1003939917 ns, Reaching safepoint: 556125 ns, At safepoint: 7583 ns, Total: 563708 ns
[2024-03-11T07:55:43.351+0000][6][safepoint    ] Safepoint "Cleanup", Time since last: 1003357376 ns, Reaching safepoint: 368750 ns, At safepoint: 9750 ns, Total: 378500 ns
[2024-03-11T07:55:44.356+0000][6][safepoint    ] Safepoint "Cleanup", Time since last: 1004731917 ns, Reaching safepoint: 178541 ns, At safepoint: 4750 ns, Total: 183291 ns
[2024-03-11T07:55:45.359+0000][6][safepoint    ] Safepoint "Cleanup", Time since last: 1002022834 ns, Reaching safepoint: 1350250 ns, At safepoint: 10459 ns, Total: 1360709 ns
[2024-03-11T07:55:46.362+0000][6][safepoint    ] Safepoint "Cleanup", Time since last: 1002662917 ns, Reaching safepoint: 327541 ns, At safepoint: 11209 ns, Total: 338750 ns
[2024-03-11T07:55:47.364+0000][6][safepoint    ] Safepoint "Cleanup", Time since last: 1001544625 ns, Reaching safepoint: 461417 ns, At safepoint: 4875 ns, Total: 466292 ns
[2024-03-11T07:55:48.366+0000][6][safepoint    ] Safepoint "Cleanup", Time since last: 1000956542 ns, Reaching safepoint: 205083 ns, At safepoint: 4375 ns, Total: 209458 ns
[2024-03-11T07:55:49.368+0000][6][safepoint    ] Safepoint "Cleanup", Time since last: 1001545876 ns, Reaching safepoint: 340291 ns, At safepoint: 5542 ns, Total: 345833 ns
[2024-03-11T07:55:50.370+0000][6][safepoint    ] Safepoint "Cleanup", Time since last: 1001811376 ns, Reaching safepoint: 207791 ns, At safepoint: 5834 ns, Total: 213625 ns
[2024-03-11T07:55:51.371+0000][6][safepoint    ] Safepoint "Cleanup", Time since last: 1000962708 ns, Reaching safepoint: 957584 ns, At safepoint: 9958 ns, Total: 967542 ns
[2024-03-11T07:55:52.373+0000][6][safepoint    ] Safepoint "Cleanup", Time since last: 1001700209 ns, Reaching safepoint: 205417 ns, At safepoint: 4833 ns, Total: 210250 ns
[2024-03-11T07:55:53.376+0000][6][safepoint    ] Safepoint "Cleanup", Time since last: 1001966209 ns, Reaching safepoint: 234666 ns, At safepoint: 4792 ns, Total: 239458 ns
[2024-03-11T07:55:54.377+0000][6][safepoint    ] Safepoint "Cleanup", Time since last: 1000837917 ns, Reaching safepoint: 224750 ns, At safepoint: 4875 ns, Total: 229625 ns
[2024-03-11T07:55:55.377+0000][6][safepoint    ] Safepoint "Cleanup", Time since last: 1000609167 ns, Reaching safepoint: 208375 ns, At safepoint: 5250 ns, Total: 213625 ns
[2024-03-11T07:55:56.381+0000][6][safepoint    ] Safepoint "Cleanup", Time since last: 1001917001 ns, Reaching safepoint: 1281083 ns, At safepoint: 13708 ns, Total: 1294791 ns
[2024-03-11T07:55:57.385+0000][6][safepoint    ] Safepoint "Cleanup", Time since last: 1004377543 ns, Reaching safepoint: 181791 ns, At safepoint: 3750 ns, Total: 185541 ns
[2024-03-11T07:55:58.390+0000][6][safepoint    ] Safepoint "Cleanup", Time since last: 1004627126 ns, Reaching safepoint: 295250 ns, At safepoint: 8083 ns, Total: 303333 ns
[2024-03-11T07:55:59.392+0000][6][safepoint    ] Safepoint "Cleanup", Time since last: 1001617876 ns, Reaching safepoint: 276791 ns, At safepoint: 7292 ns, Total: 284083 ns
[2024-03-11T07:56:00.399+0000][6][safepoint    ] Safepoint "Cleanup", Time since last: 1005831583 ns, Reaching safepoint: 227750 ns, At safepoint: 4792 ns, Total: 232542 ns
[2024-03-11T07:56:01.401+0000][6][safepoint    ] Safepoint "Cleanup", Time since last: 1002108000 ns, Reaching safepoint: 384875 ns, At safepoint: 9209 ns, Total: 394084 ns
[2024-03-11T07:56:02.405+0000][6][safepoint    ] Safepoint "Cleanup", Time since last: 1003842042 ns, Reaching safepoint: 285958 ns, At safepoint: 6125 ns, Total: 292083 ns
[2024-03-11T07:56:03.408+0000][6][safepoint    ] Safepoint "Cleanup", Time since last: 1002846584 ns, Reaching safepoint: 183666 ns, At safepoint: 4625 ns, Total: 188291 ns
[2024-03-11T07:56:04.412+0000][6][safepoint    ] Safepoint "Cleanup", Time since last: 1003821293 ns, Reaching safepoint: 288500 ns, At safepoint: 9916 ns, Total: 298416 ns
[2024-03-11T07:56:05.418+0000][6][safepoint    ] Safepoint "Cleanup", Time since last: 1005448084 ns, Reaching safepoint: 215750 ns, At safepoint: 5208 ns, Total: 220958 ns
[2024-03-11T07:56:06.424+0000][6][safepoint    ] Safepoint "Cleanup", Time since last: 1005320751 ns, Reaching safepoint: 220208 ns, At safepoint: 6542 ns, Total: 226750 ns
[2024-03-11T07:56:07.427+0000][6][safepoint    ] Safepoint "Cleanup", Time since last: 1002610125 ns, Reaching safepoint: 357417 ns, At safepoint: 8292 ns, Total: 365709 ns
[2024-03-11T07:56:08.431+0000][6][safepoint    ] Safepoint "Cleanup", Time since last: 1003897709 ns, Reaching safepoint: 236208 ns, At safepoint: 5125 ns, Total: 241333 ns
[2024-03-11T07:56:10.351+0000][6][safepoint    ] Safepoint "Cleanup", Time since last: 1920386501 ns, Reaching safepoint: 122000 ns, At safepoint: 2875 ns, Total: 124875 ns
[2024-03-11T07:56:11.356+0000][6][safepoint    ] Safepoint "Cleanup", Time since last: 1004601834 ns, Reaching safepoint: 318375 ns, At safepoint: 3833 ns, Total: 322208 ns
[2024-03-11T07:56:12.375+0000][6][safepoint    ] Safepoint "Cleanup", Time since last: 1004339334 ns, Reaching safepoint: 14259833 ns, At safepoint: 16417 ns, Total: 14276250 ns
[2024-03-11T07:56:13.381+0000][6][safepoint    ] Safepoint "Cleanup", Time since last: 1005953959 ns, Reaching safepoint: 192000 ns, At safepoint: 4708 ns, Total: 196708 ns
[2024-03-11T07:56:14.382+0000][6][safepoint    ] Safepoint "Cleanup", Time since last: 1001076125 ns, Reaching safepoint: 132959 ns, At safepoint: 4541 ns, Total: 137500 ns
[2024-03-11T07:56:15.384+0000][6][safepoint    ] Safepoint "Cleanup", Time since last: 1001520126 ns, Reaching safepoint: 244833 ns, At safepoint: 4959 ns, Total: 249792 ns
[2024-03-11T07:56:16.387+0000][6][safepoint    ] Safepoint "Cleanup", Time since last: 1002663417 ns, Reaching safepoint: 697458 ns, At safepoint: 7542 ns, Total: 705000 ns
[2024-03-11T07:56:17.392+0000][6][safepoint    ] Safepoint "Cleanup", Time since last: 1004349458 ns, Reaching safepoint: 345167 ns, At safepoint: 7833 ns, Total: 353000 ns
[2024-03-11T07:56:18.397+0000][6][safepoint    ] Safepoint "Cleanup", Time since last: 1004605459 ns, Reaching safepoint: 454917 ns, At safepoint: 8958 ns, Total: 463875 ns
[2024-03-11T07:56:19.402+0000][6][safepoint    ] Safepoint "Cleanup", Time since last: 1004802876 ns, Reaching safepoint: 309083 ns, At safepoint: 5125 ns, Total: 314208 ns
[2024-03-11T07:56:20.409+0000][6][safepoint    ] Safepoint "Cleanup", Time since last: 1006578417 ns, Reaching safepoint: 158875 ns, At safepoint: 3834 ns, Total: 162709 ns
[2024-03-11T07:56:21.410+0000][6][safepoint    ] Safepoint "Cleanup", Time since last: 1001012917 ns, Reaching safepoint: 271958 ns, At safepoint: 8792 ns, Total: 280750 ns
[2024-03-11T07:56:22.412+0000][6][safepoint    ] Safepoint "Cleanup", Time since last: 1001347375 ns, Reaching safepoint: 502709 ns, At safepoint: 8541 ns, Total: 511250 ns
[2024-03-11T07:56:23.419+0000][6][safepoint    ] Safepoint "Cleanup", Time since last: 1006379584 ns, Reaching safepoint: 165417 ns, At safepoint: 3958 ns, Total: 169375 ns
[2024-03-11T07:56:24.421+0000][6][safepoint    ] Safepoint "Cleanup", Time since last: 1001766667 ns, Reaching safepoint: 192125 ns, At safepoint: 5000 ns, Total: 197125 ns
[2024-03-11T07:56:25.422+0000][6][safepoint    ] Safepoint "Cleanup", Time since last: 1001682501 ns, Reaching safepoint: 265708 ns, At safepoint: 4458 ns, Total: 270166 ns
[2024-03-11T07:56:26.424+0000][6][safepoint    ] Safepoint "Cleanup", Time since last: 1001336126 ns, Reaching safepoint: 329958 ns, At safepoint: 6833 ns, Total: 336791 ns
[2024-03-11T07:56:27.431+0000][6][safepoint    ] Safepoint "Cleanup", Time since last: 1006260334 ns, Reaching safepoint: 173167 ns, At safepoint: 3458 ns, Total: 176625 ns
[2024-03-11T07:56:28.432+0000][6][safepoint    ] Safepoint "Cleanup", Time since last: 1001160626 ns, Reaching safepoint: 212833 ns, At safepoint: 6750 ns, Total: 219583 ns
[2024-03-11T07:56:29.435+0000][6][safepoint    ] Safepoint "Cleanup", Time since last: 1002764459 ns, Reaching safepoint: 198083 ns, At safepoint: 5500 ns, Total: 203583 ns
[2024-03-11T07:56:30.436+0000][6][safepoint    ] Safepoint "Cleanup", Time since last: 1001225875 ns, Reaching safepoint: 308208 ns, At safepoint: 6292 ns, Total: 314500 ns
[2024-03-11T07:56:31.438+0000][6][safepoint    ] Safepoint "Cleanup", Time since last: 1001760917 ns, Reaching safepoint: 173125 ns, At safepoint: 11417 ns, Total: 184542 ns
[2024-03-11T07:56:32.448+0000][6][safepoint    ] Safepoint "Cleanup", Time since last: 1009278542 ns, Reaching safepoint: 279542 ns, At safepoint: 10708 ns, Total: 290250 ns
[2024-03-11T07:56:33.455+0000][6][safepoint    ] Safepoint "Cleanup", Time since last: 1006700625 ns, Reaching safepoint: 260625 ns, At safepoint: 5334 ns, Total: 265959 ns
[2024-03-11T07:56:34.457+0000][6][safepoint    ] Safepoint "Cleanup", Time since last: 1001957334 ns, Reaching safepoint: 232541 ns, At safepoint: 4417 ns, Total: 236958 ns
[2024-03-11T07:56:35.459+0000][6][safepoint    ] Safepoint "Cleanup", Time since last: 1001640875 ns, Reaching safepoint: 184209 ns, At safepoint: 3166 ns, Total: 187375 ns
[2024-03-11T07:56:36.460+0000][6][safepoint    ] Safepoint "Cleanup", Time since last: 1001460876 ns, Reaching safepoint: 227542 ns, At safepoint: 4416 ns, Total: 231958 ns
[2024-03-11T07:56:37.619+0000][6][safepoint    ] Safepoint "Cleanup", Time since last: 1158062834 ns, Reaching safepoint: 228875 ns, At safepoint: 5542 ns, Total: 234417 ns
[2024-03-11T07:56:38.621+0000][6][safepoint    ] Safepoint "Cleanup", Time since last: 1002461834 ns, Reaching safepoint: 182208 ns, At safepoint: 3583 ns, Total: 185791 ns
[2024-03-11T07:56:39.623+0000][6][safepoint    ] Safepoint "Cleanup", Time since last: 1001629292 ns, Reaching safepoint: 326209 ns, At safepoint: 6916 ns, Total: 333125 ns
[2024-03-11T07:56:40.628+0000][6][safepoint    ] Safepoint "Cleanup", Time since last: 1004508918 ns, Reaching safepoint: 287916 ns, At safepoint: 6459 ns, Total: 294375 ns
[2024-03-11T07:56:41.634+0000][6][safepoint    ] Safepoint "Cleanup", Time since last: 1005049583 ns, Reaching safepoint: 346417 ns, At safepoint: 7583 ns, Total: 354000 ns
[2024-03-11T07:56:42.637+0000][6][safepoint    ] Safepoint "Cleanup", Time since last: 1003665001 ns, Reaching safepoint: 210875 ns, At safepoint: 3625 ns, Total: 214500 ns
[2024-03-11T07:56:43.641+0000][6][safepoint    ] Safepoint "Cleanup", Time since last: 1003293125 ns, Reaching safepoint: 231584 ns, At safepoint: 4916 ns, Total: 236500 ns
[2024-03-11T07:56:44.643+0000][6][safepoint    ] Safepoint "Cleanup", Time since last: 1002045626 ns, Reaching safepoint: 215458 ns, At safepoint: 11417 ns, Total: 226875 ns
[2024-03-11T07:56:45.647+0000][6][safepoint    ] Safepoint "Cleanup", Time since last: 1002882250 ns, Reaching safepoint: 456750 ns, At safepoint: 12292 ns, Total: 469042 ns
[2024-03-11T07:56:46.649+0000][6][safepoint    ] Safepoint "Cleanup", Time since last: 1002101709 ns, Reaching safepoint: 225000 ns, At safepoint: 5458 ns, Total: 230458 ns
[2024-03-11T07:56:47.652+0000][6][safepoint    ] Safepoint "Cleanup", Time since last: 1003069876 ns, Reaching safepoint: 175916 ns, At safepoint: 4667 ns, Total: 180583 ns
[2024-03-11T07:56:48.658+0000][6][safepoint    ] Safepoint "Cleanup", Time since last: 1005388542 ns, Reaching safepoint: 149375 ns, At safepoint: 3375 ns, Total: 152750 ns
[2024-03-11T07:56:49.661+0000][6][safepoint    ] Safepoint "Cleanup", Time since last: 1002548126 ns, Reaching safepoint: 299791 ns, At safepoint: 8875 ns, Total: 308666 ns
[2024-03-11T07:56:50.666+0000][6][safepoint    ] Safepoint "Cleanup", Time since last: 1004733959 ns, Reaching safepoint: 178083 ns, At safepoint: 4542 ns, Total: 182625 ns
[2024-03-11T07:56:51.671+0000][6][safepoint    ] Safepoint "Cleanup", Time since last: 1004616334 ns, Reaching safepoint: 406333 ns, At safepoint: 9625 ns, Total: 415958 ns
[2024-03-11T07:56:52.674+0000][6][safepoint    ] Safepoint "Cleanup", Time since last: 1003425084 ns, Reaching safepoint: 282417 ns, At safepoint: 8916 ns, Total: 291333 ns
[2024-03-11T07:56:53.678+0000][6][safepoint    ] Safepoint "Cleanup", Time since last: 1003727751 ns, Reaching safepoint: 274375 ns, At safepoint: 5333 ns, Total: 279708 ns
[2024-03-11T07:56:54.683+0000][6][safepoint    ] Safepoint "Cleanup", Time since last: 1004217542 ns, Reaching safepoint: 521834 ns, At safepoint: 5416 ns, Total: 527250 ns
[2024-03-11T07:56:55.688+0000][6][safepoint    ] Safepoint "Cleanup", Time since last: 1004707959 ns, Reaching safepoint: 729250 ns, At safepoint: 9125 ns, Total: 738375 ns
[2024-03-11T07:56:56.695+0000][6][safepoint    ] Safepoint "Cleanup", Time since last: 1005995709 ns, Reaching safepoint: 458625 ns, At safepoint: 7250 ns, Total: 465875 ns
[2024-03-11T07:56:57.698+0000][6][safepoint    ] Safepoint "Cleanup", Time since last: 1003202167 ns, Reaching safepoint: 168708 ns, At safepoint: 3709 ns, Total: 172417 ns
[2024-03-11T07:56:58.701+0000][6][safepoint    ] Safepoint "Cleanup", Time since last: 1002187375 ns, Reaching safepoint: 291917 ns, At safepoint: 5750 ns, Total: 297667 ns
[2024-03-11T07:56:59.702+0000][6][safepoint    ] Safepoint "Cleanup", Time since last: 1001397334 ns, Reaching safepoint: 281500 ns, At safepoint: 4583 ns, Total: 286083 ns
[2024-03-11T07:57:00.707+0000][6][safepoint    ] Safepoint "Cleanup", Time since last: 1005057625 ns, Reaching safepoint: 401292 ns, At safepoint: 6166 ns, Total: 407458 ns
[2024-03-11T07:57:01.710+0000][6][safepoint    ] Safepoint "Cleanup", Time since last: 1002274334 ns, Reaching safepoint: 221500 ns, At safepoint: 5333 ns, Total: 226833 ns
[2024-03-11T07:57:02.714+0000][6][safepoint    ] Safepoint "Cleanup", Time since last: 1004071667 ns, Reaching safepoint: 311625 ns, At safepoint: 10667 ns, Total: 322292 ns
[2024-03-11T07:57:03.718+0000][6][safepoint    ] Safepoint "Cleanup", Time since last: 1003584834 ns, Reaching safepoint: 194375 ns, At safepoint: 4542 ns, Total: 198917 ns
[2024-03-11T07:57:04.719+0000][6][safepoint    ] Safepoint "Cleanup", Time since last: 1000969208 ns, Reaching safepoint: 116500 ns, At safepoint: 2834 ns, Total: 119334 ns
[2024-03-11T07:57:05.721+0000][6][safepoint    ] Safepoint "Cleanup", Time since last: 1001768959 ns, Reaching safepoint: 165291 ns, At safepoint: 4750 ns, Total: 170041 ns
[2024-03-11T07:57:06.723+0000][6][safepoint    ] Safepoint "Cleanup", Time since last: 1001634167 ns, Reaching safepoint: 284042 ns, At safepoint: 7500 ns, Total: 291542 ns
[2024-03-11T07:57:07.724+0000][6][safepoint    ] Safepoint "Cleanup", Time since last: 1001066501 ns, Reaching safepoint: 124541 ns, At safepoint: 4167 ns, Total: 128708 ns
[2024-03-11T07:57:08.725+0000][6][safepoint    ] Safepoint "Cleanup", Time since last: 1000877084 ns, Reaching safepoint: 106291 ns, At safepoint: 4625 ns, Total: 110916 ns
[2024-03-11T07:57:09.731+0000][6][safepoint    ] Safepoint "Cleanup", Time since last: 1005766084 ns, Reaching safepoint: 199042 ns, At safepoint: 4625 ns, Total: 203667 ns
[2024-03-11T07:57:10.734+0000][6][safepoint    ] Safepoint "Cleanup", Time since last: 1002218959 ns, Reaching safepoint: 192208 ns, At safepoint: 5292 ns, Total: 197500 ns
[2024-03-11T07:57:11.735+0000][6][safepoint    ] Safepoint "Cleanup", Time since last: 1001534917 ns, Reaching safepoint: 140833 ns, At safepoint: 6542 ns, Total: 147375 ns
[2024-03-11T07:57:12.736+0000][6][safepoint    ] Safepoint "Cleanup", Time since last: 1000741709 ns, Reaching safepoint: 190500 ns, At safepoint: 4291 ns, Total: 194791 ns
[2024-03-11T07:57:13.742+0000][6][safepoint    ] Safepoint "Cleanup", Time since last: 1005601251 ns, Reaching safepoint: 503375 ns, At safepoint: 7750 ns, Total: 511125 ns
[2024-03-11T07:57:14.746+0000][6][safepoint    ] Safepoint "Cleanup", Time since last: 1003810250 ns, Reaching safepoint: 218750 ns, At safepoint: 7542 ns, Total: 226292 ns
[2024-03-11T07:57:15.752+0000][6][safepoint    ] Safepoint "Cleanup", Time since last: 1005292792 ns, Reaching safepoint: 217750 ns, At safepoint: 4333 ns, Total: 222083 ns
[2024-03-11T07:57:16.754+0000][6][safepoint    ] Safepoint "Cleanup", Time since last: 1002282584 ns, Reaching safepoint: 219583 ns, At safepoint: 5167 ns, Total: 224750 ns
[2024-03-11T07:57:17.757+0000][6][safepoint    ] Safepoint "Cleanup", Time since last: 1002438917 ns, Reaching safepoint: 397750 ns, At safepoint: 11209 ns, Total: 408959 ns
[2024-03-11T07:57:18.763+0000][6][safepoint    ] Safepoint "Cleanup", Time since last: 1005266917 ns, Reaching safepoint: 164041 ns, At safepoint: 3417 ns, Total: 167458 ns
[2024-03-11T07:57:19.765+0000][6][safepoint    ] Safepoint "Cleanup", Time since last: 1002359084 ns, Reaching safepoint: 193417 ns, At safepoint: 5291 ns, Total: 198708 ns
[2024-03-11T07:57:20.768+0000][6][safepoint    ] Safepoint "Cleanup", Time since last: 1002688959 ns, Reaching safepoint: 164875 ns, At safepoint: 3667 ns, Total: 168542 ns
[2024-03-11T07:57:21.774+0000][6][safepoint    ] Safepoint "Cleanup", Time since last: 1005952500 ns, Reaching safepoint: 311667 ns, At safepoint: 7125 ns, Total: 318792 ns
[2024-03-11T07:57:22.776+0000][6][safepoint    ] Safepoint "Cleanup", Time since last: 1001642917 ns, Reaching safepoint: 309000 ns, At safepoint: 6167 ns, Total: 315167 ns
[2024-03-11T07:57:23.779+0000][6][safepoint    ] Safepoint "Cleanup", Time since last: 1002473042 ns, Reaching safepoint: 340458 ns, At safepoint: 7417 ns, Total: 347875 ns
[2024-03-11T07:57:24.782+0000][6][safepoint    ] Safepoint "Cleanup", Time since last: 1002396417 ns, Reaching safepoint: 407667 ns, At safepoint: 8875 ns, Total: 416542 ns
[2024-03-11T07:57:25.783+0000][6][safepoint    ] Safepoint "Cleanup", Time since last: 1001059667 ns, Reaching safepoint: 192625 ns, At safepoint: 3166 ns, Total: 195791 ns
[2024-03-11T07:57:26.786+0000][6][safepoint    ] Safepoint "Cleanup", Time since last: 1002588001 ns, Reaching safepoint: 319833 ns, At safepoint: 6542 ns, Total: 326375 ns
[2024-03-11T07:57:27.792+0000][6][safepoint    ] Safepoint "Cleanup", Time since last: 1005239792 ns, Reaching safepoint: 325333 ns, At safepoint: 11375 ns, Total: 336708 ns
[2024-03-11T07:57:28.798+0000][6][safepoint    ] Safepoint "Cleanup", Time since last: 1005718751 ns, Reaching safepoint: 406125 ns, At safepoint: 7958 ns, Total: 414083 ns
[2024-03-11T07:57:29.802+0000][6][safepoint    ] Safepoint "Cleanup", Time since last: 1003551542 ns, Reaching safepoint: 236125 ns, At safepoint: 6459 ns, Total: 242584 ns
[2024-03-11T07:57:30.803+0000][6][safepoint    ] Safepoint "Cleanup", Time since last: 1000784875 ns, Reaching safepoint: 213875 ns, At safepoint: 5166 ns, Total: 219041 ns
[2024-03-11T07:57:31.810+0000][6][safepoint    ] Safepoint "Cleanup", Time since last: 1006347959 ns, Reaching safepoint: 326500 ns, At safepoint: 9667 ns, Total: 336167 ns
[2024-03-11T07:57:32.813+0000][6][safepoint    ] Safepoint "Cleanup", Time since last: 1003180542 ns, Reaching safepoint: 248542 ns, At safepoint: 4750 ns, Total: 253292 ns
[2024-03-11T07:57:33.820+0000][6][safepoint    ] Safepoint "Cleanup", Time since last: 1006405375 ns, Reaching safepoint: 277208 ns, At safepoint: 6834 ns, Total: 284042 ns
[2024-03-11T07:57:34.824+0000][6][safepoint    ] Safepoint "Cleanup", Time since last: 1003479083 ns, Reaching safepoint: 341042 ns, At safepoint: 9042 ns, Total: 350084 ns
[2024-03-11T07:57:35.827+0000][6][safepoint    ] Safepoint "Cleanup", Time since last: 1002986417 ns, Reaching safepoint: 188542 ns, At safepoint: 4333 ns, Total: 192875 ns
[2024-03-11T07:57:36.831+0000][6][safepoint    ] Safepoint "Cleanup", Time since last: 1004076709 ns, Reaching safepoint: 465833 ns, At safepoint: 5875 ns, Total: 471708 ns
[2024-03-11T07:57:37.833+0000][6][safepoint    ] Safepoint "Cleanup", Time since last: 1001718667 ns, Reaching safepoint: 273042 ns, At safepoint: 4875 ns, Total: 277917 ns
[2024-03-11T07:57:38.836+0000][6][safepoint    ] Safepoint "Cleanup", Time since last: 1001798042 ns, Reaching safepoint: 322000 ns, At safepoint: 11208 ns, Total: 333208 ns
[2024-03-11T07:57:40.378+0000][6][safepoint    ] Safepoint "Cleanup", Time since last: 1541127251 ns, Reaching safepoint: 1019958 ns, At safepoint: 19334 ns, Total: 1039292 ns
[2024-03-11T07:57:41.380+0000][6][safepoint    ] Safepoint "Cleanup", Time since last: 1001452459 ns, Reaching safepoint: 346416 ns, At safepoint: 5375 ns, Total: 351791 ns
[2024-03-11T07:57:42.384+0000][6][safepoint    ] Safepoint "Cleanup", Time since last: 1004514876 ns, Reaching safepoint: 197500 ns, At safepoint: 5541 ns, Total: 203041 ns
[2024-03-11T07:57:43.386+0000][6][safepoint    ] Safepoint "Cleanup", Time since last: 1001835709 ns, Reaching safepoint: 172250 ns, At safepoint: 4500 ns, Total: 176750 ns
[2024-03-11T07:57:44.388+0000][6][safepoint    ] Safepoint "Cleanup", Time since last: 1001836126 ns, Reaching safepoint: 265125 ns, At safepoint: 5416 ns, Total: 270541 ns
[2024-03-11T07:57:45.390+0000][6][safepoint    ] Safepoint "Cleanup", Time since last: 1001385751 ns, Reaching safepoint: 413542 ns, At safepoint: 9416 ns, Total: 422958 ns
[2024-03-11T07:57:46.397+0000][6][safepoint    ] Safepoint "Cleanup", Time since last: 1006258667 ns, Reaching safepoint: 290834 ns, At safepoint: 5083 ns, Total: 295917 ns
[2024-03-11T07:57:47.398+0000][6][safepoint    ] Safepoint "Cleanup", Time since last: 1001203875 ns, Reaching safepoint: 132292 ns, At safepoint: 2958 ns, Total: 135250 ns
[2024-03-11T07:57:48.401+0000][6][safepoint    ] Safepoint "Cleanup", Time since last: 1002631043 ns, Reaching safepoint: 197833 ns, At safepoint: 5958 ns, Total: 203791 ns
[2024-03-11T07:57:49.406+0000][6][safepoint    ] Safepoint "Cleanup", Time since last: 1004595167 ns, Reaching safepoint: 287584 ns, At safepoint: 8833 ns, Total: 296417 ns
[2024-03-11T07:57:50.408+0000][6][safepoint    ] Safepoint "Cleanup", Time since last: 1001897542 ns, Reaching safepoint: 270000 ns, At safepoint: 6459 ns, Total: 276459 ns
[2024-03-11T07:57:51.410+0000][6][safepoint    ] Safepoint "Cleanup", Time since last: 1002253875 ns, Reaching safepoint: 230375 ns, At safepoint: 4208 ns, Total: 234583 ns
[2024-03-11T07:57:52.414+0000][6][safepoint    ] Safepoint "Cleanup", Time since last: 1002997043 ns, Reaching safepoint: 338041 ns, At safepoint: 5625 ns, Total: 343666 ns
[2024-03-11T07:57:53.416+0000][6][safepoint    ] Safepoint "Cleanup", Time since last: 1001495834 ns, Reaching safepoint: 184167 ns, At safepoint: 45791 ns, Total: 229958 ns
[2024-03-11T07:57:54.417+0000][6][safepoint    ] Safepoint "Cleanup", Time since last: 1001548709 ns, Reaching safepoint: 181208 ns, At safepoint: 4084 ns, Total: 185292 ns
[2024-03-11T07:57:55.424+0000][6][safepoint    ] Safepoint "Cleanup", Time since last: 1006197334 ns, Reaching safepoint: 266291 ns, At safepoint: 6875 ns, Total: 273166 ns
[2024-03-11T07:57:56.429+0000][6][safepoint    ] Safepoint "Cleanup", Time since last: 1005440251 ns, Reaching safepoint: 269791 ns, At safepoint: 4917 ns, Total: 274708 ns
[2024-03-11T07:57:57.578+0000][6][safepoint    ] Safepoint "Cleanup", Time since last: 1148788167 ns, Reaching safepoint: 270292 ns, At safepoint: 4000 ns, Total: 274292 ns
[2024-03-11T07:57:58.580+0000][6][safepoint    ] Safepoint "Cleanup", Time since last: 1001647292 ns, Reaching safepoint: 255625 ns, At safepoint: 4500 ns, Total: 260125 ns
[2024-03-11T07:57:59.582+0000][6][safepoint    ] Safepoint "Cleanup", Time since last: 1001423334 ns, Reaching safepoint: 176792 ns, At safepoint: 4625 ns, Total: 181417 ns
[2024-03-11T07:58:00.587+0000][6][safepoint    ] Safepoint "Cleanup", Time since last: 1005757916 ns, Reaching safepoint: 375125 ns, At safepoint: 10833 ns, Total: 385958 ns
[2024-03-11T07:58:01.592+0000][6][safepoint    ] Safepoint "Cleanup", Time since last: 1004754501 ns, Reaching safepoint: 480208 ns, At safepoint: 9792 ns, Total: 490000 ns
[2024-03-11T07:58:02.597+0000][6][safepoint    ] Safepoint "Cleanup", Time since last: 1004292917 ns, Reaching safepoint: 291542 ns, At safepoint: 4375 ns, Total: 295917 ns
[2024-03-11T07:58:03.600+0000][6][safepoint    ] Safepoint "Cleanup", Time since last: 1002818459 ns, Reaching safepoint: 221416 ns, At safepoint: 5750 ns, Total: 227166 ns
[2024-03-11T07:58:04.602+0000][6][safepoint    ] Safepoint "Cleanup", Time since last: 1001335251 ns, Reaching safepoint: 169000 ns, At safepoint: 3000 ns, Total: 172000 ns
[2024-03-11T07:58:05.611+0000][6][safepoint    ] Safepoint "Cleanup", Time since last: 1008874625 ns, Reaching safepoint: 170167 ns, At safepoint: 4542 ns, Total: 174709 ns
[2024-03-11T07:58:06.612+0000][6][safepoint    ] Safepoint "Cleanup", Time since last: 1000961625 ns, Reaching safepoint: 161833 ns, At safepoint: 5542 ns, Total: 167375 ns
[2024-03-11T07:58:07.614+0000][6][safepoint    ] Safepoint "Cleanup", Time since last: 1002390750 ns, Reaching safepoint: 115209 ns, At safepoint: 1791 ns, Total: 117000 ns
[2024-03-11T07:58:08.617+0000][6][safepoint    ] Safepoint "Cleanup", Time since last: 1002212334 ns, Reaching safepoint: 222167 ns, At safepoint: 5167 ns, Total: 227334 ns
[2024-03-11T07:58:09.994+0000][6][safepoint    ] Safepoint "Cleanup", Time since last: 1376994709 ns, Reaching safepoint: 384000 ns, At safepoint: 8833 ns, Total: 392833 ns
[2024-03-11T07:58:11.001+0000][6][safepoint    ] Safepoint "Cleanup", Time since last: 1006502375 ns, Reaching safepoint: 225292 ns, At safepoint: 4875 ns, Total: 230167 ns
[2024-03-11T07:58:12.007+0000][6][safepoint    ] Safepoint "Cleanup", Time since last: 1005505292 ns, Reaching safepoint: 247750 ns, At safepoint: 3834 ns, Total: 251584 ns
[2024-03-11T07:58:13.012+0000][6][safepoint    ] Safepoint "Cleanup", Time since last: 1004190042 ns, Reaching safepoint: 1034333 ns, At safepoint: 13125 ns, Total: 1047458 ns
[2024-03-11T07:58:14.015+0000][6][safepoint    ] Safepoint "Cleanup", Time since last: 1002924542 ns, Reaching safepoint: 205917 ns, At safepoint: 4333 ns, Total: 210250 ns
[2024-03-11T07:58:15.020+0000][6][safepoint    ] Safepoint "Cleanup", Time since last: 1004440167 ns, Reaching safepoint: 372709 ns, At safepoint: 5000 ns, Total: 377709 ns
[2024-03-11T07:58:16.026+0000][6][safepoint    ] Safepoint "Cleanup", Time since last: 1005741375 ns, Reaching safepoint: 189583 ns, At safepoint: 3584 ns, Total: 193167 ns
[2024-03-11T07:58:17.028+0000][6][safepoint    ] Safepoint "Cleanup", Time since last: 1001809750 ns, Reaching safepoint: 307500 ns, At safepoint: 5167 ns, Total: 312667 ns
[2024-03-11T07:58:18.033+0000][6][safepoint    ] Safepoint "Cleanup", Time since last: 1005384667 ns, Reaching safepoint: 276250 ns, At safepoint: 4917 ns, Total: 281167 ns
[2024-03-11T07:58:19.040+0000][6][safepoint    ] Safepoint "Cleanup", Time since last: 1005959667 ns, Reaching safepoint: 335917 ns, At safepoint: 5375 ns, Total: 341292 ns
[2024-03-11T07:58:20.046+0000][6][safepoint    ] Safepoint "Cleanup", Time since last: 1005512417 ns, Reaching safepoint: 370958 ns, At safepoint: 4667 ns, Total: 375625 ns
[2024-03-11T07:58:21.048+0000][6][safepoint    ] Safepoint "Cleanup", Time since last: 1001892959 ns, Reaching safepoint: 314708 ns, At safepoint: 5833 ns, Total: 320541 ns
[2024-03-11T07:58:22.051+0000][6][safepoint    ] Safepoint "Cleanup", Time since last: 1003071126 ns, Reaching safepoint: 210958 ns, At safepoint: 7958 ns, Total: 218916 ns
[2024-03-11T07:58:23.053+0000][6][safepoint    ] Safepoint "Cleanup", Time since last: 1001861501 ns, Reaching safepoint: 196458 ns, At safepoint: 5042 ns, Total: 201500 ns
[2024-03-11T07:58:24.059+0000][6][safepoint    ] Safepoint "Cleanup", Time since last: 1005499584 ns, Reaching safepoint: 297833 ns, At safepoint: 6667 ns, Total: 304500 ns
[2024-03-11T07:58:25.062+0000][6][safepoint    ] Safepoint "Cleanup", Time since last: 1002353292 ns, Reaching safepoint: 468916 ns, At safepoint: 5792 ns, Total: 474708 ns
[2024-03-11T07:58:26.065+0000][6][safepoint    ] Safepoint "Cleanup", Time since last: 1002804626 ns, Reaching safepoint: 244375 ns, At safepoint: 4916 ns, Total: 249291 ns
[2024-03-11T07:58:27.068+0000][6][safepoint    ] Safepoint "Cleanup", Time since last: 1002824667 ns, Reaching safepoint: 238750 ns, At safepoint: 4292 ns, Total: 243042 ns
[2024-03-11T07:58:28.070+0000][6][safepoint    ] Safepoint "Cleanup", Time since last: 1001668126 ns, Reaching safepoint: 311125 ns, At safepoint: 6625 ns, Total: 317750 ns
[2024-03-11T07:58:29.076+0000][6][safepoint    ] Safepoint "Cleanup", Time since last: 1005459125 ns, Reaching safepoint: 373542 ns, At safepoint: 7791 ns, Total: 381333 ns
[2024-03-11T07:58:30.080+0000][6][safepoint    ] Safepoint "Cleanup", Time since last: 1003766417 ns, Reaching safepoint: 184209 ns, At safepoint: 3291 ns, Total: 187500 ns
[2024-03-11T07:58:31.086+0000][6][safepoint    ] Safepoint "Cleanup", Time since last: 1005513501 ns, Reaching safepoint: 285166 ns, At safepoint: 5084 ns, Total: 290250 ns
[2024-03-11T07:58:32.088+0000][6][safepoint    ] Safepoint "Cleanup", Time since last: 1001985625 ns, Reaching safepoint: 347167 ns, At safepoint: 6541 ns, Total: 353708 ns
[2024-03-11T07:58:33.095+0000][6][safepoint    ] Safepoint "Cleanup", Time since last: 1006152584 ns, Reaching safepoint: 479792 ns, At safepoint: 9000 ns, Total: 488792 ns
[2024-03-11T07:58:34.099+0000][6][safepoint    ] Safepoint "Cleanup", Time since last: 1003702959 ns, Reaching safepoint: 399833 ns, At safepoint: 6958 ns, Total: 406791 ns
[2024-03-11T07:58:35.105+0000][6][safepoint    ] Safepoint "Cleanup", Time since last: 1005838334 ns, Reaching safepoint: 209250 ns, At safepoint: 5750 ns, Total: 215000 ns
[2024-03-11T07:58:36.109+0000][6][safepoint    ] Safepoint "Cleanup", Time since last: 1003430626 ns, Reaching safepoint: 360958 ns, At safepoint: 4958 ns, Total: 365916 ns
[2024-03-11T07:58:37.113+0000][6][safepoint    ] Safepoint "Cleanup", Time since last: 1003531293 ns, Reaching safepoint: 448291 ns, At safepoint: 6417 ns, Total: 454708 ns
[2024-03-11T07:58:38.115+0000][6][safepoint    ] Safepoint "Cleanup", Time since last: 1001883292 ns, Reaching safepoint: 227042 ns, At safepoint: 3791 ns, Total: 230833 ns
[2024-03-11T07:58:39.116+0000][6][safepoint    ] Safepoint "Cleanup", Time since last: 1001468668 ns, Reaching safepoint: 182000 ns, At safepoint: 4833 ns, Total: 186833 ns
[2024-03-11T07:58:40.389+0000][6][safepoint    ] Safepoint "Cleanup", Time since last: 1271924375 ns, Reaching safepoint: 308625 ns, At safepoint: 7209 ns, Total: 315834 ns
[2024-03-11T07:58:41.392+0000][6][safepoint    ] Safepoint "Cleanup", Time since last: 1002709292 ns, Reaching safepoint: 291542 ns, At safepoint: 13375 ns, Total: 304917 ns
[2024-03-11T07:58:42.398+0000][6][safepoint    ] Safepoint "Cleanup", Time since last: 1005992083 ns, Reaching safepoint: 166334 ns, At safepoint: 3750 ns, Total: 170084 ns
[2024-03-11T07:58:43.399+0000][6][safepoint    ] Safepoint "Cleanup", Time since last: 1000781000 ns, Reaching safepoint: 236250 ns, At safepoint: 9834 ns, Total: 246084 ns
[2024-03-11T07:58:44.405+0000][6][safepoint    ] Safepoint "Cleanup", Time since last: 1005892167 ns, Reaching safepoint: 324833 ns, At safepoint: 8042 ns, Total: 332875 ns
[2024-03-11T07:58:45.412+0000][6][safepoint    ] Safepoint "Cleanup", Time since last: 1006564084 ns, Reaching safepoint: 252333 ns, At safepoint: 5292 ns, Total: 257625 ns
[2024-03-11T07:58:46.414+0000][6][safepoint    ] Safepoint "Cleanup", Time since last: 1002170000 ns, Reaching safepoint: 215500 ns, At safepoint: 4792 ns, Total: 220292 ns
[2024-03-11T07:58:47.420+0000][6][safepoint    ] Safepoint "Cleanup", Time since last: 1005794542 ns, Reaching safepoint: 320375 ns, At safepoint: 8666 ns, Total: 329041 ns
[2024-03-11T07:58:48.427+0000][6][safepoint    ] Safepoint "Cleanup", Time since last: 1006648126 ns, Reaching safepoint: 366750 ns, At safepoint: 5250 ns, Total: 372000 ns
[2024-03-11T07:58:49.431+0000][6][safepoint    ] Safepoint "Cleanup", Time since last: 1003434625 ns, Reaching safepoint: 164709 ns, At safepoint: 2875 ns, Total: 167584 ns
[2024-03-11T07:58:50.433+0000][6][safepoint    ] Safepoint "Cleanup", Time since last: 1001816959 ns, Reaching safepoint: 192541 ns, At safepoint: 3917 ns, Total: 196458 ns
[2024-03-11T07:58:51.439+0000][6][safepoint    ] Safepoint "Cleanup", Time since last: 1005508959 ns, Reaching safepoint: 216291 ns, At safepoint: 4917 ns, Total: 221208 ns
[2024-03-11T07:58:52.443+0000][6][safepoint    ] Safepoint "Cleanup", Time since last: 1004236667 ns, Reaching safepoint: 151834 ns, At safepoint: 4416 ns, Total: 156250 ns
[2024-03-11T07:58:53.449+0000][6][safepoint    ] Safepoint "Cleanup", Time since last: 1005480459 ns, Reaching safepoint: 193292 ns, At safepoint: 3708 ns, Total: 197000 ns
[2024-03-11T07:58:54.455+0000][6][safepoint    ] Safepoint "Cleanup", Time since last: 1005776917 ns, Reaching safepoint: 176583 ns, At safepoint: 3542 ns, Total: 180125 ns
[2024-03-11T07:58:55.456+0000][6][safepoint    ] Safepoint "Cleanup", Time since last: 1000945501 ns, Reaching safepoint: 443041 ns, At safepoint: 4834 ns, Total: 447875 ns
[2024-03-11T07:58:56.459+0000][6][safepoint    ] Safepoint "Cleanup", Time since last: 1002941542 ns, Reaching safepoint: 266291 ns, At safepoint: 12334 ns, Total: 278625 ns
[2024-03-11T07:58:57.461+0000][6][safepoint    ] Safepoint "Cleanup", Time since last: 1001727250 ns, Reaching safepoint: 192792 ns, At safepoint: 4500 ns, Total: 197292 ns
[2024-03-11T07:58:58.468+0000][6][safepoint    ] Safepoint "Cleanup", Time since last: 1006342084 ns, Reaching safepoint: 266958 ns, At safepoint: 6542 ns, Total: 273500 ns
[2024-03-11T07:58:59.473+0000][6][safepoint    ] Safepoint "Cleanup", Time since last: 1004503667 ns, Reaching safepoint: 338875 ns, At safepoint: 6833 ns, Total: 345708 ns
[2024-03-11T07:59:00.481+0000][6][safepoint    ] Safepoint "Cleanup", Time since last: 1006194708 ns, Reaching safepoint: 334834 ns, At safepoint: 9458 ns, Total: 344292 ns
[2024-03-11T07:59:01.487+0000][6][safepoint    ] Safepoint "Cleanup", Time since last: 1006266876 ns, Reaching safepoint: 259583 ns, At safepoint: 10125 ns, Total: 269708 ns
[2024-03-11T07:59:02.490+0000][6][safepoint    ] Safepoint "Cleanup", Time since last: 1002941917 ns, Reaching safepoint: 330208 ns, At safepoint: 6250 ns, Total: 336458 ns
[2024-03-11T07:59:03.494+0000][6][safepoint    ] Safepoint "Cleanup", Time since last: 1003648501 ns, Reaching safepoint: 349458 ns, At safepoint: 4417 ns, Total: 353875 ns
[2024-03-11T07:59:04.496+0000][6][safepoint    ] Safepoint "Cleanup", Time since last: 1001884167 ns, Reaching safepoint: 91375 ns, At safepoint: 1958 ns, Total: 93333 ns
[2024-03-11T07:59:05.503+0000][6][safepoint    ] Safepoint "Cleanup", Time since last: 1006099792 ns, Reaching safepoint: 256584 ns, At safepoint: 8458 ns, Total: 265042 ns
[2024-03-11T07:59:06.504+0000][6][safepoint    ] Safepoint "Cleanup", Time since last: 1001081417 ns, Reaching safepoint: 138709 ns, At safepoint: 2791 ns, Total: 141500 ns
[2024-03-11T07:59:07.506+0000][6][safepoint    ] Safepoint "Cleanup", Time since last: 1001269292 ns, Reaching safepoint: 304834 ns, At safepoint: 5416 ns, Total: 310250 ns
[2024-03-11T07:59:08.512+0000][6][safepoint    ] Safepoint "Cleanup", Time since last: 1005919626 ns, Reaching safepoint: 330583 ns, At safepoint: 4584 ns, Total: 335167 ns
[2024-03-11T07:59:09.515+0000][6][safepoint    ] Safepoint "Cleanup", Time since last: 1002597250 ns, Reaching safepoint: 270917 ns, At safepoint: 6458 ns, Total: 277375 ns
[2024-03-11T07:59:10.517+0000][6][safepoint    ] Safepoint "Cleanup", Time since last: 1001954959 ns, Reaching safepoint: 184542 ns, At safepoint: 6125 ns, Total: 190667 ns
[2024-03-11T07:59:11.518+0000][6][safepoint    ] Safepoint "Cleanup", Time since last: 1001172333 ns, Reaching safepoint: 232000 ns, At safepoint: 4834 ns, Total: 236834 ns
[2024-03-11T07:59:12.525+0000][6][safepoint    ] Safepoint "Cleanup", Time since last: 1006834500 ns, Reaching safepoint: 188333 ns, At safepoint: 3500 ns, Total: 191833 ns
[2024-03-11T07:59:13.529+0000][6][safepoint    ] Safepoint "Cleanup", Time since last: 1003307293 ns, Reaching safepoint: 465458 ns, At safepoint: 5333 ns, Total: 470791 ns
[2024-03-11T07:59:14.533+0000][6][safepoint    ] Safepoint "Cleanup", Time since last: 1003664376 ns, Reaching safepoint: 116500 ns, At safepoint: 4000 ns, Total: 120500 ns
[2024-03-11T07:59:15.545+0000][6][safepoint    ] Safepoint "Cleanup", Time since last: 1011959000 ns, Reaching safepoint: 259625 ns, At safepoint: 4000 ns, Total: 263625 ns
[2024-03-11T07:59:16.551+0000][6][safepoint    ] Safepoint "Cleanup", Time since last: 1005290042 ns, Reaching safepoint: 404500 ns, At safepoint: 7709 ns, Total: 412209 ns
[2024-03-11T07:59:17.554+0000][6][safepoint    ] Safepoint "Cleanup", Time since last: 1002761209 ns, Reaching safepoint: 144833 ns, At safepoint: 4125 ns, Total: 148958 ns
[2024-03-11T07:59:18.560+0000][6][safepoint    ] Safepoint "Cleanup", Time since last: 1006039834 ns, Reaching safepoint: 451666 ns, At safepoint: 4750 ns, Total: 456416 ns
[2024-03-11T07:59:19.563+0000][6][safepoint    ] Safepoint "Cleanup", Time since last: 1003023501 ns, Reaching safepoint: 216166 ns, At safepoint: 4292 ns, Total: 220458 ns
[2024-03-11T07:59:20.568+0000][6][safepoint    ] Safepoint "Cleanup", Time since last: 1004680084 ns, Reaching safepoint: 221125 ns, At safepoint: 3917 ns, Total: 225042 ns
[2024-03-11T07:59:21.570+0000][6][safepoint    ] Safepoint "Cleanup", Time since last: 1001803000 ns, Reaching safepoint: 245292 ns, At safepoint: 8750 ns, Total: 254042 ns
[2024-03-11T07:59:22.572+0000][6][safepoint    ] Safepoint "Cleanup", Time since last: 1001139167 ns, Reaching safepoint: 383208 ns, At safepoint: 7375 ns, Total: 390583 ns
[2024-03-11T07:59:23.578+0000][6][safepoint    ] Safepoint "Cleanup", Time since last: 1005494084 ns, Reaching safepoint: 514667 ns, At safepoint: 17250 ns, Total: 531917 ns
[2024-03-11T07:59:24.583+0000][6][safepoint    ] Safepoint "Cleanup", Time since last: 1004691042 ns, Reaching safepoint: 321625 ns, At safepoint: 7250 ns, Total: 328875 ns
[2024-03-11T07:59:25.587+0000][6][safepoint    ] Safepoint "Cleanup", Time since last: 1003915875 ns, Reaching safepoint: 445250 ns, At safepoint: 5584 ns, Total: 450834 ns
[2024-03-11T07:59:26.594+0000][6][safepoint    ] Safepoint "Cleanup", Time since last: 1006545000 ns, Reaching safepoint: 223417 ns, At safepoint: 6958 ns, Total: 230375 ns
[2024-03-11T07:59:27.600+0000][6][safepoint    ] Safepoint "Cleanup", Time since last: 1005507084 ns, Reaching safepoint: 129958 ns, At safepoint: 20542 ns, Total: 150500 ns
[2024-03-11T07:59:28.606+0000][6][safepoint    ] Safepoint "Cleanup", Time since last: 1005833542 ns, Reaching safepoint: 243792 ns, At safepoint: 5583 ns, Total: 249375 ns
[2024-03-11T07:59:29.607+0000][6][safepoint    ] Safepoint "Cleanup", Time since last: 1000711751 ns, Reaching safepoint: 243375 ns, At safepoint: 4000 ns, Total: 247375 ns
[2024-03-11T07:59:30.608+0000][6][safepoint    ] Safepoint "Cleanup", Time since last: 1001532666 ns, Reaching safepoint: 1303625 ns, At safepoint: 25583 ns, Total: 1329208 ns
[2024-03-11T07:59:31.613+0000][6][safepoint    ] Safepoint "Cleanup", Time since last: 1004375918 ns, Reaching safepoint: 280291 ns, At safepoint: 14750 ns, Total: 295041 ns
[2024-03-11T07:59:32.616+0000][6][safepoint    ] Safepoint "Cleanup", Time since last: 1002523292 ns, Reaching safepoint: 269209 ns, At safepoint: 17041 ns, Total: 286250 ns
[2024-03-11T07:59:33.619+0000][6][safepoint    ] Safepoint "Cleanup", Time since last: 1002366001 ns, Reaching safepoint: 519208 ns, At safepoint: 17667 ns, Total: 536875 ns
[2024-03-11T07:59:34.626+0000][6][safepoint    ] Safepoint "Cleanup", Time since last: 1006759000 ns, Reaching safepoint: 511125 ns, At safepoint: 6125 ns, Total: 517250 ns
[2024-03-11T07:59:35.628+0000][6][safepoint    ] Safepoint "Cleanup", Time since last: 1001570001 ns, Reaching safepoint: 349958 ns, At safepoint: 5417 ns, Total: 355375 ns
[2024-03-11T07:59:36.631+0000][6][safepoint    ] Safepoint "Cleanup", Time since last: 1002676167 ns, Reaching safepoint: 252125 ns, At safepoint: 13208 ns, Total: 265333 ns
[2024-03-11T07:59:37.732+0000][6][safepoint    ] Safepoint "Cleanup", Time since last: 1101462418 ns, Reaching safepoint: 259208 ns, At safepoint: 5958 ns, Total: 265166 ns
[2024-03-11T07:59:38.737+0000][6][safepoint    ] Safepoint "Cleanup", Time since last: 1004018209 ns, Reaching safepoint: 461375 ns, At safepoint: 7458 ns, Total: 468833 ns
[2024-03-11T07:59:39.739+0000][6][safepoint    ] Safepoint "Cleanup", Time since last: 1001509834 ns, Reaching safepoint: 397375 ns, At safepoint: 11542 ns, Total: 408917 ns
[2024-03-11T07:59:40.742+0000][6][safepoint    ] Safepoint "Cleanup", Time since last: 1003104625 ns, Reaching safepoint: 362375 ns, At safepoint: 8625 ns, Total: 371000 ns
[2024-03-11T07:59:41.744+0000][6][safepoint    ] Safepoint "Cleanup", Time since last: 1001463542 ns, Reaching safepoint: 128750 ns, At safepoint: 4250 ns, Total: 133000 ns
[2024-03-11T07:59:42.747+0000][6][safepoint    ] Safepoint "Cleanup", Time since last: 1002944626 ns, Reaching safepoint: 128125 ns, At safepoint: 5250 ns, Total: 133375 ns
[2024-03-11T07:59:43.749+0000][6][safepoint    ] Safepoint "Cleanup", Time since last: 1001772375 ns, Reaching safepoint: 91834 ns, At safepoint: 2958 ns, Total: 94792 ns
[2024-03-11T07:59:44.752+0000][6][safepoint    ] Safepoint "Cleanup", Time since last: 1002675792 ns, Reaching safepoint: 238334 ns, At safepoint: 5833 ns, Total: 244167 ns
[2024-03-11T07:59:45.757+0000][6][safepoint    ] Safepoint "Cleanup", Time since last: 1004728250 ns, Reaching safepoint: 158834 ns, At safepoint: 3041 ns, Total: 161875 ns
[2024-03-11T07:59:46.759+0000][6][safepoint    ] Safepoint "Cleanup", Time since last: 1001316584 ns, Reaching safepoint: 469333 ns, At safepoint: 7125 ns, Total: 476458 ns
[2024-03-11T07:59:47.763+0000][6][safepoint    ] Safepoint "Cleanup", Time since last: 1004353334 ns, Reaching safepoint: 232292 ns, At safepoint: 5333 ns, Total: 237625 ns
[2024-03-11T07:59:48.765+0000][6][safepoint    ] Safepoint "Cleanup", Time since last: 1001494584 ns, Reaching safepoint: 449625 ns, At safepoint: 5667 ns, Total: 455292 ns
[2024-03-11T07:59:49.768+0000][6][safepoint    ] Safepoint "Cleanup", Time since last: 1002768792 ns, Reaching safepoint: 290875 ns, At safepoint: 8125 ns, Total: 299000 ns
[2024-03-11T07:59:50.770+0000][6][safepoint    ] Safepoint "Cleanup", Time since last: 1001314750 ns, Reaching safepoint: 163459 ns, At safepoint: 4916 ns, Total: 168375 ns
[2024-03-11T07:59:51.772+0000][6][safepoint    ] Safepoint "Cleanup", Time since last: 1002014793 ns, Reaching safepoint: 371250 ns, At safepoint: 3375 ns, Total: 374625 ns
[2024-03-11T07:59:52.774+0000][6][safepoint    ] Safepoint "Cleanup", Time since last: 1001464292 ns, Reaching safepoint: 122833 ns, At safepoint: 1458 ns, Total: 124291 ns
[2024-03-11T07:59:53.775+0000][6][safepoint    ] Safepoint "Cleanup", Time since last: 1000967417 ns, Reaching safepoint: 101417 ns, At safepoint: 2917 ns, Total: 104334 ns
[2024-03-11T07:59:54.782+0000][6][safepoint    ] Safepoint "Cleanup", Time since last: 1006727042 ns, Reaching safepoint: 174083 ns, At safepoint: 4167 ns, Total: 178250 ns
[2024-03-11T07:59:55.783+0000][6][safepoint    ] Safepoint "Cleanup", Time since last: 1001770459 ns, Reaching safepoint: 122291 ns, At safepoint: 2500 ns, Total: 124791 ns
[2024-03-11T07:59:56.785+0000][6][safepoint    ] Safepoint "Cleanup", Time since last: 1001514501 ns, Reaching safepoint: 160625 ns, At safepoint: 5792 ns, Total: 166417 ns
[2024-03-11T07:59:57.789+0000][6][safepoint    ] Safepoint "Cleanup", Time since last: 1001679667 ns, Reaching safepoint: 1652375 ns, At safepoint: 25916 ns, Total: 1678291 ns
[2024-03-11T07:59:58.791+0000][6][safepoint    ] Safepoint "Cleanup", Time since last: 1001878501 ns, Reaching safepoint: 123708 ns, At safepoint: 2709 ns, Total: 126417 ns
[2024-03-11T07:59:59.792+0000][6][safepoint    ] Safepoint "Cleanup", Time since last: 1001033875 ns, Reaching safepoint: 136750 ns, At safepoint: 2417 ns, Total: 139167 ns
[2024-03-11T08:00:00.793+0000][6][safepoint    ] Safepoint "Cleanup", Time since last: 1001581833 ns, Reaching safepoint: 250750 ns, At safepoint: 4666 ns, Total: 255416 ns
[2024-03-11T08:00:01.797+0000][6][safepoint    ] Safepoint "Cleanup", Time since last: 1003719459 ns, Reaching safepoint: 453292 ns, At safepoint: 6791 ns, Total: 460083 ns
[2024-03-11T08:00:03.434+0000][6][safepoint    ] Safepoint "Cleanup", Time since last: 1637417084 ns, Reaching safepoint: 164500 ns, At safepoint: 4667 ns, Total: 169167 ns
[2024-03-11T08:00:04.436+0000][6][safepoint    ] Safepoint "Cleanup", Time since last: 1001390876 ns, Reaching safepoint: 231333 ns, At safepoint: 19333 ns, Total: 250666 ns
[2024-03-11T08:00:05.439+0000][6][safepoint    ] Safepoint "Cleanup", Time since last: 1002474834 ns, Reaching safepoint: 102208 ns, At safepoint: 3375 ns, Total: 105583 ns
[2024-03-11T08:00:06.440+0000][6][safepoint    ] Safepoint "Cleanup", Time since last: 1001043209 ns, Reaching safepoint: 211375 ns, At safepoint: 19500 ns, Total: 230875 ns
[2024-03-11T08:00:07.444+0000][6][safepoint    ] Safepoint "Cleanup", Time since last: 1003474334 ns, Reaching safepoint: 171625 ns, At safepoint: 3417 ns, Total: 175042 ns
[2024-03-11T08:00:08.447+0000][6][safepoint    ] Safepoint "Cleanup", Time since last: 1002736542 ns, Reaching safepoint: 204875 ns, At safepoint: 4875 ns, Total: 209750 ns
[2024-03-11T08:00:09.448+0000][6][safepoint    ] Safepoint "Cleanup", Time since last: 1001243417 ns, Reaching safepoint: 443125 ns, At safepoint: 9625 ns, Total: 452750 ns
[2024-03-11T08:00:10.450+0000][6][safepoint    ] Safepoint "Cleanup", Time since last: 1001887500 ns, Reaching safepoint: 284334 ns, At safepoint: 3666 ns, Total: 288000 ns
[2024-03-11T08:00:11.454+0000][6][safepoint    ] Safepoint "Cleanup", Time since last: 1003129543 ns, Reaching safepoint: 261166 ns, At safepoint: 5792 ns, Total: 266958 ns
[2024-03-11T08:00:12.456+0000][6][safepoint    ] Safepoint "Cleanup", Time since last: 1002364834 ns, Reaching safepoint: 247875 ns, At safepoint: 5375 ns, Total: 253250 ns
[2024-03-11T08:00:13.463+0000][6][safepoint    ] Safepoint "Cleanup", Time since last: 1005821209 ns, Reaching safepoint: 507708 ns, At safepoint: 6542 ns, Total: 514250 ns
[2024-03-11T08:00:14.464+0000][6][safepoint    ] Safepoint "Cleanup", Time since last: 1001383542 ns, Reaching safepoint: 236208 ns, At safepoint: 4750 ns, Total: 240958 ns
[2024-03-11T08:00:15.466+0000][6][safepoint    ] Safepoint "Cleanup", Time since last: 1000910376 ns, Reaching safepoint: 247458 ns, At safepoint: 4417 ns, Total: 251875 ns
[2024-03-11T08:00:16.472+0000][6][safepoint    ] Safepoint "Cleanup", Time since last: 1006013083 ns, Reaching safepoint: 192917 ns, At safepoint: 6958 ns, Total: 199875 ns
[2024-03-11T08:00:17.475+0000][6][safepoint    ] Safepoint "Cleanup", Time since last: 1002410084 ns, Reaching safepoint: 906458 ns, At safepoint: 15917 ns, Total: 922375 ns
[2024-03-11T08:00:18.482+0000][6][safepoint    ] Safepoint "Cleanup", Time since last: 1006228709 ns, Reaching safepoint: 233750 ns, At safepoint: 5000 ns, Total: 238750 ns
[2024-03-11T08:00:19.488+0000][6][safepoint    ] Safepoint "Cleanup", Time since last: 1006151125 ns, Reaching safepoint: 280417 ns, At safepoint: 6792 ns, Total: 287209 ns
[2024-03-11T08:00:20.494+0000][6][safepoint    ] Safepoint "Cleanup", Time since last: 1005377292 ns, Reaching safepoint: 247292 ns, At safepoint: 4500 ns, Total: 251792 ns
[2024-03-11T08:00:21.497+0000][6][safepoint    ] Safepoint "Cleanup", Time since last: 1003414458 ns, Reaching safepoint: 169875 ns, At safepoint: 5334 ns, Total: 175209 ns
[2024-03-11T08:00:22.499+0000][6][safepoint    ] Safepoint "Cleanup", Time since last: 1001623000 ns, Reaching safepoint: 259834 ns, At safepoint: 4875 ns, Total: 264709 ns
[2024-03-11T08:00:23.501+0000][6][safepoint    ] Safepoint "Cleanup", Time since last: 1001950292 ns, Reaching safepoint: 164875 ns, At safepoint: 3000 ns, Total: 167875 ns
[2024-03-11T08:00:24.507+0000][6][safepoint    ] Safepoint "Cleanup", Time since last: 1005296250 ns, Reaching safepoint: 227834 ns, At safepoint: 7208 ns, Total: 235042 ns
[2024-03-11T08:00:25.513+0000][6][safepoint    ] Safepoint "Cleanup", Time since last: 1005863875 ns, Reaching safepoint: 168875 ns, At safepoint: 3875 ns, Total: 172750 ns
[2024-03-11T08:00:26.519+0000][6][safepoint    ] Safepoint "Cleanup", Time since last: 1005785459 ns, Reaching safepoint: 194625 ns, At safepoint: 6458 ns, Total: 201083 ns
[2024-03-11T08:00:27.523+0000][6][safepoint    ] Safepoint "Cleanup", Time since last: 1003720001 ns, Reaching safepoint: 198042 ns, At safepoint: 4708 ns, Total: 202750 ns
[2024-03-11T08:00:28.526+0000][6][safepoint    ] Safepoint "Cleanup", Time since last: 1002573334 ns, Reaching safepoint: 362333 ns, At safepoint: 5583 ns, Total: 367916 ns
[2024-03-11T08:00:29.532+0000][6][safepoint    ] Safepoint "Cleanup", Time since last: 1005999251 ns, Reaching safepoint: 187333 ns, At safepoint: 4959 ns, Total: 192292 ns
[2024-03-11T08:00:30.534+0000][6][safepoint    ] Safepoint "Cleanup", Time since last: 1001015208 ns, Reaching safepoint: 265666 ns, At safepoint: 5917 ns, Total: 271583 ns
[2024-03-11T08:00:31.540+0000][6][safepoint    ] Safepoint "Cleanup", Time since last: 1006407292 ns, Reaching safepoint: 137375 ns, At safepoint: 2959 ns, Total: 140334 ns
[2024-03-11T08:00:32.542+0000][6][safepoint    ] Safepoint "Cleanup", Time since last: 1001033667 ns, Reaching safepoint: 327625 ns, At safepoint: 4916 ns, Total: 332541 ns
[2024-03-11T08:00:33.546+0000][6][safepoint    ] Safepoint "Cleanup", Time since last: 1004117918 ns, Reaching safepoint: 200791 ns, At safepoint: 4125 ns, Total: 204916 ns
[2024-03-11T08:00:34.550+0000][6][safepoint    ] Safepoint "Cleanup", Time since last: 1003374542 ns, Reaching safepoint: 281042 ns, At safepoint: 5458 ns, Total: 286500 ns
[2024-03-11T08:00:35.551+0000][6][safepoint    ] Safepoint "Cleanup", Time since last: 1000896084 ns, Reaching safepoint: 272125 ns, At safepoint: 5875 ns, Total: 278000 ns
[2024-03-11T08:00:36.553+0000][6][safepoint    ] Safepoint "Cleanup", Time since last: 1002316209 ns, Reaching safepoint: 226542 ns, At safepoint: 6875 ns, Total: 233417 ns
[2024-03-11T08:00:37.556+0000][6][safepoint    ] Safepoint "Cleanup", Time since last: 1002335167 ns, Reaching safepoint: 290875 ns, At safepoint: 8166 ns, Total: 299041 ns
[2024-03-11T08:00:39.053+0000][6][safepoint    ] Safepoint "Cleanup", Time since last: 1496218834 ns, Reaching safepoint: 403250 ns, At safepoint: 5042 ns, Total: 408292 ns
[2024-03-11T08:00:40.056+0000][6][safepoint    ] Safepoint "Cleanup", Time since last: 1003252376 ns, Reaching safepoint: 420291 ns, At safepoint: 9334 ns, Total: 429625 ns
[2024-03-11T08:00:41.062+0000][6][safepoint    ] Safepoint "Cleanup", Time since last: 1004968792 ns, Reaching safepoint: 384583 ns, At safepoint: 5167 ns, Total: 389750 ns
[2024-03-11T08:00:42.063+0000][6][safepoint    ] Safepoint "Cleanup", Time since last: 1000600542 ns, Reaching safepoint: 459625 ns, At safepoint: 4958 ns, Total: 464583 ns
[2024-03-11T08:00:43.068+0000][6][safepoint    ] Safepoint "Cleanup", Time since last: 1004857751 ns, Reaching safepoint: 859958 ns, At safepoint: 11083 ns, Total: 871041 ns
[2024-03-11T08:00:44.074+0000][6][safepoint    ] Safepoint "Cleanup", Time since last: 1004747959 ns, Reaching safepoint: 308292 ns, At safepoint: 16000 ns, Total: 324292 ns
[2024-03-11T08:00:45.078+0000][6][safepoint    ] Safepoint "Cleanup", Time since last: 1004120459 ns, Reaching safepoint: 381333 ns, At safepoint: 8708 ns, Total: 390041 ns
[2024-03-11T08:00:46.080+0000][6][safepoint    ] Safepoint "Cleanup", Time since last: 1001873459 ns, Reaching safepoint: 166167 ns, At safepoint: 3791 ns, Total: 169958 ns
[2024-03-11T08:00:47.082+0000][6][safepoint    ] Safepoint "Cleanup", Time since last: 1001457959 ns, Reaching safepoint: 527875 ns, At safepoint: 5834 ns, Total: 533709 ns
[2024-03-11T08:00:48.087+0000][6][safepoint    ] Safepoint "Cleanup", Time since last: 1004836750 ns, Reaching safepoint: 345583 ns, At safepoint: 9417 ns, Total: 355000 ns
[2024-03-11T08:00:49.091+0000][6][safepoint    ] Safepoint "Cleanup", Time since last: 1002915126 ns, Reaching safepoint: 400791 ns, At safepoint: 7084 ns, Total: 407875 ns
[2024-03-11T08:00:50.095+0000][6][safepoint    ] Safepoint "Cleanup", Time since last: 1004414125 ns, Reaching safepoint: 271125 ns, At safepoint: 4708 ns, Total: 275833 ns
[2024-03-11T08:00:51.097+0000][6][safepoint    ] Safepoint "Cleanup", Time since last: 1001186584 ns, Reaching safepoint: 269542 ns, At safepoint: 4875 ns, Total: 274417 ns
[2024-03-11T08:00:52.099+0000][6][safepoint    ] Safepoint "Cleanup", Time since last: 1001931917 ns, Reaching safepoint: 203917 ns, At safepoint: 4291 ns, Total: 208208 ns
[2024-03-11T08:00:53.102+0000][6][safepoint    ] Safepoint "Cleanup", Time since last: 1003031751 ns, Reaching safepoint: 374167 ns, At safepoint: 4916 ns, Total: 379083 ns
[2024-03-11T08:00:54.104+0000][6][safepoint    ] Safepoint "Cleanup", Time since last: 1001429376 ns, Reaching safepoint: 253583 ns, At safepoint: 4625 ns, Total: 258208 ns
[2024-03-11T08:00:55.108+0000][6][safepoint    ] Safepoint "Cleanup", Time since last: 1003916000 ns, Reaching safepoint: 296792 ns, At safepoint: 5208 ns, Total: 302000 ns
[2024-03-11T08:00:56.110+0000][6][safepoint    ] Safepoint "Cleanup", Time since last: 1001810668 ns, Reaching safepoint: 327125 ns, At safepoint: 4875 ns, Total: 332000 ns
[2024-03-11T08:00:57.114+0000][6][safepoint    ] Safepoint "Cleanup", Time since last: 1003132000 ns, Reaching safepoint: 395500 ns, At safepoint: 8875 ns, Total: 404375 ns
[2024-03-11T08:00:58.116+0000][6][safepoint    ] Safepoint "Cleanup", Time since last: 1001918542 ns, Reaching safepoint: 187875 ns, At safepoint: 4417 ns, Total: 192292 ns
[2024-03-11T08:00:59.119+0000][6][safepoint    ] Safepoint "Cleanup", Time since last: 1002394000 ns, Reaching safepoint: 199084 ns, At safepoint: 4333 ns, Total: 203417 ns
[2024-03-11T08:01:00.123+0000][6][safepoint    ] Safepoint "Cleanup", Time since last: 1005063292 ns, Reaching safepoint: 190875 ns, At safepoint: 4167 ns, Total: 195042 ns
[2024-03-11T08:01:01.127+0000][6][safepoint    ] Safepoint "Cleanup", Time since last: 1003898167 ns, Reaching safepoint: 276458 ns, At safepoint: 5208 ns, Total: 281666 ns
[2024-03-11T08:01:02.130+0000][6][safepoint    ] Safepoint "Cleanup", Time since last: 1002406667 ns, Reaching safepoint: 285459 ns, At safepoint: 8833 ns, Total: 294292 ns
[2024-03-11T08:01:03.136+0000][6][safepoint    ] Safepoint "Cleanup", Time since last: 1006176876 ns, Reaching safepoint: 282375 ns, At safepoint: 6250 ns, Total: 288625 ns
[2024-03-11T08:01:04.139+0000][6][safepoint    ] Safepoint "Cleanup", Time since last: 1002421792 ns, Reaching safepoint: 295291 ns, At safepoint: 9209 ns, Total: 304500 ns
[2024-03-11T08:01:05.141+0000][6][safepoint    ] Safepoint "Cleanup", Time since last: 1002155750 ns, Reaching safepoint: 200375 ns, At safepoint: 4459 ns, Total: 204834 ns
[2024-03-11T08:01:06.143+0000][6][safepoint    ] Safepoint "Cleanup", Time since last: 1001366167 ns, Reaching safepoint: 356291 ns, At safepoint: 8917 ns, Total: 365208 ns
[2024-03-11T08:01:07.149+0000][6][safepoint    ] Safepoint "Cleanup", Time since last: 1005702167 ns, Reaching safepoint: 189667 ns, At safepoint: 4417 ns, Total: 194084 ns
[2024-03-11T08:01:08.480+0000][6][safepoint    ] Safepoint "Cleanup", Time since last: 1330983667 ns, Reaching safepoint: 202917 ns, At safepoint: 4666 ns, Total: 207583 ns
[2024-03-11T08:01:09.483+0000][6][safepoint    ] Safepoint "Cleanup", Time since last: 1002498417 ns, Reaching safepoint: 176625 ns, At safepoint: 4625 ns, Total: 181250 ns
[2024-03-11T08:01:10.485+0000][6][safepoint    ] Safepoint "Cleanup", Time since last: 1002020626 ns, Reaching safepoint: 226125 ns, At safepoint: 7750 ns, Total: 233875 ns
[2024-03-11T08:01:11.489+0000][6][safepoint    ] Safepoint "Cleanup", Time since last: 1003727250 ns, Reaching safepoint: 231584 ns, At safepoint: 6208 ns, Total: 237792 ns
[2024-03-11T08:01:12.493+0000][6][safepoint    ] Safepoint "Cleanup", Time since last: 1003426500 ns, Reaching safepoint: 363875 ns, At safepoint: 8000 ns, Total: 371875 ns
[2024-03-11T08:01:13.495+0000][6][safepoint    ] Safepoint "Cleanup", Time since last: 1002239918 ns, Reaching safepoint: 225708 ns, At safepoint: 5292 ns, Total: 231000 ns
[2024-03-11T08:01:14.500+0000][6][safepoint    ] Safepoint "Cleanup", Time since last: 1004370625 ns, Reaching safepoint: 314875 ns, At safepoint: 5792 ns, Total: 320667 ns
[2024-03-11T08:01:15.506+0000][6][safepoint    ] Safepoint "Cleanup", Time since last: 1006063417 ns, Reaching safepoint: 309250 ns, At safepoint: 4958 ns, Total: 314208 ns
[2024-03-11T08:01:16.512+0000][6][safepoint    ] Safepoint "Cleanup", Time since last: 1005884959 ns, Reaching safepoint: 135583 ns, At safepoint: 3375 ns, Total: 138958 ns
[2024-03-11T08:01:17.515+0000][6][safepoint    ] Safepoint "Cleanup", Time since last: 1002808751 ns, Reaching safepoint: 266250 ns, At safepoint: 5875 ns, Total: 272125 ns
[2024-03-11T08:01:18.517+0000][6][safepoint    ] Safepoint "Cleanup", Time since last: 1000795459 ns, Reaching safepoint: 309000 ns, At safepoint: 8666 ns, Total: 317666 ns
[2024-03-11T08:01:19.524+0000][6][safepoint    ] Safepoint "Cleanup", Time since last: 1006767042 ns, Reaching safepoint: 598000 ns, At safepoint: 10500 ns, Total: 608500 ns
[2024-03-11T08:01:20.531+0000][6][safepoint    ] Safepoint "Cleanup", Time since last: 1006353501 ns, Reaching safepoint: 321000 ns, At safepoint: 5333 ns, Total: 326333 ns
[2024-03-11T08:01:21.537+0000][6][safepoint    ] Safepoint "Cleanup", Time since last: 1006589084 ns, Reaching safepoint: 217667 ns, At safepoint: 5625 ns, Total: 223292 ns
[2024-03-11T08:01:22.542+0000][6][safepoint    ] Safepoint "Cleanup", Time since last: 1004387334 ns, Reaching safepoint: 276208 ns, At safepoint: 4458 ns, Total: 280666 ns
[2024-03-11T08:01:23.545+0000][6][safepoint    ] Safepoint "Cleanup", Time since last: 1002985334 ns, Reaching safepoint: 230708 ns, At safepoint: 4625 ns, Total: 235333 ns
[2024-03-11T08:01:24.550+0000][6][safepoint    ] Safepoint "Cleanup", Time since last: 1004370126 ns, Reaching safepoint: 271875 ns, At safepoint: 15292 ns, Total: 287167 ns
[2024-03-11T08:01:25.552+0000][6][safepoint    ] Safepoint "Cleanup", Time since last: 1002338417 ns, Reaching safepoint: 155250 ns, At safepoint: 3125 ns, Total: 158375 ns
[2024-03-11T08:01:26.554+0000][6][safepoint    ] Safepoint "Cleanup", Time since last: 1001091292 ns, Reaching safepoint: 171041 ns, At safepoint: 3459 ns, Total: 174500 ns
[2024-03-11T08:01:27.560+0000][6][safepoint    ] Safepoint "Cleanup", Time since last: 1006465500 ns, Reaching safepoint: 211584 ns, At safepoint: 6958 ns, Total: 218542 ns
[2024-03-11T08:01:28.566+0000][6][safepoint    ] Safepoint "Cleanup", Time since last: 1005448042 ns, Reaching safepoint: 213167 ns, At safepoint: 3833 ns, Total: 217000 ns
[2024-03-11T08:01:29.571+0000][6][safepoint    ] Safepoint "Cleanup", Time since last: 1004186292 ns, Reaching safepoint: 284709 ns, At safepoint: 6750 ns, Total: 291459 ns
[2024-03-11T08:01:30.573+0000][6][safepoint    ] Safepoint "Cleanup", Time since last: 1001650416 ns, Reaching safepoint: 158375 ns, At safepoint: 3792 ns, Total: 162167 ns
[2024-03-11T08:01:31.579+0000][6][safepoint    ] Safepoint "Cleanup", Time since last: 1005852000 ns, Reaching safepoint: 232417 ns, At safepoint: 5500 ns, Total: 237917 ns
[2024-03-11T08:01:32.584+0000][6][safepoint    ] Safepoint "Cleanup", Time since last: 1005131750 ns, Reaching safepoint: 361875 ns, At safepoint: 7792 ns, Total: 369667 ns
[2024-03-11T08:01:33.587+0000][6][safepoint    ] Safepoint "Cleanup", Time since last: 1001912042 ns, Reaching safepoint: 684167 ns, At safepoint: 8333 ns, Total: 692500 ns
[2024-03-11T08:01:34.591+0000][6][safepoint    ] Safepoint "Cleanup", Time since last: 1004110792 ns, Reaching safepoint: 391542 ns, At safepoint: 5750 ns, Total: 397292 ns
[2024-03-11T08:01:35.593+0000][6][safepoint    ] Safepoint "Cleanup", Time since last: 1001422584 ns, Reaching safepoint: 187208 ns, At safepoint: 5042 ns, Total: 192250 ns
[2024-03-11T08:01:36.599+0000][6][safepoint    ] Safepoint "Cleanup", Time since last: 1005953667 ns, Reaching safepoint: 234042 ns, At safepoint: 5541 ns, Total: 239583 ns
[2024-03-11T08:01:37.604+0000][6][safepoint    ] Safepoint "Cleanup", Time since last: 1004271542 ns, Reaching safepoint: 253417 ns, At safepoint: 5792 ns, Total: 259209 ns
[2024-03-11T08:01:38.606+0000][6][safepoint    ] Safepoint "Cleanup", Time since last: 1002094542 ns, Reaching safepoint: 247083 ns, At safepoint: 5792 ns, Total: 252875 ns
[2024-03-11T08:01:39.608+0000][6][safepoint    ] Safepoint "Cleanup", Time since last: 1001529750 ns, Reaching safepoint: 231084 ns, At safepoint: 4750 ns, Total: 235834 ns
[2024-03-11T08:01:40.611+0000][6][safepoint    ] Safepoint "Cleanup", Time since last: 1002508250 ns, Reaching safepoint: 284459 ns, At safepoint: 5458 ns, Total: 289917 ns
[2024-03-11T08:01:41.616+0000][6][safepoint    ] Safepoint "Cleanup", Time since last: 1004908667 ns, Reaching safepoint: 217125 ns, At safepoint: 3417 ns, Total: 220542 ns
[2024-03-11T08:01:42.619+0000][6][safepoint    ] Safepoint "Cleanup", Time since last: 1002736500 ns, Reaching safepoint: 271042 ns, At safepoint: 7250 ns, Total: 278292 ns
[2024-03-11T08:01:43.622+0000][6][safepoint    ] Safepoint "Cleanup", Time since last: 1002878000 ns, Reaching safepoint: 307625 ns, At safepoint: 8417 ns, Total: 316042 ns
[2024-03-11T08:01:44.629+0000][6][safepoint    ] Safepoint "Cleanup", Time since last: 1006595750 ns, Reaching safepoint: 324834 ns, At safepoint: 9416 ns, Total: 334250 ns
[2024-03-11T08:01:45.637+0000][6][safepoint    ] Safepoint "Cleanup", Time since last: 1006658418 ns, Reaching safepoint: 1036791 ns, At safepoint: 21209 ns, Total: 1058000 ns
[2024-03-11T08:01:46.639+0000][6][safepoint    ] Safepoint "Cleanup", Time since last: 1002362292 ns, Reaching safepoint: 300041 ns, At safepoint: 7375 ns, Total: 307416 ns
[2024-03-11T08:01:47.642+0000][6][safepoint    ] Safepoint "Cleanup", Time since last: 1001965168 ns, Reaching safepoint: 327833 ns, At safepoint: 9250 ns, Total: 337083 ns
[2024-03-11T08:01:48.648+0000][6][safepoint    ] Safepoint "Cleanup", Time since last: 1005973000 ns, Reaching safepoint: 220459 ns, At safepoint: 5291 ns, Total: 225750 ns
[2024-03-11T08:01:49.654+0000][6][safepoint    ] Safepoint "Cleanup", Time since last: 1005990126 ns, Reaching safepoint: 266917 ns, At safepoint: 5666 ns, Total: 272583 ns
[2024-03-11T08:01:50.660+0000][6][safepoint    ] Safepoint "Cleanup", Time since last: 1005785834 ns, Reaching safepoint: 354458 ns, At safepoint: 8875 ns, Total: 363333 ns
[2024-03-11T08:01:51.662+0000][6][safepoint    ] Safepoint "Cleanup", Time since last: 1001382167 ns, Reaching safepoint: 255542 ns, At safepoint: 6375 ns, Total: 261917 ns
[2024-03-11T08:01:52.665+0000][6][safepoint    ] Safepoint "Cleanup", Time since last: 1002821084 ns, Reaching safepoint: 262250 ns, At safepoint: 4500 ns, Total: 266750 ns
[2024-03-11T08:01:53.672+0000][6][safepoint    ] Safepoint "Cleanup", Time since last: 1005649542 ns, Reaching safepoint: 986167 ns, At safepoint: 9166 ns, Total: 995333 ns
[2024-03-11T08:01:54.676+0000][6][safepoint    ] Safepoint "Cleanup", Time since last: 1003927418 ns, Reaching safepoint: 208291 ns, At safepoint: 4709 ns, Total: 213000 ns
[2024-03-11T08:01:55.677+0000][6][safepoint    ] Safepoint "Cleanup", Time since last: 1001122292 ns, Reaching safepoint: 369750 ns, At safepoint: 4708 ns, Total: 374458 ns
[2024-03-11T08:01:56.684+0000][6][safepoint    ] Safepoint "Cleanup", Time since last: 1006248292 ns, Reaching safepoint: 282000 ns, At safepoint: 4292 ns, Total: 286292 ns
[2024-03-11T08:01:57.685+0000][6][safepoint    ] Safepoint "Cleanup", Time since last: 1001059834 ns, Reaching safepoint: 413875 ns, At safepoint: 9791 ns, Total: 423666 ns
[2024-03-11T08:01:58.688+0000][6][safepoint    ] Safepoint "Cleanup", Time since last: 1002732709 ns, Reaching safepoint: 297750 ns, At safepoint: 5833 ns, Total: 303583 ns
[2024-03-11T08:01:59.693+0000][6][safepoint    ] Safepoint "Cleanup", Time since last: 1004192834 ns, Reaching safepoint: 202959 ns, At safepoint: 3375 ns, Total: 206334 ns
[2024-03-11T08:02:00.661+0000][6][safepoint    ] Safepoint "Cleanup", Time since last: 1005918291 ns, Reaching safepoint: 812416 ns, At safepoint: 9459 ns, Total: 821875 ns
[2024-03-11T08:02:01.663+0000][6][safepoint    ] Safepoint "Cleanup", Time since last: 1001845542 ns, Reaching safepoint: 184250 ns, At safepoint: 2542 ns, Total: 186792 ns
[2024-03-11T08:02:03.511+0000][6][safepoint    ] Safepoint "Cleanup", Time since last: 1848399209 ns, Reaching safepoint: 147958 ns, At safepoint: 2584 ns, Total: 150542 ns
[2024-03-11T08:02:04.518+0000][6][safepoint    ] Safepoint "Cleanup", Time since last: 1005341583 ns, Reaching safepoint: 1515917 ns, At safepoint: 13792 ns, Total: 1529709 ns
[2024-03-11T08:02:05.521+0000][6][safepoint    ] Safepoint "Cleanup", Time since last: 1002162333 ns, Reaching safepoint: 269834 ns, At safepoint: 7916 ns, Total: 277750 ns
[2024-03-11T08:02:06.527+0000][6][safepoint    ] Safepoint "Cleanup", Time since last: 1006264084 ns, Reaching safepoint: 255709 ns, At safepoint: 4500 ns, Total: 260209 ns
[2024-03-11T08:02:07.529+0000][6][safepoint    ] Safepoint "Cleanup", Time since last: 1001450125 ns, Reaching safepoint: 427042 ns, At safepoint: 9208 ns, Total: 436250 ns
[2024-03-11T08:02:08.531+0000][6][safepoint    ] Safepoint "Cleanup", Time since last: 1001178751 ns, Reaching safepoint: 580583 ns, At safepoint: 8917 ns, Total: 589500 ns
[2024-03-11T08:02:09.533+0000][6][safepoint    ] Safepoint "Cleanup", Time since last: 1002190917 ns, Reaching safepoint: 229958 ns, At safepoint: 4542 ns, Total: 234500 ns
[2024-03-11T08:02:10.535+0000][6][safepoint    ] Safepoint "Cleanup", Time since last: 1001627417 ns, Reaching safepoint: 166583 ns, At safepoint: 4459 ns, Total: 171042 ns
[2024-03-11T08:02:11.538+0000][6][safepoint    ] Safepoint "Cleanup", Time since last: 1002485458 ns, Reaching safepoint: 258917 ns, At safepoint: 4250 ns, Total: 263167 ns
[2024-03-11T08:02:11.952+0000][6][gc,start     ] GC(18) Pause Young (Normal) (G1 Evacuation Pause)
[2024-03-11T08:02:11.953+0000][6][gc,task      ] GC(18) Using 8 workers of 8 for evacuation
[2024-03-11T08:02:11.953+0000][6][gc,age       ] GC(18) Desired survivor size 19398656 bytes, new threshold 4 (max threshold 15)
[2024-03-11T08:02:12.002+0000][6][gc,age       ] GC(18) Age table with threshold 4 (max threshold 15)
[2024-03-11T08:02:12.002+0000][6][gc,age       ] GC(18) - age   1:      50424 bytes,      50424 total
[2024-03-11T08:02:12.002+0000][6][gc,age       ] GC(18) - age   2:    2006832 bytes,    2057256 total
[2024-03-11T08:02:12.002+0000][6][gc,age       ] GC(18) - age   3:    4742080 bytes,    6799336 total
[2024-03-11T08:02:12.003+0000][6][gc,age       ] GC(18) - age   4:    8892608 bytes,   15691944 total
[2024-03-11T08:02:12.003+0000][6][gc,phases    ] GC(18)   Pre Evacuate Collection Set: 0.5ms
[2024-03-11T08:02:12.003+0000][6][gc,phases    ] GC(18)   Merge Heap Roots: 0.4ms
[2024-03-11T08:02:12.003+0000][6][gc,phases    ] GC(18)   Evacuate Collection Set: 41.0ms
[2024-03-11T08:02:12.003+0000][6][gc,phases    ] GC(18)   Post Evacuate Collection Set: 6.6ms
[2024-03-11T08:02:12.003+0000][6][gc,phases    ] GC(18)   Other: 2.3ms
[2024-03-11T08:02:12.003+0000][6][gc,heap      ] GC(18) Eden regions: 271->0(277)
[2024-03-11T08:02:12.004+0000][6][gc,heap      ] GC(18) Survivor regions: 22->18(37)
[2024-03-11T08:02:12.004+0000][6][gc,heap      ] GC(18) Old regions: 48->52
[2024-03-11T08:02:12.004+0000][6][gc,heap      ] GC(18) Archive regions: 0->0
[2024-03-11T08:02:12.004+0000][6][gc,heap      ] GC(18) Humongous regions: 15->15
[2024-03-11T08:02:12.004+0000][6][gc,metaspace ] GC(18) Metaspace: 97803K(105352K)->97803K(105352K) NonClass: 84828K(89372K)->84828K(89372K) Class: 12974K(15980K)->12974K(15980K)
[2024-03-11T08:02:12.004+0000][6][gc           ] GC(18) Pause Young (Normal) (G1 Evacuation Pause) 355M->84M(512M) 51.961ms
[2024-03-11T08:02:12.004+0000][6][gc,cpu       ] GC(18) User=0.30s Sys=0.00s Real=0.05s
[2024-03-11T08:02:12.004+0000][6][safepoint    ] Safepoint "G1CollectForAllocation", Time since last: 413824875 ns, Reaching safepoint: 245417 ns, At safepoint: 52465375 ns, Total: 52710792 ns
[2024-03-11T08:02:13.006+0000][6][safepoint    ] Safepoint "Cleanup", Time since last: 1001715875 ns, Reaching safepoint: 257334 ns, At safepoint: 5583 ns, Total: 262917 ns
[2024-03-11T08:02:14.010+0000][6][safepoint    ] Safepoint "Cleanup", Time since last: 1003733834 ns, Reaching safepoint: 186958 ns, At safepoint: 4167 ns, Total: 191125 ns
[2024-03-11T08:02:15.013+0000][6][safepoint    ] Safepoint "Cleanup", Time since last: 1002039625 ns, Reaching safepoint: 561625 ns, At safepoint: 6209 ns, Total: 567834 ns
[2024-03-11T08:02:16.014+0000][6][safepoint    ] Safepoint "Cleanup", Time since last: 1001153833 ns, Reaching safepoint: 170292 ns, At safepoint: 4667 ns, Total: 174959 ns
[2024-03-11T08:02:17.017+0000][6][safepoint    ] Safepoint "Cleanup", Time since last: 1002368500 ns, Reaching safepoint: 215750 ns, At safepoint: 23875 ns, Total: 239625 ns
[2024-03-11T08:02:18.024+0000][6][safepoint    ] Safepoint "Cleanup", Time since last: 1006093959 ns, Reaching safepoint: 1281042 ns, At safepoint: 10583 ns, Total: 1291625 ns
[2024-03-11T08:02:19.028+0000][6][safepoint    ] Safepoint "Cleanup", Time since last: 1002569751 ns, Reaching safepoint: 1192458 ns, At safepoint: 8875 ns, Total: 1201333 ns
[2024-03-11T08:02:20.034+0000][6][safepoint    ] Safepoint "Cleanup", Time since last: 1006019375 ns, Reaching safepoint: 269875 ns, At safepoint: 5125 ns, Total: 275000 ns
[2024-03-11T08:02:21.040+0000][6][safepoint    ] Safepoint "Cleanup", Time since last: 1005020001 ns, Reaching safepoint: 264583 ns, At safepoint: 5167 ns, Total: 269750 ns
[2024-03-11T08:02:22.046+0000][6][safepoint    ] Safepoint "Cleanup", Time since last: 1006268375 ns, Reaching safepoint: 280334 ns, At safepoint: 4958 ns, Total: 285292 ns
[2024-03-11T08:02:23.051+0000][6][safepoint    ] Safepoint "Cleanup", Time since last: 1004918375 ns, Reaching safepoint: 143875 ns, At safepoint: 2792 ns, Total: 146667 ns
[2024-03-11T08:02:24.054+0000][6][safepoint    ] Safepoint "Cleanup", Time since last: 1002421459 ns, Reaching safepoint: 279083 ns, At safepoint: 3334 ns, Total: 282417 ns
[2024-03-11T08:02:25.059+0000][6][safepoint    ] Safepoint "Cleanup", Time since last: 1004730167 ns, Reaching safepoint: 281166 ns, At safepoint: 4917 ns, Total: 286083 ns
[2024-03-11T08:02:26.062+0000][6][safepoint    ] Safepoint "Cleanup", Time since last: 1002697126 ns, Reaching safepoint: 184958 ns, At safepoint: 3958 ns, Total: 188916 ns
[2024-03-11T08:02:27.068+0000][6][safepoint    ] Safepoint "Cleanup", Time since last: 1006155959 ns, Reaching safepoint: 189458 ns, At safepoint: 3334 ns, Total: 192792 ns
[2024-03-11T08:02:28.071+0000][6][safepoint    ] Safepoint "Cleanup", Time since last: 1002263584 ns, Reaching safepoint: 209625 ns, At safepoint: 4875 ns, Total: 214500 ns
[2024-03-11T08:02:29.072+0000][6][safepoint    ] Safepoint "Cleanup", Time since last: 1001531083 ns, Reaching safepoint: 273292 ns, At safepoint: 5917 ns, Total: 279209 ns
[2024-03-11T08:02:30.071+0000][6][safepoint    ] Safepoint "Cleanup", Time since last: 1005523583 ns, Reaching safepoint: 168792 ns, At safepoint: 4625 ns, Total: 173417 ns
[2024-03-11T08:02:31.075+0000][6][safepoint    ] Safepoint "Cleanup", Time since last: 1003512417 ns, Reaching safepoint: 148208 ns, At safepoint: 3875 ns, Total: 152083 ns
[2024-03-11T08:02:32.081+0000][6][safepoint    ] Safepoint "Cleanup", Time since last: 1006152167 ns, Reaching safepoint: 196250 ns, At safepoint: 4542 ns, Total: 200792 ns
[2024-03-11T08:02:33.086+0000][6][safepoint    ] Safepoint "Cleanup", Time since last: 1004418334 ns, Reaching safepoint: 220750 ns, At safepoint: 4750 ns, Total: 225500 ns
[2024-03-11T08:02:34.092+0000][6][safepoint    ] Safepoint "Cleanup", Time since last: 1005216208 ns, Reaching safepoint: 764584 ns, At safepoint: 5166 ns, Total: 769750 ns
[2024-03-11T08:02:35.097+0000][6][safepoint    ] Safepoint "Cleanup", Time since last: 1003995126 ns, Reaching safepoint: 618333 ns, At safepoint: 13750 ns, Total: 632083 ns
[2024-03-11T08:02:36.100+0000][6][safepoint    ] Safepoint "Cleanup", Time since last: 1003369167 ns, Reaching safepoint: 161084 ns, At safepoint: 3750 ns, Total: 164834 ns
[2024-03-11T08:02:37.105+0000][6][safepoint    ] Safepoint "Cleanup", Time since last: 1004521375 ns, Reaching safepoint: 160792 ns, At safepoint: 3792 ns, Total: 164584 ns
[2024-03-11T08:02:38.111+0000][6][safepoint    ] Safepoint "Cleanup", Time since last: 1005402958 ns, Reaching safepoint: 281417 ns, At safepoint: 6042 ns, Total: 287459 ns
[2024-03-11T08:02:39.114+0000][6][safepoint    ] Safepoint "Cleanup", Time since last: 1002975500 ns, Reaching safepoint: 251084 ns, At safepoint: 6291 ns, Total: 257375 ns
[2024-03-11T08:02:40.117+0000][6][safepoint    ] Safepoint "Cleanup", Time since last: 1002833417 ns, Reaching safepoint: 151459 ns, At safepoint: 2875 ns, Total: 154334 ns
[2024-03-11T08:02:41.119+0000][6][safepoint    ] Safepoint "Cleanup", Time since last: 1001883000 ns, Reaching safepoint: 193750 ns, At safepoint: 4292 ns, Total: 198042 ns
[2024-03-11T08:02:42.121+0000][6][safepoint    ] Safepoint "Cleanup", Time since last: 1001697125 ns, Reaching safepoint: 214500 ns, At safepoint: 4334 ns, Total: 218834 ns
[2024-03-11T08:02:43.124+0000][6][safepoint    ] Safepoint "Cleanup", Time since last: 1002419417 ns, Reaching safepoint: 414708 ns, At safepoint: 8750 ns, Total: 423458 ns
[2024-03-11T08:02:44.126+0000][6][safepoint    ] Safepoint "Cleanup", Time since last: 1002100167 ns, Reaching safepoint: 425292 ns, At safepoint: 9583 ns, Total: 434875 ns
[2024-03-11T08:02:45.128+0000][6][safepoint    ] Safepoint "Cleanup", Time since last: 1001960126 ns, Reaching safepoint: 202583 ns, At safepoint: 4833 ns, Total: 207416 ns
[2024-03-11T08:02:46.132+0000][6][safepoint    ] Safepoint "Cleanup", Time since last: 1003210876 ns, Reaching safepoint: 299292 ns, At safepoint: 14291 ns, Total: 313583 ns
[2024-03-11T08:02:47.135+0000][6][safepoint    ] Safepoint "Cleanup", Time since last: 1002485959 ns, Reaching safepoint: 206708 ns, At safepoint: 4584 ns, Total: 211292 ns
[2024-03-11T08:02:48.136+0000][6][safepoint    ] Safepoint "Cleanup", Time since last: 1001134208 ns, Reaching safepoint: 189542 ns, At safepoint: 4292 ns, Total: 193834 ns
[2024-03-11T08:02:49.138+0000][6][safepoint    ] Safepoint "Cleanup", Time since last: 1001957667 ns, Reaching safepoint: 358000 ns, At safepoint: 6208 ns, Total: 364208 ns
[2024-03-11T08:02:50.140+0000][6][safepoint    ] Safepoint "Cleanup", Time since last: 1001960542 ns, Reaching safepoint: 234917 ns, At safepoint: 5833 ns, Total: 240750 ns
[2024-03-11T08:02:51.142+0000][6][safepoint    ] Safepoint "Cleanup", Time since last: 1001701293 ns, Reaching safepoint: 194458 ns, At safepoint: 4542 ns, Total: 199000 ns
[2024-03-11T08:02:52.148+0000][6][safepoint    ] Safepoint "Cleanup", Time since last: 1005924458 ns, Reaching safepoint: 240292 ns, At safepoint: 4208 ns, Total: 244500 ns
[2024-03-11T08:02:53.149+0000][6][safepoint    ] Safepoint "Cleanup", Time since last: 1000729459 ns, Reaching safepoint: 296084 ns, At safepoint: 4541 ns, Total: 300625 ns
[2024-03-11T08:02:54.152+0000][6][safepoint    ] Safepoint "Cleanup", Time since last: 1002007334 ns, Reaching safepoint: 177500 ns, At safepoint: 7167 ns, Total: 184667 ns
[2024-03-11T08:02:55.188+0000][6][safepoint    ] Safepoint "Cleanup", Time since last: 1035706375 ns, Reaching safepoint: 208375 ns, At safepoint: 4834 ns, Total: 213209 ns
[2024-03-11T08:02:56.190+0000][6][safepoint    ] Safepoint "Cleanup", Time since last: 1001659833 ns, Reaching safepoint: 571750 ns, At safepoint: 9709 ns, Total: 581459 ns
[2024-03-11T08:02:57.191+0000][6][safepoint    ] Safepoint "Cleanup", Time since last: 1001485208 ns, Reaching safepoint: 119167 ns, At safepoint: 2000 ns, Total: 121167 ns
[2024-03-11T08:02:58.192+0000][6][safepoint    ] Safepoint "Cleanup", Time since last: 1000704667 ns, Reaching safepoint: 231792 ns, At safepoint: 4042 ns, Total: 235834 ns
[2024-03-11T08:02:59.198+0000][6][safepoint    ] Safepoint "Cleanup", Time since last: 1004912083 ns, Reaching safepoint: 605500 ns, At safepoint: 9625 ns, Total: 615125 ns
[2024-03-11T08:03:00.198+0000][6][safepoint    ] Safepoint "Cleanup", Time since last: 1001702501 ns, Reaching safepoint: 122166 ns, At safepoint: 3667 ns, Total: 125833 ns
[2024-03-11T08:03:01.202+0000][6][safepoint    ] Safepoint "Cleanup", Time since last: 1003714084 ns, Reaching safepoint: 118750 ns, At safepoint: 2750 ns, Total: 121500 ns
[2024-03-11T08:03:02.205+0000][6][safepoint    ] Safepoint "Cleanup", Time since last: 1003037209 ns, Reaching safepoint: 117416 ns, At safepoint: 2625 ns, Total: 120041 ns
[2024-03-11T08:03:03.211+0000][6][safepoint    ] Safepoint "Cleanup", Time since last: 1005767292 ns, Reaching safepoint: 324000 ns, At safepoint: 6625 ns, Total: 330625 ns
[2024-03-11T08:03:04.215+0000][6][safepoint    ] Safepoint "Cleanup", Time since last: 1003414751 ns, Reaching safepoint: 154792 ns, At safepoint: 5958 ns, Total: 160750 ns
[2024-03-11T08:03:05.216+0000][6][safepoint    ] Safepoint "Cleanup", Time since last: 1001391417 ns, Reaching safepoint: 162208 ns, At safepoint: 2875 ns, Total: 165083 ns
[2024-03-11T08:03:06.219+0000][6][safepoint    ] Safepoint "Cleanup", Time since last: 1002048417 ns, Reaching safepoint: 796125 ns, At safepoint: 6292 ns, Total: 802417 ns
[2024-03-11T08:03:07.222+0000][6][safepoint    ] Safepoint "Cleanup", Time since last: 1002028376 ns, Reaching safepoint: 403458 ns, At safepoint: 8542 ns, Total: 412000 ns
[2024-03-11T08:03:08.515+0000][6][safepoint    ] Safepoint "Cleanup", Time since last: 1292975709 ns, Reaching safepoint: 253000 ns, At safepoint: 3125 ns, Total: 256125 ns
[2024-03-11T08:03:10.305+0000][6][safepoint    ] Safepoint "Cleanup", Time since last: 1789587375 ns, Reaching safepoint: 484625 ns, At safepoint: 5709 ns, Total: 490334 ns
[2024-03-11T08:03:11.307+0000][6][safepoint    ] Safepoint "Cleanup", Time since last: 1001629042 ns, Reaching safepoint: 526333 ns, At safepoint: 10292 ns, Total: 536625 ns
[2024-03-11T08:03:12.310+0000][6][safepoint    ] Safepoint "Cleanup", Time since last: 1003096625 ns, Reaching safepoint: 199125 ns, At safepoint: 4792 ns, Total: 203917 ns
[2024-03-11T08:03:13.312+0000][6][safepoint    ] Safepoint "Cleanup", Time since last: 1001603376 ns, Reaching safepoint: 119041 ns, At safepoint: 2292 ns, Total: 121333 ns
[2024-03-11T08:03:14.315+0000][6][safepoint    ] Safepoint "Cleanup", Time since last: 1001904959 ns, Reaching safepoint: 682666 ns, At safepoint: 22917 ns, Total: 705583 ns
[2024-03-11T08:03:15.317+0000][6][safepoint    ] Safepoint "Cleanup", Time since last: 1001830625 ns, Reaching safepoint: 236042 ns, At safepoint: 10583 ns, Total: 246625 ns
[2024-03-11T08:03:16.318+0000][6][safepoint    ] Safepoint "Cleanup", Time since last: 1000912876 ns, Reaching safepoint: 138417 ns, At safepoint: 2333 ns, Total: 140750 ns
[2024-03-11T08:03:17.328+0000][6][safepoint    ] Safepoint "Cleanup", Time since last: 1004186542 ns, Reaching safepoint: 6223125 ns, At safepoint: 16125 ns, Total: 6239250 ns
[2024-03-11T08:03:18.335+0000][6][safepoint    ] Safepoint "Cleanup", Time since last: 1006502834 ns, Reaching safepoint: 239208 ns, At safepoint: 8959 ns, Total: 248167 ns
[2024-03-11T08:03:19.338+0000][6][safepoint    ] Safepoint "Cleanup", Time since last: 1002300792 ns, Reaching safepoint: 210125 ns, At safepoint: 4041 ns, Total: 214166 ns
[2024-03-11T08:03:20.340+0000][6][safepoint    ] Safepoint "Cleanup", Time since last: 1001416209 ns, Reaching safepoint: 554334 ns, At safepoint: 10250 ns, Total: 564584 ns
[2024-03-11T08:03:21.343+0000][6][safepoint    ] Safepoint "Cleanup", Time since last: 1003402042 ns, Reaching safepoint: 354541 ns, At safepoint: 5584 ns, Total: 360125 ns
[2024-03-11T08:03:22.346+0000][6][safepoint    ] Safepoint "Cleanup", Time since last: 1002610708 ns, Reaching safepoint: 212459 ns, At safepoint: 4416 ns, Total: 216875 ns
[2024-03-11T08:03:23.348+0000][6][safepoint    ] Safepoint "Cleanup", Time since last: 1001748001 ns, Reaching safepoint: 251417 ns, At safepoint: 3000 ns, Total: 254417 ns
[2024-03-11T08:03:24.350+0000][6][safepoint    ] Safepoint "Cleanup", Time since last: 1001680583 ns, Reaching safepoint: 120000 ns, At safepoint: 2750 ns, Total: 122750 ns
[2024-03-11T08:03:25.353+0000][6][safepoint    ] Safepoint "Cleanup", Time since last: 1002806501 ns, Reaching safepoint: 148833 ns, At safepoint: 21209 ns, Total: 170042 ns
[2024-03-11T08:03:26.359+0000][6][safepoint    ] Safepoint "Cleanup", Time since last: 1005399833 ns, Reaching safepoint: 205292 ns, At safepoint: 4417 ns, Total: 209709 ns
[2024-03-11T08:03:27.365+0000][6][safepoint    ] Safepoint "Cleanup", Time since last: 1006043334 ns, Reaching safepoint: 252000 ns, At safepoint: 3958 ns, Total: 255958 ns
[2024-03-11T08:03:28.540+0000][6][safepoint    ] Safepoint "Cleanup", Time since last: 1175190792 ns, Reaching safepoint: 352708 ns, At safepoint: 7625 ns, Total: 360333 ns
[2024-03-11T08:03:29.544+0000][6][safepoint    ] Safepoint "Cleanup", Time since last: 1003455376 ns, Reaching safepoint: 208958 ns, At safepoint: 4834 ns, Total: 213792 ns
[2024-03-11T08:03:30.550+0000][6][safepoint    ] Safepoint "Cleanup", Time since last: 1006470999 ns, Reaching safepoint: 166000 ns, At safepoint: 3625 ns, Total: 169625 ns
[2024-03-11T08:03:31.556+0000][6][safepoint    ] Safepoint "Cleanup", Time since last: 1005940709 ns, Reaching safepoint: 302500 ns, At safepoint: 4958 ns, Total: 307458 ns
[2024-03-11T08:03:32.559+0000][6][safepoint    ] Safepoint "Cleanup", Time since last: 1002453334 ns, Reaching safepoint: 248917 ns, At safepoint: 4750 ns, Total: 253667 ns
[2024-03-11T08:03:33.564+0000][6][safepoint    ] Safepoint "Cleanup", Time since last: 1005299459 ns, Reaching safepoint: 240750 ns, At safepoint: 4750 ns, Total: 245500 ns
[2024-03-11T08:03:34.571+0000][6][safepoint    ] Safepoint "Cleanup", Time since last: 1006482917 ns, Reaching safepoint: 443250 ns, At safepoint: 10166 ns, Total: 453416 ns
[2024-03-11T08:03:35.578+0000][6][safepoint    ] Safepoint "Cleanup", Time since last: 1005966167 ns, Reaching safepoint: 190042 ns, At safepoint: 3542 ns, Total: 193584 ns
[2024-03-11T08:03:36.582+0000][6][safepoint    ] Safepoint "Cleanup", Time since last: 1004745250 ns, Reaching safepoint: 199084 ns, At safepoint: 3625 ns, Total: 202709 ns
[2024-03-11T08:03:37.584+0000][6][safepoint    ] Safepoint "Cleanup", Time since last: 1001445125 ns, Reaching safepoint: 285208 ns, At safepoint: 65459 ns, Total: 350667 ns
[2024-03-11T08:03:38.588+0000][6][safepoint    ] Safepoint "Cleanup", Time since last: 1002807000 ns, Reaching safepoint: 506375 ns, At safepoint: 25250 ns, Total: 531625 ns
[2024-03-11T08:03:39.590+0000][6][safepoint    ] Safepoint "Cleanup", Time since last: 1001762834 ns, Reaching safepoint: 213625 ns, At safepoint: 4750 ns, Total: 218375 ns
[2024-03-11T08:03:59.663+0000][6][safepoint    ] Safepoint "Cleanup", Time since last: 20073252843 ns, Reaching safepoint: 301500 ns, At safepoint: 6583 ns, Total: 308083 ns
[2024-03-11T08:04:32.790+0000][6][safepoint    ] Safepoint "Cleanup", Time since last: 33127478931 ns, Reaching safepoint: 513125 ns, At safepoint: 10875 ns, Total: 524000 ns
[2024-03-11T08:04:39.818+0000][6][safepoint    ] Safepoint "Cleanup", Time since last: 7027881170 ns, Reaching safepoint: 261542 ns, At safepoint: 5542 ns, Total: 267084 ns
[2024-03-11T08:07:28.368+0000][6][safepoint    ] Safepoint "Cleanup", Time since last: 168549834827 ns, Reaching safepoint: 1731542 ns, At safepoint: 7917 ns, Total: 1739459 ns
[2024-03-11T08:07:29.376+0000][6][safepoint    ] Safepoint "Cleanup", Time since last: 1007978875 ns, Reaching safepoint: 283500 ns, At safepoint: 4750 ns, Total: 288250 ns
[2024-03-11T08:07:40.410+0000][6][safepoint    ] Safepoint "Cleanup", Time since last: 11032453213 ns, Reaching safepoint: 642042 ns, At safepoint: 5833 ns, Total: 647875 ns
[2024-03-11T08:08:39.592+0000][6][safepoint    ] Safepoint "Cleanup", Time since last: 59180686820 ns, Reaching safepoint: 1565375 ns, At safepoint: 8291 ns, Total: 1573666 ns
[2024-03-11T08:09:35.788+0000][6][safepoint    ] Safepoint "Cleanup", Time since last: 56198203360 ns, Reaching safepoint: 442000 ns, At safepoint: 6250 ns, Total: 448250 ns
[2024-03-11T08:09:39.796+0000][6][safepoint    ] Safepoint "Cleanup", Time since last: 4006694626 ns, Reaching safepoint: 380250 ns, At safepoint: 7000 ns, Total: 387250 ns
[2024-03-11T08:10:09.913+0000][6][safepoint    ] Safepoint "Cleanup", Time since last: 30116555306 ns, Reaching safepoint: 213875 ns, At safepoint: 5583 ns, Total: 219458 ns
[2024-03-11T08:11:10.091+0000][6][safepoint    ] Safepoint "Cleanup", Time since last: 60179155944 ns, Reaching safepoint: 620375 ns, At safepoint: 6209 ns, Total: 626584 ns
[2024-03-11T08:11:39.185+0000][6][safepoint    ] Safepoint "Cleanup", Time since last: 29093220346 ns, Reaching safepoint: 222625 ns, At safepoint: 2750 ns, Total: 225375 ns
[2024-03-11T08:11:40.188+0000][6][safepoint    ] Safepoint "Cleanup", Time since last: 1002984584 ns, Reaching safepoint: 337750 ns, At safepoint: 6334 ns, Total: 344084 ns
[2024-03-11T08:11:43.194+0000][6][safepoint    ] Safepoint "Cleanup", Time since last: 3005160876 ns, Reaching safepoint: 167917 ns, At safepoint: 2791 ns, Total: 170708 ns
[2024-03-11T08:12:02.247+0000][6][safepoint    ] Safepoint "Cleanup", Time since last: 19053015342 ns, Reaching safepoint: 972292 ns, At safepoint: 11125 ns, Total: 983417 ns
[2024-03-11T08:12:10.285+0000][6][safepoint    ] Safepoint "Cleanup", Time since last: 8037914962 ns, Reaching safepoint: 262500 ns, At safepoint: 4666 ns, Total: 267166 ns
[2024-03-11T08:12:40.396+0000][6][safepoint    ] Safepoint "Cleanup", Time since last: 30110896598 ns, Reaching safepoint: 394875 ns, At safepoint: 5958 ns, Total: 400833 ns
[2024-03-11T08:12:43.159+0000][6][gc,start     ] GC(19) Pause Young (Normal) (G1 Evacuation Pause)
[2024-03-11T08:12:43.159+0000][6][gc,task      ] GC(19) Using 8 workers of 8 for evacuation
[2024-03-11T08:12:43.160+0000][6][gc,age       ] GC(19) Desired survivor size 19398656 bytes, new threshold 15 (max threshold 15)
[2024-03-11T08:12:43.206+0000][6][gc,age       ] GC(19) Age table with threshold 15 (max threshold 15)
[2024-03-11T08:12:43.207+0000][6][gc,age       ] GC(19) - age   1:      14896 bytes,      14896 total
[2024-03-11T08:12:43.207+0000][6][gc,age       ] GC(19) - age   2:      40848 bytes,      55744 total
[2024-03-11T08:12:43.207+0000][6][gc,age       ] GC(19) - age   3:    2006384 bytes,    2062128 total
[2024-03-11T08:12:43.207+0000][6][gc,age       ] GC(19) - age   4:    4741944 bytes,    6804072 total
[2024-03-11T08:12:43.207+0000][6][gc,age       ] GC(19) - age   5:    8892608 bytes,   15696680 total
[2024-03-11T08:12:43.208+0000][6][gc,phases    ] GC(19)   Pre Evacuate Collection Set: 0.6ms
[2024-03-11T08:12:43.208+0000][6][gc,phases    ] GC(19)   Merge Heap Roots: 0.5ms
[2024-03-11T08:12:43.208+0000][6][gc,phases    ] GC(19)   Evacuate Collection Set: 41.4ms
[2024-03-11T08:12:43.208+0000][6][gc,phases    ] GC(19)   Post Evacuate Collection Set: 3.8ms
[2024-03-11T08:12:43.209+0000][6][gc,phases    ] GC(19)   Other: 3.1ms
[2024-03-11T08:12:43.209+0000][6][gc,heap      ] GC(19) Eden regions: 277->0(282)
[2024-03-11T08:12:43.209+0000][6][gc,heap      ] GC(19) Survivor regions: 18->17(37)
[2024-03-11T08:12:43.209+0000][6][gc,heap      ] GC(19) Old regions: 52->52
[2024-03-11T08:12:43.209+0000][6][gc,heap      ] GC(19) Archive regions: 0->0
[2024-03-11T08:12:43.210+0000][6][gc,heap      ] GC(19) Humongous regions: 15->15
[2024-03-11T08:12:43.210+0000][6][gc,metaspace ] GC(19) Metaspace: 97874K(105352K)->97874K(105352K) NonClass: 84898K(89372K)->84898K(89372K) Class: 12975K(15980K)->12975K(15980K)
[2024-03-11T08:12:43.210+0000][6][gc           ] GC(19) Pause Young (Normal) (G1 Evacuation Pause) 361M->83M(512M) 51.330ms
[2024-03-11T08:12:43.210+0000][6][gc,cpu       ] GC(19) User=0.32s Sys=0.00s Real=0.05s
[2024-03-11T08:12:43.210+0000][6][safepoint    ] Safepoint "G1CollectForAllocation", Time since last: 2762165668 ns, Reaching safepoint: 654083 ns, At safepoint: 51969084 ns, Total: 52623167 ns
[2024-03-11T08:13:39.382+0000][6][safepoint    ] Safepoint "Cleanup", Time since last: 56169754275 ns, Reaching safepoint: 2191708 ns, At safepoint: 11125 ns, Total: 2202833 ns
[2024-03-11T08:13:40.386+0000][6][safepoint    ] Safepoint "Cleanup", Time since last: 1002735084 ns, Reaching safepoint: 1274458 ns, At safepoint: 17917 ns, Total: 1292375 ns
[2024-03-11T08:13:49.419+0000][6][safepoint    ] Safepoint "Cleanup", Time since last: 9032222213 ns, Reaching safepoint: 740083 ns, At safepoint: 9125 ns, Total: 749208 ns
[2024-03-11T08:15:13.665+0000][6][safepoint    ] Safepoint "Cleanup", Time since last: 84244480163 ns, Reaching safepoint: 1949917 ns, At safepoint: 813833 ns, Total: 2763750 ns
[2024-03-11T08:18:50.308+0000][6][safepoint    ] Safepoint "Cleanup", Time since last: 216635476349 ns, Reaching safepoint: 967500 ns, At safepoint: 9500 ns, Total: 977000 ns
[2024-03-11T08:19:10.349+0000][6][safepoint    ] Safepoint "Cleanup", Time since last: 20040001759 ns, Reaching safepoint: 938083 ns, At safepoint: 19333 ns, Total: 957416 ns
[2024-03-11T08:19:32.411+0000][6][safepoint    ] Safepoint "Cleanup", Time since last: 22061549177 ns, Reaching safepoint: 570542 ns, At safepoint: 30583 ns, Total: 601125 ns
[2024-03-11T08:19:40.434+0000][6][safepoint    ] Safepoint "Cleanup", Time since last: 8021394629 ns, Reaching safepoint: 1418416 ns, At safepoint: 13292 ns, Total: 1431708 ns
[2024-03-11T08:20:03.516+0000][6][safepoint    ] Safepoint "Cleanup", Time since last: 23082148552 ns, Reaching safepoint: 404458 ns, At safepoint: 4750 ns, Total: 409208 ns
[2024-03-11T08:20:39.645+0000][6][safepoint    ] Safepoint "Cleanup", Time since last: 36127797809 ns, Reaching safepoint: 2154708 ns, At safepoint: 22958 ns, Total: 2177666 ns
[2024-03-11T08:22:09.919+0000][6][safepoint    ] Safepoint "Cleanup", Time since last: 90274002958 ns, Reaching safepoint: 1705416 ns, At safepoint: 13875 ns, Total: 1719291 ns
[2024-03-11T08:22:40.006+0000][6][safepoint    ] Safepoint "Cleanup", Time since last: 30085883305 ns, Reaching safepoint: 455209 ns, At safepoint: 13041 ns, Total: 468250 ns
[2024-03-11T08:23:10.102+0000][6][safepoint    ] Safepoint "Cleanup", Time since last: 30095244348 ns, Reaching safepoint: 1110916 ns, At safepoint: 7459 ns, Total: 1118375 ns
[2024-03-11T08:23:29.382+0000][6][gc,start     ] GC(20) Pause Young (Normal) (G1 Evacuation Pause)
[2024-03-11T08:23:29.383+0000][6][gc,task      ] GC(20) Using 8 workers of 8 for evacuation
[2024-03-11T08:23:29.384+0000][6][gc,age       ] GC(20) Desired survivor size 19922944 bytes, new threshold 15 (max threshold 15)
[2024-03-11T08:23:29.431+0000][6][gc,age       ] GC(20) Age table with threshold 15 (max threshold 15)
[2024-03-11T08:23:29.432+0000][6][gc,age       ] GC(20) - age   1:       8904 bytes,       8904 total
[2024-03-11T08:23:29.432+0000][6][gc,age       ] GC(20) - age   2:       7648 bytes,      16552 total
[2024-03-11T08:23:29.432+0000][6][gc,age       ] GC(20) - age   3:      40384 bytes,      56936 total
[2024-03-11T08:23:29.432+0000][6][gc,age       ] GC(20) - age   4:    2006344 bytes,    2063280 total
[2024-03-11T08:23:29.432+0000][6][gc,age       ] GC(20) - age   5:    4741848 bytes,    6805128 total
[2024-03-11T08:23:29.433+0000][6][gc,age       ] GC(20) - age   6:    8892608 bytes,   15697736 total
[2024-03-11T08:23:29.433+0000][6][gc,phases    ] GC(20)   Pre Evacuate Collection Set: 1.8ms
[2024-03-11T08:23:29.433+0000][6][gc,phases    ] GC(20)   Merge Heap Roots: 0.9ms
[2024-03-11T08:23:29.433+0000][6][gc,phases    ] GC(20)   Evacuate Collection Set: 39.9ms
[2024-03-11T08:23:29.434+0000][6][gc,phases    ] GC(20)   Post Evacuate Collection Set: 4.2ms
[2024-03-11T08:23:29.434+0000][6][gc,phases    ] GC(20)   Other: 4.5ms
[2024-03-11T08:23:29.434+0000][6][gc,heap      ] GC(20) Eden regions: 282->0(283)
[2024-03-11T08:23:29.434+0000][6][gc,heap      ] GC(20) Survivor regions: 17->17(38)
[2024-03-11T08:23:29.434+0000][6][gc,heap      ] GC(20) Old regions: 52->52
[2024-03-11T08:23:29.435+0000][6][gc,heap      ] GC(20) Archive regions: 0->0
[2024-03-11T08:23:29.435+0000][6][gc,heap      ] GC(20) Humongous regions: 15->15
[2024-03-11T08:23:29.435+0000][6][gc,metaspace ] GC(20) Metaspace: 97942K(105352K)->97942K(105352K) NonClass: 84966K(89372K)->84966K(89372K) Class: 12975K(15980K)->12975K(15980K)
[2024-03-11T08:23:29.435+0000][6][gc           ] GC(20) Pause Young (Normal) (G1 Evacuation Pause) 365M->83M(512M) 53.556ms
[2024-03-11T08:23:29.436+0000][6][gc,cpu       ] GC(20) User=0.32s Sys=0.00s Real=0.06s
[2024-03-11T08:23:29.436+0000][6][safepoint    ] Safepoint "G1CollectForAllocation", Time since last: 19279575634 ns, Reaching safepoint: 312166 ns, At safepoint: 54311084 ns, Total: 54623250 ns
[2024-03-11T08:23:40.470+0000][6][safepoint    ] Safepoint "Cleanup", Time since last: 11034021796 ns, Reaching safepoint: 407791 ns, At safepoint: 8459 ns, Total: 416250 ns
[2024-03-11T08:24:05.540+0000][6][safepoint    ] Safepoint "Cleanup", Time since last: 25069414511 ns, Reaching safepoint: 402125 ns, At safepoint: 5250 ns, Total: 407375 ns
[2024-03-11T08:24:59.693+0000][6][safepoint    ] Safepoint "Cleanup", Time since last: 54152606150 ns, Reaching safepoint: 742667 ns, At safepoint: 5666 ns, Total: 748333 ns
[2024-03-11T08:25:09.720+0000][6][safepoint    ] Safepoint "Cleanup", Time since last: 10027157046 ns, Reaching safepoint: 651000 ns, At safepoint: 7041 ns, Total: 658041 ns
[2024-03-11T08:25:10.728+0000][6][safepoint    ] Safepoint "Cleanup", Time since last: 1007091042 ns, Reaching safepoint: 391709 ns, At safepoint: 5166 ns, Total: 396875 ns
[2024-03-11T08:25:40.815+0000][6][safepoint    ] Safepoint "Cleanup", Time since last: 30088946931 ns, Reaching safepoint: 2012708 ns, At safepoint: 10042 ns, Total: 2022750 ns
[2024-03-11T08:25:54.853+0000][6][safepoint    ] Safepoint "Cleanup", Time since last: 14038163423 ns, Reaching safepoint: 339500 ns, At safepoint: 4750 ns, Total: 344250 ns
[2024-03-11T08:26:39.994+0000][6][safepoint    ] Safepoint "Cleanup", Time since last: 45134504394 ns, Reaching safepoint: 1570375 ns, At safepoint: 19625 ns, Total: 1590000 ns
[2024-03-11T08:26:40.999+0000][6][safepoint    ] Safepoint "Cleanup", Time since last: 1004839126 ns, Reaching safepoint: 532125 ns, At safepoint: 6667 ns, Total: 538792 ns
[2024-03-11T08:27:55.223+0000][6][safepoint    ] Safepoint "Cleanup", Time since last: 74226162700 ns, Reaching safepoint: 409750 ns, At safepoint: 9667 ns, Total: 419417 ns
[2024-03-11T08:28:03.248+0000][6][safepoint    ] Safepoint "Cleanup", Time since last: 8023899045 ns, Reaching safepoint: 1041791 ns, At safepoint: 10667 ns, Total: 1052458 ns
[2024-03-11T08:28:06.256+0000][6][safepoint    ] Safepoint "Cleanup", Time since last: 3007748501 ns, Reaching safepoint: 139542 ns, At safepoint: 2500 ns, Total: 142042 ns
[2024-03-11T08:28:40.378+0000][6][safepoint    ] Safepoint "Cleanup", Time since last: 34120852891 ns, Reaching safepoint: 578500 ns, At safepoint: 9250 ns, Total: 587750 ns
[2024-03-11T08:29:10.481+0000][6][safepoint    ] Safepoint "Cleanup", Time since last: 30103752847 ns, Reaching safepoint: 365833 ns, At safepoint: 5209 ns, Total: 371042 ns
[2024-03-11T08:29:40.558+0000][6][safepoint    ] Safepoint "Cleanup", Time since last: 30077109264 ns, Reaching safepoint: 399291 ns, At safepoint: 5209 ns, Total: 404500 ns
[2024-03-11T08:30:40.690+0000][6][safepoint    ] Safepoint "Cleanup", Time since last: 60131456694 ns, Reaching safepoint: 1194708 ns, At safepoint: 6708 ns, Total: 1201416 ns
[2024-03-11T08:32:09.920+0000][6][safepoint    ] Safepoint "Cleanup", Time since last: 89200238916 ns, Reaching safepoint: 1928208 ns, At safepoint: 8458 ns, Total: 1936666 ns
[2024-03-11T08:33:37.721+0000][6][safepoint    ] Safepoint "Cleanup", Time since last: 87781035332 ns, Reaching safepoint: 1672250 ns, At safepoint: 59333 ns, Total: 1731583 ns
[2024-03-11T08:33:38.238+0000][6][safepoint    ] Safepoint "BulkRevokeBias", Time since last: 516066417 ns, Reaching safepoint: 175667 ns, At safepoint: 566416 ns, Total: 742083 ns
[2024-03-11T08:33:38.302+0000][6][safepoint    ] Safepoint "BulkRevokeBias", Time since last: 63047709 ns, Reaching safepoint: 1016208 ns, At safepoint: 75083 ns, Total: 1091291 ns
[2024-03-11T08:33:38.560+0000][6][gc,heap,exit ] Heap
[2024-03-11T08:33:38.561+0000][6][gc,heap,exit ]  garbage-first heap   total 524288K, used 365953K [0x00000000e0000000, 0x0000000100000000)
[2024-03-11T08:33:38.561+0000][6][gc,heap,exit ]   region size 1024K, 292 young (299008K), 17 survivors (17408K)
[2024-03-11T08:33:38.561+0000][6][gc,heap,exit ]  Metaspace       used 98178K, capacity 105550K, committed 105736K, reserved 1138688K
[2024-03-11T08:33:38.562+0000][6][gc,heap,exit ]   class space    used 13007K, capacity 16010K, committed 16108K, reserved 1048576K
