[2024-03-11T03:37:49.339+0000][7][gc,heap] Heap region size: 1M
[2024-03-11T03:37:49.339+0000][7][gc,heap,coops] Heap address: 0x00000000e0000000, size: 512 MB, Compressed Oops mode: 32-bit
[2024-03-11T03:37:49.473+0000][7][gc           ] Using G1
[2024-03-11T03:37:49.486+0000][7][gc           ] Periodic GC disabled
[2024-03-11T03:37:49.613+0000][7][safepoint    ] Safepoint "ICBufferFull", Time since last: 133896375 ns, Reaching safepoint: 120750 ns, At safepoint: 6208 ns, Total: 126958 ns
[2024-03-11T03:37:49.700+0000][7][gc,start     ] GC(0) Pause Young (Normal) (G1 Evacuation Pause)
[2024-03-11T03:37:49.702+0000][7][gc,task      ] GC(0) Using 8 workers of 8 for evacuation
[2024-03-11T03:37:49.702+0000][7][gc,age       ] GC(0) Desired survivor size 2097152 bytes, new threshold 15 (max threshold 15)
[2024-03-11T03:37:49.704+0000][7][gc,age       ] GC(0) Age table with threshold 15 (max threshold 15)
[2024-03-11T03:37:49.705+0000][7][gc,age       ] GC(0) - age   1:    3289856 bytes,    3289856 total
[2024-03-11T03:37:49.705+0000][7][gc,phases    ] GC(0)   Pre Evacuate Collection Set: 0.1ms
[2024-03-11T03:37:49.705+0000][7][gc,phases    ] GC(0)   Merge Heap Roots: 0.0ms
[2024-03-11T03:37:49.705+0000][7][gc,phases    ] GC(0)   Evacuate Collection Set: 1.9ms
[2024-03-11T03:37:49.705+0000][7][gc,phases    ] GC(0)   Post Evacuate Collection Set: 0.4ms
[2024-03-11T03:37:49.705+0000][7][gc,phases    ] GC(0)   Other: 2.2ms
[2024-03-11T03:37:49.705+0000][7][gc,heap      ] GC(0) Eden regions: 25->0(35)
[2024-03-11T03:37:49.705+0000][7][gc,heap      ] GC(0) Survivor regions: 0->4(4)
[2024-03-11T03:37:49.705+0000][7][gc,heap      ] GC(0) Old regions: 0->0
[2024-03-11T03:37:49.706+0000][7][gc,heap      ] GC(0) Archive regions: 0->0
[2024-03-11T03:37:49.706+0000][7][gc,heap      ] GC(0) Humongous regions: 1->1
[2024-03-11T03:37:49.706+0000][7][gc,metaspace ] GC(0) Metaspace: 14069K(14592K)->14069K(14592K) NonClass: 12689K(13056K)->12689K(13056K) Class: 1380K(1536K)->1380K(1536K)
[2024-03-11T03:37:49.706+0000][7][gc           ] GC(0) Pause Young (Normal) (G1 Evacuation Pause) 26M->4M(512M) 5.641ms
[2024-03-11T03:37:49.706+0000][7][gc,cpu       ] GC(0) User=0.01s Sys=0.00s Real=0.00s
[2024-03-11T03:37:49.706+0000][7][safepoint    ] Safepoint "G1CollectForAllocation", Time since last: 86610667 ns, Reaching safepoint: 101708 ns, At safepoint: 5861834 ns, Total: 5963542 ns
[2024-03-11T03:37:49.829+0000][7][safepoint    ] Safepoint "ICBufferFull", Time since last: 122326791 ns, Reaching safepoint: 206084 ns, At safepoint: 7583 ns, Total: 213667 ns
[2024-03-11T03:37:50.236+0000][7][safepoint    ] Safepoint "ICBufferFull", Time since last: 407127125 ns, Reaching safepoint: 680292 ns, At safepoint: 10208 ns, Total: 690500 ns
[2024-03-11T03:37:50.300+0000][7][gc,start     ] GC(1) Pause Young (Normal) (G1 Evacuation Pause)
[2024-03-11T03:37:50.300+0000][7][gc,task      ] GC(1) Using 8 workers of 8 for evacuation
[2024-03-11T03:37:50.301+0000][7][gc,age       ] GC(1) Desired survivor size 2621440 bytes, new threshold 1 (max threshold 15)
[2024-03-11T03:37:50.310+0000][7][gc,age       ] GC(1) Age table with threshold 1 (max threshold 15)
[2024-03-11T03:37:50.310+0000][7][gc,age       ] GC(1) - age   1:    2618416 bytes,    2618416 total
[2024-03-11T03:37:50.311+0000][7][gc,phases    ] GC(1)   Pre Evacuate Collection Set: 0.2ms
[2024-03-11T03:37:50.311+0000][7][gc,phases    ] GC(1)   Merge Heap Roots: 0.1ms
[2024-03-11T03:37:50.311+0000][7][gc,phases    ] GC(1)   Evacuate Collection Set: 7.1ms
[2024-03-11T03:37:50.311+0000][7][gc,phases    ] GC(1)   Post Evacuate Collection Set: 1.6ms
[2024-03-11T03:37:50.311+0000][7][gc,phases    ] GC(1)   Other: 1.5ms
[2024-03-11T03:37:50.312+0000][7][gc,heap      ] GC(1) Eden regions: 35->0(146)
[2024-03-11T03:37:50.312+0000][7][gc,heap      ] GC(1) Survivor regions: 4->3(5)
[2024-03-11T03:37:50.312+0000][7][gc,heap      ] GC(1) Old regions: 0->4
[2024-03-11T03:37:50.312+0000][7][gc,heap      ] GC(1) Archive regions: 0->0
[2024-03-11T03:37:50.312+0000][7][gc,heap      ] GC(1) Humongous regions: 1->1
[2024-03-11T03:37:50.312+0000][7][gc,metaspace ] GC(1) Metaspace: 20278K(20864K)->20278K(20864K) NonClass: 18093K(18432K)->18093K(18432K) Class: 2185K(2432K)->2185K(2432K)
[2024-03-11T03:37:50.313+0000][7][gc           ] GC(1) Pause Young (Normal) (G1 Evacuation Pause) 39M->6M(512M) 12.587ms
[2024-03-11T03:37:50.313+0000][7][gc,cpu       ] GC(1) User=0.04s Sys=0.00s Real=0.01s
[2024-03-11T03:37:50.313+0000][7][safepoint    ] Safepoint "G1CollectForAllocation", Time since last: 63684875 ns, Reaching safepoint: 117209 ns, At safepoint: 13110208 ns, Total: 13227417 ns
[2024-03-11T03:37:50.340+0000][7][gc,start     ] GC(2) Pause Young (Concurrent Start) (Metadata GC Threshold)
[2024-03-11T03:37:50.340+0000][7][gc,task      ] GC(2) Using 8 workers of 8 for evacuation
[2024-03-11T03:37:50.340+0000][7][gc,age       ] GC(2) Desired survivor size 9961472 bytes, new threshold 15 (max threshold 15)
[2024-03-11T03:37:50.343+0000][7][gc,age       ] GC(2) Age table with threshold 15 (max threshold 15)
[2024-03-11T03:37:50.343+0000][7][gc,age       ] GC(2) - age   1:     112296 bytes,     112296 total
[2024-03-11T03:37:50.343+0000][7][gc,age       ] GC(2) - age   2:    2557456 bytes,    2669752 total
[2024-03-11T03:37:50.343+0000][7][gc,phases    ] GC(2)   Pre Evacuate Collection Set: 0.1ms
[2024-03-11T03:37:50.343+0000][7][gc,phases    ] GC(2)   Merge Heap Roots: 0.0ms
[2024-03-11T03:37:50.344+0000][7][gc,phases    ] GC(2)   Evacuate Collection Set: 2.0ms
[2024-03-11T03:37:50.344+0000][7][gc,phases    ] GC(2)   Post Evacuate Collection Set: 0.2ms
[2024-03-11T03:37:50.344+0000][7][gc,phases    ] GC(2)   Other: 1.1ms
[2024-03-11T03:37:50.344+0000][7][gc,heap      ] GC(2) Eden regions: 3->0(291)
[2024-03-11T03:37:50.344+0000][7][gc,heap      ] GC(2) Survivor regions: 3->3(19)
[2024-03-11T03:37:50.344+0000][7][gc,heap      ] GC(2) Old regions: 4->4
[2024-03-11T03:37:50.344+0000][7][gc,heap      ] GC(2) Archive regions: 0->0
[2024-03-11T03:37:50.344+0000][7][gc,heap      ] GC(2) Humongous regions: 1->1
[2024-03-11T03:37:50.344+0000][7][gc,metaspace ] GC(2) Metaspace: 20797K(21296K)->20797K(21296K) NonClass: 18562K(18864K)->18562K(18864K) Class: 2234K(2432K)->2234K(2432K)
[2024-03-11T03:37:50.344+0000][7][gc           ] GC(2) Pause Young (Concurrent Start) (Metadata GC Threshold) 9M->6M(512M) 4.580ms
[2024-03-11T03:37:50.345+0000][7][gc,cpu       ] GC(2) User=0.01s Sys=0.00s Real=0.00s
[2024-03-11T03:37:50.345+0000][7][gc           ] GC(3) Concurrent Cycle
[2024-03-11T03:37:50.345+0000][7][gc,marking   ] GC(3) Concurrent Clear Claimed Marks
[2024-03-11T03:37:50.346+0000][7][gc,marking   ] GC(3) Concurrent Clear Claimed Marks 0.240ms
[2024-03-11T03:37:50.346+0000][7][gc,marking   ] GC(3) Concurrent Scan Root Regions
[2024-03-11T03:37:50.345+0000][7][safepoint    ] Safepoint "CollectForMetadataAllocation", Time since last: 26496708 ns, Reaching safepoint: 118792 ns, At safepoint: 5042917 ns, Total: 5161709 ns
[2024-03-11T03:37:50.347+0000][7][gc,marking   ] GC(3) Concurrent Scan Root Regions 0.964ms
[2024-03-11T03:37:50.347+0000][7][gc,marking   ] GC(3) Concurrent Mark (1.013s)
[2024-03-11T03:37:50.347+0000][7][gc,marking   ] GC(3) Concurrent Mark From Roots
[2024-03-11T03:37:50.347+0000][7][gc,task      ] GC(3) Using 2 workers of 2 for marking
[2024-03-11T03:37:50.349+0000][7][gc,marking   ] GC(3) Concurrent Mark From Roots 2.015ms
[2024-03-11T03:37:50.350+0000][7][gc,marking   ] GC(3) Concurrent Preclean
[2024-03-11T03:37:50.350+0000][7][gc,marking   ] GC(3) Concurrent Preclean 0.223ms
[2024-03-11T03:37:50.350+0000][7][gc,marking   ] GC(3) Concurrent Mark (1.013s, 1.016s) 2.911ms
[2024-03-11T03:37:50.351+0000][7][gc,start     ] GC(3) Pause Remark
[2024-03-11T03:37:50.353+0000][7][gc           ] GC(3) Pause Remark 7M->7M(512M) 1.360ms
[2024-03-11T03:37:50.353+0000][7][gc,cpu       ] GC(3) User=0.00s Sys=0.00s Real=0.00s
[2024-03-11T03:37:50.353+0000][7][safepoint    ] Safepoint "G1Concurrent", Time since last: 5197958 ns, Reaching safepoint: 1178417 ns, At safepoint: 1836625 ns, Total: 3015042 ns
[2024-03-11T03:37:50.353+0000][7][gc,marking   ] GC(3) Concurrent Rebuild Remembered Sets
[2024-03-11T03:37:50.356+0000][7][gc,marking   ] GC(3) Concurrent Rebuild Remembered Sets 2.336ms
[2024-03-11T03:37:50.361+0000][7][gc,start     ] GC(3) Pause Cleanup
[2024-03-11T03:37:50.364+0000][7][gc           ] GC(3) Pause Cleanup 7M->7M(512M) 3.230ms
[2024-03-11T03:37:50.364+0000][7][gc,cpu       ] GC(3) User=0.00s Sys=0.00s Real=0.00s
[2024-03-11T03:37:50.364+0000][7][safepoint    ] Safepoint "G1Concurrent", Time since last: 2979916 ns, Reaching safepoint: 4756250 ns, At safepoint: 3553917 ns, Total: 8310167 ns
[2024-03-11T03:37:50.365+0000][7][gc,marking   ] GC(3) Concurrent Cleanup for Next Mark
[2024-03-11T03:37:50.366+0000][7][gc,marking   ] GC(3) Concurrent Cleanup for Next Mark 0.927ms
[2024-03-11T03:37:50.366+0000][7][gc           ] GC(3) Concurrent Cycle 21.255ms
[2024-03-11T03:37:50.640+0000][7][safepoint    ] Safepoint "ICBufferFull", Time since last: 275503250 ns, Reaching safepoint: 158333 ns, At safepoint: 2625 ns, Total: 160958 ns
[2024-03-11T03:37:50.846+0000][7][safepoint    ] Safepoint "ICBufferFull", Time since last: 205567917 ns, Reaching safepoint: 745833 ns, At safepoint: 19542 ns, Total: 765375 ns
[2024-03-11T03:37:51.001+0000][7][safepoint    ] Safepoint "ICBufferFull", Time since last: 154300209 ns, Reaching safepoint: 138833 ns, At safepoint: 7167 ns, Total: 146000 ns
[2024-03-11T03:37:51.150+0000][7][gc,start     ] GC(4) Pause Young (Normal) (G1 Evacuation Pause)
[2024-03-11T03:37:51.151+0000][7][gc,task      ] GC(4) Using 8 workers of 8 for evacuation
[2024-03-11T03:37:51.151+0000][7][gc,age       ] GC(4) Desired survivor size 20447232 bytes, new threshold 15 (max threshold 15)
[2024-03-11T03:37:51.159+0000][7][gc,age       ] GC(4) Age table with threshold 15 (max threshold 15)
[2024-03-11T03:37:51.159+0000][7][gc,age       ] GC(4) - age   1:    7889480 bytes,    7889480 total
[2024-03-11T03:37:51.159+0000][7][gc,age       ] GC(4) - age   2:      56856 bytes,    7946336 total
[2024-03-11T03:37:51.159+0000][7][gc,age       ] GC(4) - age   3:    2526000 bytes,   10472336 total
[2024-03-11T03:37:51.159+0000][7][gc,phases    ] GC(4)   Pre Evacuate Collection Set: 0.1ms
[2024-03-11T03:37:51.159+0000][7][gc,phases    ] GC(4)   Merge Heap Roots: 0.1ms
[2024-03-11T03:37:51.159+0000][7][gc,phases    ] GC(4)   Evacuate Collection Set: 6.4ms
[2024-03-11T03:37:51.159+0000][7][gc,phases    ] GC(4)   Post Evacuate Collection Set: 1.1ms
[2024-03-11T03:37:51.160+0000][7][gc,phases    ] GC(4)   Other: 1.3ms
[2024-03-11T03:37:51.160+0000][7][gc,heap      ] GC(4) Eden regions: 304->0(296)
[2024-03-11T03:37:51.160+0000][7][gc,heap      ] GC(4) Survivor regions: 3->11(39)
[2024-03-11T03:37:51.160+0000][7][gc,heap      ] GC(4) Old regions: 4->4
[2024-03-11T03:37:51.160+0000][7][gc,heap      ] GC(4) Archive regions: 0->0
[2024-03-11T03:37:51.160+0000][7][gc,heap      ] GC(4) Humongous regions: 2->1
[2024-03-11T03:37:51.160+0000][7][gc,metaspace ] GC(4) Metaspace: 26426K(27516K)->26426K(27516K) NonClass: 23483K(24240K)->23483K(24240K) Class: 2942K(3276K)->2942K(3276K)
[2024-03-11T03:37:51.160+0000][7][gc           ] GC(4) Pause Young (Normal) (G1 Evacuation Pause) 311M->14M(512M) 9.832ms
[2024-03-11T03:37:51.160+0000][7][gc,cpu       ] GC(4) User=0.04s Sys=0.00s Real=0.01s
[2024-03-11T03:37:51.160+0000][7][safepoint    ] Safepoint "G1CollectForAllocation", Time since last: 149254666 ns, Reaching safepoint: 153000 ns, At safepoint: 10179375 ns, Total: 10332375 ns
[2024-03-11T03:37:51.162+0000][7][safepoint    ] Safepoint "BulkRevokeBias", Time since last: 916542 ns, Reaching safepoint: 729750 ns, At safepoint: 49875 ns, Total: 779625 ns
[2024-03-11T03:37:51.163+0000][7][safepoint    ] Safepoint "BulkRevokeBias", Time since last: 619500 ns, Reaching safepoint: 362708 ns, At safepoint: 63000 ns, Total: 425708 ns
[2024-03-11T03:37:51.167+0000][7][safepoint    ] Safepoint "BulkRevokeBias", Time since last: 3094042 ns, Reaching safepoint: 998333 ns, At safepoint: 58667 ns, Total: 1057000 ns
[2024-03-11T03:37:51.173+0000][7][safepoint    ] Safepoint "BulkRevokeBias", Time since last: 5058500 ns, Reaching safepoint: 125458 ns, At safepoint: 51834 ns, Total: 177292 ns
[2024-03-11T03:37:51.430+0000][7][gc,start     ] GC(5) Pause Young (Normal) (G1 Evacuation Pause)
[2024-03-11T03:37:51.431+0000][7][gc,task      ] GC(5) Using 8 workers of 8 for evacuation
[2024-03-11T03:37:51.431+0000][7][gc,age       ] GC(5) Desired survivor size 20447232 bytes, new threshold 15 (max threshold 15)
[2024-03-11T03:37:51.435+0000][7][gc,age       ] GC(5) Age table with threshold 15 (max threshold 15)
[2024-03-11T03:37:51.435+0000][7][gc,age       ] GC(5) - age   1:    3396912 bytes,    3396912 total
[2024-03-11T03:37:51.435+0000][7][gc,age       ] GC(5) - age   2:    5713768 bytes,    9110680 total
[2024-03-11T03:37:51.435+0000][7][gc,age       ] GC(5) - age   3:      56856 bytes,    9167536 total
[2024-03-11T03:37:51.435+0000][7][gc,age       ] GC(5) - age   4:    2525904 bytes,   11693440 total
[2024-03-11T03:37:51.436+0000][7][gc,phases    ] GC(5)   Pre Evacuate Collection Set: 0.1ms
[2024-03-11T03:37:51.436+0000][7][gc,phases    ] GC(5)   Merge Heap Roots: 0.1ms
[2024-03-11T03:37:51.436+0000][7][gc,phases    ] GC(5)   Evacuate Collection Set: 3.3ms
[2024-03-11T03:37:51.436+0000][7][gc,phases    ] GC(5)   Post Evacuate Collection Set: 0.5ms
[2024-03-11T03:37:51.436+0000][7][gc,phases    ] GC(5)   Other: 1.1ms
[2024-03-11T03:37:51.436+0000][7][gc,heap      ] GC(5) Eden regions: 296->0(295)
[2024-03-11T03:37:51.436+0000][7][gc,heap      ] GC(5) Survivor regions: 11->12(39)
[2024-03-11T03:37:51.436+0000][7][gc,heap      ] GC(5) Old regions: 4->4
[2024-03-11T03:37:51.436+0000][7][gc,heap      ] GC(5) Archive regions: 0->0
[2024-03-11T03:37:51.436+0000][7][gc,heap      ] GC(5) Humongous regions: 1->1
[2024-03-11T03:37:51.436+0000][7][gc,metaspace ] GC(5) Metaspace: 28116K(29564K)->28116K(29564K) NonClass: 24980K(26032K)->24980K(26032K) Class: 3135K(3532K)->3135K(3532K)
[2024-03-11T03:37:51.437+0000][7][gc           ] GC(5) Pause Young (Normal) (G1 Evacuation Pause) 310M->16M(512M) 6.235ms
[2024-03-11T03:37:51.437+0000][7][gc,cpu       ] GC(5) User=0.02s Sys=0.00s Real=0.01s
[2024-03-11T03:37:51.437+0000][7][safepoint    ] Safepoint "G1CollectForAllocation", Time since last: 257585291 ns, Reaching safepoint: 174584 ns, At safepoint: 6435708 ns, Total: 6610292 ns
[2024-03-11T03:37:51.439+0000][7][safepoint    ] Safepoint "BulkRevokeBias", Time since last: 1938125 ns, Reaching safepoint: 34792 ns, At safepoint: 22458 ns, Total: 57250 ns
[2024-03-11T03:37:51.442+0000][7][safepoint    ] Safepoint "BulkRevokeBias", Time since last: 2339292 ns, Reaching safepoint: 1155250 ns, At safepoint: 23375 ns, Total: 1178625 ns
[2024-03-11T03:37:51.601+0000][7][gc,start     ] GC(6) Pause Young (Normal) (G1 Evacuation Pause)
[2024-03-11T03:37:51.601+0000][7][gc,task      ] GC(6) Using 8 workers of 8 for evacuation
[2024-03-11T03:37:51.601+0000][7][gc,age       ] GC(6) Desired survivor size 20447232 bytes, new threshold 15 (max threshold 15)
[2024-03-11T03:37:51.607+0000][7][gc,age       ] GC(6) Age table with threshold 15 (max threshold 15)
[2024-03-11T03:37:51.607+0000][7][gc,age       ] GC(6) - age   1:    2578728 bytes,    2578728 total
[2024-03-11T03:37:51.608+0000][7][gc,age       ] GC(6) - age   2:    3106376 bytes,    5685104 total
[2024-03-11T03:37:51.608+0000][7][gc,age       ] GC(6) - age   3:    5709256 bytes,   11394360 total
[2024-03-11T03:37:51.608+0000][7][gc,age       ] GC(6) - age   4:      56856 bytes,   11451216 total
[2024-03-11T03:37:51.608+0000][7][gc,age       ] GC(6) - age   5:    2525904 bytes,   13977120 total
[2024-03-11T03:37:51.608+0000][7][gc,phases    ] GC(6)   Pre Evacuate Collection Set: 0.1ms
[2024-03-11T03:37:51.608+0000][7][gc,phases    ] GC(6)   Merge Heap Roots: 0.3ms
[2024-03-11T03:37:51.609+0000][7][gc,phases    ] GC(6)   Evacuate Collection Set: 4.6ms
[2024-03-11T03:37:51.609+0000][7][gc,phases    ] GC(6)   Post Evacuate Collection Set: 0.9ms
[2024-03-11T03:37:51.609+0000][7][gc,phases    ] GC(6)   Other: 1.6ms
[2024-03-11T03:37:51.609+0000][7][gc,heap      ] GC(6) Eden regions: 295->0(292)
[2024-03-11T03:37:51.609+0000][7][gc,heap      ] GC(6) Survivor regions: 12->15(39)
[2024-03-11T03:37:51.609+0000][7][gc,heap      ] GC(6) Old regions: 4->4
[2024-03-11T03:37:51.609+0000][7][gc,heap      ] GC(6) Archive regions: 0->0
[2024-03-11T03:37:51.609+0000][7][gc,heap      ] GC(6) Humongous regions: 1->1
[2024-03-11T03:37:51.609+0000][7][gc,metaspace ] GC(6) Metaspace: 28477K(30204K)->28477K(30204K) NonClass: 25277K(26544K)->25277K(26544K) Class: 3200K(3660K)->3200K(3660K)
[2024-03-11T03:37:51.610+0000][7][gc           ] GC(6) Pause Young (Normal) (G1 Evacuation Pause) 311M->18M(512M) 8.722ms
[2024-03-11T03:37:51.610+0000][7][gc,cpu       ] GC(6) User=0.03s Sys=0.00s Real=0.01s
[2024-03-11T03:37:51.610+0000][7][safepoint    ] Safepoint "G1CollectForAllocation", Time since last: 158368917 ns, Reaching safepoint: 137166 ns, At safepoint: 8948959 ns, Total: 9086125 ns
[2024-03-11T03:37:51.768+0000][7][gc,start     ] GC(7) Pause Young (Normal) (G1 Evacuation Pause)
[2024-03-11T03:37:51.769+0000][7][gc,task      ] GC(7) Using 8 workers of 8 for evacuation
[2024-03-11T03:37:51.769+0000][7][gc,age       ] GC(7) Desired survivor size 20447232 bytes, new threshold 15 (max threshold 15)
[2024-03-11T03:37:51.773+0000][7][gc,age       ] GC(7) Age table with threshold 15 (max threshold 15)
[2024-03-11T03:37:51.774+0000][7][gc,age       ] GC(7) - age   1:    3053432 bytes,    3053432 total
[2024-03-11T03:37:51.774+0000][7][gc,age       ] GC(7) - age   2:     507816 bytes,    3561248 total
[2024-03-11T03:37:51.774+0000][7][gc,age       ] GC(7) - age   3:    3105336 bytes,    6666584 total
[2024-03-11T03:37:51.774+0000][7][gc,age       ] GC(7) - age   4:    5708752 bytes,   12375336 total
[2024-03-11T03:37:51.774+0000][7][gc,age       ] GC(7) - age   5:      56856 bytes,   12432192 total
[2024-03-11T03:37:51.774+0000][7][gc,age       ] GC(7) - age   6:    2525904 bytes,   14958096 total
[2024-03-11T03:37:51.774+0000][7][gc,phases    ] GC(7)   Pre Evacuate Collection Set: 0.1ms
[2024-03-11T03:37:51.774+0000][7][gc,phases    ] GC(7)   Merge Heap Roots: 0.1ms
[2024-03-11T03:37:51.774+0000][7][gc,phases    ] GC(7)   Evacuate Collection Set: 3.4ms
[2024-03-11T03:37:51.774+0000][7][gc,phases    ] GC(7)   Post Evacuate Collection Set: 0.6ms
[2024-03-11T03:37:51.775+0000][7][gc,phases    ] GC(7)   Other: 1.6ms
[2024-03-11T03:37:51.775+0000][7][gc,heap      ] GC(7) Eden regions: 292->0(292)
[2024-03-11T03:37:51.775+0000][7][gc,heap      ] GC(7) Survivor regions: 15->15(39)
[2024-03-11T03:37:51.775+0000][7][gc,heap      ] GC(7) Old regions: 4->4
[2024-03-11T03:37:51.775+0000][7][gc,heap      ] GC(7) Archive regions: 0->0
[2024-03-11T03:37:51.775+0000][7][gc,heap      ] GC(7) Humongous regions: 1->1
[2024-03-11T03:37:51.775+0000][7][gc,metaspace ] GC(7) Metaspace: 28996K(30716K)->28996K(30716K) NonClass: 25716K(27056K)->25716K(27056K) Class: 3280K(3660K)->3280K(3660K)
[2024-03-11T03:37:51.775+0000][7][gc           ] GC(7) Pause Young (Normal) (G1 Evacuation Pause) 310M->19M(512M) 6.780ms
[2024-03-11T03:37:51.775+0000][7][gc,cpu       ] GC(7) User=0.02s Sys=0.00s Real=0.00s
[2024-03-11T03:37:51.775+0000][7][safepoint    ] Safepoint "G1CollectForAllocation", Time since last: 158536750 ns, Reaching safepoint: 118875 ns, At safepoint: 6989958 ns, Total: 7108833 ns
[2024-03-11T03:37:51.909+0000][7][safepoint    ] Safepoint "ICBufferFull", Time since last: 133036667 ns, Reaching safepoint: 921500 ns, At safepoint: 9583 ns, Total: 931083 ns
[2024-03-11T03:37:51.966+0000][7][safepoint    ] Safepoint "ICBufferFull", Time since last: 56588750 ns, Reaching safepoint: 217542 ns, At safepoint: 4916 ns, Total: 222458 ns
[2024-03-11T03:37:52.031+0000][7][gc,start     ] GC(8) Pause Young (Concurrent Start) (Metadata GC Threshold)
[2024-03-11T03:37:52.031+0000][7][gc,task      ] GC(8) Using 8 workers of 8 for evacuation
[2024-03-11T03:37:52.031+0000][7][gc,age       ] GC(8) Desired survivor size 20447232 bytes, new threshold 15 (max threshold 15)
[2024-03-11T03:37:52.037+0000][7][gc,age       ] GC(8) Age table with threshold 15 (max threshold 15)
[2024-03-11T03:37:52.037+0000][7][gc,age       ] GC(8) - age   1:    1853928 bytes,    1853928 total
[2024-03-11T03:37:52.037+0000][7][gc,age       ] GC(8) - age   2:    2105200 bytes,    3959128 total
[2024-03-11T03:37:52.037+0000][7][gc,age       ] GC(8) - age   3:     498624 bytes,    4457752 total
[2024-03-11T03:37:52.037+0000][7][gc,age       ] GC(8) - age   4:    3091240 bytes,    7548992 total
[2024-03-11T03:37:52.037+0000][7][gc,age       ] GC(8) - age   5:    5655696 bytes,   13204688 total
[2024-03-11T03:37:52.037+0000][7][gc,age       ] GC(8) - age   6:      56600 bytes,   13261288 total
[2024-03-11T03:37:52.037+0000][7][gc,age       ] GC(8) - age   7:    2520648 bytes,   15781936 total
[2024-03-11T03:37:52.038+0000][7][gc,phases    ] GC(8)   Pre Evacuate Collection Set: 0.2ms
[2024-03-11T03:37:52.038+0000][7][gc,phases    ] GC(8)   Merge Heap Roots: 0.1ms
[2024-03-11T03:37:52.038+0000][7][gc,phases    ] GC(8)   Evacuate Collection Set: 4.3ms
[2024-03-11T03:37:52.038+0000][7][gc,phases    ] GC(8)   Post Evacuate Collection Set: 0.6ms
[2024-03-11T03:37:52.038+0000][7][gc,phases    ] GC(8)   Other: 1.6ms
[2024-03-11T03:37:52.038+0000][7][gc,heap      ] GC(8) Eden regions: 245->0(290)
[2024-03-11T03:37:52.038+0000][7][gc,heap      ] GC(8) Survivor regions: 15->17(39)
[2024-03-11T03:37:52.038+0000][7][gc,heap      ] GC(8) Old regions: 4->4
[2024-03-11T03:37:52.038+0000][7][gc,heap      ] GC(8) Archive regions: 0->0
[2024-03-11T03:37:52.038+0000][7][gc,heap      ] GC(8) Humongous regions: 1->1
[2024-03-11T03:37:52.039+0000][7][gc,metaspace ] GC(8) Metaspace: 33793K(35964K)->33793K(35964K) NonClass: 29871K(31408K)->29871K(31408K) Class: 3922K(4556K)->3922K(4556K)
[2024-03-11T03:37:52.039+0000][7][gc           ] GC(8) Pause Young (Concurrent Start) (Metadata GC Threshold) 263M->20M(512M) 7.764ms
[2024-03-11T03:37:52.039+0000][7][gc,cpu       ] GC(8) User=0.03s Sys=0.00s Real=0.01s
[2024-03-11T03:37:52.039+0000][7][gc           ] GC(9) Concurrent Cycle
[2024-03-11T03:37:52.039+0000][7][gc,marking   ] GC(9) Concurrent Clear Claimed Marks
[2024-03-11T03:37:52.039+0000][7][safepoint    ] Safepoint "CollectForMetadataAllocation", Time since last: 64591834 ns, Reaching safepoint: 109083 ns, At safepoint: 8264750 ns, Total: 8373833 ns
[2024-03-11T03:37:52.039+0000][7][gc,marking   ] GC(9) Concurrent Clear Claimed Marks 0.185ms
[2024-03-11T03:37:52.039+0000][7][gc,marking   ] GC(9) Concurrent Scan Root Regions
[2024-03-11T03:37:52.042+0000][7][gc,marking   ] GC(9) Concurrent Scan Root Regions 2.249ms
[2024-03-11T03:37:52.042+0000][7][gc,marking   ] GC(9) Concurrent Mark (2.708s)
[2024-03-11T03:37:52.042+0000][7][gc,marking   ] GC(9) Concurrent Mark From Roots
[2024-03-11T03:37:52.042+0000][7][gc,task      ] GC(9) Using 2 workers of 2 for marking
[2024-03-11T03:37:52.044+0000][7][gc,marking   ] GC(9) Concurrent Mark From Roots 2.065ms
[2024-03-11T03:37:52.044+0000][7][gc,marking   ] GC(9) Concurrent Preclean
[2024-03-11T03:37:52.045+0000][7][gc,marking   ] GC(9) Concurrent Preclean 0.156ms
[2024-03-11T03:37:52.045+0000][7][gc,marking   ] GC(9) Concurrent Mark (2.708s, 2.711s) 2.654ms
[2024-03-11T03:37:52.045+0000][7][gc,start     ] GC(9) Pause Remark
[2024-03-11T03:37:52.046+0000][7][gc           ] GC(9) Pause Remark 21M->21M(512M) 1.148ms
[2024-03-11T03:37:52.047+0000][7][gc,cpu       ] GC(9) User=0.00s Sys=0.00s Real=0.01s
[2024-03-11T03:37:52.047+0000][7][safepoint    ] Safepoint "G1Concurrent", Time since last: 5625583 ns, Reaching safepoint: 573834 ns, At safepoint: 1378208 ns, Total: 1952042 ns
[2024-03-11T03:37:52.047+0000][7][gc,marking   ] GC(9) Concurrent Rebuild Remembered Sets
[2024-03-11T03:37:52.048+0000][7][gc,marking   ] GC(9) Concurrent Rebuild Remembered Sets 1.310ms
[2024-03-11T03:37:52.049+0000][7][gc,start     ] GC(9) Pause Cleanup
[2024-03-11T03:37:52.050+0000][7][gc           ] GC(9) Pause Cleanup 22M->22M(512M) 0.233ms
[2024-03-11T03:37:52.050+0000][7][gc,cpu       ] GC(9) User=0.00s Sys=0.00s Real=0.00s
[2024-03-11T03:37:52.050+0000][7][safepoint    ] Safepoint "G1Concurrent", Time since last: 1925125 ns, Reaching safepoint: 683708 ns, At safepoint: 498042 ns, Total: 1181750 ns
[2024-03-11T03:37:52.050+0000][7][gc,marking   ] GC(9) Concurrent Cleanup for Next Mark
[2024-03-11T03:37:52.051+0000][7][gc,marking   ] GC(9) Concurrent Cleanup for Next Mark 0.489ms
[2024-03-11T03:37:52.051+0000][7][gc           ] GC(9) Concurrent Cycle 11.904ms
[2024-03-11T03:37:52.250+0000][7][safepoint    ] Safepoint "ICBufferFull", Time since last: 200142042 ns, Reaching safepoint: 300958 ns, At safepoint: 3208 ns, Total: 304166 ns
[2024-03-11T03:37:52.455+0000][7][safepoint    ] Safepoint "ICBufferFull", Time since last: 204275542 ns, Reaching safepoint: 161167 ns, At safepoint: 7375 ns, Total: 168542 ns
[2024-03-11T03:37:52.790+0000][7][safepoint    ] Safepoint "ICBufferFull", Time since last: 334881875 ns, Reaching safepoint: 153542 ns, At safepoint: 3083 ns, Total: 156625 ns
[2024-03-11T03:37:52.925+0000][7][safepoint    ] Safepoint "ICBufferFull", Time since last: 135097667 ns, Reaching safepoint: 180958 ns, At safepoint: 2875 ns, Total: 183833 ns
[2024-03-11T03:37:52.961+0000][7][gc,start     ] GC(10) Pause Young (Normal) (G1 Evacuation Pause)
[2024-03-11T03:37:52.961+0000][7][gc,task      ] GC(10) Using 8 workers of 8 for evacuation
[2024-03-11T03:37:52.962+0000][7][gc,age       ] GC(10) Desired survivor size 20447232 bytes, new threshold 15 (max threshold 15)
[2024-03-11T03:37:52.978+0000][7][gc,age       ] GC(10) Age table with threshold 15 (max threshold 15)
[2024-03-11T03:37:52.978+0000][7][gc,age       ] GC(10) - age   1:   24942776 bytes,   24942776 total
[2024-03-11T03:37:52.978+0000][7][gc,age       ] GC(10) - age   2:    1783376 bytes,   26726152 total
[2024-03-11T03:37:52.978+0000][7][gc,age       ] GC(10) - age   3:    2101624 bytes,   28827776 total
[2024-03-11T03:37:52.978+0000][7][gc,age       ] GC(10) - age   4:     492112 bytes,   29319888 total
[2024-03-11T03:37:52.978+0000][7][gc,age       ] GC(10) - age   5:    3079216 bytes,   32399104 total
[2024-03-11T03:37:52.978+0000][7][gc,age       ] GC(10) - age   6:    5613216 bytes,   38012320 total
[2024-03-11T03:37:52.978+0000][7][gc,age       ] GC(10) - age   7:      56088 bytes,   38068408 total
[2024-03-11T03:37:52.978+0000][7][gc,age       ] GC(10) - age   8:    2510904 bytes,   40579312 total
[2024-03-11T03:37:52.979+0000][7][gc,phases    ] GC(10)   Pre Evacuate Collection Set: 0.1ms
[2024-03-11T03:37:52.979+0000][7][gc,phases    ] GC(10)   Merge Heap Roots: 0.1ms
[2024-03-11T03:37:52.979+0000][7][gc,phases    ] GC(10)   Evacuate Collection Set: 14.6ms
[2024-03-11T03:37:52.979+0000][7][gc,phases    ] GC(10)   Post Evacuate Collection Set: 1.1ms
[2024-03-11T03:37:52.979+0000][7][gc,phases    ] GC(10)   Other: 1.5ms
[2024-03-11T03:37:52.979+0000][7][gc,heap      ] GC(10) Eden regions: 290->0(268)
[2024-03-11T03:37:52.979+0000][7][gc,heap      ] GC(10) Survivor regions: 17->39(39)
[2024-03-11T03:37:52.979+0000][7][gc,heap      ] GC(10) Old regions: 4->9
[2024-03-11T03:37:52.979+0000][7][gc,heap      ] GC(10) Archive regions: 0->0
[2024-03-11T03:37:52.979+0000][7][gc,heap      ] GC(10) Humongous regions: 1->1
[2024-03-11T03:37:52.980+0000][7][gc,metaspace ] GC(10) Metaspace: 44071K(47612K)->44071K(47612K) NonClass: 38718K(41136K)->38718K(41136K) Class: 5352K(6476K)->5352K(6476K)
[2024-03-11T03:37:52.980+0000][7][gc           ] GC(10) Pause Young (Normal) (G1 Evacuation Pause) 310M->48M(512M) 18.487ms
[2024-03-11T03:37:52.980+0000][7][gc,cpu       ] GC(10) User=0.09s Sys=0.00s Real=0.02s
[2024-03-11T03:37:52.980+0000][7][safepoint    ] Safepoint "G1CollectForAllocation", Time since last: 36017958 ns, Reaching safepoint: 140875 ns, At safepoint: 18718084 ns, Total: 18858959 ns
[2024-03-11T03:37:53.082+0000][7][safepoint    ] Safepoint "ICBufferFull", Time since last: 101765333 ns, Reaching safepoint: 154667 ns, At safepoint: 3292 ns, Total: 157959 ns
[2024-03-11T03:37:53.408+0000][7][gc,start     ] GC(11) Pause Young (Concurrent Start) (Metadata GC Threshold)
[2024-03-11T03:37:53.408+0000][7][gc,task      ] GC(11) Using 8 workers of 8 for evacuation
[2024-03-11T03:37:53.408+0000][7][gc,age       ] GC(11) Desired survivor size 20447232 bytes, new threshold 1 (max threshold 15)
[2024-03-11T03:37:53.427+0000][7][gc,age       ] GC(11) Age table with threshold 1 (max threshold 15)
[2024-03-11T03:37:53.427+0000][7][gc,age       ] GC(11) - age   1:    4451544 bytes,    4451544 total
[2024-03-11T03:37:53.428+0000][7][gc,phases    ] GC(11)   Pre Evacuate Collection Set: 0.5ms
[2024-03-11T03:37:53.428+0000][7][gc,phases    ] GC(11)   Merge Heap Roots: 0.2ms
[2024-03-11T03:37:53.428+0000][7][gc,phases    ] GC(11)   Evacuate Collection Set: 17.2ms
[2024-03-11T03:37:53.428+0000][7][gc,phases    ] GC(11)   Post Evacuate Collection Set: 1.1ms
[2024-03-11T03:37:53.428+0000][7][gc,phases    ] GC(11)   Other: 1.0ms
[2024-03-11T03:37:53.428+0000][7][gc,heap      ] GC(11) Eden regions: 169->0(292)
[2024-03-11T03:37:53.428+0000][7][gc,heap      ] GC(11) Survivor regions: 39->7(39)
[2024-03-11T03:37:53.428+0000][7][gc,heap      ] GC(11) Old regions: 9->48
[2024-03-11T03:37:53.428+0000][7][gc,heap      ] GC(11) Archive regions: 0->0
[2024-03-11T03:37:53.428+0000][7][gc,heap      ] GC(11) Humongous regions: 1->1
[2024-03-11T03:37:53.429+0000][7][gc,metaspace ] GC(11) Metaspace: 55977K(60540K)->55977K(60540K) NonClass: 48775K(51632K)->48775K(51632K) Class: 7201K(8908K)->7201K(8908K)
[2024-03-11T03:37:53.429+0000][7][gc           ] GC(11) Pause Young (Concurrent Start) (Metadata GC Threshold) 217M->55M(512M) 21.127ms
[2024-03-11T03:37:53.429+0000][7][gc,cpu       ] GC(11) User=0.12s Sys=0.00s Real=0.02s
[2024-03-11T03:37:53.429+0000][7][gc           ] GC(12) Concurrent Cycle
[2024-03-11T03:37:53.431+0000][7][gc,marking   ] GC(12) Concurrent Clear Claimed Marks
[2024-03-11T03:37:53.429+0000][7][safepoint    ] Safepoint "CollectForMetadataAllocation", Time since last: 325544416 ns, Reaching safepoint: 135209 ns, At safepoint: 21411833 ns, Total: 21547042 ns
[2024-03-11T03:37:53.431+0000][7][gc,marking   ] GC(12) Concurrent Clear Claimed Marks 0.526ms
[2024-03-11T03:37:53.435+0000][7][gc,marking   ] GC(12) Concurrent Scan Root Regions
[2024-03-11T03:37:53.446+0000][7][safepoint    ] Safepoint "CollectForMetadataAllocation", Time since last: 16540417 ns, Reaching safepoint: 136125 ns, At safepoint: 75375 ns, Total: 211500 ns
[2024-03-11T03:37:53.455+0000][7][safepoint    ] Safepoint "CollectForMetadataAllocation", Time since last: 9401875 ns, Reaching safepoint: 86208 ns, At safepoint: 64625 ns, Total: 150833 ns
[2024-03-11T03:37:53.457+0000][7][gc,marking   ] GC(12) Concurrent Scan Root Regions 21.439ms
[2024-03-11T03:37:53.458+0000][7][gc,marking   ] GC(12) Concurrent Mark (4.124s)
[2024-03-11T03:37:53.458+0000][7][gc,marking   ] GC(12) Concurrent Mark From Roots
[2024-03-11T03:37:53.459+0000][7][gc,task      ] GC(12) Using 2 workers of 2 for marking
[2024-03-11T03:37:53.465+0000][7][gc,marking   ] GC(12) Concurrent Mark From Roots 6.680ms
[2024-03-11T03:37:53.465+0000][7][gc,marking   ] GC(12) Concurrent Preclean
[2024-03-11T03:37:53.466+0000][7][gc,marking   ] GC(12) Concurrent Preclean 0.353ms
[2024-03-11T03:37:53.466+0000][7][gc,marking   ] GC(12) Concurrent Mark (4.124s, 4.132s) 7.960ms
[2024-03-11T03:37:53.467+0000][7][gc,start     ] GC(12) Pause Remark
[2024-03-11T03:37:53.471+0000][7][gc           ] GC(12) Pause Remark 61M->61M(512M) 3.640ms
[2024-03-11T03:37:53.471+0000][7][gc,cpu       ] GC(12) User=0.01s Sys=0.00s Real=0.00s
[2024-03-11T03:37:53.471+0000][7][safepoint    ] Safepoint "G1Concurrent", Time since last: 11299958 ns, Reaching safepoint: 720000 ns, At safepoint: 3942250 ns, Total: 4662250 ns
[2024-03-11T03:37:53.471+0000][7][gc,marking   ] GC(12) Concurrent Rebuild Remembered Sets
[2024-03-11T03:37:53.487+0000][7][gc,marking   ] GC(12) Concurrent Rebuild Remembered Sets 15.306ms
[2024-03-11T03:37:53.489+0000][7][gc,start     ] GC(12) Pause Cleanup
[2024-03-11T03:37:53.489+0000][7][gc           ] GC(12) Pause Cleanup 65M->65M(512M) 0.302ms
[2024-03-11T03:37:53.490+0000][7][gc,cpu       ] GC(12) User=0.00s Sys=0.00s Real=0.00s
[2024-03-11T03:37:53.490+0000][7][safepoint    ] Safepoint "G1Concurrent", Time since last: 15874167 ns, Reaching safepoint: 2065458 ns, At safepoint: 551292 ns, Total: 2616750 ns
[2024-03-11T03:37:53.490+0000][7][gc,marking   ] GC(12) Concurrent Cleanup for Next Mark
[2024-03-11T03:37:53.490+0000][7][gc,marking   ] GC(12) Concurrent Cleanup for Next Mark 0.398ms
[2024-03-11T03:37:53.490+0000][7][gc           ] GC(12) Concurrent Cycle 61.627ms
[2024-03-11T03:37:53.567+0000][7][safepoint    ] Safepoint "ICBufferFull", Time since last: 77203625 ns, Reaching safepoint: 218875 ns, At safepoint: 2458 ns, Total: 221333 ns
[2024-03-11T03:37:53.615+0000][7][safepoint    ] Safepoint "BulkRevokeBias", Time since last: 48050334 ns, Reaching safepoint: 116791 ns, At safepoint: 45459 ns, Total: 162250 ns
[2024-03-11T03:37:53.632+0000][7][safepoint    ] Safepoint "BulkRevokeBias", Time since last: 16241916 ns, Reaching safepoint: 633875 ns, At safepoint: 47292 ns, Total: 681167 ns
[2024-03-11T03:37:53.641+0000][7][safepoint    ] Safepoint "BulkRevokeBias", Time since last: 7573250 ns, Reaching safepoint: 691500 ns, At safepoint: 44167 ns, Total: 735667 ns
[2024-03-11T03:37:54.019+0000][7][safepoint    ] Safepoint "ICBufferFull", Time since last: 378670167 ns, Reaching safepoint: 192208 ns, At safepoint: 3125 ns, Total: 195333 ns
[2024-03-11T03:37:54.177+0000][7][safepoint    ] Safepoint "ICBufferFull", Time since last: 157037583 ns, Reaching safepoint: 198375 ns, At safepoint: 9500 ns, Total: 207875 ns
[2024-03-11T03:37:54.177+0000][7][safepoint    ] Safepoint "ICBufferFull", Time since last: 595625 ns, Reaching safepoint: 183834 ns, At safepoint: 8875 ns, Total: 192709 ns
[2024-03-11T03:37:54.184+0000][7][safepoint    ] Safepoint "ICBufferFull", Time since last: 6623166 ns, Reaching safepoint: 246500 ns, At safepoint: 11334 ns, Total: 257834 ns
[2024-03-11T03:37:54.216+0000][7][safepoint    ] Safepoint "ICBufferFull", Time since last: 31581583 ns, Reaching safepoint: 237708 ns, At safepoint: 8625 ns, Total: 246333 ns
[2024-03-11T03:37:54.757+0000][7][safepoint    ] Safepoint "ICBufferFull", Time since last: 540359876 ns, Reaching safepoint: 922583 ns, At safepoint: 15458 ns, Total: 938041 ns
[2024-03-11T03:37:54.884+0000][7][gc,start     ] GC(13) Pause Young (Concurrent Start) (G1 Evacuation Pause)
[2024-03-11T03:37:54.885+0000][7][gc,task      ] GC(13) Using 8 workers of 8 for evacuation
[2024-03-11T03:37:54.885+0000][7][gc,age       ] GC(13) Desired survivor size 19922944 bytes, new threshold 15 (max threshold 15)
[2024-03-11T03:37:54.893+0000][7][gc,age       ] GC(13) Age table with threshold 15 (max threshold 15)
[2024-03-11T03:37:54.893+0000][7][gc,age       ] GC(13) - age   1:   10340920 bytes,   10340920 total
[2024-03-11T03:37:54.894+0000][7][gc,age       ] GC(13) - age   2:    4254696 bytes,   14595616 total
[2024-03-11T03:37:54.894+0000][7][gc,phases    ] GC(13)   Pre Evacuate Collection Set: 0.7ms
[2024-03-11T03:37:54.894+0000][7][gc,phases    ] GC(13)   Merge Heap Roots: 0.1ms
[2024-03-11T03:37:54.894+0000][7][gc,phases    ] GC(13)   Evacuate Collection Set: 6.5ms
[2024-03-11T03:37:54.894+0000][7][gc,phases    ] GC(13)   Post Evacuate Collection Set: 1.1ms
[2024-03-11T03:37:54.894+0000][7][gc,phases    ] GC(13)   Other: 0.9ms
[2024-03-11T03:37:54.894+0000][7][gc,heap      ] GC(13) Eden regions: 292->0(285)
[2024-03-11T03:37:54.894+0000][7][gc,heap      ] GC(13) Survivor regions: 7->15(38)
[2024-03-11T03:37:54.894+0000][7][gc,heap      ] GC(13) Old regions: 48->48
[2024-03-11T03:37:54.894+0000][7][gc,heap      ] GC(13) Archive regions: 0->0
[2024-03-11T03:37:54.895+0000][7][gc,heap      ] GC(13) Humongous regions: 1->1
[2024-03-11T03:37:54.895+0000][7][gc,metaspace ] GC(13) Metaspace: 78671K(84860K)->78671K(84860K) NonClass: 68346K(72112K)->68346K(72112K) Class: 10325K(12748K)->10325K(12748K)
[2024-03-11T03:37:54.895+0000][7][gc           ] GC(13) Pause Young (Concurrent Start) (G1 Evacuation Pause) 347M->63M(512M) 10.563ms
[2024-03-11T03:37:54.895+0000][7][gc,cpu       ] GC(13) User=0.06s Sys=0.00s Real=0.01s
[2024-03-11T03:37:54.895+0000][7][safepoint    ] Safepoint "G1CollectForAllocation", Time since last: 126719917 ns, Reaching safepoint: 156458 ns, At safepoint: 10818709 ns, Total: 10975167 ns
[2024-03-11T03:37:54.895+0000][7][gc           ] GC(14) Concurrent Cycle
[2024-03-11T03:37:54.900+0000][7][gc,marking   ] GC(14) Concurrent Clear Claimed Marks
[2024-03-11T03:37:54.900+0000][7][gc,marking   ] GC(14) Concurrent Clear Claimed Marks 0.602ms
[2024-03-11T03:37:54.901+0000][7][gc,marking   ] GC(14) Concurrent Scan Root Regions
[2024-03-11T03:37:54.903+0000][7][safepoint    ] Safepoint "BulkRevokeBias", Time since last: 8043708 ns, Reaching safepoint: 144333 ns, At safepoint: 59625 ns, Total: 203958 ns
[2024-03-11T03:37:54.904+0000][7][gc,marking   ] GC(14) Concurrent Scan Root Regions 3.863ms
[2024-03-11T03:37:54.905+0000][7][gc,marking   ] GC(14) Concurrent Mark (5.572s)
[2024-03-11T03:37:54.907+0000][7][gc,marking   ] GC(14) Concurrent Mark From Roots
[2024-03-11T03:37:54.907+0000][7][gc,task      ] GC(14) Using 2 workers of 2 for marking
[2024-03-11T03:37:54.937+0000][7][gc,marking   ] GC(14) Concurrent Mark From Roots 29.865ms
[2024-03-11T03:37:54.937+0000][7][gc,marking   ] GC(14) Concurrent Preclean
[2024-03-11T03:37:54.937+0000][7][gc,marking   ] GC(14) Concurrent Preclean 0.409ms
[2024-03-11T03:37:54.938+0000][7][gc,marking   ] GC(14) Concurrent Mark (5.572s, 5.604s) 32.122ms
[2024-03-11T03:37:54.938+0000][7][gc,start     ] GC(14) Pause Remark
[2024-03-11T03:37:54.940+0000][7][gc           ] GC(14) Pause Remark 71M->71M(512M) 2.380ms
[2024-03-11T03:37:54.941+0000][7][gc,cpu       ] GC(14) User=0.01s Sys=0.00s Real=0.00s
[2024-03-11T03:37:54.941+0000][7][safepoint    ] Safepoint "G1Concurrent", Time since last: 34406959 ns, Reaching safepoint: 310833 ns, At safepoint: 2647708 ns, Total: 2958541 ns
[2024-03-11T03:37:54.941+0000][7][gc,marking   ] GC(14) Concurrent Rebuild Remembered Sets
[2024-03-11T03:37:54.960+0000][7][gc,marking   ] GC(14) Concurrent Rebuild Remembered Sets 18.581ms
[2024-03-11T03:37:54.961+0000][7][gc,start     ] GC(14) Pause Cleanup
[2024-03-11T03:37:54.961+0000][7][gc           ] GC(14) Pause Cleanup 74M->74M(512M) 0.236ms
[2024-03-11T03:37:54.961+0000][7][gc,cpu       ] GC(14) User=0.00s Sys=0.00s Real=0.00s
[2024-03-11T03:37:54.961+0000][7][safepoint    ] Safepoint "G1Concurrent", Time since last: 19070584 ns, Reaching safepoint: 704666 ns, At safepoint: 388250 ns, Total: 1092916 ns
[2024-03-11T03:37:54.961+0000][7][gc,marking   ] GC(14) Concurrent Cleanup for Next Mark
[2024-03-11T03:37:54.961+0000][7][gc,marking   ] GC(14) Concurrent Cleanup for Next Mark 0.340ms
[2024-03-11T03:37:54.962+0000][7][gc           ] GC(14) Concurrent Cycle 66.386ms
[2024-03-11T03:37:55.130+0000][7][safepoint    ] Safepoint "ICBufferFull", Time since last: 169169376 ns, Reaching safepoint: 145916 ns, At safepoint: 2667 ns, Total: 148583 ns
[2024-03-11T03:37:55.183+0000][7][safepoint    ] Safepoint "BulkRevokeBias", Time since last: 52252417 ns, Reaching safepoint: 102541 ns, At safepoint: 21209 ns, Total: 123750 ns
[2024-03-11T03:37:55.244+0000][7][safepoint    ] Safepoint "ICBufferFull", Time since last: 61722708 ns, Reaching safepoint: 150292 ns, At safepoint: 12333 ns, Total: 162625 ns
[2024-03-11T03:37:55.353+0000][7][safepoint    ] Safepoint "ICBufferFull", Time since last: 108635083 ns, Reaching safepoint: 343875 ns, At safepoint: 21709 ns, Total: 365584 ns
[2024-03-11T03:37:55.358+0000][7][safepoint    ] Safepoint "BulkRevokeBias", Time since last: 3716000 ns, Reaching safepoint: 1060166 ns, At safepoint: 72667 ns, Total: 1132833 ns
[2024-03-11T03:37:55.429+0000][7][safepoint    ] Safepoint "ICBufferFull", Time since last: 70187875 ns, Reaching safepoint: 212792 ns, At safepoint: 11625 ns, Total: 224417 ns
[2024-03-11T03:37:55.577+0000][7][safepoint    ] Safepoint "ICBufferFull", Time since last: 147616541 ns, Reaching safepoint: 201250 ns, At safepoint: 5792 ns, Total: 207042 ns
[2024-03-11T03:37:55.591+0000][7][safepoint    ] Safepoint "BulkRevokeBias", Time since last: 14522583 ns, Reaching safepoint: 134917 ns, At safepoint: 87917 ns, Total: 222834 ns
[2024-03-11T03:37:55.596+0000][7][safepoint    ] Safepoint "BulkRevokeBias", Time since last: 4716166 ns, Reaching safepoint: 209750 ns, At safepoint: 97625 ns, Total: 307375 ns
[2024-03-11T03:37:55.840+0000][7][safepoint    ] Safepoint "ICBufferFull", Time since last: 243547209 ns, Reaching safepoint: 169750 ns, At safepoint: 5375 ns, Total: 175125 ns
[2024-03-11T03:37:57.803+0000][7][safepoint    ] Safepoint "Cleanup", Time since last: 1962357626 ns, Reaching safepoint: 189708 ns, At safepoint: 5500 ns, Total: 195208 ns
[2024-03-11T03:37:59.511+0000][7][safepoint    ] Safepoint "Cleanup", Time since last: 1708187418 ns, Reaching safepoint: 412583 ns, At safepoint: 7333 ns, Total: 419916 ns
[2024-03-11T03:38:03.522+0000][7][safepoint    ] Safepoint "Cleanup", Time since last: 4010953669 ns, Reaching safepoint: 123125 ns, At safepoint: 3625 ns, Total: 126750 ns
[2024-03-11T03:38:04.524+0000][7][safepoint    ] Safepoint "Cleanup", Time since last: 1001160542 ns, Reaching safepoint: 275042 ns, At safepoint: 5750 ns, Total: 280792 ns
[2024-03-11T03:38:06.530+0000][7][safepoint    ] Safepoint "Cleanup", Time since last: 2006295626 ns, Reaching safepoint: 285875 ns, At safepoint: 6125 ns, Total: 292000 ns
[2024-03-11T03:38:07.537+0000][7][safepoint    ] Safepoint "Cleanup", Time since last: 1006279667 ns, Reaching safepoint: 680875 ns, At safepoint: 5625 ns, Total: 686500 ns
[2024-03-11T03:38:12.553+0000][7][safepoint    ] Safepoint "Cleanup", Time since last: 5015783544 ns, Reaching safepoint: 366375 ns, At safepoint: 12458 ns, Total: 378833 ns
[2024-03-11T03:38:13.555+0000][7][safepoint    ] Safepoint "Cleanup", Time since last: 1001372126 ns, Reaching safepoint: 325625 ns, At safepoint: 4708 ns, Total: 330333 ns
[2024-03-11T03:38:25.511+0000][7][safepoint    ] Safepoint "Cleanup", Time since last: 11956470838 ns, Reaching safepoint: 221167 ns, At safepoint: 18042 ns, Total: 239209 ns
[2024-03-11T03:38:26.807+0000][7][safepoint    ] Safepoint "Cleanup", Time since last: 1295544084 ns, Reaching safepoint: 837375 ns, At safepoint: 13458 ns, Total: 850833 ns
[2024-03-11T03:38:33.823+0000][7][safepoint    ] Safepoint "Cleanup", Time since last: 7015285503 ns, Reaching safepoint: 189625 ns, At safepoint: 5709 ns, Total: 195334 ns
[2024-03-11T03:38:34.824+0000][7][safepoint    ] Safepoint "Cleanup", Time since last: 1001348250 ns, Reaching safepoint: 175875 ns, At safepoint: 4583 ns, Total: 180458 ns
[2024-03-11T03:38:36.828+0000][7][safepoint    ] Safepoint "Cleanup", Time since last: 2002624626 ns, Reaching safepoint: 568542 ns, At safepoint: 12167 ns, Total: 580709 ns
[2024-03-11T03:38:37.830+0000][7][safepoint    ] Safepoint "Cleanup", Time since last: 1001950959 ns, Reaching safepoint: 435416 ns, At safepoint: 8834 ns, Total: 444250 ns
[2024-03-11T03:38:41.837+0000][7][safepoint    ] Safepoint "Cleanup", Time since last: 4006247501 ns, Reaching safepoint: 394042 ns, At safepoint: 10208 ns, Total: 404250 ns
[2024-03-11T03:38:43.840+0000][7][safepoint    ] Safepoint "Cleanup", Time since last: 2002727668 ns, Reaching safepoint: 231292 ns, At safepoint: 4958 ns, Total: 236250 ns
[2024-03-11T03:38:47.878+0000][7][safepoint    ] Safepoint "Cleanup", Time since last: 4008816668 ns, Reaching safepoint: 135959 ns, At safepoint: 4791 ns, Total: 140750 ns
[2024-03-11T03:38:48.879+0000][7][safepoint    ] Safepoint "Cleanup", Time since last: 1000899584 ns, Reaching safepoint: 449625 ns, At safepoint: 10875 ns, Total: 460500 ns
[2024-03-11T03:38:52.422+0000][7][safepoint    ] Safepoint "Cleanup", Time since last: 3543249585 ns, Reaching safepoint: 198084 ns, At safepoint: 3291 ns, Total: 201375 ns
[2024-03-11T03:38:54.429+0000][7][safepoint    ] Safepoint "Cleanup", Time since last: 2006802043 ns, Reaching safepoint: 272583 ns, At safepoint: 5375 ns, Total: 277958 ns
[2024-03-11T03:38:55.560+0000][7][safepoint    ] Safepoint "Cleanup", Time since last: 1130129542 ns, Reaching safepoint: 269084 ns, At safepoint: 15916 ns, Total: 285000 ns
[2024-03-11T03:38:56.563+0000][7][safepoint    ] Safepoint "Cleanup", Time since last: 1002334626 ns, Reaching safepoint: 461792 ns, At safepoint: 10250 ns, Total: 472042 ns
[2024-03-11T03:38:59.567+0000][7][safepoint    ] Safepoint "Cleanup", Time since last: 3003849876 ns, Reaching safepoint: 394125 ns, At safepoint: 5167 ns, Total: 399292 ns
[2024-03-11T03:39:08.593+0000][7][safepoint    ] Safepoint "Cleanup", Time since last: 9026091837 ns, Reaching safepoint: 312917 ns, At safepoint: 8583 ns, Total: 321500 ns
[2024-03-11T03:39:25.647+0000][7][safepoint    ] Safepoint "Cleanup", Time since last: 17043277716 ns, Reaching safepoint: 432458 ns, At safepoint: 11417 ns, Total: 443875 ns
[2024-03-11T03:39:26.649+0000][7][safepoint    ] Safepoint "Cleanup", Time since last: 1001499667 ns, Reaching safepoint: 444667 ns, At safepoint: 13125 ns, Total: 457792 ns
[2024-03-11T03:39:38.681+0000][7][safepoint    ] Safepoint "Cleanup", Time since last: 12031217380 ns, Reaching safepoint: 684792 ns, At safepoint: 10875 ns, Total: 695667 ns
[2024-03-11T03:39:40.684+0000][7][safepoint    ] Safepoint "Cleanup", Time since last: 2002722543 ns, Reaching safepoint: 391833 ns, At safepoint: 8500 ns, Total: 400333 ns
[2024-03-11T03:39:43.692+0000][7][safepoint    ] Safepoint "Cleanup", Time since last: 3007673918 ns, Reaching safepoint: 267500 ns, At safepoint: 6708 ns, Total: 274208 ns
[2024-03-11T03:39:45.705+0000][7][safepoint    ] Safepoint "Cleanup", Time since last: 2012342959 ns, Reaching safepoint: 375167 ns, At safepoint: 11167 ns, Total: 386334 ns
[2024-03-11T03:39:48.715+0000][7][safepoint    ] Safepoint "Cleanup", Time since last: 3008769126 ns, Reaching safepoint: 371125 ns, At safepoint: 12792 ns, Total: 383917 ns
[2024-03-11T03:39:55.733+0000][7][safepoint    ] Safepoint "Cleanup", Time since last: 7018000711 ns, Reaching safepoint: 397084 ns, At safepoint: 12500 ns, Total: 409584 ns
[2024-03-11T03:39:56.740+0000][7][safepoint    ] Safepoint "Cleanup", Time since last: 1007027167 ns, Reaching safepoint: 419083 ns, At safepoint: 12042 ns, Total: 431125 ns
[2024-03-11T03:39:57.742+0000][7][safepoint    ] Safepoint "Cleanup", Time since last: 1001560459 ns, Reaching safepoint: 450500 ns, At safepoint: 9583 ns, Total: 460083 ns
[2024-03-11T03:39:58.748+0000][7][safepoint    ] Safepoint "Cleanup", Time since last: 1005369292 ns, Reaching safepoint: 293292 ns, At safepoint: 6167 ns, Total: 299459 ns
[2024-03-11T03:39:59.751+0000][7][safepoint    ] Safepoint "Cleanup", Time since last: 1002117917 ns, Reaching safepoint: 420916 ns, At safepoint: 8875 ns, Total: 429791 ns
[2024-03-11T03:40:00.752+0000][7][safepoint    ] Safepoint "Cleanup", Time since last: 1001367834 ns, Reaching safepoint: 172292 ns, At safepoint: 3833 ns, Total: 176125 ns
[2024-03-11T03:40:01.753+0000][7][safepoint    ] Safepoint "Cleanup", Time since last: 1000768292 ns, Reaching safepoint: 267584 ns, At safepoint: 5500 ns, Total: 273084 ns
[2024-03-11T03:40:02.755+0000][7][safepoint    ] Safepoint "Cleanup", Time since last: 1002031708 ns, Reaching safepoint: 179792 ns, At safepoint: 9625 ns, Total: 189417 ns
[2024-03-11T03:40:03.759+0000][7][safepoint    ] Safepoint "Cleanup", Time since last: 1003235251 ns, Reaching safepoint: 416708 ns, At safepoint: 8125 ns, Total: 424833 ns
[2024-03-11T03:40:04.764+0000][7][safepoint    ] Safepoint "Cleanup", Time since last: 1004298875 ns, Reaching safepoint: 810042 ns, At safepoint: 7583 ns, Total: 817625 ns
[2024-03-11T03:40:05.768+0000][7][safepoint    ] Safepoint "Cleanup", Time since last: 1002968626 ns, Reaching safepoint: 550792 ns, At safepoint: 36625 ns, Total: 587417 ns
[2024-03-11T03:40:06.772+0000][7][safepoint    ] Safepoint "Cleanup", Time since last: 1003627708 ns, Reaching safepoint: 237667 ns, At safepoint: 4833 ns, Total: 242500 ns
[2024-03-11T03:40:07.775+0000][7][safepoint    ] Safepoint "Cleanup", Time since last: 1003245459 ns, Reaching safepoint: 439625 ns, At safepoint: 3875 ns, Total: 443500 ns
[2024-03-11T03:40:08.784+0000][7][safepoint    ] Safepoint "Cleanup", Time since last: 1008557334 ns, Reaching safepoint: 257292 ns, At safepoint: 4208 ns, Total: 261500 ns
[2024-03-11T03:40:09.788+0000][7][safepoint    ] Safepoint "Cleanup", Time since last: 1003268417 ns, Reaching safepoint: 622042 ns, At safepoint: 9833 ns, Total: 631875 ns
[2024-03-11T03:40:10.795+0000][7][safepoint    ] Safepoint "Cleanup", Time since last: 1006873167 ns, Reaching safepoint: 400292 ns, At safepoint: 8333 ns, Total: 408625 ns
[2024-03-11T03:40:11.802+0000][7][safepoint    ] Safepoint "Cleanup", Time since last: 1005923376 ns, Reaching safepoint: 343833 ns, At safepoint: 8208 ns, Total: 352041 ns
[2024-03-11T03:40:12.805+0000][7][safepoint    ] Safepoint "Cleanup", Time since last: 1002699834 ns, Reaching safepoint: 207084 ns, At safepoint: 5875 ns, Total: 212959 ns
[2024-03-11T03:40:13.809+0000][7][safepoint    ] Safepoint "Cleanup", Time since last: 1004438500 ns, Reaching safepoint: 301458 ns, At safepoint: 6959 ns, Total: 308417 ns
[2024-03-11T03:40:14.813+0000][7][safepoint    ] Safepoint "Cleanup", Time since last: 1003799041 ns, Reaching safepoint: 367375 ns, At safepoint: 6125 ns, Total: 373500 ns
[2024-03-11T03:40:15.820+0000][7][safepoint    ] Safepoint "Cleanup", Time since last: 1006415126 ns, Reaching safepoint: 163500 ns, At safepoint: 4208 ns, Total: 167708 ns
[2024-03-11T03:40:16.822+0000][7][safepoint    ] Safepoint "Cleanup", Time since last: 1002225626 ns, Reaching safepoint: 188250 ns, At safepoint: 4708 ns, Total: 192958 ns
[2024-03-11T03:40:17.825+0000][7][safepoint    ] Safepoint "Cleanup", Time since last: 1002191125 ns, Reaching safepoint: 452750 ns, At safepoint: 10959 ns, Total: 463709 ns
[2024-03-11T03:40:18.828+0000][7][safepoint    ] Safepoint "Cleanup", Time since last: 1002445208 ns, Reaching safepoint: 481875 ns, At safepoint: 10167 ns, Total: 492042 ns
[2024-03-11T03:40:19.830+0000][7][safepoint    ] Safepoint "Cleanup", Time since last: 1002019876 ns, Reaching safepoint: 330583 ns, At safepoint: 10042 ns, Total: 340625 ns
[2024-03-11T03:40:20.832+0000][7][safepoint    ] Safepoint "Cleanup", Time since last: 1001600292 ns, Reaching safepoint: 348791 ns, At safepoint: 10084 ns, Total: 358875 ns
[2024-03-11T03:40:21.835+0000][7][safepoint    ] Safepoint "Cleanup", Time since last: 1002868542 ns, Reaching safepoint: 423583 ns, At safepoint: 5459 ns, Total: 429042 ns
[2024-03-11T03:40:22.842+0000][7][safepoint    ] Safepoint "Cleanup", Time since last: 1006189750 ns, Reaching safepoint: 345125 ns, At safepoint: 9333 ns, Total: 354458 ns
[2024-03-11T03:40:23.844+0000][7][safepoint    ] Safepoint "Cleanup", Time since last: 1001590793 ns, Reaching safepoint: 563833 ns, At safepoint: 11417 ns, Total: 575250 ns
[2024-03-11T03:40:24.846+0000][7][safepoint    ] Safepoint "Cleanup", Time since last: 1001704167 ns, Reaching safepoint: 376291 ns, At safepoint: 10167 ns, Total: 386458 ns
[2024-03-11T03:40:25.850+0000][7][safepoint    ] Safepoint "Cleanup", Time since last: 1003951001 ns, Reaching safepoint: 230000 ns, At safepoint: 4500 ns, Total: 234500 ns
[2024-03-11T03:40:26.853+0000][7][safepoint    ] Safepoint "Cleanup", Time since last: 1002475250 ns, Reaching safepoint: 420208 ns, At safepoint: 9959 ns, Total: 430167 ns
[2024-03-11T03:40:27.855+0000][7][safepoint    ] Safepoint "Cleanup", Time since last: 1001498792 ns, Reaching safepoint: 300916 ns, At safepoint: 5625 ns, Total: 306541 ns
[2024-03-11T03:40:28.858+0000][7][safepoint    ] Safepoint "Cleanup", Time since last: 1002264459 ns, Reaching safepoint: 365834 ns, At safepoint: 9250 ns, Total: 375084 ns
[2024-03-11T03:40:29.861+0000][7][safepoint    ] Safepoint "Cleanup", Time since last: 1003126542 ns, Reaching safepoint: 279958 ns, At safepoint: 7208 ns, Total: 287166 ns
[2024-03-11T03:40:30.864+0000][7][safepoint    ] Safepoint "Cleanup", Time since last: 1002210543 ns, Reaching safepoint: 326625 ns, At safepoint: 10041 ns, Total: 336666 ns
[2024-03-11T03:40:31.866+0000][7][safepoint    ] Safepoint "Cleanup", Time since last: 1001946959 ns, Reaching safepoint: 438208 ns, At safepoint: 4542 ns, Total: 442750 ns
[2024-03-11T03:40:32.287+0000][7][gc,start     ] GC(15) Pause Young (Normal) (G1 Evacuation Pause)
[2024-03-11T03:40:32.288+0000][7][gc,task      ] GC(15) Using 8 workers of 8 for evacuation
[2024-03-11T03:40:32.289+0000][7][gc,age       ] GC(15) Desired survivor size 19922944 bytes, new threshold 15 (max threshold 15)
[2024-03-11T03:40:32.358+0000][7][gc,age       ] GC(15) Age table with threshold 15 (max threshold 15)
[2024-03-11T03:40:32.358+0000][7][gc,age       ] GC(15) - age   1:    7398152 bytes,    7398152 total
[2024-03-11T03:40:32.358+0000][7][gc,age       ] GC(15) - age   2:    9645384 bytes,   17043536 total
[2024-03-11T03:40:32.358+0000][7][gc,age       ] GC(15) - age   3:    4231024 bytes,   21274560 total
[2024-03-11T03:40:32.358+0000][7][gc,phases    ] GC(15)   Pre Evacuate Collection Set: 0.7ms
[2024-03-11T03:40:32.358+0000][7][gc,phases    ] GC(15)   Merge Heap Roots: 0.5ms
[2024-03-11T03:40:32.358+0000][7][gc,phases    ] GC(15)   Evacuate Collection Set: 64.8ms
[2024-03-11T03:40:32.359+0000][7][gc,phases    ] GC(15)   Post Evacuate Collection Set: 2.1ms
[2024-03-11T03:40:32.359+0000][7][gc,phases    ] GC(15)   Other: 3.1ms
[2024-03-11T03:40:32.359+0000][7][gc,heap      ] GC(15) Eden regions: 285->0(268)
[2024-03-11T03:40:32.359+0000][7][gc,heap      ] GC(15) Survivor regions: 15->22(38)
[2024-03-11T03:40:32.359+0000][7][gc,heap      ] GC(15) Old regions: 48->48
[2024-03-11T03:40:32.359+0000][7][gc,heap      ] GC(15) Archive regions: 0->0
[2024-03-11T03:40:32.359+0000][7][gc,heap      ] GC(15) Humongous regions: 15->15
[2024-03-11T03:40:32.359+0000][7][gc,metaspace ] GC(15) Metaspace: 97475K(104956K)->97475K(104956K) NonClass: 84521K(89008K)->84521K(89008K) Class: 12953K(15948K)->12953K(15948K)
[2024-03-11T03:40:32.359+0000][7][gc           ] GC(15) Pause Young (Normal) (G1 Evacuation Pause) 362M->84M(512M) 72.052ms
[2024-03-11T03:40:32.360+0000][7][gc,cpu       ] GC(15) User=0.50s Sys=0.01s Real=0.07s
[2024-03-11T03:40:32.360+0000][7][safepoint    ] Safepoint "G1CollectForAllocation", Time since last: 420683167 ns, Reaching safepoint: 271917 ns, At safepoint: 72705083 ns, Total: 72977000 ns
[2024-03-11T03:40:33.362+0000][7][safepoint    ] Safepoint "Cleanup", Time since last: 1001984625 ns, Reaching safepoint: 554959 ns, At safepoint: 17000 ns, Total: 571959 ns
[2024-03-11T03:40:34.364+0000][7][safepoint    ] Safepoint "Cleanup", Time since last: 1001496084 ns, Reaching safepoint: 279250 ns, At safepoint: 31666 ns, Total: 310916 ns
[2024-03-11T03:40:35.371+0000][7][safepoint    ] Safepoint "Cleanup", Time since last: 1006467292 ns, Reaching safepoint: 285542 ns, At safepoint: 23167 ns, Total: 308709 ns
[2024-03-11T03:40:36.373+0000][7][safepoint    ] Safepoint "Cleanup", Time since last: 1002181542 ns, Reaching safepoint: 194625 ns, At safepoint: 3667 ns, Total: 198292 ns
[2024-03-11T03:40:37.375+0000][7][safepoint    ] Safepoint "Cleanup", Time since last: 1001739875 ns, Reaching safepoint: 332125 ns, At safepoint: 8542 ns, Total: 340667 ns
[2024-03-11T03:40:38.380+0000][7][safepoint    ] Safepoint "Cleanup", Time since last: 1004215833 ns, Reaching safepoint: 283084 ns, At safepoint: 8375 ns, Total: 291459 ns
[2024-03-11T03:40:39.387+0000][7][safepoint    ] Safepoint "Cleanup", Time since last: 1006360875 ns, Reaching safepoint: 624917 ns, At safepoint: 5708 ns, Total: 630625 ns
[2024-03-11T03:40:40.388+0000][7][safepoint    ] Safepoint "Cleanup", Time since last: 1000714292 ns, Reaching safepoint: 300834 ns, At safepoint: 3500 ns, Total: 304334 ns
[2024-03-11T03:40:41.390+0000][7][safepoint    ] Safepoint "Cleanup", Time since last: 1002134500 ns, Reaching safepoint: 408500 ns, At safepoint: 9334 ns, Total: 417834 ns
[2024-03-11T03:40:42.392+0000][7][safepoint    ] Safepoint "Cleanup", Time since last: 1001755833 ns, Reaching safepoint: 302625 ns, At safepoint: 10417 ns, Total: 313042 ns
[2024-03-11T03:40:43.395+0000][7][safepoint    ] Safepoint "Cleanup", Time since last: 1002648209 ns, Reaching safepoint: 276542 ns, At safepoint: 8791 ns, Total: 285333 ns
[2024-03-11T03:40:44.402+0000][7][safepoint    ] Safepoint "Cleanup", Time since last: 1006484625 ns, Reaching safepoint: 486042 ns, At safepoint: 6416 ns, Total: 492458 ns
[2024-03-11T03:40:45.404+0000][7][safepoint    ] Safepoint "Cleanup", Time since last: 1001384418 ns, Reaching safepoint: 243041 ns, At safepoint: 7292 ns, Total: 250333 ns
[2024-03-11T03:40:46.411+0000][7][safepoint    ] Safepoint "Cleanup", Time since last: 1006682167 ns, Reaching safepoint: 378458 ns, At safepoint: 8334 ns, Total: 386792 ns
[2024-03-11T03:40:47.415+0000][7][safepoint    ] Safepoint "Cleanup", Time since last: 1004212042 ns, Reaching safepoint: 254333 ns, At safepoint: 5625 ns, Total: 259958 ns
[2024-03-11T03:40:48.417+0000][7][safepoint    ] Safepoint "Cleanup", Time since last: 1001368792 ns, Reaching safepoint: 234000 ns, At safepoint: 6709 ns, Total: 240709 ns
[2024-03-11T03:40:49.419+0000][7][safepoint    ] Safepoint "Cleanup", Time since last: 1001608167 ns, Reaching safepoint: 253541 ns, At safepoint: 9125 ns, Total: 262666 ns
[2024-03-11T03:40:50.422+0000][7][safepoint    ] Safepoint "Cleanup", Time since last: 1003310334 ns, Reaching safepoint: 275667 ns, At safepoint: 6250 ns, Total: 281917 ns
[2024-03-11T03:40:51.424+0000][7][safepoint    ] Safepoint "Cleanup", Time since last: 1001632000 ns, Reaching safepoint: 382959 ns, At safepoint: 11958 ns, Total: 394917 ns
[2024-03-11T03:40:52.427+0000][7][safepoint    ] Safepoint "Cleanup", Time since last: 1002515917 ns, Reaching safepoint: 256167 ns, At safepoint: 9375 ns, Total: 265542 ns
[2024-03-11T03:40:53.430+0000][7][safepoint    ] Safepoint "Cleanup", Time since last: 1002344500 ns, Reaching safepoint: 280417 ns, At safepoint: 7000 ns, Total: 287417 ns
[2024-03-11T03:40:54.433+0000][7][safepoint    ] Safepoint "Cleanup", Time since last: 1002682209 ns, Reaching safepoint: 283583 ns, At safepoint: 7333 ns, Total: 290916 ns
[2024-03-11T03:40:55.436+0000][7][safepoint    ] Safepoint "Cleanup", Time since last: 1002904501 ns, Reaching safepoint: 284625 ns, At safepoint: 7917 ns, Total: 292542 ns
[2024-03-11T03:40:56.438+0000][7][safepoint    ] Safepoint "Cleanup", Time since last: 1001766000 ns, Reaching safepoint: 341375 ns, At safepoint: 7083 ns, Total: 348458 ns
[2024-03-11T03:40:57.440+0000][7][safepoint    ] Safepoint "Cleanup", Time since last: 1001336876 ns, Reaching safepoint: 399792 ns, At safepoint: 8541 ns, Total: 408333 ns
[2024-03-11T03:40:58.442+0000][7][safepoint    ] Safepoint "Cleanup", Time since last: 1001967417 ns, Reaching safepoint: 338292 ns, At safepoint: 9333 ns, Total: 347625 ns
[2024-03-11T03:40:59.444+0000][7][safepoint    ] Safepoint "Cleanup", Time since last: 1001868418 ns, Reaching safepoint: 347000 ns, At safepoint: 8041 ns, Total: 355041 ns
[2024-03-11T03:41:00.450+0000][7][safepoint    ] Safepoint "Cleanup", Time since last: 1004953501 ns, Reaching safepoint: 254708 ns, At safepoint: 5500 ns, Total: 260208 ns
[2024-03-11T03:41:01.452+0000][7][safepoint    ] Safepoint "Cleanup", Time since last: 1002547417 ns, Reaching safepoint: 407292 ns, At safepoint: 6750 ns, Total: 414042 ns
[2024-03-11T03:41:02.455+0000][7][safepoint    ] Safepoint "Cleanup", Time since last: 1002621625 ns, Reaching safepoint: 372250 ns, At safepoint: 10334 ns, Total: 382584 ns
[2024-03-11T03:41:03.460+0000][7][safepoint    ] Safepoint "Cleanup", Time since last: 1004267208 ns, Reaching safepoint: 285125 ns, At safepoint: 6834 ns, Total: 291959 ns
[2024-03-11T03:41:04.463+0000][7][safepoint    ] Safepoint "Cleanup", Time since last: 1002669375 ns, Reaching safepoint: 230834 ns, At safepoint: 6208 ns, Total: 237042 ns
[2024-03-11T03:41:05.466+0000][7][safepoint    ] Safepoint "Cleanup", Time since last: 1002143917 ns, Reaching safepoint: 498333 ns, At safepoint: 6500 ns, Total: 504833 ns
[2024-03-11T03:41:06.470+0000][7][safepoint    ] Safepoint "Cleanup", Time since last: 1003800501 ns, Reaching safepoint: 467708 ns, At safepoint: 9292 ns, Total: 477000 ns
[2024-03-11T03:41:07.473+0000][7][safepoint    ] Safepoint "Cleanup", Time since last: 1002460292 ns, Reaching safepoint: 476750 ns, At safepoint: 25000 ns, Total: 501750 ns
[2024-03-11T03:41:08.476+0000][7][safepoint    ] Safepoint "Cleanup", Time since last: 1003219126 ns, Reaching safepoint: 158125 ns, At safepoint: 3166 ns, Total: 161291 ns
[2024-03-11T03:41:09.479+0000][7][safepoint    ] Safepoint "Cleanup", Time since last: 1002901959 ns, Reaching safepoint: 182458 ns, At safepoint: 3584 ns, Total: 186042 ns
[2024-03-11T03:41:10.481+0000][7][safepoint    ] Safepoint "Cleanup", Time since last: 1001064417 ns, Reaching safepoint: 267291 ns, At safepoint: 6250 ns, Total: 273541 ns
[2024-03-11T03:41:11.483+0000][7][safepoint    ] Safepoint "Cleanup", Time since last: 1002294543 ns, Reaching safepoint: 217958 ns, At safepoint: 4458 ns, Total: 222416 ns
[2024-03-11T03:41:12.485+0000][7][safepoint    ] Safepoint "Cleanup", Time since last: 1001220334 ns, Reaching safepoint: 182458 ns, At safepoint: 3084 ns, Total: 185542 ns
[2024-03-11T03:41:13.491+0000][7][safepoint    ] Safepoint "Cleanup", Time since last: 1005708250 ns, Reaching safepoint: 473500 ns, At safepoint: 9000 ns, Total: 482500 ns
[2024-03-11T03:41:14.496+0000][7][safepoint    ] Safepoint "Cleanup", Time since last: 1005093417 ns, Reaching safepoint: 302000 ns, At safepoint: 7625 ns, Total: 309625 ns
[2024-03-11T03:41:15.497+0000][7][safepoint    ] Safepoint "Cleanup", Time since last: 1001118667 ns, Reaching safepoint: 325834 ns, At safepoint: 6583 ns, Total: 332417 ns
[2024-03-11T03:41:16.501+0000][7][safepoint    ] Safepoint "Cleanup", Time since last: 1003326542 ns, Reaching safepoint: 140708 ns, At safepoint: 3209 ns, Total: 143917 ns
[2024-03-11T03:41:17.503+0000][7][safepoint    ] Safepoint "Cleanup", Time since last: 1001512834 ns, Reaching safepoint: 247750 ns, At safepoint: 7708 ns, Total: 255458 ns
[2024-03-11T03:41:18.505+0000][7][safepoint    ] Safepoint "Cleanup", Time since last: 1002418667 ns, Reaching safepoint: 294417 ns, At safepoint: 6458 ns, Total: 300875 ns
[2024-03-11T03:41:19.512+0000][7][safepoint    ] Safepoint "Cleanup", Time since last: 1006715709 ns, Reaching safepoint: 321166 ns, At safepoint: 8417 ns, Total: 329583 ns
[2024-03-11T03:41:20.519+0000][7][safepoint    ] Safepoint "Cleanup", Time since last: 1006277876 ns, Reaching safepoint: 562333 ns, At safepoint: 10917 ns, Total: 573250 ns
[2024-03-11T03:41:21.521+0000][7][safepoint    ] Safepoint "Cleanup", Time since last: 1001881583 ns, Reaching safepoint: 129542 ns, At safepoint: 4208 ns, Total: 133750 ns
[2024-03-11T03:41:22.524+0000][7][safepoint    ] Safepoint "Cleanup", Time since last: 1002063209 ns, Reaching safepoint: 275750 ns, At safepoint: 5750 ns, Total: 281500 ns
[2024-03-11T03:41:23.526+0000][7][safepoint    ] Safepoint "Cleanup", Time since last: 1002113542 ns, Reaching safepoint: 471792 ns, At safepoint: 8542 ns, Total: 480334 ns
[2024-03-11T03:41:24.528+0000][7][safepoint    ] Safepoint "Cleanup", Time since last: 1002114042 ns, Reaching safepoint: 214833 ns, At safepoint: 6709 ns, Total: 221542 ns
[2024-03-11T03:41:25.532+0000][7][safepoint    ] Safepoint "Cleanup", Time since last: 1003032667 ns, Reaching safepoint: 420833 ns, At safepoint: 13500 ns, Total: 434333 ns
[2024-03-11T03:41:26.537+0000][7][safepoint    ] Safepoint "Cleanup", Time since last: 1004711126 ns, Reaching safepoint: 121416 ns, At safepoint: 3167 ns, Total: 124583 ns
[2024-03-11T03:41:27.542+0000][7][safepoint    ] Safepoint "Cleanup", Time since last: 1004291500 ns, Reaching safepoint: 522542 ns, At safepoint: 10208 ns, Total: 532750 ns
[2024-03-11T03:41:28.546+0000][7][safepoint    ] Safepoint "Cleanup", Time since last: 1004344792 ns, Reaching safepoint: 308709 ns, At safepoint: 6375 ns, Total: 315084 ns
[2024-03-11T03:41:29.548+0000][7][safepoint    ] Safepoint "Cleanup", Time since last: 1001684125 ns, Reaching safepoint: 321667 ns, At safepoint: 21833 ns, Total: 343500 ns
[2024-03-11T03:41:30.550+0000][7][safepoint    ] Safepoint "Cleanup", Time since last: 1001633209 ns, Reaching safepoint: 259208 ns, At safepoint: 8250 ns, Total: 267458 ns
[2024-03-11T03:41:31.552+0000][7][safepoint    ] Safepoint "Cleanup", Time since last: 1002008876 ns, Reaching safepoint: 264917 ns, At safepoint: 5750 ns, Total: 270667 ns
[2024-03-11T03:41:32.555+0000][7][safepoint    ] Safepoint "Cleanup", Time since last: 1002439875 ns, Reaching safepoint: 281083 ns, At safepoint: 6500 ns, Total: 287583 ns
[2024-03-11T03:41:33.561+0000][7][safepoint    ] Safepoint "Cleanup", Time since last: 1005311709 ns, Reaching safepoint: 366334 ns, At safepoint: 9375 ns, Total: 375709 ns
[2024-03-11T03:41:34.567+0000][7][safepoint    ] Safepoint "Cleanup", Time since last: 1005641958 ns, Reaching safepoint: 207500 ns, At safepoint: 4417 ns, Total: 211917 ns
[2024-03-11T03:41:35.569+0000][7][safepoint    ] Safepoint "Cleanup", Time since last: 1002340500 ns, Reaching safepoint: 226334 ns, At safepoint: 23541 ns, Total: 249875 ns
[2024-03-11T03:41:36.572+0000][7][safepoint    ] Safepoint "Cleanup", Time since last: 1002367584 ns, Reaching safepoint: 278792 ns, At safepoint: 7125 ns, Total: 285917 ns
[2024-03-11T03:41:37.579+0000][7][safepoint    ] Safepoint "Cleanup", Time since last: 1006965209 ns, Reaching safepoint: 264750 ns, At safepoint: 18875 ns, Total: 283625 ns
[2024-03-11T03:41:38.582+0000][7][safepoint    ] Safepoint "Cleanup", Time since last: 1003071542 ns, Reaching safepoint: 217042 ns, At safepoint: 10625 ns, Total: 227667 ns
[2024-03-11T03:41:39.588+0000][7][safepoint    ] Safepoint "Cleanup", Time since last: 1004381667 ns, Reaching safepoint: 730791 ns, At safepoint: 18459 ns, Total: 749250 ns
[2024-03-11T03:41:40.591+0000][7][safepoint    ] Safepoint "Cleanup", Time since last: 1002917625 ns, Reaching safepoint: 394084 ns, At safepoint: 6875 ns, Total: 400959 ns
[2024-03-11T03:41:41.593+0000][7][safepoint    ] Safepoint "Cleanup", Time since last: 1002161417 ns, Reaching safepoint: 195625 ns, At safepoint: 3958 ns, Total: 199583 ns
[2024-03-11T03:41:42.594+0000][7][safepoint    ] Safepoint "Cleanup", Time since last: 1000698500 ns, Reaching safepoint: 294334 ns, At safepoint: 6208 ns, Total: 300542 ns
[2024-03-11T03:41:43.598+0000][7][safepoint    ] Safepoint "Cleanup", Time since last: 1003547542 ns, Reaching safepoint: 340500 ns, At safepoint: 5125 ns, Total: 345625 ns
[2024-03-11T03:41:44.601+0000][7][safepoint    ] Safepoint "Cleanup", Time since last: 1002335125 ns, Reaching safepoint: 412375 ns, At safepoint: 4875 ns, Total: 417250 ns
[2024-03-11T03:41:45.605+0000][7][safepoint    ] Safepoint "Cleanup", Time since last: 1004179543 ns, Reaching safepoint: 245875 ns, At safepoint: 5291 ns, Total: 251166 ns
[2024-03-11T03:41:46.609+0000][7][safepoint    ] Safepoint "Cleanup", Time since last: 1002967084 ns, Reaching safepoint: 367083 ns, At safepoint: 10000 ns, Total: 377083 ns
[2024-03-11T03:41:47.610+0000][7][safepoint    ] Safepoint "Cleanup", Time since last: 1001407334 ns, Reaching safepoint: 272250 ns, At safepoint: 6292 ns, Total: 278542 ns
[2024-03-11T03:41:48.617+0000][7][safepoint    ] Safepoint "Cleanup", Time since last: 1006405459 ns, Reaching safepoint: 312875 ns, At safepoint: 6125 ns, Total: 319000 ns
[2024-03-11T03:41:49.619+0000][7][safepoint    ] Safepoint "Cleanup", Time since last: 1001026750 ns, Reaching safepoint: 599709 ns, At safepoint: 5208 ns, Total: 604917 ns
[2024-03-11T03:41:50.622+0000][7][safepoint    ] Safepoint "Cleanup", Time since last: 1002627375 ns, Reaching safepoint: 419834 ns, At safepoint: 52041 ns, Total: 471875 ns
[2024-03-11T03:41:51.624+0000][7][safepoint    ] Safepoint "Cleanup", Time since last: 1001556501 ns, Reaching safepoint: 223583 ns, At safepoint: 6083 ns, Total: 229666 ns
[2024-03-11T03:41:52.626+0000][7][safepoint    ] Safepoint "Cleanup", Time since last: 1001887209 ns, Reaching safepoint: 424834 ns, At safepoint: 11666 ns, Total: 436500 ns
[2024-03-11T03:41:53.633+0000][7][safepoint    ] Safepoint "Cleanup", Time since last: 1007059084 ns, Reaching safepoint: 286000 ns, At safepoint: 4958 ns, Total: 290958 ns
[2024-03-11T03:41:54.638+0000][7][safepoint    ] Safepoint "Cleanup", Time since last: 1004264918 ns, Reaching safepoint: 552000 ns, At safepoint: 10583 ns, Total: 562583 ns
[2024-03-11T03:41:55.641+0000][7][safepoint    ] Safepoint "Cleanup", Time since last: 1002505250 ns, Reaching safepoint: 232334 ns, At safepoint: 4583 ns, Total: 236917 ns
[2024-03-11T03:41:56.644+0000][7][safepoint    ] Safepoint "Cleanup", Time since last: 1002628292 ns, Reaching safepoint: 377417 ns, At safepoint: 11750 ns, Total: 389167 ns
[2024-03-11T03:41:57.646+0000][7][safepoint    ] Safepoint "Cleanup", Time since last: 1001803042 ns, Reaching safepoint: 388750 ns, At safepoint: 9958 ns, Total: 398708 ns
[2024-03-11T03:41:58.654+0000][7][safepoint    ] Safepoint "Cleanup", Time since last: 1006952709 ns, Reaching safepoint: 511000 ns, At safepoint: 12000 ns, Total: 523000 ns
[2024-03-11T03:41:59.659+0000][7][safepoint    ] Safepoint "Cleanup", Time since last: 1004280542 ns, Reaching safepoint: 664375 ns, At safepoint: 12917 ns, Total: 677292 ns
[2024-03-11T03:42:00.661+0000][7][safepoint    ] Safepoint "Cleanup", Time since last: 1001524417 ns, Reaching safepoint: 402333 ns, At safepoint: 7292 ns, Total: 409625 ns
[2024-03-11T03:42:01.664+0000][7][safepoint    ] Safepoint "Cleanup", Time since last: 1003065709 ns, Reaching safepoint: 165708 ns, At safepoint: 4125 ns, Total: 169833 ns
[2024-03-11T03:42:02.666+0000][7][safepoint    ] Safepoint "Cleanup", Time since last: 1001657584 ns, Reaching safepoint: 486875 ns, At safepoint: 9000 ns, Total: 495875 ns
[2024-03-11T03:42:03.668+0000][7][safepoint    ] Safepoint "Cleanup", Time since last: 1001452834 ns, Reaching safepoint: 199417 ns, At safepoint: 8291 ns, Total: 207708 ns
[2024-03-11T03:42:04.670+0000][7][safepoint    ] Safepoint "Cleanup", Time since last: 1001656167 ns, Reaching safepoint: 550875 ns, At safepoint: 7500 ns, Total: 558375 ns
[2024-03-11T03:42:05.677+0000][7][safepoint    ] Safepoint "Cleanup", Time since last: 1006301293 ns, Reaching safepoint: 419750 ns, At safepoint: 8083 ns, Total: 427833 ns
[2024-03-11T03:42:06.682+0000][7][safepoint    ] Safepoint "Cleanup", Time since last: 1004659250 ns, Reaching safepoint: 360459 ns, At safepoint: 7958 ns, Total: 368417 ns
[2024-03-11T03:42:07.684+0000][7][safepoint    ] Safepoint "Cleanup", Time since last: 1002261834 ns, Reaching safepoint: 177833 ns, At safepoint: 3500 ns, Total: 181333 ns
[2024-03-11T03:42:08.686+0000][7][safepoint    ] Safepoint "Cleanup", Time since last: 1001397001 ns, Reaching safepoint: 366833 ns, At safepoint: 8125 ns, Total: 374958 ns
[2024-03-11T03:42:09.689+0000][7][safepoint    ] Safepoint "Cleanup", Time since last: 1002783792 ns, Reaching safepoint: 216958 ns, At safepoint: 4375 ns, Total: 221333 ns
[2024-03-11T03:42:10.692+0000][7][safepoint    ] Safepoint "Cleanup", Time since last: 1002444126 ns, Reaching safepoint: 299542 ns, At safepoint: 5083 ns, Total: 304625 ns
[2024-03-11T03:42:11.694+0000][7][safepoint    ] Safepoint "Cleanup", Time since last: 1002594584 ns, Reaching safepoint: 228916 ns, At safepoint: 4625 ns, Total: 233541 ns
[2024-03-11T03:42:12.697+0000][7][safepoint    ] Safepoint "Cleanup", Time since last: 1002700501 ns, Reaching safepoint: 237667 ns, At safepoint: 5125 ns, Total: 242792 ns
[2024-03-11T03:42:13.704+0000][7][safepoint    ] Safepoint "Cleanup", Time since last: 1005675958 ns, Reaching safepoint: 1449125 ns, At safepoint: 23500 ns, Total: 1472625 ns
[2024-03-11T03:42:14.707+0000][7][safepoint    ] Safepoint "Cleanup", Time since last: 1002551833 ns, Reaching safepoint: 264000 ns, At safepoint: 5125 ns, Total: 269125 ns
[2024-03-11T03:42:15.710+0000][7][safepoint    ] Safepoint "Cleanup", Time since last: 1002489959 ns, Reaching safepoint: 400917 ns, At safepoint: 8875 ns, Total: 409792 ns
[2024-03-11T03:42:16.712+0000][7][safepoint    ] Safepoint "Cleanup", Time since last: 1001930083 ns, Reaching safepoint: 390875 ns, At safepoint: 8167 ns, Total: 399042 ns
[2024-03-11T03:42:17.716+0000][7][safepoint    ] Safepoint "Cleanup", Time since last: 1003732667 ns, Reaching safepoint: 266959 ns, At safepoint: 6625 ns, Total: 273584 ns
[2024-03-11T03:42:18.720+0000][7][safepoint    ] Safepoint "Cleanup", Time since last: 1003667542 ns, Reaching safepoint: 254666 ns, At safepoint: 6209 ns, Total: 260875 ns
[2024-03-11T03:42:19.727+0000][7][safepoint    ] Safepoint "Cleanup", Time since last: 1006634959 ns, Reaching safepoint: 325833 ns, At safepoint: 22708 ns, Total: 348541 ns
[2024-03-11T03:42:20.731+0000][7][safepoint    ] Safepoint "Cleanup", Time since last: 1002956584 ns, Reaching safepoint: 408125 ns, At safepoint: 10042 ns, Total: 418167 ns
[2024-03-11T03:42:21.732+0000][7][safepoint    ] Safepoint "Cleanup", Time since last: 1001208417 ns, Reaching safepoint: 372958 ns, At safepoint: 7959 ns, Total: 380917 ns
[2024-03-11T03:42:22.735+0000][7][safepoint    ] Safepoint "Cleanup", Time since last: 1002060958 ns, Reaching safepoint: 367125 ns, At safepoint: 8167 ns, Total: 375292 ns
[2024-03-11T03:42:23.738+0000][7][safepoint    ] Safepoint "Cleanup", Time since last: 1002722375 ns, Reaching safepoint: 550459 ns, At safepoint: 7125 ns, Total: 557584 ns
[2024-03-11T03:42:24.744+0000][7][safepoint    ] Safepoint "Cleanup", Time since last: 1005806667 ns, Reaching safepoint: 311375 ns, At safepoint: 8208 ns, Total: 319583 ns
[2024-03-11T03:42:25.749+0000][7][safepoint    ] Safepoint "Cleanup", Time since last: 1004320001 ns, Reaching safepoint: 191125 ns, At safepoint: 5125 ns, Total: 196250 ns
[2024-03-11T03:42:26.751+0000][7][safepoint    ] Safepoint "Cleanup", Time since last: 1001925292 ns, Reaching safepoint: 276083 ns, At safepoint: 6084 ns, Total: 282167 ns
[2024-03-11T03:42:27.752+0000][7][safepoint    ] Safepoint "Cleanup", Time since last: 1001006458 ns, Reaching safepoint: 247375 ns, At safepoint: 6625 ns, Total: 254000 ns
[2024-03-11T03:42:28.755+0000][7][safepoint    ] Safepoint "Cleanup", Time since last: 1002598959 ns, Reaching safepoint: 284375 ns, At safepoint: 6792 ns, Total: 291167 ns
[2024-03-11T03:42:29.760+0000][7][safepoint    ] Safepoint "Cleanup", Time since last: 1004438250 ns, Reaching safepoint: 401792 ns, At safepoint: 7625 ns, Total: 409417 ns
[2024-03-11T03:42:30.766+0000][7][safepoint    ] Safepoint "Cleanup", Time since last: 1006078667 ns, Reaching safepoint: 228792 ns, At safepoint: 4625 ns, Total: 233417 ns
[2024-03-11T03:42:31.769+0000][7][safepoint    ] Safepoint "Cleanup", Time since last: 1002742584 ns, Reaching safepoint: 169250 ns, At safepoint: 4708 ns, Total: 173958 ns
[2024-03-11T03:42:32.773+0000][7][safepoint    ] Safepoint "Cleanup", Time since last: 1002857834 ns, Reaching safepoint: 585833 ns, At safepoint: 9375 ns, Total: 595208 ns
[2024-03-11T03:42:33.775+0000][7][safepoint    ] Safepoint "Cleanup", Time since last: 1002203126 ns, Reaching safepoint: 231291 ns, At safepoint: 4459 ns, Total: 235750 ns
[2024-03-11T03:42:34.780+0000][7][safepoint    ] Safepoint "Cleanup", Time since last: 1004373417 ns, Reaching safepoint: 327125 ns, At safepoint: 8416 ns, Total: 335541 ns
[2024-03-11T03:42:35.784+0000][7][safepoint    ] Safepoint "Cleanup", Time since last: 1003790959 ns, Reaching safepoint: 337917 ns, At safepoint: 9125 ns, Total: 347042 ns
[2024-03-11T03:42:36.789+0000][7][safepoint    ] Safepoint "Cleanup", Time since last: 1005222584 ns, Reaching safepoint: 320750 ns, At safepoint: 8375 ns, Total: 329125 ns
[2024-03-11T03:42:37.796+0000][7][safepoint    ] Safepoint "Cleanup", Time since last: 1006320834 ns, Reaching safepoint: 495416 ns, At safepoint: 8959 ns, Total: 504375 ns
[2024-03-11T03:42:38.799+0000][7][safepoint    ] Safepoint "Cleanup", Time since last: 1001766583 ns, Reaching safepoint: 765375 ns, At safepoint: 8792 ns, Total: 774167 ns
[2024-03-11T03:42:39.805+0000][7][safepoint    ] Safepoint "Cleanup", Time since last: 1006135959 ns, Reaching safepoint: 257333 ns, At safepoint: 11458 ns, Total: 268791 ns
[2024-03-11T03:42:40.809+0000][7][safepoint    ] Safepoint "Cleanup", Time since last: 1004028418 ns, Reaching safepoint: 230083 ns, At safepoint: 5417 ns, Total: 235500 ns
[2024-03-11T03:42:41.812+0000][7][safepoint    ] Safepoint "Cleanup", Time since last: 1002296917 ns, Reaching safepoint: 261625 ns, At safepoint: 6291 ns, Total: 267916 ns
[2024-03-11T03:42:42.815+0000][7][safepoint    ] Safepoint "Cleanup", Time since last: 1002527959 ns, Reaching safepoint: 226417 ns, At safepoint: 4167 ns, Total: 230584 ns
[2024-03-11T03:42:43.817+0000][7][safepoint    ] Safepoint "Cleanup", Time since last: 1001520542 ns, Reaching safepoint: 409375 ns, At safepoint: 5041 ns, Total: 414416 ns
[2024-03-11T03:42:44.819+0000][7][safepoint    ] Safepoint "Cleanup", Time since last: 1002479709 ns, Reaching safepoint: 222000 ns, At safepoint: 4625 ns, Total: 226625 ns
[2024-03-11T03:42:45.821+0000][7][safepoint    ] Safepoint "Cleanup", Time since last: 1002252167 ns, Reaching safepoint: 302125 ns, At safepoint: 8458 ns, Total: 310583 ns
[2024-03-11T03:42:46.823+0000][7][safepoint    ] Safepoint "Cleanup", Time since last: 1001139209 ns, Reaching safepoint: 208959 ns, At safepoint: 6125 ns, Total: 215084 ns
[2024-03-11T03:42:47.825+0000][7][safepoint    ] Safepoint "Cleanup", Time since last: 1001835625 ns, Reaching safepoint: 197167 ns, At safepoint: 4458 ns, Total: 201625 ns
[2024-03-11T03:42:48.831+0000][7][safepoint    ] Safepoint "Cleanup", Time since last: 1005707375 ns, Reaching safepoint: 340167 ns, At safepoint: 13958 ns, Total: 354125 ns
[2024-03-11T03:42:49.835+0000][7][safepoint    ] Safepoint "Cleanup", Time since last: 1004277126 ns, Reaching safepoint: 398333 ns, At safepoint: 9667 ns, Total: 408000 ns
[2024-03-11T03:42:50.838+0000][7][safepoint    ] Safepoint "Cleanup", Time since last: 1002148084 ns, Reaching safepoint: 353416 ns, At safepoint: 10042 ns, Total: 363458 ns
[2024-03-11T03:42:51.841+0000][7][safepoint    ] Safepoint "Cleanup", Time since last: 1002688834 ns, Reaching safepoint: 341500 ns, At safepoint: 9083 ns, Total: 350583 ns
[2024-03-11T03:42:52.843+0000][7][safepoint    ] Safepoint "Cleanup", Time since last: 1001606209 ns, Reaching safepoint: 386708 ns, At safepoint: 10667 ns, Total: 397375 ns
[2024-03-11T03:42:53.848+0000][7][safepoint    ] Safepoint "Cleanup", Time since last: 1004726292 ns, Reaching safepoint: 738459 ns, At safepoint: 10500 ns, Total: 748959 ns
[2024-03-11T03:42:54.851+0000][7][safepoint    ] Safepoint "Cleanup", Time since last: 1002379875 ns, Reaching safepoint: 488625 ns, At safepoint: 9167 ns, Total: 497792 ns
[2024-03-11T03:42:55.854+0000][7][safepoint    ] Safepoint "Cleanup", Time since last: 1002053459 ns, Reaching safepoint: 522916 ns, At safepoint: 10042 ns, Total: 532958 ns
[2024-03-11T03:42:56.857+0000][7][safepoint    ] Safepoint "Cleanup", Time since last: 1002736250 ns, Reaching safepoint: 289584 ns, At safepoint: 7250 ns, Total: 296834 ns
[2024-03-11T03:42:57.859+0000][7][safepoint    ] Safepoint "Cleanup", Time since last: 1001793875 ns, Reaching safepoint: 211875 ns, At safepoint: 4417 ns, Total: 216292 ns
[2024-03-11T03:42:58.862+0000][7][safepoint    ] Safepoint "Cleanup", Time since last: 1002641417 ns, Reaching safepoint: 448875 ns, At safepoint: 10458 ns, Total: 459333 ns
[2024-03-11T03:42:59.865+0000][7][safepoint    ] Safepoint "Cleanup", Time since last: 1002885042 ns, Reaching safepoint: 443375 ns, At safepoint: 8584 ns, Total: 451959 ns
[2024-03-11T03:43:00.872+0000][7][safepoint    ] Safepoint "Cleanup", Time since last: 1006662417 ns, Reaching safepoint: 421333 ns, At safepoint: 49917 ns, Total: 471250 ns
[2024-03-11T03:43:01.875+0000][7][safepoint    ] Safepoint "Cleanup", Time since last: 1002481167 ns, Reaching safepoint: 363458 ns, At safepoint: 10084 ns, Total: 373542 ns
[2024-03-11T03:43:02.877+0000][7][safepoint    ] Safepoint "Cleanup", Time since last: 1000966334 ns, Reaching safepoint: 387833 ns, At safepoint: 4583 ns, Total: 392416 ns
[2024-03-11T03:43:03.880+0000][7][safepoint    ] Safepoint "Cleanup", Time since last: 1002892792 ns, Reaching safepoint: 289875 ns, At safepoint: 8000 ns, Total: 297875 ns
[2024-03-11T03:43:04.882+0000][7][safepoint    ] Safepoint "Cleanup", Time since last: 1001420334 ns, Reaching safepoint: 238417 ns, At safepoint: 5500 ns, Total: 243917 ns
[2024-03-11T03:43:05.884+0000][7][safepoint    ] Safepoint "Cleanup", Time since last: 1002034042 ns, Reaching safepoint: 289125 ns, At safepoint: 6417 ns, Total: 295542 ns
[2024-03-11T03:43:06.886+0000][7][safepoint    ] Safepoint "Cleanup", Time since last: 1001425292 ns, Reaching safepoint: 306625 ns, At safepoint: 7208 ns, Total: 313833 ns
[2024-03-11T03:43:07.887+0000][7][safepoint    ] Safepoint "Cleanup", Time since last: 1001496417 ns, Reaching safepoint: 146084 ns, At safepoint: 4000 ns, Total: 150084 ns
[2024-03-11T03:43:08.889+0000][7][safepoint    ] Safepoint "Cleanup", Time since last: 1001281333 ns, Reaching safepoint: 384917 ns, At safepoint: 8958 ns, Total: 393875 ns
[2024-03-11T03:43:09.891+0000][7][safepoint    ] Safepoint "Cleanup", Time since last: 1001372209 ns, Reaching safepoint: 507750 ns, At safepoint: 11375 ns, Total: 519125 ns
[2024-03-11T03:43:10.896+0000][7][safepoint    ] Safepoint "Cleanup", Time since last: 1005074334 ns, Reaching safepoint: 398833 ns, At safepoint: 9500 ns, Total: 408333 ns
[2024-03-11T03:43:11.901+0000][7][safepoint    ] Safepoint "Cleanup", Time since last: 1004281709 ns, Reaching safepoint: 516625 ns, At safepoint: 9292 ns, Total: 525917 ns
[2024-03-11T03:43:12.903+0000][7][safepoint    ] Safepoint "Cleanup", Time since last: 1001100667 ns, Reaching safepoint: 405583 ns, At safepoint: 9667 ns, Total: 415250 ns
[2024-03-11T03:43:13.906+0000][7][safepoint    ] Safepoint "Cleanup", Time since last: 1003225167 ns, Reaching safepoint: 220792 ns, At safepoint: 25708 ns, Total: 246500 ns
[2024-03-11T03:43:14.908+0000][7][safepoint    ] Safepoint "Cleanup", Time since last: 1001514625 ns, Reaching safepoint: 362583 ns, At safepoint: 6625 ns, Total: 369208 ns
[2024-03-11T03:43:15.909+0000][7][safepoint    ] Safepoint "Cleanup", Time since last: 1001167459 ns, Reaching safepoint: 137041 ns, At safepoint: 2792 ns, Total: 139833 ns
[2024-03-11T03:43:16.911+0000][7][safepoint    ] Safepoint "Cleanup", Time since last: 1002035584 ns, Reaching safepoint: 173167 ns, At safepoint: 2750 ns, Total: 175917 ns
[2024-03-11T03:43:17.917+0000][7][safepoint    ] Safepoint "Cleanup", Time since last: 1005035833 ns, Reaching safepoint: 301500 ns, At safepoint: 8917 ns, Total: 310417 ns
[2024-03-11T03:43:18.919+0000][7][safepoint    ] Safepoint "Cleanup", Time since last: 1002019167 ns, Reaching safepoint: 344334 ns, At safepoint: 6916 ns, Total: 351250 ns
[2024-03-11T03:43:19.922+0000][7][safepoint    ] Safepoint "Cleanup", Time since last: 1002516167 ns, Reaching safepoint: 508542 ns, At safepoint: 8917 ns, Total: 517459 ns
[2024-03-11T03:43:20.924+0000][7][safepoint    ] Safepoint "Cleanup", Time since last: 1001601833 ns, Reaching safepoint: 275250 ns, At safepoint: 5042 ns, Total: 280292 ns
[2024-03-11T03:43:21.928+0000][7][safepoint    ] Safepoint "Cleanup", Time since last: 1002751459 ns, Reaching safepoint: 1111792 ns, At safepoint: 7375 ns, Total: 1119167 ns
[2024-03-11T03:43:22.933+0000][7][safepoint    ] Safepoint "Cleanup", Time since last: 1004993083 ns, Reaching safepoint: 188209 ns, At safepoint: 4750 ns, Total: 192959 ns
[2024-03-11T03:43:23.935+0000][7][safepoint    ] Safepoint "Cleanup", Time since last: 1001420834 ns, Reaching safepoint: 344666 ns, At safepoint: 10709 ns, Total: 355375 ns
[2024-03-11T03:43:24.937+0000][7][safepoint    ] Safepoint "Cleanup", Time since last: 1002338833 ns, Reaching safepoint: 446375 ns, At safepoint: 30542 ns, Total: 476917 ns
[2024-03-11T03:43:26.254+0000][7][safepoint    ] Safepoint "Cleanup", Time since last: 1316404292 ns, Reaching safepoint: 563584 ns, At safepoint: 7791 ns, Total: 571375 ns
[2024-03-11T03:43:27.256+0000][7][safepoint    ] Safepoint "Cleanup", Time since last: 1001543501 ns, Reaching safepoint: 123958 ns, At safepoint: 3042 ns, Total: 127000 ns
[2024-03-11T03:43:28.262+0000][7][safepoint    ] Safepoint "Cleanup", Time since last: 1005791625 ns, Reaching safepoint: 196292 ns, At safepoint: 5542 ns, Total: 201834 ns
[2024-03-11T03:43:29.266+0000][7][safepoint    ] Safepoint "Cleanup", Time since last: 1003895083 ns, Reaching safepoint: 223959 ns, At safepoint: 4750 ns, Total: 228709 ns
[2024-03-11T03:43:30.269+0000][7][safepoint    ] Safepoint "Cleanup", Time since last: 1002012625 ns, Reaching safepoint: 328084 ns, At safepoint: 5458 ns, Total: 333542 ns
[2024-03-11T03:43:31.272+0000][7][safepoint    ] Safepoint "Cleanup", Time since last: 1002781459 ns, Reaching safepoint: 292333 ns, At safepoint: 12833 ns, Total: 305166 ns
[2024-03-11T03:43:32.278+0000][7][safepoint    ] Safepoint "Cleanup", Time since last: 1006203751 ns, Reaching safepoint: 282375 ns, At safepoint: 8000 ns, Total: 290375 ns
[2024-03-11T03:43:33.280+0000][7][safepoint    ] Safepoint "Cleanup", Time since last: 1001787792 ns, Reaching safepoint: 362250 ns, At safepoint: 10958 ns, Total: 373208 ns
[2024-03-11T03:43:34.284+0000][7][safepoint    ] Safepoint "Cleanup", Time since last: 1003049876 ns, Reaching safepoint: 323792 ns, At safepoint: 7541 ns, Total: 331333 ns
[2024-03-11T03:43:35.288+0000][7][safepoint    ] Safepoint "Cleanup", Time since last: 1004005209 ns, Reaching safepoint: 465750 ns, At safepoint: 11708 ns, Total: 477458 ns
[2024-03-11T03:43:36.295+0000][7][safepoint    ] Safepoint "Cleanup", Time since last: 1006703084 ns, Reaching safepoint: 376250 ns, At safepoint: 12417 ns, Total: 388667 ns
[2024-03-11T03:43:37.297+0000][7][safepoint    ] Safepoint "Cleanup", Time since last: 1001678000 ns, Reaching safepoint: 217625 ns, At safepoint: 5834 ns, Total: 223459 ns
[2024-03-11T03:43:38.300+0000][7][safepoint    ] Safepoint "Cleanup", Time since last: 1002159542 ns, Reaching safepoint: 231416 ns, At safepoint: 6459 ns, Total: 237875 ns
[2024-03-11T03:43:39.301+0000][7][safepoint    ] Safepoint "Cleanup", Time since last: 1001574375 ns, Reaching safepoint: 171792 ns, At safepoint: 4417 ns, Total: 176209 ns
[2024-03-11T03:43:40.304+0000][7][safepoint    ] Safepoint "Cleanup", Time since last: 1001737167 ns, Reaching safepoint: 663458 ns, At safepoint: 5667 ns, Total: 669125 ns
[2024-03-11T03:43:41.310+0000][7][safepoint    ] Safepoint "Cleanup", Time since last: 1005846167 ns, Reaching safepoint: 296333 ns, At safepoint: 5750 ns, Total: 302083 ns
[2024-03-11T03:43:42.312+0000][7][safepoint    ] Safepoint "Cleanup", Time since last: 1002201126 ns, Reaching safepoint: 282791 ns, At safepoint: 9042 ns, Total: 291833 ns
[2024-03-11T03:43:43.315+0000][7][safepoint    ] Safepoint "Cleanup", Time since last: 1002294625 ns, Reaching safepoint: 375542 ns, At safepoint: 6958 ns, Total: 382500 ns
[2024-03-11T03:43:44.316+0000][7][safepoint    ] Safepoint "Cleanup", Time since last: 1001672792 ns, Reaching safepoint: 197959 ns, At safepoint: 3208 ns, Total: 201167 ns
[2024-03-11T03:43:45.319+0000][7][safepoint    ] Safepoint "Cleanup", Time since last: 1002225542 ns, Reaching safepoint: 260000 ns, At safepoint: 7042 ns, Total: 267042 ns
[2024-03-11T03:43:46.323+0000][7][safepoint    ] Safepoint "Cleanup", Time since last: 1003876084 ns, Reaching safepoint: 277458 ns, At safepoint: 6625 ns, Total: 284083 ns
[2024-03-11T03:43:47.326+0000][7][safepoint    ] Safepoint "Cleanup", Time since last: 1002060500 ns, Reaching safepoint: 313875 ns, At safepoint: 10250 ns, Total: 324125 ns
[2024-03-11T03:43:48.332+0000][7][safepoint    ] Safepoint "Cleanup", Time since last: 1006493918 ns, Reaching safepoint: 344750 ns, At safepoint: 10125 ns, Total: 354875 ns
[2024-03-11T03:43:49.334+0000][7][safepoint    ] Safepoint "Cleanup", Time since last: 1001268625 ns, Reaching safepoint: 275833 ns, At safepoint: 5167 ns, Total: 281000 ns
[2024-03-11T03:43:50.340+0000][7][safepoint    ] Safepoint "Cleanup", Time since last: 1005912417 ns, Reaching safepoint: 155459 ns, At safepoint: 3166 ns, Total: 158625 ns
[2024-03-11T03:43:51.344+0000][7][safepoint    ] Safepoint "Cleanup", Time since last: 1004117917 ns, Reaching safepoint: 297125 ns, At safepoint: 6959 ns, Total: 304084 ns
[2024-03-11T03:43:52.348+0000][7][safepoint    ] Safepoint "Cleanup", Time since last: 1003668917 ns, Reaching safepoint: 341666 ns, At safepoint: 7959 ns, Total: 349625 ns
[2024-03-11T03:43:53.351+0000][7][safepoint    ] Safepoint "Cleanup", Time since last: 1002396667 ns, Reaching safepoint: 305083 ns, At safepoint: 5667 ns, Total: 310750 ns
[2024-03-11T03:43:54.357+0000][7][safepoint    ] Safepoint "Cleanup", Time since last: 1005763375 ns, Reaching safepoint: 413000 ns, At safepoint: 50500 ns, Total: 463500 ns
[2024-03-11T03:43:55.364+0000][7][safepoint    ] Safepoint "Cleanup", Time since last: 1005879334 ns, Reaching safepoint: 380167 ns, At safepoint: 6833 ns, Total: 387000 ns
[2024-03-11T03:43:56.664+0000][7][safepoint    ] Safepoint "Cleanup", Time since last: 1299932501 ns, Reaching safepoint: 413333 ns, At safepoint: 11125 ns, Total: 424458 ns
[2024-03-11T03:43:57.667+0000][7][safepoint    ] Safepoint "Cleanup", Time since last: 1002431542 ns, Reaching safepoint: 794250 ns, At safepoint: 9459 ns, Total: 803709 ns
[2024-03-11T03:43:58.694+0000][7][safepoint    ] Safepoint "Cleanup", Time since last: 1026452667 ns, Reaching safepoint: 310458 ns, At safepoint: 7292 ns, Total: 317750 ns
[2024-03-11T03:43:59.699+0000][7][safepoint    ] Safepoint "Cleanup", Time since last: 1004847917 ns, Reaching safepoint: 376292 ns, At safepoint: 7416 ns, Total: 383708 ns
[2024-03-11T03:44:00.703+0000][7][safepoint    ] Safepoint "Cleanup", Time since last: 1003625417 ns, Reaching safepoint: 139375 ns, At safepoint: 3084 ns, Total: 142459 ns
[2024-03-11T03:44:01.706+0000][7][safepoint    ] Safepoint "Cleanup", Time since last: 1002290292 ns, Reaching safepoint: 371500 ns, At safepoint: 5583 ns, Total: 377083 ns
[2024-03-11T03:44:02.707+0000][7][safepoint    ] Safepoint "Cleanup", Time since last: 1001269084 ns, Reaching safepoint: 273125 ns, At safepoint: 5917 ns, Total: 279042 ns
[2024-03-11T03:44:03.711+0000][7][safepoint    ] Safepoint "Cleanup", Time since last: 1003748792 ns, Reaching safepoint: 491333 ns, At safepoint: 11125 ns, Total: 502458 ns
[2024-03-11T03:44:04.717+0000][7][safepoint    ] Safepoint "Cleanup", Time since last: 1005161001 ns, Reaching safepoint: 465541 ns, At safepoint: 7625 ns, Total: 473166 ns
[2024-03-11T03:44:05.720+0000][7][safepoint    ] Safepoint "Cleanup", Time since last: 1002149001 ns, Reaching safepoint: 310875 ns, At safepoint: 5292 ns, Total: 316167 ns
[2024-03-11T03:44:06.722+0000][7][safepoint    ] Safepoint "Cleanup", Time since last: 1001999292 ns, Reaching safepoint: 166958 ns, At safepoint: 3375 ns, Total: 170333 ns
[2024-03-11T03:44:07.723+0000][7][safepoint    ] Safepoint "Cleanup", Time since last: 1001314542 ns, Reaching safepoint: 322292 ns, At safepoint: 8541 ns, Total: 330833 ns
[2024-03-11T03:44:08.728+0000][7][safepoint    ] Safepoint "Cleanup", Time since last: 1003945584 ns, Reaching safepoint: 411959 ns, At safepoint: 7375 ns, Total: 419334 ns
[2024-03-11T03:44:09.731+0000][7][safepoint    ] Safepoint "Cleanup", Time since last: 1002668500 ns, Reaching safepoint: 163875 ns, At safepoint: 3542 ns, Total: 167417 ns
[2024-03-11T03:44:10.735+0000][7][safepoint    ] Safepoint "Cleanup", Time since last: 1004042500 ns, Reaching safepoint: 290250 ns, At safepoint: 6334 ns, Total: 296584 ns
[2024-03-11T03:44:11.737+0000][7][safepoint    ] Safepoint "Cleanup", Time since last: 1001617500 ns, Reaching safepoint: 121250 ns, At safepoint: 3333 ns, Total: 124583 ns
[2024-03-11T03:44:12.738+0000][7][safepoint    ] Safepoint "Cleanup", Time since last: 1001252959 ns, Reaching safepoint: 571750 ns, At safepoint: 30000 ns, Total: 601750 ns
[2024-03-11T03:44:13.741+0000][7][safepoint    ] Safepoint "Cleanup", Time since last: 1002303209 ns, Reaching safepoint: 429292 ns, At safepoint: 4666 ns, Total: 433958 ns
[2024-03-11T03:44:14.744+0000][7][safepoint    ] Safepoint "Cleanup", Time since last: 1002039792 ns, Reaching safepoint: 471000 ns, At safepoint: 9750 ns, Total: 480750 ns
[2024-03-11T03:44:15.750+0000][7][safepoint    ] Safepoint "Cleanup", Time since last: 1005494542 ns, Reaching safepoint: 401458 ns, At safepoint: 11417 ns, Total: 412875 ns
[2024-03-11T03:44:16.752+0000][7][safepoint    ] Safepoint "Cleanup", Time since last: 1000935000 ns, Reaching safepoint: 673875 ns, At safepoint: 9917 ns, Total: 683792 ns
[2024-03-11T03:44:17.753+0000][7][safepoint    ] Safepoint "Cleanup", Time since last: 1001232084 ns, Reaching safepoint: 145083 ns, At safepoint: 4000 ns, Total: 149083 ns
[2024-03-11T03:44:18.755+0000][7][safepoint    ] Safepoint "Cleanup", Time since last: 1001294959 ns, Reaching safepoint: 311167 ns, At safepoint: 6708 ns, Total: 317875 ns
[2024-03-11T03:44:19.757+0000][7][safepoint    ] Safepoint "Cleanup", Time since last: 1002224251 ns, Reaching safepoint: 424083 ns, At safepoint: 8917 ns, Total: 433000 ns
[2024-03-11T03:44:20.760+0000][7][safepoint    ] Safepoint "Cleanup", Time since last: 1001834667 ns, Reaching safepoint: 387625 ns, At safepoint: 7291 ns, Total: 394916 ns
[2024-03-11T03:44:22.013+0000][7][safepoint    ] Safepoint "Cleanup", Time since last: 1253120126 ns, Reaching safepoint: 366333 ns, At safepoint: 9292 ns, Total: 375625 ns
[2024-03-11T03:44:23.016+0000][7][safepoint    ] Safepoint "Cleanup", Time since last: 1001736084 ns, Reaching safepoint: 1366375 ns, At safepoint: 31166 ns, Total: 1397541 ns
[2024-03-11T03:44:24.018+0000][7][safepoint    ] Safepoint "Cleanup", Time since last: 1001817001 ns, Reaching safepoint: 326250 ns, At safepoint: 5625 ns, Total: 331875 ns
[2024-03-11T03:44:25.020+0000][7][safepoint    ] Safepoint "Cleanup", Time since last: 1001661750 ns, Reaching safepoint: 208542 ns, At safepoint: 4083 ns, Total: 212625 ns
[2024-03-11T03:44:26.027+0000][7][safepoint    ] Safepoint "Cleanup", Time since last: 1006600293 ns, Reaching safepoint: 300500 ns, At safepoint: 7708 ns, Total: 308208 ns
[2024-03-11T03:44:27.030+0000][7][safepoint    ] Safepoint "Cleanup", Time since last: 1002720709 ns, Reaching safepoint: 546416 ns, At safepoint: 5917 ns, Total: 552333 ns
[2024-03-11T03:44:28.036+0000][7][safepoint    ] Safepoint "Cleanup", Time since last: 1005596209 ns, Reaching safepoint: 252542 ns, At safepoint: 6166 ns, Total: 258708 ns
[2024-03-11T03:44:29.038+0000][7][safepoint    ] Safepoint "Cleanup", Time since last: 1002078751 ns, Reaching safepoint: 189833 ns, At safepoint: 4792 ns, Total: 194625 ns
[2024-03-11T03:44:30.040+0000][7][safepoint    ] Safepoint "Cleanup", Time since last: 1001310792 ns, Reaching safepoint: 378541 ns, At safepoint: 8042 ns, Total: 386583 ns
[2024-03-11T03:44:31.043+0000][7][safepoint    ] Safepoint "Cleanup", Time since last: 1002275876 ns, Reaching safepoint: 409041 ns, At safepoint: 10375 ns, Total: 419416 ns
[2024-03-11T03:44:32.047+0000][7][safepoint    ] Safepoint "Cleanup", Time since last: 1004276792 ns, Reaching safepoint: 151792 ns, At safepoint: 2917 ns, Total: 154709 ns
[2024-03-11T03:44:33.050+0000][7][safepoint    ] Safepoint "Cleanup", Time since last: 1001457792 ns, Reaching safepoint: 1291917 ns, At safepoint: 17166 ns, Total: 1309083 ns
[2024-03-11T03:44:34.057+0000][7][safepoint    ] Safepoint "Cleanup", Time since last: 1005698459 ns, Reaching safepoint: 1416417 ns, At safepoint: 22958 ns, Total: 1439375 ns
[2024-03-11T03:44:35.059+0000][7][safepoint    ] Safepoint "Cleanup", Time since last: 1001677376 ns, Reaching safepoint: 355708 ns, At safepoint: 8375 ns, Total: 364083 ns
[2024-03-11T03:44:36.061+0000][7][safepoint    ] Safepoint "Cleanup", Time since last: 1001844167 ns, Reaching safepoint: 265125 ns, At safepoint: 6417 ns, Total: 271542 ns
[2024-03-11T03:44:37.064+0000][7][safepoint    ] Safepoint "Cleanup", Time since last: 1001908459 ns, Reaching safepoint: 284708 ns, At safepoint: 5292 ns, Total: 290000 ns
[2024-03-11T03:44:38.066+0000][7][safepoint    ] Safepoint "Cleanup", Time since last: 1001665583 ns, Reaching safepoint: 825750 ns, At safepoint: 9125 ns, Total: 834875 ns
[2024-03-11T03:44:39.069+0000][7][safepoint    ] Safepoint "Cleanup", Time since last: 1002270834 ns, Reaching safepoint: 275042 ns, At safepoint: 6833 ns, Total: 281875 ns
[2024-03-11T03:44:40.071+0000][7][safepoint    ] Safepoint "Cleanup", Time since last: 1001821751 ns, Reaching safepoint: 346375 ns, At safepoint: 7958 ns, Total: 354333 ns
[2024-03-11T03:44:41.073+0000][7][safepoint    ] Safepoint "Cleanup", Time since last: 1001593084 ns, Reaching safepoint: 256375 ns, At safepoint: 6666 ns, Total: 263041 ns
[2024-03-11T03:44:42.074+0000][7][safepoint    ] Safepoint "Cleanup", Time since last: 1001233418 ns, Reaching safepoint: 396041 ns, At safepoint: 8709 ns, Total: 404750 ns
[2024-03-11T03:44:43.076+0000][7][safepoint    ] Safepoint "Cleanup", Time since last: 1001503208 ns, Reaching safepoint: 334292 ns, At safepoint: 12458 ns, Total: 346750 ns
[2024-03-11T03:44:44.078+0000][7][safepoint    ] Safepoint "Cleanup", Time since last: 1001626000 ns, Reaching safepoint: 348083 ns, At safepoint: 8959 ns, Total: 357042 ns
[2024-03-11T03:44:45.085+0000][7][safepoint    ] Safepoint "Cleanup", Time since last: 1006729917 ns, Reaching safepoint: 1067541 ns, At safepoint: 8334 ns, Total: 1075875 ns
[2024-03-11T03:44:46.091+0000][7][safepoint    ] Safepoint "Cleanup", Time since last: 1004655500 ns, Reaching safepoint: 350792 ns, At safepoint: 8875 ns, Total: 359667 ns
[2024-03-11T03:44:47.093+0000][7][safepoint    ] Safepoint "Cleanup", Time since last: 1002032042 ns, Reaching safepoint: 267542 ns, At safepoint: 6041 ns, Total: 273583 ns
[2024-03-11T03:44:48.784+0000][7][safepoint    ] Safepoint "Cleanup", Time since last: 1690393626 ns, Reaching safepoint: 303583 ns, At safepoint: 8542 ns, Total: 312125 ns
[2024-03-11T03:44:49.788+0000][7][safepoint    ] Safepoint "Cleanup", Time since last: 1004102417 ns, Reaching safepoint: 356667 ns, At safepoint: 10042 ns, Total: 366709 ns
[2024-03-11T03:44:50.792+0000][7][safepoint    ] Safepoint "Cleanup", Time since last: 1003163542 ns, Reaching safepoint: 344750 ns, At safepoint: 6333 ns, Total: 351083 ns
[2024-03-11T03:44:51.794+0000][7][safepoint    ] Safepoint "Cleanup", Time since last: 1002452667 ns, Reaching safepoint: 471834 ns, At safepoint: 9583 ns, Total: 481417 ns
[2024-03-11T03:44:52.797+0000][7][safepoint    ] Safepoint "Cleanup", Time since last: 1002677792 ns, Reaching safepoint: 309958 ns, At safepoint: 7584 ns, Total: 317542 ns
[2024-03-11T03:44:53.800+0000][7][safepoint    ] Safepoint "Cleanup", Time since last: 1002384209 ns, Reaching safepoint: 265916 ns, At safepoint: 5125 ns, Total: 271041 ns
[2024-03-11T03:44:54.804+0000][7][safepoint    ] Safepoint "Cleanup", Time since last: 1003782376 ns, Reaching safepoint: 275000 ns, At safepoint: 8000 ns, Total: 283000 ns
[2024-03-11T03:44:55.807+0000][7][safepoint    ] Safepoint "Cleanup", Time since last: 1002224125 ns, Reaching safepoint: 355000 ns, At safepoint: 9708 ns, Total: 364708 ns
[2024-03-11T03:44:56.814+0000][7][safepoint    ] Safepoint "Cleanup", Time since last: 1006602334 ns, Reaching safepoint: 396167 ns, At safepoint: 9292 ns, Total: 405459 ns
[2024-03-11T03:44:57.818+0000][7][safepoint    ] Safepoint "Cleanup", Time since last: 1003456000 ns, Reaching safepoint: 432833 ns, At safepoint: 10334 ns, Total: 443167 ns
[2024-03-11T03:44:58.820+0000][7][safepoint    ] Safepoint "Cleanup", Time since last: 1002402250 ns, Reaching safepoint: 323750 ns, At safepoint: 6209 ns, Total: 329959 ns
[2024-03-11T03:44:59.823+0000][7][safepoint    ] Safepoint "Cleanup", Time since last: 1001739250 ns, Reaching safepoint: 372792 ns, At safepoint: 9458 ns, Total: 382250 ns
[2024-03-11T03:45:00.826+0000][7][safepoint    ] Safepoint "Cleanup", Time since last: 1002522751 ns, Reaching safepoint: 662000 ns, At safepoint: 11500 ns, Total: 673500 ns
[2024-03-11T03:45:01.832+0000][7][safepoint    ] Safepoint "Cleanup", Time since last: 1006304417 ns, Reaching safepoint: 215375 ns, At safepoint: 4875 ns, Total: 220250 ns
[2024-03-11T03:45:02.839+0000][7][safepoint    ] Safepoint "Cleanup", Time since last: 1006055458 ns, Reaching safepoint: 452500 ns, At safepoint: 10125 ns, Total: 462625 ns
[2024-03-11T03:45:03.842+0000][7][safepoint    ] Safepoint "Cleanup", Time since last: 1003288584 ns, Reaching safepoint: 431084 ns, At safepoint: 10875 ns, Total: 441959 ns
[2024-03-11T03:45:04.845+0000][7][safepoint    ] Safepoint "Cleanup", Time since last: 1002089958 ns, Reaching safepoint: 293042 ns, At safepoint: 8083 ns, Total: 301125 ns
[2024-03-11T03:45:05.847+0000][7][safepoint    ] Safepoint "Cleanup", Time since last: 1001922418 ns, Reaching safepoint: 349333 ns, At safepoint: 9833 ns, Total: 359166 ns
[2024-03-11T03:45:06.849+0000][7][safepoint    ] Safepoint "Cleanup", Time since last: 1001486667 ns, Reaching safepoint: 345625 ns, At safepoint: 10709 ns, Total: 356334 ns
[2024-03-11T03:45:07.853+0000][7][safepoint    ] Safepoint "Cleanup", Time since last: 1004280042 ns, Reaching safepoint: 127250 ns, At safepoint: 3542 ns, Total: 130792 ns
[2024-03-11T03:45:08.858+0000][7][safepoint    ] Safepoint "Cleanup", Time since last: 1004156000 ns, Reaching safepoint: 197000 ns, At safepoint: 3542 ns, Total: 200542 ns
[2024-03-11T03:45:09.863+0000][7][safepoint    ] Safepoint "Cleanup", Time since last: 1005501542 ns, Reaching safepoint: 206083 ns, At safepoint: 5959 ns, Total: 212042 ns
[2024-03-11T03:45:10.868+0000][7][safepoint    ] Safepoint "Cleanup", Time since last: 1003548375 ns, Reaching safepoint: 563000 ns, At safepoint: 8458 ns, Total: 571458 ns
[2024-03-11T03:45:11.871+0000][7][safepoint    ] Safepoint "Cleanup", Time since last: 1003452667 ns, Reaching safepoint: 324125 ns, At safepoint: 7709 ns, Total: 331834 ns
[2024-03-11T03:45:12.873+0000][7][safepoint    ] Safepoint "Cleanup", Time since last: 1001226125 ns, Reaching safepoint: 252084 ns, At safepoint: 8250 ns, Total: 260334 ns
[2024-03-11T03:45:13.875+0000][7][safepoint    ] Safepoint "Cleanup", Time since last: 1001629917 ns, Reaching safepoint: 317125 ns, At safepoint: 4791 ns, Total: 321916 ns
[2024-03-11T03:45:14.879+0000][7][safepoint    ] Safepoint "Cleanup", Time since last: 1003778542 ns, Reaching safepoint: 130417 ns, At safepoint: 3625 ns, Total: 134042 ns
[2024-03-11T03:45:15.884+0000][7][safepoint    ] Safepoint "Cleanup", Time since last: 1005279417 ns, Reaching safepoint: 417417 ns, At safepoint: 11291 ns, Total: 428708 ns
[2024-03-11T03:45:16.888+0000][7][safepoint    ] Safepoint "Cleanup", Time since last: 1003617043 ns, Reaching safepoint: 300583 ns, At safepoint: 9208 ns, Total: 309791 ns
[2024-03-11T03:45:17.894+0000][7][safepoint    ] Safepoint "Cleanup", Time since last: 1005142501 ns, Reaching safepoint: 150250 ns, At safepoint: 4875 ns, Total: 155125 ns
[2024-03-11T03:45:18.895+0000][7][safepoint    ] Safepoint "Cleanup", Time since last: 1000666500 ns, Reaching safepoint: 334459 ns, At safepoint: 5875 ns, Total: 340334 ns
[2024-03-11T03:45:19.899+0000][7][safepoint    ] Safepoint "Cleanup", Time since last: 1004178250 ns, Reaching safepoint: 322375 ns, At safepoint: 5333 ns, Total: 327708 ns
[2024-03-11T03:45:20.901+0000][7][safepoint    ] Safepoint "Cleanup", Time since last: 1001250584 ns, Reaching safepoint: 273375 ns, At safepoint: 6083 ns, Total: 279458 ns
[2024-03-11T03:45:21.907+0000][7][safepoint    ] Safepoint "Cleanup", Time since last: 1006027626 ns, Reaching safepoint: 362167 ns, At safepoint: 9750 ns, Total: 371917 ns
[2024-03-11T03:45:22.909+0000][7][safepoint    ] Safepoint "Cleanup", Time since last: 1001691958 ns, Reaching safepoint: 217167 ns, At safepoint: 5708 ns, Total: 222875 ns
[2024-03-11T03:45:23.911+0000][7][safepoint    ] Safepoint "Cleanup", Time since last: 1001848418 ns, Reaching safepoint: 270791 ns, At safepoint: 7125 ns, Total: 277916 ns
[2024-03-11T03:45:24.912+0000][7][safepoint    ] Safepoint "Cleanup", Time since last: 1001058501 ns, Reaching safepoint: 315625 ns, At safepoint: 8791 ns, Total: 324416 ns
[2024-03-11T03:45:25.918+0000][7][safepoint    ] Safepoint "Cleanup", Time since last: 1005632418 ns, Reaching safepoint: 352666 ns, At safepoint: 9875 ns, Total: 362541 ns
[2024-03-11T03:45:26.925+0000][7][safepoint    ] Safepoint "Cleanup", Time since last: 1006286626 ns, Reaching safepoint: 214500 ns, At safepoint: 7708 ns, Total: 222208 ns
[2024-03-11T03:45:27.928+0000][7][safepoint    ] Safepoint "Cleanup", Time since last: 1002505709 ns, Reaching safepoint: 222000 ns, At safepoint: 4166 ns, Total: 226166 ns
[2024-03-11T03:45:28.933+0000][7][safepoint    ] Safepoint "Cleanup", Time since last: 1005113668 ns, Reaching safepoint: 641416 ns, At safepoint: 10084 ns, Total: 651500 ns
[2024-03-11T03:45:29.939+0000][7][safepoint    ] Safepoint "Cleanup", Time since last: 1005488958 ns, Reaching safepoint: 438834 ns, At safepoint: 9666 ns, Total: 448500 ns
[2024-03-11T03:45:30.944+0000][7][safepoint    ] Safepoint "Cleanup", Time since last: 1003642918 ns, Reaching safepoint: 729625 ns, At safepoint: 9750 ns, Total: 739375 ns
[2024-03-11T03:45:31.945+0000][7][safepoint    ] Safepoint "Cleanup", Time since last: 1001305958 ns, Reaching safepoint: 369000 ns, At safepoint: 11750 ns, Total: 380750 ns
[2024-03-11T03:45:32.948+0000][7][safepoint    ] Safepoint "Cleanup", Time since last: 1002627876 ns, Reaching safepoint: 178167 ns, At safepoint: 4041 ns, Total: 182208 ns
[2024-03-11T03:45:33.954+0000][7][safepoint    ] Safepoint "Cleanup", Time since last: 1004990459 ns, Reaching safepoint: 383083 ns, At safepoint: 7584 ns, Total: 390667 ns
[2024-03-11T03:45:34.960+0000][7][safepoint    ] Safepoint "Cleanup", Time since last: 1006492542 ns, Reaching safepoint: 371625 ns, At safepoint: 9625 ns, Total: 381250 ns
[2024-03-11T03:45:35.963+0000][7][safepoint    ] Safepoint "Cleanup", Time since last: 1002826459 ns, Reaching safepoint: 88041 ns, At safepoint: 2459 ns, Total: 90500 ns
[2024-03-11T03:45:36.966+0000][7][safepoint    ] Safepoint "Cleanup", Time since last: 1002410333 ns, Reaching safepoint: 215084 ns, At safepoint: 4291 ns, Total: 219375 ns
[2024-03-11T03:45:37.968+0000][7][safepoint    ] Safepoint "Cleanup", Time since last: 1001545543 ns, Reaching safepoint: 347708 ns, At safepoint: 9833 ns, Total: 357541 ns
[2024-03-11T03:45:38.972+0000][7][safepoint    ] Safepoint "Cleanup", Time since last: 1003224876 ns, Reaching safepoint: 386916 ns, At safepoint: 10042 ns, Total: 396958 ns
[2024-03-11T03:45:39.976+0000][7][safepoint    ] Safepoint "Cleanup", Time since last: 1003950667 ns, Reaching safepoint: 851459 ns, At safepoint: 9541 ns, Total: 861000 ns
[2024-03-11T03:45:40.981+0000][7][safepoint    ] Safepoint "Cleanup", Time since last: 1004293126 ns, Reaching safepoint: 180708 ns, At safepoint: 4417 ns, Total: 185125 ns
[2024-03-11T03:45:41.986+0000][7][safepoint    ] Safepoint "Cleanup", Time since last: 1005156000 ns, Reaching safepoint: 178084 ns, At safepoint: 3625 ns, Total: 181709 ns
[2024-03-11T03:45:42.989+0000][7][safepoint    ] Safepoint "Cleanup", Time since last: 1002507250 ns, Reaching safepoint: 206042 ns, At safepoint: 5583 ns, Total: 211625 ns
[2024-03-11T03:45:43.993+0000][7][safepoint    ] Safepoint "Cleanup", Time since last: 1004464250 ns, Reaching safepoint: 254209 ns, At safepoint: 4166 ns, Total: 258375 ns
[2024-03-11T03:45:44.995+0000][7][safepoint    ] Safepoint "Cleanup", Time since last: 1001923001 ns, Reaching safepoint: 225875 ns, At safepoint: 7375 ns, Total: 233250 ns
[2024-03-11T03:45:45.998+0000][7][safepoint    ] Safepoint "Cleanup", Time since last: 1002672708 ns, Reaching safepoint: 287584 ns, At safepoint: 5666 ns, Total: 293250 ns
[2024-03-11T03:45:47.003+0000][7][safepoint    ] Safepoint "Cleanup", Time since last: 1004063834 ns, Reaching safepoint: 279334 ns, At safepoint: 10041 ns, Total: 289375 ns
[2024-03-11T03:45:48.005+0000][7][safepoint    ] Safepoint "Cleanup", Time since last: 1001558834 ns, Reaching safepoint: 288917 ns, At safepoint: 8750 ns, Total: 297667 ns
[2024-03-11T03:45:49.011+0000][7][safepoint    ] Safepoint "Cleanup", Time since last: 1005714959 ns, Reaching safepoint: 309708 ns, At safepoint: 5208 ns, Total: 314916 ns
[2024-03-11T03:45:50.013+0000][7][safepoint    ] Safepoint "Cleanup", Time since last: 1001392292 ns, Reaching safepoint: 707084 ns, At safepoint: 12250 ns, Total: 719334 ns
[2024-03-11T03:45:51.014+0000][7][safepoint    ] Safepoint "Cleanup", Time since last: 1001389750 ns, Reaching safepoint: 278792 ns, At safepoint: 9250 ns, Total: 288042 ns
[2024-03-11T03:45:52.017+0000][7][safepoint    ] Safepoint "Cleanup", Time since last: 1002188667 ns, Reaching safepoint: 383208 ns, At safepoint: 13000 ns, Total: 396208 ns
[2024-03-11T03:45:53.021+0000][7][safepoint    ] Safepoint "Cleanup", Time since last: 1003801501 ns, Reaching safepoint: 133333 ns, At safepoint: 4667 ns, Total: 138000 ns
[2024-03-11T03:45:54.024+0000][7][safepoint    ] Safepoint "Cleanup", Time since last: 1002751209 ns, Reaching safepoint: 326750 ns, At safepoint: 7375 ns, Total: 334125 ns
[2024-03-11T03:45:55.030+0000][7][safepoint    ] Safepoint "Cleanup", Time since last: 1005693708 ns, Reaching safepoint: 393584 ns, At safepoint: 10500 ns, Total: 404084 ns
[2024-03-11T03:45:56.033+0000][7][safepoint    ] Safepoint "Cleanup", Time since last: 1002185000 ns, Reaching safepoint: 417084 ns, At safepoint: 9083 ns, Total: 426167 ns
[2024-03-11T03:45:57.035+0000][7][safepoint    ] Safepoint "Cleanup", Time since last: 1001650875 ns, Reaching safepoint: 432417 ns, At safepoint: 9292 ns, Total: 441709 ns
[2024-03-11T03:45:58.037+0000][7][safepoint    ] Safepoint "Cleanup", Time since last: 1002045375 ns, Reaching safepoint: 300542 ns, At safepoint: 7583 ns, Total: 308125 ns
[2024-03-11T03:45:59.040+0000][7][safepoint    ] Safepoint "Cleanup", Time since last: 1002721542 ns, Reaching safepoint: 454417 ns, At safepoint: 9417 ns, Total: 463834 ns
[2024-03-11T03:46:00.047+0000][7][safepoint    ] Safepoint "Cleanup", Time since last: 1006024250 ns, Reaching safepoint: 217708 ns, At safepoint: 12959 ns, Total: 230667 ns
[2024-03-11T03:46:01.050+0000][7][safepoint    ] Safepoint "Cleanup", Time since last: 1003500667 ns, Reaching safepoint: 347292 ns, At safepoint: 6666 ns, Total: 353958 ns
[2024-03-11T03:46:02.055+0000][7][safepoint    ] Safepoint "Cleanup", Time since last: 1003724626 ns, Reaching safepoint: 519875 ns, At safepoint: 9625 ns, Total: 529500 ns
[2024-03-11T03:46:03.061+0000][7][safepoint    ] Safepoint "Cleanup", Time since last: 1006136375 ns, Reaching safepoint: 320417 ns, At safepoint: 8042 ns, Total: 328459 ns
[2024-03-11T03:46:04.064+0000][7][safepoint    ] Safepoint "Cleanup", Time since last: 1002171542 ns, Reaching safepoint: 441416 ns, At safepoint: 10417 ns, Total: 451833 ns
[2024-03-11T03:46:05.069+0000][7][safepoint    ] Safepoint "Cleanup", Time since last: 1005423459 ns, Reaching safepoint: 272958 ns, At safepoint: 6292 ns, Total: 279250 ns
[2024-03-11T03:46:06.071+0000][7][safepoint    ] Safepoint "Cleanup", Time since last: 1001390167 ns, Reaching safepoint: 295583 ns, At safepoint: 7042 ns, Total: 302625 ns
[2024-03-11T03:46:07.076+0000][7][safepoint    ] Safepoint "Cleanup", Time since last: 1005056417 ns, Reaching safepoint: 274459 ns, At safepoint: 7875 ns, Total: 282334 ns
[2024-03-11T03:46:08.078+0000][7][safepoint    ] Safepoint "Cleanup", Time since last: 1001463750 ns, Reaching safepoint: 256000 ns, At safepoint: 5708 ns, Total: 261708 ns
[2024-03-11T03:46:09.080+0000][7][safepoint    ] Safepoint "Cleanup", Time since last: 1001730251 ns, Reaching safepoint: 313250 ns, At safepoint: 7750 ns, Total: 321000 ns
[2024-03-11T03:46:10.081+0000][7][safepoint    ] Safepoint "Cleanup", Time since last: 1000875542 ns, Reaching safepoint: 223958 ns, At safepoint: 5167 ns, Total: 229125 ns
[2024-03-11T03:46:11.083+0000][7][safepoint    ] Safepoint "Cleanup", Time since last: 1001629209 ns, Reaching safepoint: 297166 ns, At safepoint: 7292 ns, Total: 304458 ns
[2024-03-11T03:46:12.090+0000][7][safepoint    ] Safepoint "Cleanup", Time since last: 1006650292 ns, Reaching safepoint: 381750 ns, At safepoint: 8875 ns, Total: 390625 ns
[2024-03-11T03:46:13.092+0000][7][safepoint    ] Safepoint "Cleanup", Time since last: 1001531292 ns, Reaching safepoint: 272000 ns, At safepoint: 10959 ns, Total: 282959 ns
[2024-03-11T03:46:14.099+0000][7][safepoint    ] Safepoint "Cleanup", Time since last: 1006758249 ns, Reaching safepoint: 295417 ns, At safepoint: 6625 ns, Total: 302042 ns
[2024-03-11T03:46:15.102+0000][7][safepoint    ] Safepoint "Cleanup", Time since last: 1002132542 ns, Reaching safepoint: 496750 ns, At safepoint: 9750 ns, Total: 506500 ns
[2024-03-11T03:46:16.104+0000][7][safepoint    ] Safepoint "Cleanup", Time since last: 1002199792 ns, Reaching safepoint: 254375 ns, At safepoint: 5542 ns, Total: 259917 ns
[2024-03-11T03:46:17.106+0000][7][safepoint    ] Safepoint "Cleanup", Time since last: 1001830375 ns, Reaching safepoint: 350792 ns, At safepoint: 9542 ns, Total: 360334 ns
[2024-03-11T03:46:18.112+0000][7][safepoint    ] Safepoint "Cleanup", Time since last: 1005602333 ns, Reaching safepoint: 236417 ns, At safepoint: 4417 ns, Total: 240834 ns
[2024-03-11T03:46:19.116+0000][7][safepoint    ] Safepoint "Cleanup", Time since last: 1004088750 ns, Reaching safepoint: 167459 ns, At safepoint: 4416 ns, Total: 171875 ns
[2024-03-11T03:46:20.120+0000][7][safepoint    ] Safepoint "Cleanup", Time since last: 1003141001 ns, Reaching safepoint: 318125 ns, At safepoint: 7041 ns, Total: 325166 ns
[2024-03-11T03:46:21.124+0000][7][safepoint    ] Safepoint "Cleanup", Time since last: 1003706251 ns, Reaching safepoint: 302500 ns, At safepoint: 7208 ns, Total: 309708 ns
[2024-03-11T03:46:22.126+0000][7][safepoint    ] Safepoint "Cleanup", Time since last: 1002257042 ns, Reaching safepoint: 219209 ns, At safepoint: 5333 ns, Total: 224542 ns
[2024-03-11T03:46:23.133+0000][7][safepoint    ] Safepoint "Cleanup", Time since last: 1006227209 ns, Reaching safepoint: 331708 ns, At safepoint: 8250 ns, Total: 339958 ns
[2024-03-11T03:46:24.137+0000][7][safepoint    ] Safepoint "Cleanup", Time since last: 1003745917 ns, Reaching safepoint: 233542 ns, At safepoint: 5542 ns, Total: 239084 ns
[2024-03-11T03:46:25.144+0000][7][safepoint    ] Safepoint "Cleanup", Time since last: 1006743583 ns, Reaching safepoint: 338125 ns, At safepoint: 8875 ns, Total: 347000 ns
[2024-03-11T03:46:26.150+0000][7][safepoint    ] Safepoint "Cleanup", Time since last: 1005949459 ns, Reaching safepoint: 287834 ns, At safepoint: 7041 ns, Total: 294875 ns
[2024-03-11T03:46:27.154+0000][7][safepoint    ] Safepoint "Cleanup", Time since last: 1002959917 ns, Reaching safepoint: 321584 ns, At safepoint: 6875 ns, Total: 328459 ns
[2024-03-11T03:46:28.159+0000][7][safepoint    ] Safepoint "Cleanup", Time since last: 1005612667 ns, Reaching safepoint: 270042 ns, At safepoint: 5458 ns, Total: 275500 ns
[2024-03-11T03:46:29.164+0000][7][safepoint    ] Safepoint "Cleanup", Time since last: 1004103417 ns, Reaching safepoint: 463792 ns, At safepoint: 12666 ns, Total: 476458 ns
[2024-03-11T03:46:30.170+0000][7][safepoint    ] Safepoint "Cleanup", Time since last: 1006084459 ns, Reaching safepoint: 270459 ns, At safepoint: 5791 ns, Total: 276250 ns
[2024-03-11T03:46:31.177+0000][7][safepoint    ] Safepoint "Cleanup", Time since last: 1006153417 ns, Reaching safepoint: 458834 ns, At safepoint: 6583 ns, Total: 465417 ns
[2024-03-11T03:46:32.181+0000][7][safepoint    ] Safepoint "Cleanup", Time since last: 1003587959 ns, Reaching safepoint: 257333 ns, At safepoint: 5250 ns, Total: 262583 ns
[2024-03-11T03:46:33.184+0000][7][safepoint    ] Safepoint "Cleanup", Time since last: 1002111501 ns, Reaching safepoint: 958541 ns, At safepoint: 20625 ns, Total: 979166 ns
[2024-03-11T03:46:34.187+0000][7][safepoint    ] Safepoint "Cleanup", Time since last: 1002679584 ns, Reaching safepoint: 288375 ns, At safepoint: 8292 ns, Total: 296667 ns
[2024-03-11T03:46:35.195+0000][7][safepoint    ] Safepoint "Cleanup", Time since last: 1000780917 ns, Reaching safepoint: 7179833 ns, At safepoint: 213792 ns, Total: 7393625 ns
[2024-03-11T03:46:36.205+0000][7][safepoint    ] Safepoint "Cleanup", Time since last: 1009152917 ns, Reaching safepoint: 348625 ns, At safepoint: 22917 ns, Total: 371542 ns
[2024-03-11T03:46:37.207+0000][7][safepoint    ] Safepoint "Cleanup", Time since last: 1001690500 ns, Reaching safepoint: 176292 ns, At safepoint: 4042 ns, Total: 180334 ns
[2024-03-11T03:46:38.213+0000][7][safepoint    ] Safepoint "Cleanup", Time since last: 1006093167 ns, Reaching safepoint: 291750 ns, At safepoint: 8500 ns, Total: 300250 ns
[2024-03-11T03:46:39.216+0000][7][safepoint    ] Safepoint "Cleanup", Time since last: 1003124542 ns, Reaching safepoint: 358083 ns, At safepoint: 7875 ns, Total: 365958 ns
[2024-03-11T03:46:40.220+0000][7][safepoint    ] Safepoint "Cleanup", Time since last: 1003414251 ns, Reaching safepoint: 205750 ns, At safepoint: 4875 ns, Total: 210625 ns
[2024-03-11T03:46:41.223+0000][7][safepoint    ] Safepoint "Cleanup", Time since last: 1003005417 ns, Reaching safepoint: 211750 ns, At safepoint: 4458 ns, Total: 216208 ns
[2024-03-11T03:46:42.226+0000][7][safepoint    ] Safepoint "Cleanup", Time since last: 1001773376 ns, Reaching safepoint: 566583 ns, At safepoint: 14375 ns, Total: 580958 ns
[2024-03-11T03:46:43.232+0000][7][safepoint    ] Safepoint "Cleanup", Time since last: 1005834417 ns, Reaching safepoint: 344500 ns, At safepoint: 7417 ns, Total: 351917 ns
[2024-03-11T03:46:44.233+0000][7][safepoint    ] Safepoint "Cleanup", Time since last: 1001403333 ns, Reaching safepoint: 292500 ns, At safepoint: 7167 ns, Total: 299667 ns
[2024-03-11T03:46:45.236+0000][7][safepoint    ] Safepoint "Cleanup", Time since last: 1002634459 ns, Reaching safepoint: 348125 ns, At safepoint: 6625 ns, Total: 354750 ns
[2024-03-11T03:46:46.237+0000][7][safepoint    ] Safepoint "Cleanup", Time since last: 1001211625 ns, Reaching safepoint: 248792 ns, At safepoint: 6167 ns, Total: 254959 ns
[2024-03-11T03:46:47.240+0000][7][safepoint    ] Safepoint "Cleanup", Time since last: 1001796542 ns, Reaching safepoint: 405541 ns, At safepoint: 7167 ns, Total: 412708 ns
[2024-03-11T03:46:48.243+0000][7][safepoint    ] Safepoint "Cleanup", Time since last: 1003226542 ns, Reaching safepoint: 404042 ns, At safepoint: 11750 ns, Total: 415792 ns
[2024-03-11T03:46:49.247+0000][7][safepoint    ] Safepoint "Cleanup", Time since last: 1003650250 ns, Reaching safepoint: 243167 ns, At safepoint: 5042 ns, Total: 248209 ns
[2024-03-11T03:46:50.250+0000][7][safepoint    ] Safepoint "Cleanup", Time since last: 1001391750 ns, Reaching safepoint: 1269792 ns, At safepoint: 10750 ns, Total: 1280542 ns
[2024-03-11T03:46:51.254+0000][7][safepoint    ] Safepoint "Cleanup", Time since last: 1003692375 ns, Reaching safepoint: 780667 ns, At safepoint: 7042 ns, Total: 787709 ns
[2024-03-11T03:46:52.265+0000][7][safepoint    ] Safepoint "Cleanup", Time since last: 1010232583 ns, Reaching safepoint: 306417 ns, At safepoint: 6625 ns, Total: 313042 ns
[2024-03-11T03:46:53.271+0000][7][safepoint    ] Safepoint "Cleanup", Time since last: 1005570917 ns, Reaching safepoint: 237875 ns, At safepoint: 5375 ns, Total: 243250 ns
[2024-03-11T03:46:54.273+0000][7][safepoint    ] Safepoint "Cleanup", Time since last: 1002416917 ns, Reaching safepoint: 382917 ns, At safepoint: 9958 ns, Total: 392875 ns
[2024-03-11T03:46:55.280+0000][7][safepoint    ] Safepoint "Cleanup", Time since last: 1006632084 ns, Reaching safepoint: 262542 ns, At safepoint: 6417 ns, Total: 268959 ns
[2024-03-11T03:46:56.718+0000][7][safepoint    ] Safepoint "Cleanup", Time since last: 1437479250 ns, Reaching safepoint: 354250 ns, At safepoint: 8959 ns, Total: 363209 ns
[2024-03-11T03:46:57.721+0000][7][safepoint    ] Safepoint "Cleanup", Time since last: 1002163208 ns, Reaching safepoint: 166334 ns, At safepoint: 2791 ns, Total: 169125 ns
[2024-03-11T03:46:58.723+0000][7][safepoint    ] Safepoint "Cleanup", Time since last: 1002349876 ns, Reaching safepoint: 391083 ns, At safepoint: 10167 ns, Total: 401250 ns
[2024-03-11T03:46:59.726+0000][7][safepoint    ] Safepoint "Cleanup", Time since last: 1002035750 ns, Reaching safepoint: 521084 ns, At safepoint: 8833 ns, Total: 529917 ns
[2024-03-11T03:47:00.730+0000][7][safepoint    ] Safepoint "Cleanup", Time since last: 1004319417 ns, Reaching safepoint: 224833 ns, At safepoint: 19500 ns, Total: 244333 ns
[2024-03-11T03:47:01.737+0000][7][safepoint    ] Safepoint "Cleanup", Time since last: 1006725584 ns, Reaching safepoint: 268500 ns, At safepoint: 5209 ns, Total: 273709 ns
[2024-03-11T03:47:02.742+0000][7][safepoint    ] Safepoint "Cleanup", Time since last: 1004464208 ns, Reaching safepoint: 276292 ns, At safepoint: 5958 ns, Total: 282250 ns
[2024-03-11T03:47:03.745+0000][7][safepoint    ] Safepoint "Cleanup", Time since last: 1002030918 ns, Reaching safepoint: 388125 ns, At safepoint: 8791 ns, Total: 396916 ns
[2024-03-11T03:47:04.748+0000][7][safepoint    ] Safepoint "Cleanup", Time since last: 1002861334 ns, Reaching safepoint: 152792 ns, At safepoint: 4208 ns, Total: 157000 ns
[2024-03-11T03:47:05.750+0000][7][safepoint    ] Safepoint "Cleanup", Time since last: 1002056042 ns, Reaching safepoint: 515417 ns, At safepoint: 8875 ns, Total: 524292 ns
[2024-03-11T03:47:06.757+0000][7][safepoint    ] Safepoint "Cleanup", Time since last: 1006914500 ns, Reaching safepoint: 165959 ns, At safepoint: 3250 ns, Total: 169209 ns
[2024-03-11T03:47:07.759+0000][7][safepoint    ] Safepoint "Cleanup", Time since last: 1001445417 ns, Reaching safepoint: 229500 ns, At safepoint: 4750 ns, Total: 234250 ns
[2024-03-11T03:47:08.765+0000][7][safepoint    ] Safepoint "Cleanup", Time since last: 1005956167 ns, Reaching safepoint: 347292 ns, At safepoint: 8250 ns, Total: 355542 ns
[2024-03-11T03:47:09.771+0000][7][safepoint    ] Safepoint "Cleanup", Time since last: 1005780167 ns, Reaching safepoint: 335166 ns, At safepoint: 8292 ns, Total: 343458 ns
[2024-03-11T03:47:10.774+0000][7][safepoint    ] Safepoint "Cleanup", Time since last: 1002401626 ns, Reaching safepoint: 216708 ns, At safepoint: 3667 ns, Total: 220375 ns
[2024-03-11T03:47:11.776+0000][7][safepoint    ] Safepoint "Cleanup", Time since last: 1001603417 ns, Reaching safepoint: 230000 ns, At safepoint: 4500 ns, Total: 234500 ns
[2024-03-11T03:47:12.779+0000][7][safepoint    ] Safepoint "Cleanup", Time since last: 1002560000 ns, Reaching safepoint: 309959 ns, At safepoint: 5333 ns, Total: 315292 ns
[2024-03-11T03:47:13.785+0000][7][safepoint    ] Safepoint "Cleanup", Time since last: 1006080042 ns, Reaching safepoint: 351458 ns, At safepoint: 4292 ns, Total: 355750 ns
[2024-03-11T03:47:14.788+0000][7][safepoint    ] Safepoint "Cleanup", Time since last: 1001981041 ns, Reaching safepoint: 288500 ns, At safepoint: 5250 ns, Total: 293750 ns
[2024-03-11T03:47:15.791+0000][7][safepoint    ] Safepoint "Cleanup", Time since last: 1002511501 ns, Reaching safepoint: 484000 ns, At safepoint: 9166 ns, Total: 493166 ns
[2024-03-11T03:47:16.793+0000][7][safepoint    ] Safepoint "Cleanup", Time since last: 1002522501 ns, Reaching safepoint: 344458 ns, At safepoint: 7084 ns, Total: 351542 ns
[2024-03-11T03:47:17.798+0000][7][safepoint    ] Safepoint "Cleanup", Time since last: 1004313833 ns, Reaching safepoint: 474375 ns, At safepoint: 5250 ns, Total: 479625 ns
[2024-03-11T03:47:18.802+0000][7][safepoint    ] Safepoint "Cleanup", Time since last: 1003215792 ns, Reaching safepoint: 145792 ns, At safepoint: 3833 ns, Total: 149625 ns
[2024-03-11T03:47:19.807+0000][7][safepoint    ] Safepoint "Cleanup", Time since last: 1004318959 ns, Reaching safepoint: 1133625 ns, At safepoint: 9834 ns, Total: 1143459 ns
[2024-03-11T03:47:20.814+0000][7][safepoint    ] Safepoint "Cleanup", Time since last: 1006245250 ns, Reaching safepoint: 310375 ns, At safepoint: 21250 ns, Total: 331625 ns
[2024-03-11T03:47:21.816+0000][7][safepoint    ] Safepoint "Cleanup", Time since last: 1001893959 ns, Reaching safepoint: 397375 ns, At safepoint: 10083 ns, Total: 407458 ns
[2024-03-11T03:47:22.819+0000][7][safepoint    ] Safepoint "Cleanup", Time since last: 1002701376 ns, Reaching safepoint: 274208 ns, At safepoint: 6167 ns, Total: 280375 ns
[2024-03-11T03:47:23.821+0000][7][safepoint    ] Safepoint "Cleanup", Time since last: 1001884709 ns, Reaching safepoint: 300166 ns, At safepoint: 5625 ns, Total: 305791 ns
[2024-03-11T03:47:24.823+0000][7][safepoint    ] Safepoint "Cleanup", Time since last: 1001140792 ns, Reaching safepoint: 428917 ns, At safepoint: 9417 ns, Total: 438334 ns
[2024-03-11T03:47:26.726+0000][7][safepoint    ] Safepoint "Cleanup", Time since last: 1902862626 ns, Reaching safepoint: 377708 ns, At safepoint: 11458 ns, Total: 389166 ns
[2024-03-11T03:47:27.731+0000][7][safepoint    ] Safepoint "Cleanup", Time since last: 1004137626 ns, Reaching safepoint: 395000 ns, At safepoint: 9208 ns, Total: 404208 ns
[2024-03-11T03:47:28.735+0000][7][safepoint    ] Safepoint "Cleanup", Time since last: 1003858584 ns, Reaching safepoint: 340250 ns, At safepoint: 8833 ns, Total: 349083 ns
[2024-03-11T03:47:29.737+0000][7][safepoint    ] Safepoint "Cleanup", Time since last: 1002349667 ns, Reaching safepoint: 266334 ns, At safepoint: 61000 ns, Total: 327334 ns
[2024-03-11T03:47:30.745+0000][7][safepoint    ] Safepoint "Cleanup", Time since last: 1006816250 ns, Reaching safepoint: 354333 ns, At safepoint: 10709 ns, Total: 365042 ns
[2024-03-11T03:47:31.749+0000][7][safepoint    ] Safepoint "Cleanup", Time since last: 1003846375 ns, Reaching safepoint: 302417 ns, At safepoint: 7042 ns, Total: 309459 ns
[2024-03-11T03:47:32.756+0000][7][safepoint    ] Safepoint "Cleanup", Time since last: 1006557125 ns, Reaching safepoint: 601833 ns, At safepoint: 9667 ns, Total: 611500 ns
[2024-03-11T03:47:33.763+0000][7][safepoint    ] Safepoint "Cleanup", Time since last: 1006418542 ns, Reaching safepoint: 312250 ns, At safepoint: 7209 ns, Total: 319459 ns
[2024-03-11T03:47:34.769+0000][7][safepoint    ] Safepoint "Cleanup", Time since last: 1005906667 ns, Reaching safepoint: 455041 ns, At safepoint: 11000 ns, Total: 466041 ns
[2024-03-11T03:47:35.772+0000][7][safepoint    ] Safepoint "Cleanup", Time since last: 1002391459 ns, Reaching safepoint: 334750 ns, At safepoint: 10875 ns, Total: 345625 ns
[2024-03-11T03:47:36.779+0000][7][safepoint    ] Safepoint "Cleanup", Time since last: 1006438917 ns, Reaching safepoint: 318042 ns, At safepoint: 4583 ns, Total: 322625 ns
[2024-03-11T03:47:37.783+0000][7][safepoint    ] Safepoint "Cleanup", Time since last: 1004137293 ns, Reaching safepoint: 646833 ns, At safepoint: 9500 ns, Total: 656333 ns
[2024-03-11T03:47:38.791+0000][7][safepoint    ] Safepoint "Cleanup", Time since last: 1006858875 ns, Reaching safepoint: 350667 ns, At safepoint: 9708 ns, Total: 360375 ns
[2024-03-11T03:47:39.793+0000][7][safepoint    ] Safepoint "Cleanup", Time since last: 1002098876 ns, Reaching safepoint: 397791 ns, At safepoint: 8334 ns, Total: 406125 ns
[2024-03-11T03:47:40.799+0000][7][safepoint    ] Safepoint "Cleanup", Time since last: 1006029792 ns, Reaching safepoint: 376458 ns, At safepoint: 23000 ns, Total: 399458 ns
[2024-03-11T03:47:41.803+0000][7][safepoint    ] Safepoint "Cleanup", Time since last: 1002960584 ns, Reaching safepoint: 232958 ns, At safepoint: 5250 ns, Total: 238208 ns
[2024-03-11T03:47:42.808+0000][7][safepoint    ] Safepoint "Cleanup", Time since last: 1005066459 ns, Reaching safepoint: 294750 ns, At safepoint: 7709 ns, Total: 302459 ns
[2024-03-11T03:47:43.810+0000][7][safepoint    ] Safepoint "Cleanup", Time since last: 1001325417 ns, Reaching safepoint: 405958 ns, At safepoint: 10208 ns, Total: 416166 ns
[2024-03-11T03:47:44.812+0000][7][safepoint    ] Safepoint "Cleanup", Time since last: 1002195875 ns, Reaching safepoint: 359750 ns, At safepoint: 8709 ns, Total: 368459 ns
[2024-03-11T03:47:45.814+0000][7][safepoint    ] Safepoint "Cleanup", Time since last: 1001854375 ns, Reaching safepoint: 338625 ns, At safepoint: 10125 ns, Total: 348750 ns
[2024-03-11T03:47:46.821+0000][7][safepoint    ] Safepoint "Cleanup", Time since last: 1006709209 ns, Reaching safepoint: 229417 ns, At safepoint: 5958 ns, Total: 235375 ns
[2024-03-11T03:47:47.823+0000][7][safepoint    ] Safepoint "Cleanup", Time since last: 1001472584 ns, Reaching safepoint: 436166 ns, At safepoint: 9792 ns, Total: 445958 ns
[2024-03-11T03:47:48.825+0000][7][safepoint    ] Safepoint "Cleanup", Time since last: 1001846000 ns, Reaching safepoint: 337667 ns, At safepoint: 10042 ns, Total: 347709 ns
[2024-03-11T03:47:49.828+0000][7][safepoint    ] Safepoint "Cleanup", Time since last: 1002212875 ns, Reaching safepoint: 364709 ns, At safepoint: 8791 ns, Total: 373500 ns
[2024-03-11T03:47:50.830+0000][7][safepoint    ] Safepoint "Cleanup", Time since last: 1001814042 ns, Reaching safepoint: 401375 ns, At safepoint: 8625 ns, Total: 410000 ns
[2024-03-11T03:47:51.836+0000][7][safepoint    ] Safepoint "Cleanup", Time since last: 1005412751 ns, Reaching safepoint: 478708 ns, At safepoint: 10875 ns, Total: 489583 ns
[2024-03-11T03:47:52.843+0000][7][safepoint    ] Safepoint "Cleanup", Time since last: 1005956751 ns, Reaching safepoint: 556416 ns, At safepoint: 10000 ns, Total: 566416 ns
[2024-03-11T03:47:53.847+0000][7][safepoint    ] Safepoint "Cleanup", Time since last: 1003844793 ns, Reaching safepoint: 253625 ns, At safepoint: 6000 ns, Total: 259625 ns
[2024-03-11T03:47:54.848+0000][7][safepoint    ] Safepoint "Cleanup", Time since last: 1001437042 ns, Reaching safepoint: 193375 ns, At safepoint: 4833 ns, Total: 198208 ns
[2024-03-11T03:47:56.838+0000][7][safepoint    ] Safepoint "Cleanup", Time since last: 1988874751 ns, Reaching safepoint: 316958 ns, At safepoint: 8625 ns, Total: 325583 ns
[2024-03-11T03:47:57.842+0000][7][safepoint    ] Safepoint "Cleanup", Time since last: 1003875001 ns, Reaching safepoint: 145125 ns, At safepoint: 3500 ns, Total: 148625 ns
[2024-03-11T03:47:58.847+0000][7][safepoint    ] Safepoint "Cleanup", Time since last: 1004953584 ns, Reaching safepoint: 304125 ns, At safepoint: 6208 ns, Total: 310333 ns
[2024-03-11T03:47:59.850+0000][7][safepoint    ] Safepoint "Cleanup", Time since last: 1002578750 ns, Reaching safepoint: 417000 ns, At safepoint: 9209 ns, Total: 426209 ns
[2024-03-11T03:48:00.857+0000][7][safepoint    ] Safepoint "Cleanup", Time since last: 1006184459 ns, Reaching safepoint: 417541 ns, At safepoint: 9709 ns, Total: 427250 ns
[2024-03-11T03:48:01.859+0000][7][safepoint    ] Safepoint "Cleanup", Time since last: 1002074917 ns, Reaching safepoint: 215666 ns, At safepoint: 4042 ns, Total: 219708 ns
[2024-03-11T03:48:02.861+0000][7][safepoint    ] Safepoint "Cleanup", Time since last: 1001678000 ns, Reaching safepoint: 731417 ns, At safepoint: 9292 ns, Total: 740709 ns
[2024-03-11T03:48:03.864+0000][7][safepoint    ] Safepoint "Cleanup", Time since last: 1002030459 ns, Reaching safepoint: 404291 ns, At safepoint: 7584 ns, Total: 411875 ns
[2024-03-11T03:48:04.870+0000][7][safepoint    ] Safepoint "Cleanup", Time since last: 1006483000 ns, Reaching safepoint: 281667 ns, At safepoint: 6541 ns, Total: 288208 ns
[2024-03-11T03:48:05.874+0000][7][safepoint    ] Safepoint "Cleanup", Time since last: 1002748584 ns, Reaching safepoint: 317959 ns, At safepoint: 9166 ns, Total: 327125 ns
[2024-03-11T03:48:06.879+0000][7][safepoint    ] Safepoint "Cleanup", Time since last: 1005226376 ns, Reaching safepoint: 387208 ns, At safepoint: 6750 ns, Total: 393958 ns
[2024-03-11T03:48:07.883+0000][7][safepoint    ] Safepoint "Cleanup", Time since last: 1003701459 ns, Reaching safepoint: 323917 ns, At safepoint: 6750 ns, Total: 330667 ns
[2024-03-11T03:48:08.885+0000][7][safepoint    ] Safepoint "Cleanup", Time since last: 1001757125 ns, Reaching safepoint: 303500 ns, At safepoint: 7458 ns, Total: 310958 ns
[2024-03-11T03:48:09.888+0000][7][safepoint    ] Safepoint "Cleanup", Time since last: 1002282834 ns, Reaching safepoint: 217250 ns, At safepoint: 5000 ns, Total: 222250 ns
[2024-03-11T03:48:11.115+0000][7][safepoint    ] Safepoint "Cleanup", Time since last: 1227275417 ns, Reaching safepoint: 289125 ns, At safepoint: 6667 ns, Total: 295792 ns
[2024-03-11T03:48:12.118+0000][7][safepoint    ] Safepoint "Cleanup", Time since last: 1002681209 ns, Reaching safepoint: 317458 ns, At safepoint: 9750 ns, Total: 327208 ns
[2024-03-11T03:48:13.124+0000][7][safepoint    ] Safepoint "Cleanup", Time since last: 1005425834 ns, Reaching safepoint: 386458 ns, At safepoint: 9334 ns, Total: 395792 ns
[2024-03-11T03:48:14.127+0000][7][safepoint    ] Safepoint "Cleanup", Time since last: 1003348333 ns, Reaching safepoint: 317875 ns, At safepoint: 16917 ns, Total: 334792 ns
[2024-03-11T03:48:15.132+0000][7][safepoint    ] Safepoint "Cleanup", Time since last: 1004889667 ns, Reaching safepoint: 255792 ns, At safepoint: 5583 ns, Total: 261375 ns
[2024-03-11T03:48:16.136+0000][7][safepoint    ] Safepoint "Cleanup", Time since last: 1003029959 ns, Reaching safepoint: 293292 ns, At safepoint: 7125 ns, Total: 300417 ns
[2024-03-11T03:48:17.143+0000][7][safepoint    ] Safepoint "Cleanup", Time since last: 1006372125 ns, Reaching safepoint: 315667 ns, At safepoint: 6083 ns, Total: 321750 ns
[2024-03-11T03:48:18.144+0000][7][safepoint    ] Safepoint "Cleanup", Time since last: 1001125042 ns, Reaching safepoint: 269875 ns, At safepoint: 7083 ns, Total: 276958 ns
[2024-03-11T03:48:19.150+0000][7][safepoint    ] Safepoint "Cleanup", Time since last: 1005654668 ns, Reaching safepoint: 277291 ns, At safepoint: 5834 ns, Total: 283125 ns
[2024-03-11T03:48:20.153+0000][7][safepoint    ] Safepoint "Cleanup", Time since last: 1002310417 ns, Reaching safepoint: 348916 ns, At safepoint: 9292 ns, Total: 358208 ns
[2024-03-11T03:48:21.159+0000][7][safepoint    ] Safepoint "Cleanup", Time since last: 1006241042 ns, Reaching safepoint: 302167 ns, At safepoint: 5292 ns, Total: 307459 ns
[2024-03-11T03:48:22.163+0000][7][safepoint    ] Safepoint "Cleanup", Time since last: 1003378000 ns, Reaching safepoint: 363000 ns, At safepoint: 8833 ns, Total: 371833 ns
[2024-03-11T03:48:23.169+0000][7][safepoint    ] Safepoint "Cleanup", Time since last: 1005698834 ns, Reaching safepoint: 236167 ns, At safepoint: 4792 ns, Total: 240959 ns
[2024-03-11T03:48:24.172+0000][7][safepoint    ] Safepoint "Cleanup", Time since last: 1002771583 ns, Reaching safepoint: 283250 ns, At safepoint: 5667 ns, Total: 288917 ns
[2024-03-11T03:48:25.175+0000][7][safepoint    ] Safepoint "Cleanup", Time since last: 1002700125 ns, Reaching safepoint: 246209 ns, At safepoint: 4291 ns, Total: 250500 ns
[2024-03-11T03:48:26.741+0000][7][safepoint    ] Safepoint "Cleanup", Time since last: 1565266876 ns, Reaching safepoint: 813292 ns, At safepoint: 20500 ns, Total: 833792 ns
[2024-03-11T03:48:27.743+0000][7][safepoint    ] Safepoint "Cleanup", Time since last: 1000892167 ns, Reaching safepoint: 1074000 ns, At safepoint: 16625 ns, Total: 1090625 ns
[2024-03-11T03:48:28.745+0000][7][safepoint    ] Safepoint "Cleanup", Time since last: 1001661959 ns, Reaching safepoint: 257417 ns, At safepoint: 6333 ns, Total: 263750 ns
[2024-03-11T03:48:29.749+0000][7][safepoint    ] Safepoint "Cleanup", Time since last: 1002834959 ns, Reaching safepoint: 1484000 ns, At safepoint: 34208 ns, Total: 1518208 ns
[2024-03-11T03:48:30.752+0000][7][safepoint    ] Safepoint "Cleanup", Time since last: 1002432792 ns, Reaching safepoint: 282167 ns, At safepoint: 5083 ns, Total: 287250 ns
[2024-03-11T03:48:31.753+0000][7][safepoint    ] Safepoint "Cleanup", Time since last: 1001262292 ns, Reaching safepoint: 373834 ns, At safepoint: 10125 ns, Total: 383959 ns
[2024-03-11T03:48:32.756+0000][7][safepoint    ] Safepoint "Cleanup", Time since last: 1001656250 ns, Reaching safepoint: 368458 ns, At safepoint: 19042 ns, Total: 387500 ns
[2024-03-11T03:48:33.758+0000][7][safepoint    ] Safepoint "Cleanup", Time since last: 1001681251 ns, Reaching safepoint: 597500 ns, At safepoint: 24083 ns, Total: 621583 ns
[2024-03-11T03:48:34.763+0000][7][safepoint    ] Safepoint "Cleanup", Time since last: 1004991125 ns, Reaching safepoint: 277709 ns, At safepoint: 18541 ns, Total: 296250 ns
[2024-03-11T03:48:35.769+0000][7][safepoint    ] Safepoint "Cleanup", Time since last: 1005122626 ns, Reaching safepoint: 330458 ns, At safepoint: 7042 ns, Total: 337500 ns
[2024-03-11T03:48:36.770+0000][7][safepoint    ] Safepoint "Cleanup", Time since last: 1001196250 ns, Reaching safepoint: 328834 ns, At safepoint: 13416 ns, Total: 342250 ns
[2024-03-11T03:48:37.772+0000][7][safepoint    ] Safepoint "Cleanup", Time since last: 1001490084 ns, Reaching safepoint: 322709 ns, At safepoint: 19541 ns, Total: 342250 ns
[2024-03-11T03:48:38.774+0000][7][safepoint    ] Safepoint "Cleanup", Time since last: 1000905084 ns, Reaching safepoint: 1120792 ns, At safepoint: 25625 ns, Total: 1146417 ns
[2024-03-11T03:48:39.778+0000][7][safepoint    ] Safepoint "Cleanup", Time since last: 1003759042 ns, Reaching safepoint: 393125 ns, At safepoint: 9500 ns, Total: 402625 ns
[2024-03-11T03:48:40.781+0000][7][safepoint    ] Safepoint "Cleanup", Time since last: 1002339959 ns, Reaching safepoint: 283166 ns, At safepoint: 6084 ns, Total: 289250 ns
[2024-03-11T03:48:41.786+0000][7][safepoint    ] Safepoint "Cleanup", Time since last: 1004538583 ns, Reaching safepoint: 339500 ns, At safepoint: 10000 ns, Total: 349500 ns
[2024-03-11T03:48:42.788+0000][7][safepoint    ] Safepoint "Cleanup", Time since last: 1002076001 ns, Reaching safepoint: 292333 ns, At safepoint: 21125 ns, Total: 313458 ns
[2024-03-11T03:48:43.792+0000][7][safepoint    ] Safepoint "Cleanup", Time since last: 1003543001 ns, Reaching safepoint: 356208 ns, At safepoint: 13333 ns, Total: 369541 ns
[2024-03-11T03:48:44.794+0000][7][safepoint    ] Safepoint "Cleanup", Time since last: 1001728792 ns, Reaching safepoint: 258333 ns, At safepoint: 6125 ns, Total: 264458 ns
[2024-03-11T03:48:45.797+0000][7][safepoint    ] Safepoint "Cleanup", Time since last: 1002416000 ns, Reaching safepoint: 363042 ns, At safepoint: 11875 ns, Total: 374917 ns
[2024-03-11T03:48:46.800+0000][7][safepoint    ] Safepoint "Cleanup", Time since last: 1002890209 ns, Reaching safepoint: 473458 ns, At safepoint: 9875 ns, Total: 483333 ns
[2024-03-11T03:48:47.803+0000][7][safepoint    ] Safepoint "Cleanup", Time since last: 1003088501 ns, Reaching safepoint: 300791 ns, At safepoint: 6084 ns, Total: 306875 ns
[2024-03-11T03:48:48.806+0000][7][safepoint    ] Safepoint "Cleanup", Time since last: 1002590917 ns, Reaching safepoint: 307791 ns, At safepoint: 6417 ns, Total: 314208 ns
[2024-03-11T03:48:49.808+0000][7][safepoint    ] Safepoint "Cleanup", Time since last: 1001712376 ns, Reaching safepoint: 402458 ns, At safepoint: 9458 ns, Total: 411916 ns
[2024-03-11T03:48:50.812+0000][7][safepoint    ] Safepoint "Cleanup", Time since last: 1002860209 ns, Reaching safepoint: 282292 ns, At safepoint: 7916 ns, Total: 290208 ns
[2024-03-11T03:48:51.815+0000][7][safepoint    ] Safepoint "Cleanup", Time since last: 1002930876 ns, Reaching safepoint: 284583 ns, At safepoint: 7459 ns, Total: 292042 ns
[2024-03-11T03:48:52.818+0000][7][safepoint    ] Safepoint "Cleanup", Time since last: 1003045750 ns, Reaching safepoint: 332750 ns, At safepoint: 10417 ns, Total: 343167 ns
[2024-03-11T03:48:53.821+0000][7][safepoint    ] Safepoint "Cleanup", Time since last: 1002037250 ns, Reaching safepoint: 389709 ns, At safepoint: 10916 ns, Total: 400625 ns
[2024-03-11T03:48:54.824+0000][7][safepoint    ] Safepoint "Cleanup", Time since last: 1003326584 ns, Reaching safepoint: 405917 ns, At safepoint: 9166 ns, Total: 415083 ns
[2024-03-11T03:48:55.828+0000][7][safepoint    ] Safepoint "Cleanup", Time since last: 1002908542 ns, Reaching safepoint: 383917 ns, At safepoint: 9458 ns, Total: 393375 ns
[2024-03-11T03:48:56.830+0000][7][safepoint    ] Safepoint "Cleanup", Time since last: 1001834876 ns, Reaching safepoint: 335542 ns, At safepoint: 9541 ns, Total: 345083 ns
[2024-03-11T03:48:57.832+0000][7][safepoint    ] Safepoint "Cleanup", Time since last: 1001628959 ns, Reaching safepoint: 310167 ns, At safepoint: 8333 ns, Total: 318500 ns
[2024-03-11T03:48:58.839+0000][7][safepoint    ] Safepoint "Cleanup", Time since last: 1006629542 ns, Reaching safepoint: 322042 ns, At safepoint: 10083 ns, Total: 332125 ns
[2024-03-11T03:48:59.841+0000][7][safepoint    ] Safepoint "Cleanup", Time since last: 1002510917 ns, Reaching safepoint: 253375 ns, At safepoint: 6625 ns, Total: 260000 ns
[2024-03-11T03:49:00.849+0000][7][safepoint    ] Safepoint "Cleanup", Time since last: 1006919501 ns, Reaching safepoint: 323042 ns, At safepoint: 6583 ns, Total: 329625 ns
[2024-03-11T03:49:01.852+0000][7][safepoint    ] Safepoint "Cleanup", Time since last: 1002520417 ns, Reaching safepoint: 729917 ns, At safepoint: 10250 ns, Total: 740167 ns
[2024-03-11T03:49:02.854+0000][7][safepoint    ] Safepoint "Cleanup", Time since last: 1001794458 ns, Reaching safepoint: 319792 ns, At safepoint: 10208 ns, Total: 330000 ns
[2024-03-11T03:49:03.859+0000][7][safepoint    ] Safepoint "Cleanup", Time since last: 1004197834 ns, Reaching safepoint: 328209 ns, At safepoint: 6291 ns, Total: 334500 ns
[2024-03-11T03:49:04.863+0000][7][safepoint    ] Safepoint "Cleanup", Time since last: 1004259209 ns, Reaching safepoint: 409000 ns, At safepoint: 8667 ns, Total: 417667 ns
[2024-03-11T03:49:05.866+0000][7][safepoint    ] Safepoint "Cleanup", Time since last: 1002040209 ns, Reaching safepoint: 371708 ns, At safepoint: 10792 ns, Total: 382500 ns
[2024-03-11T03:49:06.868+0000][7][safepoint    ] Safepoint "Cleanup", Time since last: 1002046000 ns, Reaching safepoint: 285208 ns, At safepoint: 7042 ns, Total: 292250 ns
[2024-03-11T03:49:07.870+0000][7][safepoint    ] Safepoint "Cleanup", Time since last: 1001471667 ns, Reaching safepoint: 253417 ns, At safepoint: 6958 ns, Total: 260375 ns
[2024-03-11T03:49:08.872+0000][7][safepoint    ] Safepoint "Cleanup", Time since last: 1002006959 ns, Reaching safepoint: 465292 ns, At safepoint: 7000 ns, Total: 472292 ns
[2024-03-11T03:49:09.875+0000][7][safepoint    ] Safepoint "Cleanup", Time since last: 1002669584 ns, Reaching safepoint: 333958 ns, At safepoint: 8250 ns, Total: 342208 ns
[2024-03-11T03:49:10.880+0000][7][safepoint    ] Safepoint "Cleanup", Time since last: 1004775792 ns, Reaching safepoint: 393750 ns, At safepoint: 7292 ns, Total: 401042 ns
[2024-03-11T03:49:11.884+0000][7][safepoint    ] Safepoint "Cleanup", Time since last: 1003649792 ns, Reaching safepoint: 326750 ns, At safepoint: 11500 ns, Total: 338250 ns
[2024-03-11T03:49:12.888+0000][7][safepoint    ] Safepoint "Cleanup", Time since last: 1002844959 ns, Reaching safepoint: 241250 ns, At safepoint: 8000 ns, Total: 249250 ns
[2024-03-11T03:49:13.889+0000][7][safepoint    ] Safepoint "Cleanup", Time since last: 1000994000 ns, Reaching safepoint: 145458 ns, At safepoint: 3209 ns, Total: 148667 ns
[2024-03-11T03:49:14.890+0000][7][safepoint    ] Safepoint "Cleanup", Time since last: 1001627875 ns, Reaching safepoint: 364792 ns, At safepoint: 9958 ns, Total: 374750 ns
[2024-03-11T03:49:15.897+0000][7][safepoint    ] Safepoint "Cleanup", Time since last: 1006682209 ns, Reaching safepoint: 291166 ns, At safepoint: 5959 ns, Total: 297125 ns
[2024-03-11T03:49:16.904+0000][7][safepoint    ] Safepoint "Cleanup", Time since last: 1006662042 ns, Reaching safepoint: 292625 ns, At safepoint: 7500 ns, Total: 300125 ns
[2024-03-11T03:49:17.911+0000][7][safepoint    ] Safepoint "Cleanup", Time since last: 1006533584 ns, Reaching safepoint: 159250 ns, At safepoint: 2791 ns, Total: 162041 ns
[2024-03-11T03:49:18.916+0000][7][safepoint    ] Safepoint "Cleanup", Time since last: 1004788168 ns, Reaching safepoint: 287458 ns, At safepoint: 14083 ns, Total: 301541 ns
[2024-03-11T03:49:19.919+0000][7][safepoint    ] Safepoint "Cleanup", Time since last: 1003029876 ns, Reaching safepoint: 315708 ns, At safepoint: 8125 ns, Total: 323833 ns
[2024-03-11T03:49:20.922+0000][7][safepoint    ] Safepoint "Cleanup", Time since last: 1002146209 ns, Reaching safepoint: 309625 ns, At safepoint: 8875 ns, Total: 318500 ns
[2024-03-11T03:49:21.924+0000][7][safepoint    ] Safepoint "Cleanup", Time since last: 1001842250 ns, Reaching safepoint: 275750 ns, At safepoint: 5542 ns, Total: 281292 ns
[2024-03-11T03:49:22.925+0000][7][safepoint    ] Safepoint "Cleanup", Time since last: 1001414834 ns, Reaching safepoint: 181541 ns, At safepoint: 3959 ns, Total: 185500 ns
[2024-03-11T03:49:23.932+0000][7][safepoint    ] Safepoint "Cleanup", Time since last: 1006444084 ns, Reaching safepoint: 295375 ns, At safepoint: 8125 ns, Total: 303500 ns
[2024-03-11T03:49:24.935+0000][7][safepoint    ] Safepoint "Cleanup", Time since last: 1002286417 ns, Reaching safepoint: 406000 ns, At safepoint: 7958 ns, Total: 413958 ns
[2024-03-11T03:49:25.937+0000][7][safepoint    ] Safepoint "Cleanup", Time since last: 1001546042 ns, Reaching safepoint: 348917 ns, At safepoint: 6875 ns, Total: 355792 ns
[2024-03-11T03:49:26.938+0000][7][safepoint    ] Safepoint "Cleanup", Time since last: 1000996834 ns, Reaching safepoint: 173958 ns, At safepoint: 5583 ns, Total: 179541 ns
[2024-03-11T03:49:27.939+0000][7][safepoint    ] Safepoint "Cleanup", Time since last: 1001057209 ns, Reaching safepoint: 279958 ns, At safepoint: 9375 ns, Total: 289333 ns
[2024-03-11T03:49:28.944+0000][7][safepoint    ] Safepoint "Cleanup", Time since last: 1004559584 ns, Reaching safepoint: 331709 ns, At safepoint: 24375 ns, Total: 356084 ns
[2024-03-11T03:49:29.947+0000][7][safepoint    ] Safepoint "Cleanup", Time since last: 1002830500 ns, Reaching safepoint: 388583 ns, At safepoint: 8875 ns, Total: 397458 ns
[2024-03-11T03:49:30.954+0000][7][safepoint    ] Safepoint "Cleanup", Time since last: 1006417209 ns, Reaching safepoint: 304584 ns, At safepoint: 12500 ns, Total: 317084 ns
[2024-03-11T03:49:31.957+0000][7][safepoint    ] Safepoint "Cleanup", Time since last: 1002411750 ns, Reaching safepoint: 533000 ns, At safepoint: 11333 ns, Total: 544333 ns
[2024-03-11T03:49:32.959+0000][7][safepoint    ] Safepoint "Cleanup", Time since last: 1002242626 ns, Reaching safepoint: 142333 ns, At safepoint: 5875 ns, Total: 148208 ns
[2024-03-11T03:49:33.965+0000][7][safepoint    ] Safepoint "Cleanup", Time since last: 1005159334 ns, Reaching safepoint: 266667 ns, At safepoint: 9708 ns, Total: 276375 ns
[2024-03-11T03:49:34.969+0000][7][safepoint    ] Safepoint "Cleanup", Time since last: 1003630125 ns, Reaching safepoint: 324625 ns, At safepoint: 10750 ns, Total: 335375 ns
[2024-03-11T03:49:35.971+0000][7][safepoint    ] Safepoint "Cleanup", Time since last: 1001968043 ns, Reaching safepoint: 339041 ns, At safepoint: 11500 ns, Total: 350541 ns
[2024-03-11T03:49:36.974+0000][7][safepoint    ] Safepoint "Cleanup", Time since last: 1002341917 ns, Reaching safepoint: 324709 ns, At safepoint: 9958 ns, Total: 334667 ns
[2024-03-11T03:49:37.977+0000][7][safepoint    ] Safepoint "Cleanup", Time since last: 1002849167 ns, Reaching safepoint: 178834 ns, At safepoint: 4916 ns, Total: 183750 ns
[2024-03-11T03:49:38.978+0000][7][safepoint    ] Safepoint "Cleanup", Time since last: 1000959167 ns, Reaching safepoint: 435417 ns, At safepoint: 11833 ns, Total: 447250 ns
[2024-03-11T03:49:39.981+0000][7][safepoint    ] Safepoint "Cleanup", Time since last: 1002059376 ns, Reaching safepoint: 335958 ns, At safepoint: 10625 ns, Total: 346583 ns
[2024-03-11T03:49:40.984+0000][7][safepoint    ] Safepoint "Cleanup", Time since last: 1002613209 ns, Reaching safepoint: 293958 ns, At safepoint: 8334 ns, Total: 302292 ns
[2024-03-11T03:49:41.988+0000][7][safepoint    ] Safepoint "Cleanup", Time since last: 1003998750 ns, Reaching safepoint: 305292 ns, At safepoint: 5958 ns, Total: 311250 ns
[2024-03-11T03:49:42.990+0000][7][safepoint    ] Safepoint "Cleanup", Time since last: 1002098626 ns, Reaching safepoint: 167625 ns, At safepoint: 4583 ns, Total: 172208 ns
[2024-03-11T03:49:43.993+0000][7][safepoint    ] Safepoint "Cleanup", Time since last: 1002577375 ns, Reaching safepoint: 279209 ns, At safepoint: 10250 ns, Total: 289459 ns
[2024-03-11T03:49:44.997+0000][7][safepoint    ] Safepoint "Cleanup", Time since last: 1003017666 ns, Reaching safepoint: 246250 ns, At safepoint: 5583 ns, Total: 251833 ns
[2024-03-11T03:49:46.001+0000][7][safepoint    ] Safepoint "Cleanup", Time since last: 1004314001 ns, Reaching safepoint: 276333 ns, At safepoint: 8958 ns, Total: 285291 ns
[2024-03-11T03:49:47.004+0000][7][safepoint    ] Safepoint "Cleanup", Time since last: 1002391668 ns, Reaching safepoint: 240083 ns, At safepoint: 5375 ns, Total: 245458 ns
[2024-03-11T03:49:48.007+0000][7][safepoint    ] Safepoint "Cleanup", Time since last: 1002912417 ns, Reaching safepoint: 240542 ns, At safepoint: 6791 ns, Total: 247333 ns
[2024-03-11T03:49:49.009+0000][7][safepoint    ] Safepoint "Cleanup", Time since last: 1001970876 ns, Reaching safepoint: 328083 ns, At safepoint: 9042 ns, Total: 337125 ns
[2024-03-11T03:49:50.011+0000][7][safepoint    ] Safepoint "Cleanup", Time since last: 1001825292 ns, Reaching safepoint: 320292 ns, At safepoint: 11416 ns, Total: 331708 ns
[2024-03-11T03:49:51.014+0000][7][safepoint    ] Safepoint "Cleanup", Time since last: 1002044543 ns, Reaching safepoint: 318333 ns, At safepoint: 11917 ns, Total: 330250 ns
[2024-03-11T03:49:52.017+0000][7][safepoint    ] Safepoint "Cleanup", Time since last: 1003151208 ns, Reaching safepoint: 314375 ns, At safepoint: 11417 ns, Total: 325792 ns
[2024-03-11T03:49:53.024+0000][7][safepoint    ] Safepoint "Cleanup", Time since last: 1006663834 ns, Reaching safepoint: 215208 ns, At safepoint: 4500 ns, Total: 219708 ns
[2024-03-11T03:49:54.028+0000][7][safepoint    ] Safepoint "Cleanup", Time since last: 1003410542 ns, Reaching safepoint: 303834 ns, At safepoint: 56125 ns, Total: 359959 ns
[2024-03-11T03:49:55.031+0000][7][safepoint    ] Safepoint "Cleanup", Time since last: 1002991375 ns, Reaching safepoint: 335458 ns, At safepoint: 11000 ns, Total: 346458 ns
[2024-03-11T03:49:56.034+0000][7][safepoint    ] Safepoint "Cleanup", Time since last: 1001838043 ns, Reaching safepoint: 417833 ns, At safepoint: 8000 ns, Total: 425833 ns
[2024-03-11T03:49:57.036+0000][7][safepoint    ] Safepoint "Cleanup", Time since last: 1002271417 ns, Reaching safepoint: 226333 ns, At safepoint: 4834 ns, Total: 231167 ns
[2024-03-11T03:49:58.040+0000][7][safepoint    ] Safepoint "Cleanup", Time since last: 1003367792 ns, Reaching safepoint: 383792 ns, At safepoint: 9000 ns, Total: 392792 ns
[2024-03-11T03:49:59.045+0000][7][safepoint    ] Safepoint "Cleanup", Time since last: 1005226833 ns, Reaching safepoint: 273584 ns, At safepoint: 6458 ns, Total: 280042 ns
[2024-03-11T03:50:00.048+0000][7][safepoint    ] Safepoint "Cleanup", Time since last: 1002088042 ns, Reaching safepoint: 207667 ns, At safepoint: 7750 ns, Total: 215417 ns
[2024-03-11T03:50:01.050+0000][7][safepoint    ] Safepoint "Cleanup", Time since last: 1002120625 ns, Reaching safepoint: 277334 ns, At safepoint: 5833 ns, Total: 283167 ns
[2024-03-11T03:50:02.053+0000][7][safepoint    ] Safepoint "Cleanup", Time since last: 1002188334 ns, Reaching safepoint: 269625 ns, At safepoint: 7166 ns, Total: 276791 ns
[2024-03-11T03:50:03.055+0000][7][safepoint    ] Safepoint "Cleanup", Time since last: 1002334584 ns, Reaching safepoint: 410709 ns, At safepoint: 9166 ns, Total: 419875 ns
[2024-03-11T03:50:04.059+0000][7][safepoint    ] Safepoint "Cleanup", Time since last: 1003847292 ns, Reaching safepoint: 260584 ns, At safepoint: 7375 ns, Total: 267959 ns
[2024-03-11T03:50:05.065+0000][7][safepoint    ] Safepoint "Cleanup", Time since last: 1005038917 ns, Reaching safepoint: 245708 ns, At safepoint: 8917 ns, Total: 254625 ns
[2024-03-11T03:50:06.070+0000][7][safepoint    ] Safepoint "Cleanup", Time since last: 1005453792 ns, Reaching safepoint: 258792 ns, At safepoint: 12625 ns, Total: 271417 ns
[2024-03-11T03:50:07.074+0000][7][safepoint    ] Safepoint "Cleanup", Time since last: 1003601542 ns, Reaching safepoint: 316333 ns, At safepoint: 8375 ns, Total: 324708 ns
[2024-03-11T03:50:08.077+0000][7][safepoint    ] Safepoint "Cleanup", Time since last: 1001843126 ns, Reaching safepoint: 376208 ns, At safepoint: 8417 ns, Total: 384625 ns
[2024-03-11T03:50:09.080+0000][7][safepoint    ] Safepoint "Cleanup", Time since last: 1002644333 ns, Reaching safepoint: 279417 ns, At safepoint: 6417 ns, Total: 285834 ns
[2024-03-11T03:50:10.082+0000][7][safepoint    ] Safepoint "Cleanup", Time since last: 1002636459 ns, Reaching safepoint: 338208 ns, At safepoint: 5042 ns, Total: 343250 ns
[2024-03-11T03:50:11.086+0000][7][safepoint    ] Safepoint "Cleanup", Time since last: 1002869458 ns, Reaching safepoint: 419625 ns, At safepoint: 10084 ns, Total: 429709 ns
[2024-03-11T03:50:12.090+0000][7][safepoint    ] Safepoint "Cleanup", Time since last: 1003449542 ns, Reaching safepoint: 375792 ns, At safepoint: 9333 ns, Total: 385125 ns
[2024-03-11T03:50:13.092+0000][7][safepoint    ] Safepoint "Cleanup", Time since last: 1001852417 ns, Reaching safepoint: 655458 ns, At safepoint: 13667 ns, Total: 669125 ns
[2024-03-11T03:50:14.096+0000][7][safepoint    ] Safepoint "Cleanup", Time since last: 1003527458 ns, Reaching safepoint: 370708 ns, At safepoint: 11084 ns, Total: 381792 ns
[2024-03-11T03:50:15.097+0000][7][safepoint    ] Safepoint "Cleanup", Time since last: 1001362833 ns, Reaching safepoint: 241750 ns, At safepoint: 7250 ns, Total: 249000 ns
[2024-03-11T03:50:16.100+0000][7][safepoint    ] Safepoint "Cleanup", Time since last: 1002067959 ns, Reaching safepoint: 342542 ns, At safepoint: 9250 ns, Total: 351792 ns
[2024-03-11T03:50:17.101+0000][7][safepoint    ] Safepoint "Cleanup", Time since last: 1000961542 ns, Reaching safepoint: 328917 ns, At safepoint: 11333 ns, Total: 340250 ns
[2024-03-11T03:50:18.103+0000][7][safepoint    ] Safepoint "Cleanup", Time since last: 1001889625 ns, Reaching safepoint: 346709 ns, At safepoint: 8833 ns, Total: 355542 ns
[2024-03-11T03:50:19.105+0000][7][safepoint    ] Safepoint "Cleanup", Time since last: 1001574709 ns, Reaching safepoint: 288625 ns, At safepoint: 6375 ns, Total: 295000 ns
[2024-03-11T03:50:20.108+0000][7][safepoint    ] Safepoint "Cleanup", Time since last: 1002651000 ns, Reaching safepoint: 356834 ns, At safepoint: 13041 ns, Total: 369875 ns
[2024-03-11T03:50:21.114+0000][7][safepoint    ] Safepoint "Cleanup", Time since last: 1005257209 ns, Reaching safepoint: 460167 ns, At safepoint: 11792 ns, Total: 471959 ns
[2024-03-11T03:50:22.121+0000][7][safepoint    ] Safepoint "Cleanup", Time since last: 1006809292 ns, Reaching safepoint: 339625 ns, At safepoint: 9000 ns, Total: 348625 ns
[2024-03-11T03:50:23.123+0000][7][safepoint    ] Safepoint "Cleanup", Time since last: 1001987959 ns, Reaching safepoint: 330208 ns, At safepoint: 8375 ns, Total: 338583 ns
[2024-03-11T03:50:24.125+0000][7][safepoint    ] Safepoint "Cleanup", Time since last: 1001112084 ns, Reaching safepoint: 247500 ns, At safepoint: 6666 ns, Total: 254166 ns
[2024-03-11T03:50:25.128+0000][7][safepoint    ] Safepoint "Cleanup", Time since last: 1003040126 ns, Reaching safepoint: 274083 ns, At safepoint: 6042 ns, Total: 280125 ns
[2024-03-11T03:50:26.775+0000][7][safepoint    ] Safepoint "Cleanup", Time since last: 1646188501 ns, Reaching safepoint: 358375 ns, At safepoint: 12916 ns, Total: 371291 ns
[2024-03-11T03:50:48.435+0000][7][gc,start     ] GC(16) Pause Young (Normal) (G1 Evacuation Pause)
[2024-03-11T03:50:48.437+0000][7][gc,task      ] GC(16) Using 8 workers of 8 for evacuation
[2024-03-11T03:50:48.437+0000][7][gc,age       ] GC(16) Desired survivor size 19398656 bytes, new threshold 3 (max threshold 15)
[2024-03-11T03:50:48.498+0000][7][gc,age       ] GC(16) Age table with threshold 3 (max threshold 15)
[2024-03-11T03:50:48.498+0000][7][gc,age       ] GC(16) - age   1:      13520 bytes,      13520 total
[2024-03-11T03:50:48.498+0000][7][gc,age       ] GC(16) - age   2:    7261592 bytes,    7275112 total
[2024-03-11T03:50:48.498+0000][7][gc,age       ] GC(16) - age   3:    9645368 bytes,   16920480 total
[2024-03-11T03:50:48.499+0000][7][gc,phases    ] GC(16)   Pre Evacuate Collection Set: 0.4ms
[2024-03-11T03:50:48.499+0000][7][gc,phases    ] GC(16)   Merge Heap Roots: 0.5ms
[2024-03-11T03:50:48.499+0000][7][gc,phases    ] GC(16)   Evacuate Collection Set: 57.3ms
[2024-03-11T03:50:48.499+0000][7][gc,phases    ] GC(16)   Post Evacuate Collection Set: 1.9ms
[2024-03-11T03:50:48.499+0000][7][gc,phases    ] GC(16)   Other: 4.2ms
[2024-03-11T03:50:48.499+0000][7][gc,heap      ] GC(16) Eden regions: 268->0(272)
[2024-03-11T03:50:48.499+0000][7][gc,heap      ] GC(16) Survivor regions: 22->19(37)
[2024-03-11T03:50:48.499+0000][7][gc,heap      ] GC(16) Old regions: 48->53
[2024-03-11T03:50:48.500+0000][7][gc,heap      ] GC(16) Archive regions: 0->0
[2024-03-11T03:50:48.500+0000][7][gc,heap      ] GC(16) Humongous regions: 15->15
[2024-03-11T03:50:48.500+0000][7][gc,metaspace ] GC(16) Metaspace: 97666K(105212K)->97666K(105212K) NonClass: 84711K(89264K)->84711K(89264K) Class: 12954K(15948K)->12954K(15948K)
[2024-03-11T03:50:48.500+0000][7][gc           ] GC(16) Pause Young (Normal) (G1 Evacuation Pause) 352M->85M(512M) 65.260ms
[2024-03-11T03:50:48.500+0000][7][gc,cpu       ] GC(16) User=0.44s Sys=0.00s Real=0.07s
[2024-03-11T03:50:48.500+0000][7][safepoint    ] Safepoint "G1CollectForAllocation", Time since last: 21659919635 ns, Reaching safepoint: 371500 ns, At safepoint: 65944416 ns, Total: 66315916 ns
[2024-03-11T03:52:02.683+0000][7][safepoint    ] Safepoint "Cleanup", Time since last: 74182568868 ns, Reaching safepoint: 383625 ns, At safepoint: 13833 ns, Total: 397458 ns
[2024-03-11T03:52:43.809+0000][7][safepoint    ] Safepoint "Cleanup", Time since last: 41125334769 ns, Reaching safepoint: 423584 ns, At safepoint: 46375 ns, Total: 469959 ns
[2024-03-11T03:52:48.823+0000][7][safepoint    ] Safepoint "Cleanup", Time since last: 5014229168 ns, Reaching safepoint: 534000 ns, At safepoint: 12250 ns, Total: 546250 ns
[2024-03-11T03:52:51.829+0000][7][safepoint    ] Safepoint "Cleanup", Time since last: 3005267002 ns, Reaching safepoint: 335417 ns, At safepoint: 8250 ns, Total: 343667 ns
[2024-03-11T03:52:56.525+0000][7][safepoint    ] Safepoint "Cleanup", Time since last: 4695804043 ns, Reaching safepoint: 345750 ns, At safepoint: 10000 ns, Total: 355750 ns
[2024-03-11T03:53:08.559+0000][7][safepoint    ] Safepoint "Cleanup", Time since last: 12033776965 ns, Reaching safepoint: 478500 ns, At safepoint: 8791 ns, Total: 487291 ns
[2024-03-11T03:53:09.566+0000][7][safepoint    ] Safepoint "Cleanup", Time since last: 1006325084 ns, Reaching safepoint: 359042 ns, At safepoint: 10083 ns, Total: 369125 ns
[2024-03-11T03:53:49.728+0000][7][safepoint    ] Safepoint "Cleanup", Time since last: 40147657935 ns, Reaching safepoint: 565666 ns, At safepoint: 9292 ns, Total: 574958 ns
[2024-03-11T03:53:54.762+0000][7][safepoint    ] Safepoint "Cleanup", Time since last: 5033517961 ns, Reaching safepoint: 317166 ns, At safepoint: 13292 ns, Total: 330458 ns
[2024-03-11T03:53:55.766+0000][7][safepoint    ] Safepoint "Cleanup", Time since last: 1004139709 ns, Reaching safepoint: 363000 ns, At safepoint: 10666 ns, Total: 373666 ns
[2024-03-11T03:54:25.908+0000][7][safepoint    ] Safepoint "Cleanup", Time since last: 30134093222 ns, Reaching safepoint: 395875 ns, At safepoint: 8375 ns, Total: 404250 ns
[2024-03-11T03:55:40.238+0000][7][safepoint    ] Safepoint "Cleanup", Time since last: 74328426618 ns, Reaching safepoint: 574375 ns, At safepoint: 9541 ns, Total: 583916 ns
[2024-03-11T03:56:26.475+0000][7][safepoint    ] Safepoint "Cleanup", Time since last: 46235563104 ns, Reaching safepoint: 1644584 ns, At safepoint: 33583 ns, Total: 1678167 ns
[2024-03-11T03:56:56.628+0000][7][safepoint    ] Safepoint "Cleanup", Time since last: 30152791222 ns, Reaching safepoint: 356375 ns, At safepoint: 11292 ns, Total: 367667 ns
[2024-03-11T03:57:09.674+0000][7][safepoint    ] Safepoint "Cleanup", Time since last: 13046148673 ns, Reaching safepoint: 416833 ns, At safepoint: 25709 ns, Total: 442542 ns
[2024-03-11T03:57:56.935+0000][7][safepoint    ] Safepoint "Cleanup", Time since last: 47260448604 ns, Reaching safepoint: 152500 ns, At safepoint: 2375 ns, Total: 154875 ns
[2024-03-11T03:58:09.989+0000][7][safepoint    ] Safepoint "Cleanup", Time since last: 13053859048 ns, Reaching safepoint: 485125 ns, At safepoint: 12792 ns, Total: 497917 ns
[2024-03-11T03:59:20.276+0000][7][safepoint    ] Safepoint "Cleanup", Time since last: 70286990989 ns, Reaching safepoint: 626583 ns, At safepoint: 30000 ns, Total: 656583 ns
[2024-03-11T03:59:26.308+0000][7][safepoint    ] Safepoint "Cleanup", Time since last: 6031525045 ns, Reaching safepoint: 391833 ns, At safepoint: 12875 ns, Total: 404708 ns
[2024-03-11T04:01:14.892+0000][7][gc,start     ] GC(17) Pause Young (Normal) (G1 Evacuation Pause)
[2024-03-11T04:01:14.894+0000][7][gc,task      ] GC(17) Using 8 workers of 8 for evacuation
[2024-03-11T04:01:14.895+0000][7][gc,age       ] GC(17) Desired survivor size 19398656 bytes, new threshold 15 (max threshold 15)
[2024-03-11T04:01:14.915+0000][7][gc,age       ] GC(17) Age table with threshold 15 (max threshold 15)
[2024-03-11T04:01:14.915+0000][7][gc,age       ] GC(17) - age   1:      29952 bytes,      29952 total
[2024-03-11T04:01:14.915+0000][7][gc,age       ] GC(17) - age   2:       6224 bytes,      36176 total
[2024-03-11T04:01:14.915+0000][7][gc,age       ] GC(17) - age   3:    6725624 bytes,    6761800 total
[2024-03-11T04:01:14.915+0000][7][gc,age       ] GC(17) - age   4:    8931136 bytes,   15692936 total
[2024-03-11T04:01:14.915+0000][7][gc,phases    ] GC(17)   Pre Evacuate Collection Set: 0.3ms
[2024-03-11T04:01:14.915+0000][7][gc,phases    ] GC(17)   Merge Heap Roots: 0.3ms
[2024-03-11T04:01:14.916+0000][7][gc,phases    ] GC(17)   Evacuate Collection Set: 17.2ms
[2024-03-11T04:01:14.916+0000][7][gc,phases    ] GC(17)   Post Evacuate Collection Set: 1.6ms
[2024-03-11T04:01:14.916+0000][7][gc,phases    ] GC(17)   Other: 4.1ms
[2024-03-11T04:01:14.916+0000][7][gc,heap      ] GC(17) Eden regions: 272->0(279)
[2024-03-11T04:01:14.916+0000][7][gc,heap      ] GC(17) Survivor regions: 19->17(37)
[2024-03-11T04:01:14.916+0000][7][gc,heap      ] GC(17) Old regions: 53->53
[2024-03-11T04:01:14.916+0000][7][gc,heap      ] GC(17) Archive regions: 0->0
[2024-03-11T04:01:14.916+0000][7][gc,heap      ] GC(17) Humongous regions: 15->15
[2024-03-11T04:01:14.917+0000][7][gc,metaspace ] GC(17) Metaspace: 97795K(105212K)->97795K(105212K) NonClass: 84832K(89264K)->84832K(89264K) Class: 12962K(15948K)->12962K(15948K)
[2024-03-11T04:01:14.917+0000][7][gc           ] GC(17) Pause Young (Normal) (G1 Evacuation Pause) 357M->83M(512M) 24.772ms
[2024-03-11T04:01:14.917+0000][7][gc,cpu       ] GC(17) User=0.10s Sys=0.00s Real=0.02s
[2024-03-11T04:01:14.917+0000][7][safepoint    ] Safepoint "G1CollectForAllocation", Time since last: 108584331924 ns, Reaching safepoint: 358625 ns, At safepoint: 25256084 ns, Total: 25614709 ns
[2024-03-11T04:02:17.228+0000][7][safepoint    ] Safepoint "Cleanup", Time since last: 62311120111 ns, Reaching safepoint: 516500 ns, At safepoint: 11333 ns, Total: 527833 ns
[2024-03-11T04:02:26.285+0000][7][safepoint    ] Safepoint "Cleanup", Time since last: 9056626130 ns, Reaching safepoint: 387583 ns, At safepoint: 10833 ns, Total: 398416 ns
[2024-03-11T04:03:26.640+0000][7][safepoint    ] Safepoint "Cleanup", Time since last: 60354255153 ns, Reaching safepoint: 445708 ns, At safepoint: 7959 ns, Total: 453667 ns
[2024-03-11T04:04:24.844+0000][7][safepoint    ] Safepoint "Cleanup", Time since last: 58202818485 ns, Reaching safepoint: 1039916 ns, At safepoint: 15500 ns, Total: 1055416 ns
[2024-03-11T04:04:26.851+0000][7][safepoint    ] Safepoint "Cleanup", Time since last: 2006181751 ns, Reaching safepoint: 361375 ns, At safepoint: 9959 ns, Total: 371334 ns
[2024-03-11T04:04:35.879+0000][7][safepoint    ] Safepoint "Cleanup", Time since last: 9028102754 ns, Reaching safepoint: 755208 ns, At safepoint: 11750 ns, Total: 766958 ns
[2024-03-11T04:04:56.949+0000][7][safepoint    ] Safepoint "Cleanup", Time since last: 21070333468 ns, Reaching safepoint: 226083 ns, At safepoint: 5667 ns, Total: 231750 ns
[2024-03-11T04:05:05.984+0000][7][safepoint    ] Safepoint "Cleanup", Time since last: 9034763504 ns, Reaching safepoint: 503167 ns, At safepoint: 8916 ns, Total: 512083 ns
[2024-03-11T04:05:26.070+0000][7][safepoint    ] Safepoint "Cleanup", Time since last: 20084770634 ns, Reaching safepoint: 384000 ns, At safepoint: 7500 ns, Total: 391500 ns
[2024-03-11T04:05:56.184+0000][7][safepoint    ] Safepoint "Cleanup", Time since last: 30113253389 ns, Reaching safepoint: 600708 ns, At safepoint: 12917 ns, Total: 613625 ns
[2024-03-11T04:06:26.298+0000][7][safepoint    ] Safepoint "Cleanup", Time since last: 30114291305 ns, Reaching safepoint: 374292 ns, At safepoint: 7875 ns, Total: 382167 ns
[2024-03-11T04:06:31.317+0000][7][safepoint    ] Safepoint "Cleanup", Time since last: 5018354419 ns, Reaching safepoint: 294208 ns, At safepoint: 30375 ns, Total: 324583 ns
[2024-03-11T04:06:49.392+0000][7][safepoint    ] Safepoint "Cleanup", Time since last: 18074108799 ns, Reaching safepoint: 495584 ns, At safepoint: 11666 ns, Total: 507250 ns
[2024-03-11T04:06:56.413+0000][7][safepoint    ] Safepoint "Cleanup", Time since last: 7021056920 ns, Reaching safepoint: 267084 ns, At safepoint: 7291 ns, Total: 274375 ns
[2024-03-11T04:07:26.529+0000][7][safepoint    ] Safepoint "Cleanup", Time since last: 30116161222 ns, Reaching safepoint: 356542 ns, At safepoint: 9125 ns, Total: 365667 ns
[2024-03-11T04:08:26.768+0000][7][safepoint    ] Safepoint "Cleanup", Time since last: 60238387319 ns, Reaching safepoint: 510416 ns, At safepoint: 8792 ns, Total: 519208 ns
[2024-03-11T04:08:36.806+0000][7][safepoint    ] Safepoint "Cleanup", Time since last: 10037760088 ns, Reaching safepoint: 653125 ns, At safepoint: 8542 ns, Total: 661667 ns
[2024-03-11T04:08:56.824+0000][7][safepoint    ] Safepoint "Cleanup", Time since last: 20072400759 ns, Reaching safepoint: 223625 ns, At safepoint: 2250 ns, Total: 225875 ns
[2024-03-11T04:08:57.830+0000][7][safepoint    ] Safepoint "Cleanup", Time since last: 1005578042 ns, Reaching safepoint: 332833 ns, At safepoint: 7667 ns, Total: 340500 ns
[2024-03-11T04:08:58.837+0000][7][safepoint    ] Safepoint "Cleanup", Time since last: 1006453500 ns, Reaching safepoint: 318167 ns, At safepoint: 7042 ns, Total: 325209 ns
[2024-03-11T04:08:59.839+0000][7][safepoint    ] Safepoint "Cleanup", Time since last: 1002018334 ns, Reaching safepoint: 341708 ns, At safepoint: 9250 ns, Total: 350958 ns
[2024-03-11T04:09:00.841+0000][7][safepoint    ] Safepoint "Cleanup", Time since last: 1002138500 ns, Reaching safepoint: 316500 ns, At safepoint: 5875 ns, Total: 322375 ns
[2024-03-11T04:09:01.845+0000][7][safepoint    ] Safepoint "Cleanup", Time since last: 1003160001 ns, Reaching safepoint: 118083 ns, At safepoint: 2500 ns, Total: 120583 ns
[2024-03-11T04:09:02.848+0000][7][safepoint    ] Safepoint "Cleanup", Time since last: 1002689709 ns, Reaching safepoint: 246750 ns, At safepoint: 8667 ns, Total: 255417 ns
[2024-03-11T04:09:03.851+0000][7][safepoint    ] Safepoint "Cleanup", Time since last: 1003447834 ns, Reaching safepoint: 298041 ns, At safepoint: 8875 ns, Total: 306916 ns
[2024-03-11T04:09:04.856+0000][7][safepoint    ] Safepoint "Cleanup", Time since last: 1003927542 ns, Reaching safepoint: 394500 ns, At safepoint: 24000 ns, Total: 418500 ns
[2024-03-11T04:09:05.858+0000][7][safepoint    ] Safepoint "Cleanup", Time since last: 1002477459 ns, Reaching safepoint: 315500 ns, At safepoint: 5958 ns, Total: 321458 ns
[2024-03-11T04:09:06.863+0000][7][safepoint    ] Safepoint "Cleanup", Time since last: 1003982584 ns, Reaching safepoint: 350750 ns, At safepoint: 8500 ns, Total: 359250 ns
[2024-03-11T04:09:07.865+0000][7][safepoint    ] Safepoint "Cleanup", Time since last: 1001644126 ns, Reaching safepoint: 189416 ns, At safepoint: 6042 ns, Total: 195458 ns
[2024-03-11T04:09:08.871+0000][7][safepoint    ] Safepoint "Cleanup", Time since last: 1005868667 ns, Reaching safepoint: 453459 ns, At safepoint: 12250 ns, Total: 465709 ns
[2024-03-11T04:09:09.878+0000][7][safepoint    ] Safepoint "Cleanup", Time since last: 1006536583 ns, Reaching safepoint: 342834 ns, At safepoint: 12500 ns, Total: 355334 ns
[2024-03-11T04:09:10.885+0000][7][safepoint    ] Safepoint "Cleanup", Time since last: 1006640667 ns, Reaching safepoint: 367958 ns, At safepoint: 12750 ns, Total: 380708 ns
[2024-03-11T04:09:11.892+0000][7][safepoint    ] Safepoint "Cleanup", Time since last: 1006678167 ns, Reaching safepoint: 357834 ns, At safepoint: 9708 ns, Total: 367542 ns
[2024-03-11T04:09:12.898+0000][7][safepoint    ] Safepoint "Cleanup", Time since last: 1006346917 ns, Reaching safepoint: 153667 ns, At safepoint: 5458 ns, Total: 159125 ns
[2024-03-11T04:09:13.900+0000][7][safepoint    ] Safepoint "Cleanup", Time since last: 1001218834 ns, Reaching safepoint: 266667 ns, At safepoint: 5750 ns, Total: 272417 ns
[2024-03-11T04:09:14.903+0000][7][safepoint    ] Safepoint "Cleanup", Time since last: 1003378499 ns, Reaching safepoint: 357917 ns, At safepoint: 7708 ns, Total: 365625 ns
[2024-03-11T04:09:15.907+0000][7][safepoint    ] Safepoint "Cleanup", Time since last: 1004473209 ns, Reaching safepoint: 368500 ns, At safepoint: 12667 ns, Total: 381167 ns
[2024-03-11T04:09:16.915+0000][7][safepoint    ] Safepoint "Cleanup", Time since last: 1006924125 ns, Reaching safepoint: 322375 ns, At safepoint: 6542 ns, Total: 328917 ns
[2024-03-11T04:09:17.922+0000][7][safepoint    ] Safepoint "Cleanup", Time since last: 1006647917 ns, Reaching safepoint: 145500 ns, At safepoint: 5000 ns, Total: 150500 ns
[2024-03-11T04:09:18.927+0000][7][safepoint    ] Safepoint "Cleanup", Time since last: 1004721667 ns, Reaching safepoint: 305792 ns, At safepoint: 11875 ns, Total: 317667 ns
[2024-03-11T04:09:19.931+0000][7][safepoint    ] Safepoint "Cleanup", Time since last: 1003784667 ns, Reaching safepoint: 290292 ns, At safepoint: 11791 ns, Total: 302083 ns
[2024-03-11T04:09:20.938+0000][7][safepoint    ] Safepoint "Cleanup", Time since last: 1006751501 ns, Reaching safepoint: 231750 ns, At safepoint: 8916 ns, Total: 240666 ns
[2024-03-11T04:09:21.943+0000][7][safepoint    ] Safepoint "Cleanup", Time since last: 1004706668 ns, Reaching safepoint: 262541 ns, At safepoint: 5042 ns, Total: 267583 ns
[2024-03-11T04:09:22.950+0000][7][safepoint    ] Safepoint "Cleanup", Time since last: 1006831459 ns, Reaching safepoint: 243041 ns, At safepoint: 9959 ns, Total: 253000 ns
[2024-03-11T04:09:23.956+0000][7][safepoint    ] Safepoint "Cleanup", Time since last: 1006227792 ns, Reaching safepoint: 160125 ns, At safepoint: 4375 ns, Total: 164500 ns
[2024-03-11T04:09:24.961+0000][7][safepoint    ] Safepoint "Cleanup", Time since last: 1004589417 ns, Reaching safepoint: 144667 ns, At safepoint: 2958 ns, Total: 147625 ns
[2024-03-11T04:09:26.863+0000][7][safepoint    ] Safepoint "Cleanup", Time since last: 1901487626 ns, Reaching safepoint: 255750 ns, At safepoint: 7167 ns, Total: 262917 ns
[2024-03-11T04:09:27.864+0000][7][safepoint    ] Safepoint "Cleanup", Time since last: 1000933667 ns, Reaching safepoint: 205583 ns, At safepoint: 4583 ns, Total: 210166 ns
[2024-03-11T04:09:28.871+0000][7][safepoint    ] Safepoint "Cleanup", Time since last: 1006326834 ns, Reaching safepoint: 422625 ns, At safepoint: 9708 ns, Total: 432333 ns
[2024-03-11T04:09:29.878+0000][7][safepoint    ] Safepoint "Cleanup", Time since last: 1006965959 ns, Reaching safepoint: 270125 ns, At safepoint: 10042 ns, Total: 280167 ns
[2024-03-11T04:09:30.880+0000][7][safepoint    ] Safepoint "Cleanup", Time since last: 1002023167 ns, Reaching safepoint: 179292 ns, At safepoint: 4500 ns, Total: 183792 ns
[2024-03-11T04:09:31.881+0000][7][safepoint    ] Safepoint "Cleanup", Time since last: 1001114084 ns, Reaching safepoint: 307000 ns, At safepoint: 5458 ns, Total: 312458 ns
[2024-03-11T04:09:32.886+0000][7][safepoint    ] Safepoint "Cleanup", Time since last: 1004723459 ns, Reaching safepoint: 155500 ns, At safepoint: 3625 ns, Total: 159125 ns
[2024-03-11T04:09:33.888+0000][7][safepoint    ] Safepoint "Cleanup", Time since last: 1001703167 ns, Reaching safepoint: 157333 ns, At safepoint: 4000 ns, Total: 161333 ns
[2024-03-11T04:09:34.894+0000][7][safepoint    ] Safepoint "Cleanup", Time since last: 1005849251 ns, Reaching safepoint: 120916 ns, At safepoint: 3375 ns, Total: 124291 ns
[2024-03-11T04:09:35.898+0000][7][safepoint    ] Safepoint "Cleanup", Time since last: 1003609209 ns, Reaching safepoint: 269875 ns, At safepoint: 6167 ns, Total: 276042 ns
[2024-03-11T04:09:36.905+0000][7][safepoint    ] Safepoint "Cleanup", Time since last: 1006303084 ns, Reaching safepoint: 369125 ns, At safepoint: 10375 ns, Total: 379500 ns
[2024-03-11T04:09:37.911+0000][7][safepoint    ] Safepoint "Cleanup", Time since last: 1006454667 ns, Reaching safepoint: 177666 ns, At safepoint: 4500 ns, Total: 182166 ns
[2024-03-11T04:09:38.918+0000][7][safepoint    ] Safepoint "Cleanup", Time since last: 1006067918 ns, Reaching safepoint: 168625 ns, At safepoint: 4625 ns, Total: 173250 ns
[2024-03-11T04:09:39.924+0000][7][safepoint    ] Safepoint "Cleanup", Time since last: 1005863542 ns, Reaching safepoint: 186375 ns, At safepoint: 4458 ns, Total: 190833 ns
[2024-03-11T04:09:40.930+0000][7][safepoint    ] Safepoint "Cleanup", Time since last: 1005541376 ns, Reaching safepoint: 419250 ns, At safepoint: 5291 ns, Total: 424541 ns
[2024-03-11T04:09:41.932+0000][7][safepoint    ] Safepoint "Cleanup", Time since last: 1002393876 ns, Reaching safepoint: 248958 ns, At safepoint: 6292 ns, Total: 255250 ns
[2024-03-11T04:09:42.939+0000][7][safepoint    ] Safepoint "Cleanup", Time since last: 1006235584 ns, Reaching safepoint: 256958 ns, At safepoint: 16833 ns, Total: 273791 ns
[2024-03-11T04:09:43.941+0000][7][safepoint    ] Safepoint "Cleanup", Time since last: 1001675459 ns, Reaching safepoint: 344250 ns, At safepoint: 9958 ns, Total: 354208 ns
[2024-03-11T04:09:44.948+0000][7][safepoint    ] Safepoint "Cleanup", Time since last: 1006768667 ns, Reaching safepoint: 409375 ns, At safepoint: 8583 ns, Total: 417958 ns
[2024-03-11T04:09:46.873+0000][7][safepoint    ] Safepoint "Cleanup", Time since last: 1924455209 ns, Reaching safepoint: 214084 ns, At safepoint: 4083 ns, Total: 218167 ns
[2024-03-11T04:09:47.877+0000][7][safepoint    ] Safepoint "Cleanup", Time since last: 1004142667 ns, Reaching safepoint: 202875 ns, At safepoint: 9417 ns, Total: 212292 ns
[2024-03-11T04:09:48.881+0000][7][safepoint    ] Safepoint "Cleanup", Time since last: 1003775000 ns, Reaching safepoint: 336125 ns, At safepoint: 5542 ns, Total: 341667 ns
[2024-03-11T04:09:49.886+0000][7][safepoint    ] Safepoint "Cleanup", Time since last: 1003669501 ns, Reaching safepoint: 881458 ns, At safepoint: 7458 ns, Total: 888916 ns
[2024-03-11T04:09:50.889+0000][7][safepoint    ] Safepoint "Cleanup", Time since last: 1003290667 ns, Reaching safepoint: 318042 ns, At safepoint: 9042 ns, Total: 327084 ns
[2024-03-11T04:09:51.894+0000][7][safepoint    ] Safepoint "Cleanup", Time since last: 1003848292 ns, Reaching safepoint: 470667 ns, At safepoint: 8291 ns, Total: 478958 ns
[2024-03-11T04:09:52.900+0000][7][safepoint    ] Safepoint "Cleanup", Time since last: 1005738667 ns, Reaching safepoint: 147875 ns, At safepoint: 3542 ns, Total: 151417 ns
[2024-03-11T04:09:53.904+0000][7][safepoint    ] Safepoint "Cleanup", Time since last: 1004498459 ns, Reaching safepoint: 295541 ns, At safepoint: 5417 ns, Total: 300958 ns
[2024-03-11T04:09:54.911+0000][7][safepoint    ] Safepoint "Cleanup", Time since last: 1006077959 ns, Reaching safepoint: 310625 ns, At safepoint: 5458 ns, Total: 316083 ns
[2024-03-11T04:09:55.917+0000][7][safepoint    ] Safepoint "Cleanup", Time since last: 1006316334 ns, Reaching safepoint: 335833 ns, At safepoint: 6917 ns, Total: 342750 ns
[2024-03-11T04:09:56.920+0000][7][safepoint    ] Safepoint "Cleanup", Time since last: 1002762209 ns, Reaching safepoint: 189625 ns, At safepoint: 6083 ns, Total: 195708 ns
[2024-03-11T04:09:57.925+0000][7][safepoint    ] Safepoint "Cleanup", Time since last: 1003890251 ns, Reaching safepoint: 266833 ns, At safepoint: 5708 ns, Total: 272541 ns
[2024-03-11T04:09:58.931+0000][7][safepoint    ] Safepoint "Cleanup", Time since last: 1006508584 ns, Reaching safepoint: 141000 ns, At safepoint: 3167 ns, Total: 144167 ns
[2024-03-11T04:09:59.933+0000][7][safepoint    ] Safepoint "Cleanup", Time since last: 1001688417 ns, Reaching safepoint: 400333 ns, At safepoint: 7667 ns, Total: 408000 ns
[2024-03-11T04:10:00.937+0000][7][safepoint    ] Safepoint "Cleanup", Time since last: 1003051917 ns, Reaching safepoint: 322750 ns, At safepoint: 5875 ns, Total: 328625 ns
[2024-03-11T04:10:01.940+0000][7][safepoint    ] Safepoint "Cleanup", Time since last: 1003148542 ns, Reaching safepoint: 348084 ns, At safepoint: 8708 ns, Total: 356792 ns
[2024-03-11T04:10:02.944+0000][7][safepoint    ] Safepoint "Cleanup", Time since last: 1003428875 ns, Reaching safepoint: 216959 ns, At safepoint: 6166 ns, Total: 223125 ns
[2024-03-11T04:10:03.945+0000][7][safepoint    ] Safepoint "Cleanup", Time since last: 1000710251 ns, Reaching safepoint: 339417 ns, At safepoint: 8875 ns, Total: 348292 ns
[2024-03-11T04:10:04.951+0000][7][safepoint    ] Safepoint "Cleanup", Time since last: 1005628125 ns, Reaching safepoint: 360250 ns, At safepoint: 9583 ns, Total: 369833 ns
[2024-03-11T04:10:05.954+0000][7][safepoint    ] Safepoint "Cleanup", Time since last: 1003317418 ns, Reaching safepoint: 168625 ns, At safepoint: 4416 ns, Total: 173041 ns
[2024-03-11T04:10:06.957+0000][7][safepoint    ] Safepoint "Cleanup", Time since last: 1002330792 ns, Reaching safepoint: 264000 ns, At safepoint: 6500 ns, Total: 270500 ns
[2024-03-11T04:10:07.959+0000][7][safepoint    ] Safepoint "Cleanup", Time since last: 1001906251 ns, Reaching safepoint: 240291 ns, At safepoint: 8667 ns, Total: 248958 ns
[2024-03-11T04:10:08.961+0000][7][safepoint    ] Safepoint "Cleanup", Time since last: 1001659876 ns, Reaching safepoint: 314750 ns, At safepoint: 8875 ns, Total: 323625 ns
[2024-03-11T04:10:09.963+0000][7][safepoint    ] Safepoint "Cleanup", Time since last: 1001780875 ns, Reaching safepoint: 301292 ns, At safepoint: 9166 ns, Total: 310458 ns
[2024-03-11T04:10:10.966+0000][7][safepoint    ] Safepoint "Cleanup", Time since last: 1001696168 ns, Reaching safepoint: 986458 ns, At safepoint: 23833 ns, Total: 1010291 ns
[2024-03-11T04:10:11.969+0000][7][safepoint    ] Safepoint "Cleanup", Time since last: 1002019376 ns, Reaching safepoint: 434791 ns, At safepoint: 24334 ns, Total: 459125 ns
[2024-03-11T04:10:12.976+0000][7][safepoint    ] Safepoint "Cleanup", Time since last: 1006128084 ns, Reaching safepoint: 1294416 ns, At safepoint: 13625 ns, Total: 1308041 ns
[2024-03-11T04:10:13.983+0000][7][safepoint    ] Safepoint "Cleanup", Time since last: 1006655917 ns, Reaching safepoint: 272417 ns, At safepoint: 5542 ns, Total: 277959 ns
[2024-03-11T04:10:14.990+0000][7][safepoint    ] Safepoint "Cleanup", Time since last: 1006817125 ns, Reaching safepoint: 266000 ns, At safepoint: 4625 ns, Total: 270625 ns
[2024-03-11T04:10:15.993+0000][7][safepoint    ] Safepoint "Cleanup", Time since last: 1003052292 ns, Reaching safepoint: 216750 ns, At safepoint: 4083 ns, Total: 220833 ns
[2024-03-11T04:10:16.998+0000][7][safepoint    ] Safepoint "Cleanup", Time since last: 1004511209 ns, Reaching safepoint: 233042 ns, At safepoint: 5041 ns, Total: 238083 ns
[2024-03-11T04:10:18.000+0000][7][safepoint    ] Safepoint "Cleanup", Time since last: 1001647084 ns, Reaching safepoint: 292125 ns, At safepoint: 7750 ns, Total: 299875 ns
[2024-03-11T04:10:19.003+0000][7][safepoint    ] Safepoint "Cleanup", Time since last: 1003138917 ns, Reaching safepoint: 319709 ns, At safepoint: 9208 ns, Total: 328917 ns
[2024-03-11T04:10:20.006+0000][7][safepoint    ] Safepoint "Cleanup", Time since last: 1002089917 ns, Reaching safepoint: 414250 ns, At safepoint: 9000 ns, Total: 423250 ns
[2024-03-11T04:10:21.009+0000][7][safepoint    ] Safepoint "Cleanup", Time since last: 1002644292 ns, Reaching safepoint: 314209 ns, At safepoint: 9875 ns, Total: 324084 ns
[2024-03-11T04:10:22.011+0000][7][safepoint    ] Safepoint "Cleanup", Time since last: 1001926292 ns, Reaching safepoint: 371625 ns, At safepoint: 8583 ns, Total: 380208 ns
[2024-03-11T04:10:23.013+0000][7][safepoint    ] Safepoint "Cleanup", Time since last: 1001756042 ns, Reaching safepoint: 317167 ns, At safepoint: 20083 ns, Total: 337250 ns
[2024-03-11T04:10:24.019+0000][7][safepoint    ] Safepoint "Cleanup", Time since last: 1004917501 ns, Reaching safepoint: 588792 ns, At safepoint: 14333 ns, Total: 603125 ns
[2024-03-11T04:10:25.023+0000][7][safepoint    ] Safepoint "Cleanup", Time since last: 1002816209 ns, Reaching safepoint: 1367916 ns, At safepoint: 11042 ns, Total: 1378958 ns
[2024-03-11T04:10:26.025+0000][7][safepoint    ] Safepoint "Cleanup", Time since last: 1002070167 ns, Reaching safepoint: 298542 ns, At safepoint: 19625 ns, Total: 318167 ns
[2024-03-11T04:10:27.030+0000][7][safepoint    ] Safepoint "Cleanup", Time since last: 1004773042 ns, Reaching safepoint: 317000 ns, At safepoint: 6458 ns, Total: 323458 ns
[2024-03-11T04:10:28.034+0000][7][safepoint    ] Safepoint "Cleanup", Time since last: 1002377917 ns, Reaching safepoint: 1110709 ns, At safepoint: 20166 ns, Total: 1130875 ns
[2024-03-11T04:10:29.038+0000][7][safepoint    ] Safepoint "Cleanup", Time since last: 1003062001 ns, Reaching safepoint: 836833 ns, At safepoint: 14917 ns, Total: 851750 ns
[2024-03-11T04:10:30.044+0000][7][safepoint    ] Safepoint "Cleanup", Time since last: 1004532084 ns, Reaching safepoint: 1620541 ns, At safepoint: 18542 ns, Total: 1639083 ns
[2024-03-11T04:10:31.048+0000][7][safepoint    ] Safepoint "Cleanup", Time since last: 1003813459 ns, Reaching safepoint: 362292 ns, At safepoint: 21708 ns, Total: 384000 ns
[2024-03-11T04:10:32.055+0000][7][safepoint    ] Safepoint "Cleanup", Time since last: 1005388334 ns, Reaching safepoint: 1355000 ns, At safepoint: 21875 ns, Total: 1376875 ns
[2024-03-11T04:10:33.057+0000][7][safepoint    ] Safepoint "Cleanup", Time since last: 1001435792 ns, Reaching safepoint: 358166 ns, At safepoint: 23209 ns, Total: 381375 ns
[2024-03-11T04:10:34.059+0000][7][safepoint    ] Safepoint "Cleanup", Time since last: 1001787500 ns, Reaching safepoint: 217000 ns, At safepoint: 5084 ns, Total: 222084 ns
[2024-03-11T04:10:35.062+0000][7][safepoint    ] Safepoint "Cleanup", Time since last: 1002675583 ns, Reaching safepoint: 317250 ns, At safepoint: 23584 ns, Total: 340834 ns
[2024-03-11T04:10:36.068+0000][7][safepoint    ] Safepoint "Cleanup", Time since last: 1005560500 ns, Reaching safepoint: 403459 ns, At safepoint: 33875 ns, Total: 437334 ns
[2024-03-11T04:10:37.074+0000][7][safepoint    ] Safepoint "Cleanup", Time since last: 1005119625 ns, Reaching safepoint: 951458 ns, At safepoint: 23625 ns, Total: 975083 ns
[2024-03-11T04:10:38.076+0000][7][safepoint    ] Safepoint "Cleanup", Time since last: 1002263126 ns, Reaching safepoint: 315083 ns, At safepoint: 18750 ns, Total: 333833 ns
[2024-03-11T04:10:39.079+0000][7][safepoint    ] Safepoint "Cleanup", Time since last: 1001788542 ns, Reaching safepoint: 464375 ns, At safepoint: 27584 ns, Total: 491959 ns
[2024-03-11T04:10:40.082+0000][7][safepoint    ] Safepoint "Cleanup", Time since last: 1001735417 ns, Reaching safepoint: 1824625 ns, At safepoint: 33583 ns, Total: 1858208 ns
[2024-03-11T04:10:41.085+0000][7][safepoint    ] Safepoint "Cleanup", Time since last: 1001930292 ns, Reaching safepoint: 490250 ns, At safepoint: 23000 ns, Total: 513250 ns
[2024-03-11T04:10:42.087+0000][7][safepoint    ] Safepoint "Cleanup", Time since last: 1001890626 ns, Reaching safepoint: 310000 ns, At safepoint: 8583 ns, Total: 318583 ns
[2024-03-11T04:10:43.089+0000][7][safepoint    ] Safepoint "Cleanup", Time since last: 1001653334 ns, Reaching safepoint: 348750 ns, At safepoint: 33167 ns, Total: 381917 ns
[2024-03-11T04:10:44.092+0000][7][safepoint    ] Safepoint "Cleanup", Time since last: 1001974292 ns, Reaching safepoint: 784916 ns, At safepoint: 19125 ns, Total: 804041 ns
[2024-03-11T04:10:45.097+0000][7][safepoint    ] Safepoint "Cleanup", Time since last: 1006013667 ns, Reaching safepoint: 397375 ns, At safepoint: 8500 ns, Total: 405875 ns
[2024-03-11T04:10:46.100+0000][7][safepoint    ] Safepoint "Cleanup", Time since last: 1001948375 ns, Reaching safepoint: 553417 ns, At safepoint: 22791 ns, Total: 576208 ns
[2024-03-11T04:10:47.103+0000][7][safepoint    ] Safepoint "Cleanup", Time since last: 1002526251 ns, Reaching safepoint: 489333 ns, At safepoint: 26875 ns, Total: 516208 ns
[2024-03-11T04:10:48.105+0000][7][safepoint    ] Safepoint "Cleanup", Time since last: 1002393709 ns, Reaching safepoint: 250333 ns, At safepoint: 5667 ns, Total: 256000 ns
[2024-03-11T04:10:49.111+0000][7][safepoint    ] Safepoint "Cleanup", Time since last: 1003861459 ns, Reaching safepoint: 1782167 ns, At safepoint: 22708 ns, Total: 1804875 ns
[2024-03-11T04:10:50.116+0000][7][safepoint    ] Safepoint "Cleanup", Time since last: 1004243750 ns, Reaching safepoint: 622625 ns, At safepoint: 22167 ns, Total: 644792 ns
[2024-03-11T04:10:51.119+0000][7][safepoint    ] Safepoint "Cleanup", Time since last: 1001995834 ns, Reaching safepoint: 544583 ns, At safepoint: 22958 ns, Total: 567541 ns
[2024-03-11T04:10:52.122+0000][7][safepoint    ] Safepoint "Cleanup", Time since last: 1002658501 ns, Reaching safepoint: 441458 ns, At safepoint: 7959 ns, Total: 449417 ns
[2024-03-11T04:10:53.125+0000][7][safepoint    ] Safepoint "Cleanup", Time since last: 1002750625 ns, Reaching safepoint: 333583 ns, At safepoint: 6584 ns, Total: 340167 ns
[2024-03-11T04:10:54.127+0000][7][safepoint    ] Safepoint "Cleanup", Time since last: 1001781000 ns, Reaching safepoint: 224375 ns, At safepoint: 17917 ns, Total: 242292 ns
[2024-03-11T04:10:55.129+0000][7][safepoint    ] Safepoint "Cleanup", Time since last: 1002021209 ns, Reaching safepoint: 240500 ns, At safepoint: 6208 ns, Total: 246708 ns
[2024-03-11T04:10:57.128+0000][7][safepoint    ] Safepoint "Cleanup", Time since last: 1998666876 ns, Reaching safepoint: 287875 ns, At safepoint: 8917 ns, Total: 296792 ns
[2024-03-11T04:10:58.132+0000][7][safepoint    ] Safepoint "Cleanup", Time since last: 1002789042 ns, Reaching safepoint: 1037250 ns, At safepoint: 25625 ns, Total: 1062875 ns
[2024-03-11T04:10:59.134+0000][7][safepoint    ] Safepoint "Cleanup", Time since last: 1001763792 ns, Reaching safepoint: 406750 ns, At safepoint: 10167 ns, Total: 416917 ns
[2024-03-11T04:11:00.139+0000][7][safepoint    ] Safepoint "Cleanup", Time since last: 1004862958 ns, Reaching safepoint: 409500 ns, At safepoint: 8209 ns, Total: 417709 ns
[2024-03-11T04:11:01.142+0000][7][safepoint    ] Safepoint "Cleanup", Time since last: 1002445000 ns, Reaching safepoint: 492459 ns, At safepoint: 8250 ns, Total: 500709 ns
[2024-03-11T04:11:02.144+0000][7][safepoint    ] Safepoint "Cleanup", Time since last: 1001541708 ns, Reaching safepoint: 478917 ns, At safepoint: 17667 ns, Total: 496584 ns
[2024-03-11T04:11:03.147+0000][7][safepoint    ] Safepoint "Cleanup", Time since last: 1002226625 ns, Reaching safepoint: 170584 ns, At safepoint: 4541 ns, Total: 175125 ns
[2024-03-11T04:11:04.149+0000][7][safepoint    ] Safepoint "Cleanup", Time since last: 1001712001 ns, Reaching safepoint: 256916 ns, At safepoint: 8084 ns, Total: 265000 ns
[2024-03-11T04:11:05.155+0000][7][safepoint    ] Safepoint "Cleanup", Time since last: 1006600375 ns, Reaching safepoint: 222833 ns, At safepoint: 4959 ns, Total: 227792 ns
[2024-03-11T04:11:06.160+0000][7][safepoint    ] Safepoint "Cleanup", Time since last: 1003660750 ns, Reaching safepoint: 345834 ns, At safepoint: 27416 ns, Total: 373250 ns
[2024-03-11T04:11:07.161+0000][7][safepoint    ] Safepoint "Cleanup", Time since last: 1001756501 ns, Reaching safepoint: 190291 ns, At safepoint: 3834 ns, Total: 194125 ns
[2024-03-11T04:11:08.166+0000][7][safepoint    ] Safepoint "Cleanup", Time since last: 1004175542 ns, Reaching safepoint: 343708 ns, At safepoint: 8584 ns, Total: 352292 ns
[2024-03-11T04:11:09.171+0000][7][safepoint    ] Safepoint "Cleanup", Time since last: 1004172792 ns, Reaching safepoint: 384500 ns, At safepoint: 12291 ns, Total: 396791 ns
[2024-03-11T04:11:10.177+0000][7][safepoint    ] Safepoint "Cleanup", Time since last: 1006180626 ns, Reaching safepoint: 340958 ns, At safepoint: 9459 ns, Total: 350417 ns
[2024-03-11T04:11:11.182+0000][7][safepoint    ] Safepoint "Cleanup", Time since last: 1004320792 ns, Reaching safepoint: 332458 ns, At safepoint: 11750 ns, Total: 344208 ns
[2024-03-11T04:11:12.186+0000][7][safepoint    ] Safepoint "Cleanup", Time since last: 1003569126 ns, Reaching safepoint: 292916 ns, At safepoint: 8417 ns, Total: 301333 ns
[2024-03-11T04:11:13.190+0000][7][safepoint    ] Safepoint "Cleanup", Time since last: 1003891167 ns, Reaching safepoint: 338208 ns, At safepoint: 8875 ns, Total: 347083 ns
[2024-03-11T04:11:14.196+0000][7][safepoint    ] Safepoint "Cleanup", Time since last: 1006066709 ns, Reaching safepoint: 335292 ns, At safepoint: 13375 ns, Total: 348667 ns
[2024-03-11T04:11:15.200+0000][7][safepoint    ] Safepoint "Cleanup", Time since last: 1003875750 ns, Reaching safepoint: 298708 ns, At safepoint: 10750 ns, Total: 309458 ns
[2024-03-11T04:11:16.202+0000][7][safepoint    ] Safepoint "Cleanup", Time since last: 1001080917 ns, Reaching safepoint: 424750 ns, At safepoint: 8792 ns, Total: 433542 ns
[2024-03-11T04:11:17.208+0000][7][safepoint    ] Safepoint "Cleanup", Time since last: 1006499834 ns, Reaching safepoint: 287417 ns, At safepoint: 5916 ns, Total: 293333 ns
[2024-03-11T04:11:18.213+0000][7][safepoint    ] Safepoint "Cleanup", Time since last: 1004215417 ns, Reaching safepoint: 609667 ns, At safepoint: 9542 ns, Total: 619209 ns
[2024-03-11T04:11:19.219+0000][7][safepoint    ] Safepoint "Cleanup", Time since last: 1005589500 ns, Reaching safepoint: 337750 ns, At safepoint: 10125 ns, Total: 347875 ns
[2024-03-11T04:11:20.222+0000][7][safepoint    ] Safepoint "Cleanup", Time since last: 1002287709 ns, Reaching safepoint: 360750 ns, At safepoint: 8125 ns, Total: 368875 ns
[2024-03-11T04:11:21.229+0000][7][safepoint    ] Safepoint "Cleanup", Time since last: 1006282376 ns, Reaching safepoint: 446416 ns, At safepoint: 10959 ns, Total: 457375 ns
[2024-03-11T04:11:22.233+0000][7][safepoint    ] Safepoint "Cleanup", Time since last: 1003642250 ns, Reaching safepoint: 335875 ns, At safepoint: 7833 ns, Total: 343708 ns
[2024-03-11T04:11:23.236+0000][7][safepoint    ] Safepoint "Cleanup", Time since last: 1002812751 ns, Reaching safepoint: 314083 ns, At safepoint: 9083 ns, Total: 323166 ns
[2024-03-11T04:11:24.242+0000][7][safepoint    ] Safepoint "Cleanup", Time since last: 1006422001 ns, Reaching safepoint: 315458 ns, At safepoint: 8084 ns, Total: 323542 ns
[2024-03-11T04:11:25.245+0000][7][safepoint    ] Safepoint "Cleanup", Time since last: 1002731625 ns, Reaching safepoint: 254042 ns, At safepoint: 5875 ns, Total: 259917 ns
[2024-03-11T04:11:27.128+0000][7][safepoint    ] Safepoint "Cleanup", Time since last: 1882723834 ns, Reaching safepoint: 288333 ns, At safepoint: 8084 ns, Total: 296417 ns
[2024-03-11T04:11:28.134+0000][7][safepoint    ] Safepoint "Cleanup", Time since last: 1005694125 ns, Reaching safepoint: 278375 ns, At safepoint: 4125 ns, Total: 282500 ns
[2024-03-11T04:11:29.139+0000][7][safepoint    ] Safepoint "Cleanup", Time since last: 1004346917 ns, Reaching safepoint: 261917 ns, At safepoint: 5583 ns, Total: 267500 ns
[2024-03-11T04:11:30.141+0000][7][safepoint    ] Safepoint "Cleanup", Time since last: 1001390084 ns, Reaching safepoint: 326917 ns, At safepoint: 4166 ns, Total: 331083 ns
[2024-03-11T04:11:31.143+0000][7][safepoint    ] Safepoint "Cleanup", Time since last: 1002225126 ns, Reaching safepoint: 281958 ns, At safepoint: 7250 ns, Total: 289208 ns
[2024-03-11T04:11:32.151+0000][7][safepoint    ] Safepoint "Cleanup", Time since last: 1006870501 ns, Reaching safepoint: 333125 ns, At safepoint: 5000 ns, Total: 338125 ns
[2024-03-11T04:11:33.153+0000][7][safepoint    ] Safepoint "Cleanup", Time since last: 1001837959 ns, Reaching safepoint: 195416 ns, At safepoint: 4334 ns, Total: 199750 ns
[2024-03-11T04:11:34.159+0000][7][safepoint    ] Safepoint "Cleanup", Time since last: 1006510333 ns, Reaching safepoint: 256417 ns, At safepoint: 18125 ns, Total: 274542 ns
[2024-03-11T04:11:35.163+0000][7][safepoint    ] Safepoint "Cleanup", Time since last: 1003750042 ns, Reaching safepoint: 156500 ns, At safepoint: 3333 ns, Total: 159833 ns
[2024-03-11T04:11:36.166+0000][7][safepoint    ] Safepoint "Cleanup", Time since last: 1002189543 ns, Reaching safepoint: 164875 ns, At safepoint: 15833 ns, Total: 180708 ns
[2024-03-11T04:11:37.169+0000][7][safepoint    ] Safepoint "Cleanup", Time since last: 1003401125 ns, Reaching safepoint: 379167 ns, At safepoint: 9333 ns, Total: 388500 ns
[2024-03-11T04:11:38.174+0000][7][safepoint    ] Safepoint "Cleanup", Time since last: 1003982668 ns, Reaching safepoint: 273041 ns, At safepoint: 4792 ns, Total: 277833 ns
[2024-03-11T04:11:39.179+0000][7][safepoint    ] Safepoint "Cleanup", Time since last: 1004767084 ns, Reaching safepoint: 356791 ns, At safepoint: 11792 ns, Total: 368583 ns
[2024-03-11T04:11:40.181+0000][7][safepoint    ] Safepoint "Cleanup", Time since last: 1001834751 ns, Reaching safepoint: 345791 ns, At safepoint: 5459 ns, Total: 351250 ns
[2024-03-11T04:11:41.184+0000][7][safepoint    ] Safepoint "Cleanup", Time since last: 1002311458 ns, Reaching safepoint: 248959 ns, At safepoint: 4416 ns, Total: 253375 ns
[2024-03-11T04:11:42.186+0000][7][safepoint    ] Safepoint "Cleanup", Time since last: 1002356918 ns, Reaching safepoint: 365958 ns, At safepoint: 11583 ns, Total: 377541 ns
[2024-03-11T04:11:43.189+0000][7][safepoint    ] Safepoint "Cleanup", Time since last: 1002007626 ns, Reaching safepoint: 331208 ns, At safepoint: 9125 ns, Total: 340333 ns
[2024-03-11T04:11:44.193+0000][7][safepoint    ] Safepoint "Cleanup", Time since last: 1003800750 ns, Reaching safepoint: 211917 ns, At safepoint: 4542 ns, Total: 216459 ns
[2024-03-11T04:11:45.196+0000][7][safepoint    ] Safepoint "Cleanup", Time since last: 1003305666 ns, Reaching safepoint: 352167 ns, At safepoint: 12083 ns, Total: 364250 ns
[2024-03-11T04:11:46.199+0000][7][safepoint    ] Safepoint "Cleanup", Time since last: 1002120500 ns, Reaching safepoint: 335709 ns, At safepoint: 6833 ns, Total: 342542 ns
[2024-03-11T04:11:47.200+0000][7][safepoint    ] Safepoint "Cleanup", Time since last: 1001002292 ns, Reaching safepoint: 263459 ns, At safepoint: 8375 ns, Total: 271834 ns
[2024-03-11T04:11:48.205+0000][7][safepoint    ] Safepoint "Cleanup", Time since last: 1004374583 ns, Reaching safepoint: 331334 ns, At safepoint: 9083 ns, Total: 340417 ns
[2024-03-11T04:11:49.211+0000][7][safepoint    ] Safepoint "Cleanup", Time since last: 1005481834 ns, Reaching safepoint: 439292 ns, At safepoint: 5458 ns, Total: 444750 ns
[2024-03-11T04:11:50.217+0000][7][safepoint    ] Safepoint "Cleanup", Time since last: 1005510084 ns, Reaching safepoint: 622125 ns, At safepoint: 10625 ns, Total: 632750 ns
[2024-03-11T04:11:51.220+0000][7][safepoint    ] Safepoint "Cleanup", Time since last: 1002948834 ns, Reaching safepoint: 469750 ns, At safepoint: 11041 ns, Total: 480791 ns
[2024-03-11T04:11:52.222+0000][7][safepoint    ] Safepoint "Cleanup", Time since last: 1001879001 ns, Reaching safepoint: 291708 ns, At safepoint: 7375 ns, Total: 299083 ns
[2024-03-11T04:11:53.225+0000][7][safepoint    ] Safepoint "Cleanup", Time since last: 1002056667 ns, Reaching safepoint: 637375 ns, At safepoint: 9542 ns, Total: 646917 ns
[2024-03-11T04:11:54.226+0000][7][safepoint    ] Safepoint "Cleanup", Time since last: 1001131292 ns, Reaching safepoint: 307333 ns, At safepoint: 6875 ns, Total: 314208 ns
[2024-03-11T04:11:55.228+0000][7][safepoint    ] Safepoint "Cleanup", Time since last: 1001725501 ns, Reaching safepoint: 175458 ns, At safepoint: 4375 ns, Total: 179833 ns
[2024-03-11T04:11:56.229+0000][7][safepoint    ] Safepoint "Cleanup", Time since last: 1000804376 ns, Reaching safepoint: 297000 ns, At safepoint: 8125 ns, Total: 305125 ns
[2024-03-11T04:11:56.391+0000][7][gc,start     ] GC(18) Pause Young (Normal) (G1 Evacuation Pause)
[2024-03-11T04:11:56.392+0000][7][gc,task      ] GC(18) Using 8 workers of 8 for evacuation
[2024-03-11T04:11:56.393+0000][7][gc,age       ] GC(18) Desired survivor size 19398656 bytes, new threshold 15 (max threshold 15)
[2024-03-11T04:11:56.437+0000][7][gc,age       ] GC(18) Age table with threshold 15 (max threshold 15)
[2024-03-11T04:11:56.437+0000][7][gc,age       ] GC(18) - age   1:      16272 bytes,      16272 total
[2024-03-11T04:11:56.438+0000][7][gc,age       ] GC(18) - age   2:      21184 bytes,      37456 total
[2024-03-11T04:11:56.438+0000][7][gc,age       ] GC(18) - age   3:       6024 bytes,      43480 total
[2024-03-11T04:11:56.438+0000][7][gc,age       ] GC(18) - age   4:    6725008 bytes,    6768488 total
[2024-03-11T04:11:56.438+0000][7][gc,age       ] GC(18) - age   5:    8931136 bytes,   15699624 total
[2024-03-11T04:11:56.439+0000][7][gc,phases    ] GC(18)   Pre Evacuate Collection Set: 1.0ms
[2024-03-11T04:11:56.439+0000][7][gc,phases    ] GC(18)   Merge Heap Roots: 0.9ms
[2024-03-11T04:11:56.439+0000][7][gc,phases    ] GC(18)   Evacuate Collection Set: 38.6ms
[2024-03-11T04:11:56.439+0000][7][gc,phases    ] GC(18)   Post Evacuate Collection Set: 3.1ms
[2024-03-11T04:11:56.439+0000][7][gc,phases    ] GC(18)   Other: 4.6ms
[2024-03-11T04:11:56.440+0000][7][gc,heap      ] GC(18) Eden regions: 279->0(284)
[2024-03-11T04:11:56.440+0000][7][gc,heap      ] GC(18) Survivor regions: 17->16(37)
[2024-03-11T04:11:56.440+0000][7][gc,heap      ] GC(18) Old regions: 53->53
[2024-03-11T04:11:56.440+0000][7][gc,heap      ] GC(18) Archive regions: 0->0
[2024-03-11T04:11:56.440+0000][7][gc,heap      ] GC(18) Humongous regions: 15->15
[2024-03-11T04:11:56.440+0000][7][gc,metaspace ] GC(18) Metaspace: 97842K(105212K)->97842K(105212K) NonClass: 84879K(89264K)->84879K(89264K) Class: 12963K(15948K)->12963K(15948K)
[2024-03-11T04:11:56.441+0000][7][gc           ] GC(18) Pause Young (Normal) (G1 Evacuation Pause) 362M->83M(512M) 50.012ms
[2024-03-11T04:11:56.441+0000][7][gc,cpu       ] GC(18) User=0.30s Sys=0.00s Real=0.05s
[2024-03-11T04:11:56.441+0000][7][safepoint    ] Safepoint "G1CollectForAllocation", Time since last: 160479625 ns, Reaching safepoint: 346250 ns, At safepoint: 50878833 ns, Total: 51225083 ns
[2024-03-11T04:11:57.445+0000][7][safepoint    ] Safepoint "Cleanup", Time since last: 1003025584 ns, Reaching safepoint: 348125 ns, At safepoint: 13083 ns, Total: 361208 ns
[2024-03-11T04:11:58.449+0000][7][safepoint    ] Safepoint "Cleanup", Time since last: 1003914792 ns, Reaching safepoint: 219917 ns, At safepoint: 4833 ns, Total: 224750 ns
[2024-03-11T04:11:59.454+0000][7][safepoint    ] Safepoint "Cleanup", Time since last: 1004519709 ns, Reaching safepoint: 331708 ns, At safepoint: 10042 ns, Total: 341750 ns
[2024-03-11T04:12:00.457+0000][7][safepoint    ] Safepoint "Cleanup", Time since last: 1002699167 ns, Reaching safepoint: 350000 ns, At safepoint: 5667 ns, Total: 355667 ns
[2024-03-11T04:12:01.460+0000][7][safepoint    ] Safepoint "Cleanup", Time since last: 1002593000 ns, Reaching safepoint: 402417 ns, At safepoint: 26833 ns, Total: 429250 ns
[2024-03-11T04:12:02.463+0000][7][safepoint    ] Safepoint "Cleanup", Time since last: 1003117668 ns, Reaching safepoint: 298333 ns, At safepoint: 6083 ns, Total: 304416 ns
[2024-03-11T04:12:03.467+0000][7][safepoint    ] Safepoint "Cleanup", Time since last: 1003899001 ns, Reaching safepoint: 403833 ns, At safepoint: 8917 ns, Total: 412750 ns
[2024-03-11T04:12:04.470+0000][7][safepoint    ] Safepoint "Cleanup", Time since last: 1002332125 ns, Reaching safepoint: 289125 ns, At safepoint: 6125 ns, Total: 295250 ns
[2024-03-11T04:12:05.474+0000][7][safepoint    ] Safepoint "Cleanup", Time since last: 1003844376 ns, Reaching safepoint: 378833 ns, At safepoint: 9708 ns, Total: 388541 ns
[2024-03-11T04:12:06.480+0000][7][safepoint    ] Safepoint "Cleanup", Time since last: 1005630709 ns, Reaching safepoint: 348792 ns, At safepoint: 9416 ns, Total: 358208 ns
[2024-03-11T04:12:07.486+0000][7][safepoint    ] Safepoint "Cleanup", Time since last: 1005876126 ns, Reaching safepoint: 375250 ns, At safepoint: 9375 ns, Total: 384625 ns
[2024-03-11T04:12:08.490+0000][7][safepoint    ] Safepoint "Cleanup", Time since last: 1003600459 ns, Reaching safepoint: 271208 ns, At safepoint: 5625 ns, Total: 276833 ns
[2024-03-11T04:12:09.493+0000][7][safepoint    ] Safepoint "Cleanup", Time since last: 1002728334 ns, Reaching safepoint: 311250 ns, At safepoint: 5792 ns, Total: 317042 ns
[2024-03-11T04:12:10.498+0000][7][safepoint    ] Safepoint "Cleanup", Time since last: 1003743167 ns, Reaching safepoint: 931916 ns, At safepoint: 24875 ns, Total: 956791 ns
[2024-03-11T04:12:11.500+0000][7][safepoint    ] Safepoint "Cleanup", Time since last: 1001699251 ns, Reaching safepoint: 515167 ns, At safepoint: 60583 ns, Total: 575750 ns
[2024-03-11T04:12:12.503+0000][7][safepoint    ] Safepoint "Cleanup", Time since last: 1002030667 ns, Reaching safepoint: 351208 ns, At safepoint: 14000 ns, Total: 365208 ns
[2024-03-11T04:12:13.508+0000][7][safepoint    ] Safepoint "Cleanup", Time since last: 1005255084 ns, Reaching safepoint: 368458 ns, At safepoint: 8334 ns, Total: 376792 ns
[2024-03-11T04:12:14.510+0000][7][safepoint    ] Safepoint "Cleanup", Time since last: 1001930292 ns, Reaching safepoint: 224250 ns, At safepoint: 5125 ns, Total: 229375 ns
[2024-03-11T04:12:15.513+0000][7][safepoint    ] Safepoint "Cleanup", Time since last: 1002513250 ns, Reaching safepoint: 354083 ns, At safepoint: 10334 ns, Total: 364417 ns
[2024-03-11T04:12:16.517+0000][7][safepoint    ] Safepoint "Cleanup", Time since last: 1003696417 ns, Reaching safepoint: 315125 ns, At safepoint: 5958 ns, Total: 321083 ns
[2024-03-11T04:12:17.520+0000][7][safepoint    ] Safepoint "Cleanup", Time since last: 1001848792 ns, Reaching safepoint: 956584 ns, At safepoint: 11250 ns, Total: 967834 ns
[2024-03-11T04:12:18.523+0000][7][safepoint    ] Safepoint "Cleanup", Time since last: 1002943917 ns, Reaching safepoint: 269750 ns, At safepoint: 5000 ns, Total: 274750 ns
[2024-03-11T04:12:19.530+0000][7][safepoint    ] Safepoint "Cleanup", Time since last: 1006422167 ns, Reaching safepoint: 287292 ns, At safepoint: 5750 ns, Total: 293042 ns
[2024-03-11T04:12:20.531+0000][7][safepoint    ] Safepoint "Cleanup", Time since last: 1000975000 ns, Reaching safepoint: 375459 ns, At safepoint: 7208 ns, Total: 382667 ns
[2024-03-11T04:12:21.534+0000][7][safepoint    ] Safepoint "Cleanup", Time since last: 1002352292 ns, Reaching safepoint: 304625 ns, At safepoint: 6333 ns, Total: 310958 ns
[2024-03-11T04:12:22.536+0000][7][safepoint    ] Safepoint "Cleanup", Time since last: 1002222584 ns, Reaching safepoint: 352333 ns, At safepoint: 9625 ns, Total: 361958 ns
[2024-03-11T04:12:23.542+0000][7][safepoint    ] Safepoint "Cleanup", Time since last: 1005278001 ns, Reaching safepoint: 353458 ns, At safepoint: 12667 ns, Total: 366125 ns
[2024-03-11T04:12:24.544+0000][7][safepoint    ] Safepoint "Cleanup", Time since last: 1001257500 ns, Reaching safepoint: 384875 ns, At safepoint: 40792 ns, Total: 425667 ns
[2024-03-11T04:12:25.546+0000][7][safepoint    ] Safepoint "Cleanup", Time since last: 1002210626 ns, Reaching safepoint: 208625 ns, At safepoint: 4791 ns, Total: 213416 ns
[2024-03-11T04:12:26.551+0000][7][safepoint    ] Safepoint "Cleanup", Time since last: 1005091501 ns, Reaching safepoint: 172875 ns, At safepoint: 4333 ns, Total: 177208 ns
[2024-03-11T04:12:27.556+0000][7][safepoint    ] Safepoint "Cleanup", Time since last: 1004237834 ns, Reaching safepoint: 363250 ns, At safepoint: 6708 ns, Total: 369958 ns
[2024-03-11T04:12:28.560+0000][7][safepoint    ] Safepoint "Cleanup", Time since last: 1003919042 ns, Reaching safepoint: 358709 ns, At safepoint: 5125 ns, Total: 363834 ns
[2024-03-11T04:12:29.566+0000][7][safepoint    ] Safepoint "Cleanup", Time since last: 1005990833 ns, Reaching safepoint: 277000 ns, At safepoint: 4250 ns, Total: 281250 ns
[2024-03-11T04:12:30.570+0000][7][safepoint    ] Safepoint "Cleanup", Time since last: 1003196709 ns, Reaching safepoint: 221209 ns, At safepoint: 4625 ns, Total: 225834 ns
[2024-03-11T04:12:31.571+0000][7][safepoint    ] Safepoint "Cleanup", Time since last: 1000668833 ns, Reaching safepoint: 202417 ns, At safepoint: 4833 ns, Total: 207250 ns
[2024-03-11T04:12:32.577+0000][7][safepoint    ] Safepoint "Cleanup", Time since last: 1005252709 ns, Reaching safepoint: 636834 ns, At safepoint: 9333 ns, Total: 646167 ns
[2024-03-11T04:12:33.582+0000][7][safepoint    ] Safepoint "Cleanup", Time since last: 1005480292 ns, Reaching safepoint: 290208 ns, At safepoint: 7000 ns, Total: 297208 ns
[2024-03-11T04:12:34.584+0000][7][safepoint    ] Safepoint "Cleanup", Time since last: 1001137626 ns, Reaching safepoint: 310125 ns, At safepoint: 7833 ns, Total: 317958 ns
[2024-03-11T04:12:35.587+0000][7][safepoint    ] Safepoint "Cleanup", Time since last: 1002228876 ns, Reaching safepoint: 360500 ns, At safepoint: 8250 ns, Total: 368750 ns
[2024-03-11T04:12:36.589+0000][7][safepoint    ] Safepoint "Cleanup", Time since last: 1002321458 ns, Reaching safepoint: 328917 ns, At safepoint: 10375 ns, Total: 339292 ns
[2024-03-11T04:12:37.592+0000][7][safepoint    ] Safepoint "Cleanup", Time since last: 1002247876 ns, Reaching safepoint: 345875 ns, At safepoint: 9083 ns, Total: 354958 ns
[2024-03-11T04:12:38.599+0000][7][safepoint    ] Safepoint "Cleanup", Time since last: 1006317000 ns, Reaching safepoint: 482042 ns, At safepoint: 6875 ns, Total: 488917 ns
[2024-03-11T04:12:39.602+0000][7][safepoint    ] Safepoint "Cleanup", Time since last: 1003292542 ns, Reaching safepoint: 281000 ns, At safepoint: 7792 ns, Total: 288792 ns
[2024-03-11T04:12:40.604+0000][7][safepoint    ] Safepoint "Cleanup", Time since last: 1001657917 ns, Reaching safepoint: 207250 ns, At safepoint: 8583 ns, Total: 215833 ns
[2024-03-11T04:12:41.611+0000][7][safepoint    ] Safepoint "Cleanup", Time since last: 1006138793 ns, Reaching safepoint: 590208 ns, At safepoint: 8708 ns, Total: 598916 ns
[2024-03-11T04:12:42.619+0000][7][safepoint    ] Safepoint "Cleanup", Time since last: 1002841626 ns, Reaching safepoint: 5505458 ns, At safepoint: 22292 ns, Total: 5527750 ns
[2024-03-11T04:12:43.629+0000][7][safepoint    ] Safepoint "Cleanup", Time since last: 1009636709 ns, Reaching safepoint: 295166 ns, At safepoint: 5084 ns, Total: 300250 ns
[2024-03-11T04:12:44.632+0000][7][safepoint    ] Safepoint "Cleanup", Time since last: 1002687374 ns, Reaching safepoint: 317292 ns, At safepoint: 3958 ns, Total: 321250 ns
[2024-03-11T04:12:45.640+0000][7][safepoint    ] Safepoint "Cleanup", Time since last: 1008437126 ns, Reaching safepoint: 235875 ns, At safepoint: 4916 ns, Total: 240791 ns
[2024-03-11T04:12:46.647+0000][7][safepoint    ] Safepoint "Cleanup", Time since last: 1006769709 ns, Reaching safepoint: 357542 ns, At safepoint: 9333 ns, Total: 366875 ns
[2024-03-11T04:12:47.651+0000][7][safepoint    ] Safepoint "Cleanup", Time since last: 1003499750 ns, Reaching safepoint: 263125 ns, At safepoint: 5625 ns, Total: 268750 ns
[2024-03-11T04:12:48.656+0000][7][safepoint    ] Safepoint "Cleanup", Time since last: 1004654918 ns, Reaching safepoint: 403208 ns, At safepoint: 8458 ns, Total: 411666 ns
[2024-03-11T04:12:49.661+0000][7][safepoint    ] Safepoint "Cleanup", Time since last: 1004562167 ns, Reaching safepoint: 382625 ns, At safepoint: 9000 ns, Total: 391625 ns
[2024-03-11T04:12:50.664+0000][7][safepoint    ] Safepoint "Cleanup", Time since last: 1002302834 ns, Reaching safepoint: 280709 ns, At safepoint: 8583 ns, Total: 289292 ns
[2024-03-11T04:12:51.666+0000][7][safepoint    ] Safepoint "Cleanup", Time since last: 1001875792 ns, Reaching safepoint: 589000 ns, At safepoint: 9833 ns, Total: 598833 ns
[2024-03-11T04:12:52.669+0000][7][safepoint    ] Safepoint "Cleanup", Time since last: 1002644959 ns, Reaching safepoint: 371125 ns, At safepoint: 9125 ns, Total: 380250 ns
[2024-03-11T04:12:53.676+0000][7][safepoint    ] Safepoint "Cleanup", Time since last: 1006663292 ns, Reaching safepoint: 359792 ns, At safepoint: 11917 ns, Total: 371709 ns
[2024-03-11T04:12:54.683+0000][7][safepoint    ] Safepoint "Cleanup", Time since last: 1006727708 ns, Reaching safepoint: 366959 ns, At safepoint: 12458 ns, Total: 379417 ns
[2024-03-11T04:12:55.686+0000][7][safepoint    ] Safepoint "Cleanup", Time since last: 1002048751 ns, Reaching safepoint: 341083 ns, At safepoint: 8542 ns, Total: 349625 ns
[2024-03-11T04:12:57.215+0000][7][safepoint    ] Safepoint "Cleanup", Time since last: 1529284750 ns, Reaching safepoint: 433209 ns, At safepoint: 12750 ns, Total: 445959 ns
[2024-03-11T04:12:58.222+0000][7][safepoint    ] Safepoint "Cleanup", Time since last: 1006436000 ns, Reaching safepoint: 261750 ns, At safepoint: 7709 ns, Total: 269459 ns
[2024-03-11T04:12:59.229+0000][7][safepoint    ] Safepoint "Cleanup", Time since last: 1005964208 ns, Reaching safepoint: 347209 ns, At safepoint: 9291 ns, Total: 356500 ns
[2024-03-11T04:13:00.231+0000][7][safepoint    ] Safepoint "Cleanup", Time since last: 1002476417 ns, Reaching safepoint: 403500 ns, At safepoint: 18209 ns, Total: 421709 ns
[2024-03-11T04:13:01.235+0000][7][safepoint    ] Safepoint "Cleanup", Time since last: 1003488709 ns, Reaching safepoint: 233458 ns, At safepoint: 5125 ns, Total: 238583 ns
[2024-03-11T04:13:02.239+0000][7][safepoint    ] Safepoint "Cleanup", Time since last: 1003048500 ns, Reaching safepoint: 318459 ns, At safepoint: 8083 ns, Total: 326542 ns
[2024-03-11T04:13:03.245+0000][7][safepoint    ] Safepoint "Cleanup", Time since last: 1006459792 ns, Reaching safepoint: 366917 ns, At safepoint: 9542 ns, Total: 376459 ns
[2024-03-11T04:13:04.252+0000][7][safepoint    ] Safepoint "Cleanup", Time since last: 1006609583 ns, Reaching safepoint: 434417 ns, At safepoint: 8708 ns, Total: 443125 ns
[2024-03-11T04:13:05.258+0000][7][safepoint    ] Safepoint "Cleanup", Time since last: 1005514793 ns, Reaching safepoint: 222708 ns, At safepoint: 5708 ns, Total: 228416 ns
[2024-03-11T04:13:06.261+0000][7][safepoint    ] Safepoint "Cleanup", Time since last: 1002525251 ns, Reaching safepoint: 410833 ns, At safepoint: 8583 ns, Total: 419416 ns
[2024-03-11T04:13:07.268+0000][7][safepoint    ] Safepoint "Cleanup", Time since last: 1006859084 ns, Reaching safepoint: 293125 ns, At safepoint: 7375 ns, Total: 300500 ns
[2024-03-11T04:13:08.274+0000][7][safepoint    ] Safepoint "Cleanup", Time since last: 1005686001 ns, Reaching safepoint: 324041 ns, At safepoint: 7209 ns, Total: 331250 ns
[2024-03-11T04:13:09.281+0000][7][safepoint    ] Safepoint "Cleanup", Time since last: 1006664667 ns, Reaching safepoint: 428375 ns, At safepoint: 11875 ns, Total: 440250 ns
[2024-03-11T04:13:10.288+0000][7][safepoint    ] Safepoint "Cleanup", Time since last: 1006576125 ns, Reaching safepoint: 367709 ns, At safepoint: 13250 ns, Total: 380959 ns
[2024-03-11T04:13:11.290+0000][7][safepoint    ] Safepoint "Cleanup", Time since last: 1001243125 ns, Reaching safepoint: 536583 ns, At safepoint: 11084 ns, Total: 547667 ns
[2024-03-11T04:13:12.295+0000][7][safepoint    ] Safepoint "Cleanup", Time since last: 1004092709 ns, Reaching safepoint: 391875 ns, At safepoint: 6500 ns, Total: 398375 ns
[2024-03-11T04:13:13.306+0000][7][safepoint    ] Safepoint "Cleanup", Time since last: 1011056542 ns, Reaching safepoint: 367708 ns, At safepoint: 5292 ns, Total: 373000 ns
[2024-03-11T04:13:14.316+0000][7][safepoint    ] Safepoint "Cleanup", Time since last: 1009240125 ns, Reaching safepoint: 352041 ns, At safepoint: 22750 ns, Total: 374791 ns
[2024-03-11T04:13:15.320+0000][7][safepoint    ] Safepoint "Cleanup", Time since last: 1004288584 ns, Reaching safepoint: 394792 ns, At safepoint: 48791 ns, Total: 443583 ns
[2024-03-11T04:13:16.330+0000][7][safepoint    ] Safepoint "Cleanup", Time since last: 1008329126 ns, Reaching safepoint: 1135250 ns, At safepoint: 13250 ns, Total: 1148500 ns
[2024-03-11T04:13:17.335+0000][7][safepoint    ] Safepoint "Cleanup", Time since last: 1004679000 ns, Reaching safepoint: 299084 ns, At safepoint: 5000 ns, Total: 304084 ns
[2024-03-11T04:13:18.338+0000][7][safepoint    ] Safepoint "Cleanup", Time since last: 1001825292 ns, Reaching safepoint: 1617833 ns, At safepoint: 8500 ns, Total: 1626333 ns
[2024-03-11T04:13:19.350+0000][7][safepoint    ] Safepoint "Cleanup", Time since last: 1011241251 ns, Reaching safepoint: 377458 ns, At safepoint: 5292 ns, Total: 382750 ns
[2024-03-11T04:13:20.362+0000][7][safepoint    ] Safepoint "Cleanup", Time since last: 1011029208 ns, Reaching safepoint: 1478750 ns, At safepoint: 9667 ns, Total: 1488417 ns
[2024-03-11T04:13:21.369+0000][7][safepoint    ] Safepoint "Cleanup", Time since last: 1006494334 ns, Reaching safepoint: 235833 ns, At safepoint: 4875 ns, Total: 240708 ns
[2024-03-11T04:13:22.371+0000][7][safepoint    ] Safepoint "Cleanup", Time since last: 1001560126 ns, Reaching safepoint: 249916 ns, At safepoint: 4500 ns, Total: 254416 ns
[2024-03-11T04:13:23.376+0000][7][safepoint    ] Safepoint "Cleanup", Time since last: 1005119376 ns, Reaching safepoint: 218250 ns, At safepoint: 4083 ns, Total: 222333 ns
[2024-03-11T04:13:24.386+0000][7][safepoint    ] Safepoint "Cleanup", Time since last: 1009186792 ns, Reaching safepoint: 258167 ns, At safepoint: 8250 ns, Total: 266417 ns
[2024-03-11T04:13:25.392+0000][7][safepoint    ] Safepoint "Cleanup", Time since last: 1005945167 ns, Reaching safepoint: 328708 ns, At safepoint: 7042 ns, Total: 335750 ns
[2024-03-11T04:13:26.400+0000][7][safepoint    ] Safepoint "Cleanup", Time since last: 1007534917 ns, Reaching safepoint: 647459 ns, At safepoint: 5666 ns, Total: 653125 ns
[2024-03-11T04:13:56.627+0000][7][safepoint    ] Safepoint "Cleanup", Time since last: 30226180264 ns, Reaching safepoint: 899125 ns, At safepoint: 24333 ns, Total: 923458 ns
[2024-03-11T04:14:19.783+0000][7][safepoint    ] Safepoint "Cleanup", Time since last: 23157029011 ns, Reaching safepoint: 498416 ns, At safepoint: 11542 ns, Total: 509958 ns
[2024-03-11T04:14:26.814+0000][7][safepoint    ] Safepoint "Cleanup", Time since last: 7030225170 ns, Reaching safepoint: 432250 ns, At safepoint: 14625 ns, Total: 446875 ns
[2024-03-11T04:15:26.180+0000][7][safepoint    ] Safepoint "Cleanup", Time since last: 59366176069 ns, Reaching safepoint: 383250 ns, At safepoint: 9208 ns, Total: 392458 ns
[2024-03-11T04:17:26.956+0000][7][safepoint    ] Safepoint "Cleanup", Time since last: 120776430347 ns, Reaching safepoint: 844833 ns, At safepoint: 8583 ns, Total: 853416 ns
[2024-03-11T04:18:26.352+0000][7][safepoint    ] Safepoint "Cleanup", Time since last: 59397007652 ns, Reaching safepoint: 378625 ns, At safepoint: 8750 ns, Total: 387375 ns
[2024-03-11T04:19:17.561+0000][7][safepoint    ] Safepoint "Cleanup", Time since last: 51208673065 ns, Reaching safepoint: 172458 ns, At safepoint: 3750 ns, Total: 176208 ns
[2024-03-11T04:19:47.704+0000][7][safepoint    ] Safepoint "Cleanup", Time since last: 30143111889 ns, Reaching safepoint: 416542 ns, At safepoint: 10917 ns, Total: 427459 ns
[2024-03-11T04:19:56.771+0000][7][safepoint    ] Safepoint "Cleanup", Time since last: 9066693004 ns, Reaching safepoint: 372042 ns, At safepoint: 13041 ns, Total: 385083 ns
[2024-03-11T04:20:26.922+0000][7][safepoint    ] Safepoint "Cleanup", Time since last: 30151527472 ns, Reaching safepoint: 274209 ns, At safepoint: 7791 ns, Total: 282000 ns
[2024-03-11T04:20:43.005+0000][7][safepoint    ] Safepoint "Cleanup", Time since last: 16082280925 ns, Reaching safepoint: 491917 ns, At safepoint: 12541 ns, Total: 504458 ns
[2024-03-11T04:20:57.100+0000][7][safepoint    ] Safepoint "Cleanup", Time since last: 14095434173 ns, Reaching safepoint: 388750 ns, At safepoint: 9959 ns, Total: 398709 ns
[2024-03-11T04:21:27.253+0000][7][safepoint    ] Safepoint "Cleanup", Time since last: 30152669555 ns, Reaching safepoint: 392875 ns, At safepoint: 12833 ns, Total: 405708 ns
[2024-03-11T04:22:44.656+0000][7][safepoint    ] Safepoint "Cleanup", Time since last: 77404197827 ns, Reaching safepoint: 418250 ns, At safepoint: 9000 ns, Total: 427250 ns
[2024-03-11T04:22:48.382+0000][7][gc,start     ] GC(19) Pause Young (Normal) (G1 Evacuation Pause)
[2024-03-11T04:22:48.383+0000][7][gc,task      ] GC(19) Using 8 workers of 8 for evacuation
[2024-03-11T04:22:48.384+0000][7][gc,age       ] GC(19) Desired survivor size 19922944 bytes, new threshold 15 (max threshold 15)
[2024-03-11T04:22:48.428+0000][7][gc,age       ] GC(19) Age table with threshold 15 (max threshold 15)
[2024-03-11T04:22:48.428+0000][7][gc,age       ] GC(19) - age   1:      10592 bytes,      10592 total
[2024-03-11T04:22:48.428+0000][7][gc,age       ] GC(19) - age   2:       8808 bytes,      19400 total
[2024-03-11T04:22:48.429+0000][7][gc,age       ] GC(19) - age   3:      21184 bytes,      40584 total
[2024-03-11T04:22:48.429+0000][7][gc,age       ] GC(19) - age   4:       5824 bytes,      46408 total
[2024-03-11T04:22:48.429+0000][7][gc,age       ] GC(19) - age   5:    6724872 bytes,    6771280 total
[2024-03-11T04:22:48.429+0000][7][gc,age       ] GC(19) - age   6:    8931136 bytes,   15702416 total
[2024-03-11T04:22:48.430+0000][7][gc,phases    ] GC(19)   Pre Evacuate Collection Set: 1.0ms
[2024-03-11T04:22:48.430+0000][7][gc,phases    ] GC(19)   Merge Heap Roots: 0.7ms
[2024-03-11T04:22:48.430+0000][7][gc,phases    ] GC(19)   Evacuate Collection Set: 38.7ms
[2024-03-11T04:22:48.430+0000][7][gc,phases    ] GC(19)   Post Evacuate Collection Set: 2.7ms
[2024-03-11T04:22:48.431+0000][7][gc,phases    ] GC(19)   Other: 4.7ms
[2024-03-11T04:22:48.431+0000][7][gc,heap      ] GC(19) Eden regions: 284->0(282)
[2024-03-11T04:22:48.431+0000][7][gc,heap      ] GC(19) Survivor regions: 16->17(38)
[2024-03-11T04:22:48.431+0000][7][gc,heap      ] GC(19) Old regions: 53->53
[2024-03-11T04:22:48.431+0000][7][gc,heap      ] GC(19) Archive regions: 0->0
[2024-03-11T04:22:48.432+0000][7][gc,heap      ] GC(19) Humongous regions: 15->15
[2024-03-11T04:22:48.432+0000][7][gc,metaspace ] GC(19) Metaspace: 97939K(105468K)->97939K(105468K) NonClass: 84976K(89520K)->84976K(89520K) Class: 12963K(15948K)->12963K(15948K)
[2024-03-11T04:22:48.432+0000][7][gc           ] GC(19) Pause Young (Normal) (G1 Evacuation Pause) 367M->83M(512M) 49.947ms
[2024-03-11T04:22:48.432+0000][7][gc,cpu       ] GC(19) User=0.31s Sys=0.00s Real=0.05s
[2024-03-11T04:22:48.433+0000][7][safepoint    ] Safepoint "G1CollectForAllocation", Time since last: 3725035210 ns, Reaching safepoint: 333333 ns, At safepoint: 50926208 ns, Total: 51259541 ns
[2024-03-11T04:22:53.458+0000][7][safepoint    ] Safepoint "Cleanup", Time since last: 5024654919 ns, Reaching safepoint: 391250 ns, At safepoint: 25292 ns, Total: 416542 ns
[2024-03-11T04:22:57.472+0000][7][safepoint    ] Safepoint "Cleanup", Time since last: 4013333294 ns, Reaching safepoint: 540500 ns, At safepoint: 7625 ns, Total: 548125 ns
[2024-03-11T04:26:56.690+0000][7][safepoint    ] Safepoint "Cleanup", Time since last: 239239426024 ns, Reaching safepoint: 415667 ns, At safepoint: 10125 ns, Total: 425792 ns
[2024-03-11T04:27:26.817+0000][7][safepoint    ] Safepoint "Cleanup", Time since last: 30127259846 ns, Reaching safepoint: 461959 ns, At safepoint: 9250 ns, Total: 471209 ns
[2024-03-11T04:27:56.899+0000][7][safepoint    ] Safepoint "Cleanup", Time since last: 30082651388 ns, Reaching safepoint: 235834 ns, At safepoint: 6791 ns, Total: 242625 ns
[2024-03-11T04:28:57.251+0000][7][safepoint    ] Safepoint "Cleanup", Time since last: 60351819945 ns, Reaching safepoint: 402834 ns, At safepoint: 9041 ns, Total: 411875 ns
[2024-03-11T04:31:27.059+0000][7][safepoint    ] Safepoint "Cleanup", Time since last: 149810181193 ns, Reaching safepoint: 395292 ns, At safepoint: 10458 ns, Total: 405750 ns
[2024-03-11T04:33:44.772+0000][7][gc,start     ] GC(20) Pause Young (Normal) (G1 Evacuation Pause)
[2024-03-11T04:33:44.773+0000][7][gc,task      ] GC(20) Using 8 workers of 8 for evacuation
[2024-03-11T04:33:44.773+0000][7][gc,age       ] GC(20) Desired survivor size 19922944 bytes, new threshold 15 (max threshold 15)
[2024-03-11T04:33:44.793+0000][7][gc,age       ] GC(20) Age table with threshold 15 (max threshold 15)
[2024-03-11T04:33:44.793+0000][7][gc,age       ] GC(20) - age   1:       8472 bytes,       8472 total
[2024-03-11T04:33:44.793+0000][7][gc,age       ] GC(20) - age   2:       2408 bytes,      10880 total
[2024-03-11T04:33:44.793+0000][7][gc,age       ] GC(20) - age   3:       8608 bytes,      19488 total
[2024-03-11T04:33:44.793+0000][7][gc,age       ] GC(20) - age   4:      21184 bytes,      40672 total
[2024-03-11T04:33:44.794+0000][7][gc,age       ] GC(20) - age   5:       5824 bytes,      46496 total
[2024-03-11T04:33:44.794+0000][7][gc,age       ] GC(20) - age   6:    6724872 bytes,    6771368 total
[2024-03-11T04:33:44.794+0000][7][gc,age       ] GC(20) - age   7:    8931136 bytes,   15702504 total
[2024-03-11T04:33:44.794+0000][7][gc,phases    ] GC(20)   Pre Evacuate Collection Set: 0.3ms
[2024-03-11T04:33:44.794+0000][7][gc,phases    ] GC(20)   Merge Heap Roots: 0.3ms
[2024-03-11T04:33:44.794+0000][7][gc,phases    ] GC(20)   Evacuate Collection Set: 17.6ms
[2024-03-11T04:33:44.794+0000][7][gc,phases    ] GC(20)   Post Evacuate Collection Set: 1.0ms
[2024-03-11T04:33:44.794+0000][7][gc,phases    ] GC(20)   Other: 3.1ms
[2024-03-11T04:33:44.794+0000][7][gc,heap      ] GC(20) Eden regions: 282->0(284)
[2024-03-11T04:33:44.795+0000][7][gc,heap      ] GC(20) Survivor regions: 17->16(38)
[2024-03-11T04:33:44.795+0000][7][gc,heap      ] GC(20) Old regions: 53->53
[2024-03-11T04:33:44.795+0000][7][gc,heap      ] GC(20) Archive regions: 0->0
[2024-03-11T04:33:44.795+0000][7][gc,heap      ] GC(20) Humongous regions: 15->15
[2024-03-11T04:33:44.795+0000][7][gc,metaspace ] GC(20) Metaspace: 97959K(105468K)->97959K(105468K) NonClass: 84996K(89520K)->84996K(89520K) Class: 12963K(15948K)->12963K(15948K)
[2024-03-11T04:33:44.795+0000][7][gc           ] GC(20) Pause Young (Normal) (G1 Evacuation Pause) 365M->83M(512M) 23.508ms
[2024-03-11T04:33:44.795+0000][7][gc,cpu       ] GC(20) User=0.08s Sys=0.00s Real=0.02s
[2024-03-11T04:33:44.795+0000][7][safepoint    ] Safepoint "G1CollectForAllocation", Time since last: 137715013229 ns, Reaching safepoint: 302750 ns, At safepoint: 23841292 ns, Total: 24144042 ns
[2024-03-11T04:34:19.972+0000][7][safepoint    ] Safepoint "Cleanup", Time since last: 35176269308 ns, Reaching safepoint: 530292 ns, At safepoint: 9458 ns, Total: 539750 ns
[2024-03-11T04:35:50.582+0000][7][safepoint    ] Safepoint "Cleanup", Time since last: 90611000125 ns, Reaching safepoint: 505916 ns, At safepoint: 12542 ns, Total: 518458 ns
[2024-03-11T04:36:55.990+0000][7][safepoint    ] Safepoint "Cleanup", Time since last: 65408097779 ns, Reaching safepoint: 542584 ns, At safepoint: 10125 ns, Total: 552709 ns
[2024-03-11T04:37:27.137+0000][7][safepoint    ] Safepoint "Cleanup", Time since last: 31148108972 ns, Reaching safepoint: 362750 ns, At safepoint: 11875 ns, Total: 374625 ns
[2024-03-11T04:38:56.566+0000][7][safepoint    ] Safepoint "Cleanup", Time since last: 89421135457 ns, Reaching safepoint: 404084 ns, At safepoint: 8625 ns, Total: 412709 ns
[2024-03-11T04:39:27.767+0000][7][safepoint    ] Safepoint "Cleanup", Time since last: 31173700430 ns, Reaching safepoint: 413000 ns, At safepoint: 12125 ns, Total: 425125 ns
[2024-03-11T04:39:56.920+0000][7][safepoint    ] Safepoint "Cleanup", Time since last: 29149686263 ns, Reaching safepoint: 242292 ns, At safepoint: 5791 ns, Total: 248083 ns
[2024-03-11T04:40:27.103+0000][7][safepoint    ] Safepoint "Cleanup", Time since last: 30181544514 ns, Reaching safepoint: 407500 ns, At safepoint: 11833 ns, Total: 419333 ns
[2024-03-11T04:40:57.292+0000][7][safepoint    ] Safepoint "Cleanup", Time since last: 30189722556 ns, Reaching safepoint: 385958 ns, At safepoint: 8500 ns, Total: 394458 ns
[2024-03-11T04:41:27.474+0000][7][safepoint    ] Safepoint "Cleanup", Time since last: 30181767680 ns, Reaching safepoint: 294042 ns, At safepoint: 6708 ns, Total: 300750 ns
[2024-03-11T04:41:36.522+0000][7][safepoint    ] Safepoint "Cleanup", Time since last: 9047312588 ns, Reaching safepoint: 362250 ns, At safepoint: 12083 ns, Total: 374333 ns
[2024-03-11T04:41:55.605+0000][7][safepoint    ] Safepoint "Cleanup", Time since last: 19083897176 ns, Reaching safepoint: 454250 ns, At safepoint: 12125 ns, Total: 466375 ns
[2024-03-11T04:42:07.651+0000][7][safepoint    ] Safepoint "Cleanup", Time since last: 12045562255 ns, Reaching safepoint: 410750 ns, At safepoint: 21417 ns, Total: 432167 ns
[2024-03-11T04:42:56.961+0000][7][safepoint    ] Safepoint "Cleanup", Time since last: 49309580772 ns, Reaching safepoint: 246250 ns, At safepoint: 4625 ns, Total: 250875 ns
[2024-03-11T04:43:27.133+0000][7][safepoint    ] Safepoint "Cleanup", Time since last: 30172560306 ns, Reaching safepoint: 410708 ns, At safepoint: 12208 ns, Total: 422916 ns
[2024-03-11T04:44:37.186+0000][7][gc,start     ] GC(21) Pause Young (Normal) (G1 Evacuation Pause)
[2024-03-11T04:44:37.187+0000][7][gc,task      ] GC(21) Using 8 workers of 8 for evacuation
[2024-03-11T04:44:37.187+0000][7][gc,age       ] GC(21) Desired survivor size 19922944 bytes, new threshold 15 (max threshold 15)
[2024-03-11T04:44:37.209+0000][7][gc,age       ] GC(21) Age table with threshold 15 (max threshold 15)
[2024-03-11T04:44:37.210+0000][7][gc,age       ] GC(21) - age   1:      39728 bytes,      39728 total
[2024-03-11T04:44:37.210+0000][7][gc,age       ] GC(21) - age   2:        768 bytes,      40496 total
[2024-03-11T04:44:37.210+0000][7][gc,age       ] GC(21) - age   3:       2408 bytes,      42904 total
[2024-03-11T04:44:37.210+0000][7][gc,age       ] GC(21) - age   4:       8336 bytes,      51240 total
[2024-03-11T04:44:37.210+0000][7][gc,age       ] GC(21) - age   5:      20984 bytes,      72224 total
[2024-03-11T04:44:37.211+0000][7][gc,age       ] GC(21) - age   6:       5624 bytes,      77848 total
[2024-03-11T04:44:37.211+0000][7][gc,age       ] GC(21) - age   7:    6724792 bytes,    6802640 total
[2024-03-11T04:44:37.211+0000][7][gc,age       ] GC(21) - age   8:    8931136 bytes,   15733776 total
[2024-03-11T04:44:37.211+0000][7][gc,phases    ] GC(21)   Pre Evacuate Collection Set: 0.3ms
[2024-03-11T04:44:37.211+0000][7][gc,phases    ] GC(21)   Merge Heap Roots: 0.3ms
[2024-03-11T04:44:37.211+0000][7][gc,phases    ] GC(21)   Evacuate Collection Set: 19.4ms
[2024-03-11T04:44:37.212+0000][7][gc,phases    ] GC(21)   Post Evacuate Collection Set: 1.5ms
[2024-03-11T04:44:37.212+0000][7][gc,phases    ] GC(21)   Other: 4.0ms
[2024-03-11T04:44:37.212+0000][7][gc,heap      ] GC(21) Eden regions: 284->0(282)
[2024-03-11T04:44:37.212+0000][7][gc,heap      ] GC(21) Survivor regions: 16->17(38)
[2024-03-11T04:44:37.212+0000][7][gc,heap      ] GC(21) Old regions: 53->53
[2024-03-11T04:44:37.213+0000][7][gc,heap      ] GC(21) Archive regions: 0->0
[2024-03-11T04:44:37.213+0000][7][gc,heap      ] GC(21) Humongous regions: 15->15
[2024-03-11T04:44:37.213+0000][7][gc,metaspace ] GC(21) Metaspace: 98026K(105468K)->98026K(105468K) NonClass: 85063K(89520K)->85063K(89520K) Class: 12963K(15948K)->12963K(15948K)
[2024-03-11T04:44:37.214+0000][7][gc           ] GC(21) Pause Young (Normal) (G1 Evacuation Pause) 367M->83M(512M) 27.728ms
[2024-03-11T04:44:37.214+0000][7][gc,cpu       ] GC(21) User=0.10s Sys=0.01s Real=0.03s
[2024-03-11T04:44:37.214+0000][7][safepoint    ] Safepoint "G1CollectForAllocation", Time since last: 70052820907 ns, Reaching safepoint: 359292 ns, At safepoint: 28370208 ns, Total: 28729500 ns
[2024-03-11T04:46:57.114+0000][7][safepoint    ] Safepoint "Cleanup", Time since last: 139900858939 ns, Reaching safepoint: 430042 ns, At safepoint: 9416 ns, Total: 439458 ns
[2024-03-11T04:48:56.907+0000][7][safepoint    ] Safepoint "Cleanup", Time since last: 119793836555 ns, Reaching safepoint: 240625 ns, At safepoint: 5958 ns, Total: 246583 ns
[2024-03-11T04:49:27.091+0000][7][safepoint    ] Safepoint "Cleanup", Time since last: 30183744222 ns, Reaching safepoint: 409417 ns, At safepoint: 11417 ns, Total: 420834 ns
[2024-03-11T04:50:27.473+0000][7][safepoint    ] Safepoint "Cleanup", Time since last: 60382615360 ns, Reaching safepoint: 365542 ns, At safepoint: 13542 ns, Total: 379084 ns
[2024-03-11T04:52:56.339+0000][7][safepoint    ] Safepoint "Cleanup", Time since last: 148866100983 ns, Reaching safepoint: 898375 ns, At safepoint: 11667 ns, Total: 910042 ns
[2024-03-11T05:45:57.223+0000][7][safepoint    ] Safepoint "Cleanup", Time since last: 151208648528 ns, Reaching safepoint: 817792 ns, At safepoint: 11458 ns, Total: 829250 ns
[2024-03-11T05:46:00.157+0000][7][gc,start     ] GC(22) Pause Young (Normal) (G1 Evacuation Pause)
[2024-03-11T05:46:00.157+0000][7][gc,task      ] GC(22) Using 8 workers of 8 for evacuation
[2024-03-11T05:46:00.158+0000][7][gc,age       ] GC(22) Desired survivor size 19922944 bytes, new threshold 15 (max threshold 15)
[2024-03-11T05:46:00.222+0000][7][gc,age       ] GC(22) Age table with threshold 15 (max threshold 15)
[2024-03-11T05:46:00.222+0000][7][gc,age       ] GC(22) - age   1:       9136 bytes,       9136 total
[2024-03-11T05:46:00.222+0000][7][gc,age       ] GC(22) - age   2:      31856 bytes,      40992 total
[2024-03-11T05:46:00.222+0000][7][gc,age       ] GC(22) - age   3:        768 bytes,      41760 total
[2024-03-11T05:46:00.223+0000][7][gc,age       ] GC(22) - age   4:       2408 bytes,      44168 total
[2024-03-11T05:46:00.223+0000][7][gc,age       ] GC(22) - age   5:       8336 bytes,      52504 total
[2024-03-11T05:46:00.223+0000][7][gc,age       ] GC(22) - age   6:      20984 bytes,      73488 total
[2024-03-11T05:46:00.223+0000][7][gc,age       ] GC(22) - age   7:       5624 bytes,      79112 total
[2024-03-11T05:46:00.223+0000][7][gc,age       ] GC(22) - age   8:    6724792 bytes,    6803904 total
[2024-03-11T05:46:00.223+0000][7][gc,age       ] GC(22) - age   9:    8931136 bytes,   15735040 total
[2024-03-11T05:46:00.223+0000][7][gc,phases    ] GC(22)   Pre Evacuate Collection Set: 0.7ms
[2024-03-11T05:46:00.224+0000][7][gc,phases    ] GC(22)   Merge Heap Roots: 0.6ms
[2024-03-11T05:46:00.224+0000][7][gc,phases    ] GC(22)   Evacuate Collection Set: 57.7ms
[2024-03-11T05:46:00.224+0000][7][gc,phases    ] GC(22)   Post Evacuate Collection Set: 4.6ms
[2024-03-11T05:46:00.224+0000][7][gc,phases    ] GC(22)   Other: 3.6ms
[2024-03-11T05:46:00.224+0000][7][gc,heap      ] GC(22) Eden regions: 282->0(282)
[2024-03-11T05:46:00.224+0000][7][gc,heap      ] GC(22) Survivor regions: 17->17(38)
[2024-03-11T05:46:00.225+0000][7][gc,heap      ] GC(22) Old regions: 53->53
[2024-03-11T05:46:00.225+0000][7][gc,heap      ] GC(22) Archive regions: 0->0
[2024-03-11T05:46:00.225+0000][7][gc,heap      ] GC(22) Humongous regions: 15->15
[2024-03-11T05:46:00.225+0000][7][gc,metaspace ] GC(22) Metaspace: 98043K(105468K)->98043K(105468K) NonClass: 85080K(89520K)->85080K(89520K) Class: 12963K(15948K)->12963K(15948K)
[2024-03-11T05:46:00.225+0000][7][gc           ] GC(22) Pause Young (Normal) (G1 Evacuation Pause) 365M->83M(512M) 68.475ms
[2024-03-11T05:46:00.225+0000][7][gc,cpu       ] GC(22) User=0.40s Sys=0.01s Real=0.07s
[2024-03-11T05:46:00.225+0000][7][safepoint    ] Safepoint "G1CollectForAllocation", Time since last: 2932876835 ns, Reaching safepoint: 237042 ns, At safepoint: 69201208 ns, Total: 69438250 ns
[2024-03-11T05:59:41.251+0000][7][safepoint    ] Safepoint "Cleanup", Time since last: 27103937387 ns, Reaching safepoint: 439917 ns, At safepoint: 13375 ns, Total: 453292 ns
[2024-03-11T06:00:40.561+0000][7][safepoint    ] Safepoint "Cleanup", Time since last: 59287456776 ns, Reaching safepoint: 1804834 ns, At safepoint: 24791 ns, Total: 1829625 ns
[2024-03-11T06:02:10.362+0000][7][safepoint    ] Safepoint "Cleanup", Time since last: 89799125416 ns, Reaching safepoint: 3079416 ns, At safepoint: 19417 ns, Total: 3098833 ns
[2024-03-11T06:02:10.607+0000][7][safepoint    ] Safepoint "BulkRevokeBias", Time since last: 243636667 ns, Reaching safepoint: 291917 ns, At safepoint: 607666 ns, Total: 899583 ns
[2024-03-11T06:02:10.625+0000][7][safepoint    ] Safepoint "BulkRevokeBias", Time since last: 16316000 ns, Reaching safepoint: 1621459 ns, At safepoint: 258458 ns, Total: 1879917 ns
[2024-03-11T06:02:10.667+0000][7][gc,heap,exit ] Heap
[2024-03-11T06:02:10.667+0000][7][gc,heap,exit ]  garbage-first heap   total 524288K, used 168807K [0x00000000e0000000, 0x0000000100000000)
[2024-03-11T06:02:10.668+0000][7][gc,heap,exit ]   region size 1024K, 99 young (101376K), 17 survivors (17408K)
[2024-03-11T06:02:10.668+0000][7][gc,heap,exit ]  Metaspace       used 98217K, capacity 105498K, committed 105596K, reserved 1138688K
[2024-03-11T06:02:10.668+0000][7][gc,heap,exit ]   class space    used 12995K, capacity 15988K, committed 16076K, reserved 1048576K
