[2024-03-11T08:46:34.957+0000][7][gc,heap] Heap region size: 1M
[2024-03-11T08:46:34.957+0000][7][gc,heap,coops] Heap address: 0x00000000e0000000, size: 512 MB, Compressed Oops mode: 32-bit
[2024-03-11T08:46:35.104+0000][7][gc           ] Using G1
[2024-03-11T08:46:35.118+0000][7][gc           ] Periodic GC disabled
[2024-03-11T08:46:35.268+0000][7][safepoint    ] Safepoint "ICBufferFull", Time since last: 157280625 ns, Reaching safepoint: 122333 ns, At safepoint: 5250 ns, Total: 127583 ns
[2024-03-11T08:46:35.374+0000][7][gc,start     ] GC(0) Pause Young (Normal) (G1 Evacuation Pause)
[2024-03-11T08:46:35.375+0000][7][gc,task      ] GC(0) Using 8 workers of 8 for evacuation
[2024-03-11T08:46:35.375+0000][7][gc,age       ] GC(0) Desired survivor size 2097152 bytes, new threshold 15 (max threshold 15)
[2024-03-11T08:46:35.378+0000][7][gc,age       ] GC(0) Age table with threshold 15 (max threshold 15)
[2024-03-11T08:46:35.378+0000][7][gc,age       ] GC(0) - age   1:    3303768 bytes,    3303768 total
[2024-03-11T08:46:35.378+0000][7][gc,phases    ] GC(0)   Pre Evacuate Collection Set: 0.1ms
[2024-03-11T08:46:35.378+0000][7][gc,phases    ] GC(0)   Merge Heap Roots: 0.1ms
[2024-03-11T08:46:35.378+0000][7][gc,phases    ] GC(0)   Evacuate Collection Set: 1.8ms
[2024-03-11T08:46:35.378+0000][7][gc,phases    ] GC(0)   Post Evacuate Collection Set: 0.3ms
[2024-03-11T08:46:35.378+0000][7][gc,phases    ] GC(0)   Other: 1.3ms
[2024-03-11T08:46:35.379+0000][7][gc,heap      ] GC(0) Eden regions: 25->0(35)
[2024-03-11T08:46:35.379+0000][7][gc,heap      ] GC(0) Survivor regions: 0->4(4)
[2024-03-11T08:46:35.379+0000][7][gc,heap      ] GC(0) Old regions: 0->0
[2024-03-11T08:46:35.379+0000][7][gc,heap      ] GC(0) Archive regions: 0->0
[2024-03-11T08:46:35.379+0000][7][gc,heap      ] GC(0) Humongous regions: 1->1
[2024-03-11T08:46:35.379+0000][7][gc,metaspace ] GC(0) Metaspace: 14040K(14592K)->14040K(14592K) NonClass: 12662K(13056K)->12662K(13056K) Class: 1378K(1536K)->1378K(1536K)
[2024-03-11T08:46:35.379+0000][7][gc           ] GC(0) Pause Young (Normal) (G1 Evacuation Pause) 26M->4M(512M) 4.567ms
[2024-03-11T08:46:35.379+0000][7][gc,cpu       ] GC(0) User=0.01s Sys=0.00s Real=0.00s
[2024-03-11T08:46:35.379+0000][7][safepoint    ] Safepoint "G1CollectForAllocation", Time since last: 106193167 ns, Reaching safepoint: 107708 ns, At safepoint: 4775500 ns, Total: 4883208 ns
[2024-03-11T08:46:35.539+0000][7][safepoint    ] Safepoint "ICBufferFull", Time since last: 159133334 ns, Reaching safepoint: 133125 ns, At safepoint: 2542 ns, Total: 135667 ns
[2024-03-11T08:46:35.833+0000][7][safepoint    ] Safepoint "ICBufferFull", Time since last: 293879833 ns, Reaching safepoint: 321917 ns, At safepoint: 21958 ns, Total: 343875 ns
[2024-03-11T08:46:35.876+0000][7][gc,start     ] GC(1) Pause Young (Normal) (G1 Evacuation Pause)
[2024-03-11T08:46:35.876+0000][7][gc,task      ] GC(1) Using 8 workers of 8 for evacuation
[2024-03-11T08:46:35.876+0000][7][gc,age       ] GC(1) Desired survivor size 2621440 bytes, new threshold 1 (max threshold 15)
[2024-03-11T08:46:35.879+0000][7][gc,age       ] GC(1) Age table with threshold 1 (max threshold 15)
[2024-03-11T08:46:35.879+0000][7][gc,age       ] GC(1) - age   1:    2600312 bytes,    2600312 total
[2024-03-11T08:46:35.880+0000][7][gc,phases    ] GC(1)   Pre Evacuate Collection Set: 0.1ms
[2024-03-11T08:46:35.880+0000][7][gc,phases    ] GC(1)   Merge Heap Roots: 0.0ms
[2024-03-11T08:46:35.880+0000][7][gc,phases    ] GC(1)   Evacuate Collection Set: 2.7ms
[2024-03-11T08:46:35.880+0000][7][gc,phases    ] GC(1)   Post Evacuate Collection Set: 0.3ms
[2024-03-11T08:46:35.880+0000][7][gc,phases    ] GC(1)   Other: 0.7ms
[2024-03-11T08:46:35.880+0000][7][gc,heap      ] GC(1) Eden regions: 35->0(203)
[2024-03-11T08:46:35.880+0000][7][gc,heap      ] GC(1) Survivor regions: 4->3(5)
[2024-03-11T08:46:35.880+0000][7][gc,heap      ] GC(1) Old regions: 0->4
[2024-03-11T08:46:35.880+0000][7][gc,heap      ] GC(1) Archive regions: 0->0
[2024-03-11T08:46:35.880+0000][7][gc,heap      ] GC(1) Humongous regions: 1->1
[2024-03-11T08:46:35.880+0000][7][gc,metaspace ] GC(1) Metaspace: 20401K(21120K)->20401K(21120K) NonClass: 18206K(18688K)->18206K(18688K) Class: 2195K(2432K)->2195K(2432K)
[2024-03-11T08:46:35.881+0000][7][gc           ] GC(1) Pause Young (Normal) (G1 Evacuation Pause) 39M->6M(512M) 4.757ms
[2024-03-11T08:46:35.881+0000][7][gc,cpu       ] GC(1) User=0.01s Sys=0.00s Real=0.01s
[2024-03-11T08:46:35.881+0000][7][safepoint    ] Safepoint "G1CollectForAllocation", Time since last: 42919750 ns, Reaching safepoint: 125833 ns, At safepoint: 4949542 ns, Total: 5075375 ns
[2024-03-11T08:46:35.889+0000][7][gc,start     ] GC(2) Pause Young (Concurrent Start) (Metadata GC Threshold)
[2024-03-11T08:46:35.889+0000][7][gc,task      ] GC(2) Using 8 workers of 8 for evacuation
[2024-03-11T08:46:35.889+0000][7][gc,age       ] GC(2) Desired survivor size 13631488 bytes, new threshold 15 (max threshold 15)
[2024-03-11T08:46:35.892+0000][7][gc,age       ] GC(2) Age table with threshold 15 (max threshold 15)
[2024-03-11T08:46:35.893+0000][7][gc,age       ] GC(2) - age   1:      35056 bytes,      35056 total
[2024-03-11T08:46:35.893+0000][7][gc,age       ] GC(2) - age   2:    2580344 bytes,    2615400 total
[2024-03-11T08:46:35.893+0000][7][gc,phases    ] GC(2)   Pre Evacuate Collection Set: 0.1ms
[2024-03-11T08:46:35.893+0000][7][gc,phases    ] GC(2)   Merge Heap Roots: 0.0ms
[2024-03-11T08:46:35.893+0000][7][gc,phases    ] GC(2)   Evacuate Collection Set: 2.1ms
[2024-03-11T08:46:35.893+0000][7][gc,phases    ] GC(2)   Post Evacuate Collection Set: 0.3ms
[2024-03-11T08:46:35.893+0000][7][gc,phases    ] GC(2)   Other: 1.5ms
[2024-03-11T08:46:35.894+0000][7][gc,heap      ] GC(2) Eden regions: 1->0(304)
[2024-03-11T08:46:35.894+0000][7][gc,heap      ] GC(2) Survivor regions: 3->3(26)
[2024-03-11T08:46:35.894+0000][7][gc,heap      ] GC(2) Old regions: 4->4
[2024-03-11T08:46:35.895+0000][7][gc,heap      ] GC(2) Archive regions: 0->0
[2024-03-11T08:46:35.895+0000][7][gc,heap      ] GC(2) Humongous regions: 1->1
[2024-03-11T08:46:35.895+0000][7][gc,metaspace ] GC(2) Metaspace: 20741K(21296K)->20741K(21296K) NonClass: 18514K(18864K)->18514K(18864K) Class: 2227K(2432K)->2227K(2432K)
[2024-03-11T08:46:35.895+0000][7][gc           ] GC(2) Pause Young (Concurrent Start) (Metadata GC Threshold) 7M->6M(512M) 6.291ms
[2024-03-11T08:46:35.895+0000][7][gc,cpu       ] GC(2) User=0.00s Sys=0.00s Real=0.01s
[2024-03-11T08:46:35.895+0000][7][gc           ] GC(3) Concurrent Cycle
[2024-03-11T08:46:35.896+0000][7][gc,marking   ] GC(3) Concurrent Clear Claimed Marks
[2024-03-11T08:46:35.896+0000][7][gc,marking   ] GC(3) Concurrent Clear Claimed Marks 0.122ms
[2024-03-11T08:46:35.896+0000][7][gc,marking   ] GC(3) Concurrent Scan Root Regions
[2024-03-11T08:46:35.896+0000][7][safepoint    ] Safepoint "CollectForMetadataAllocation", Time since last: 8117708 ns, Reaching safepoint: 53250 ns, At safepoint: 6789042 ns, Total: 6842292 ns
[2024-03-11T08:46:35.897+0000][7][gc,marking   ] GC(3) Concurrent Scan Root Regions 0.843ms
[2024-03-11T08:46:35.897+0000][7][gc,marking   ] GC(3) Concurrent Mark (0.945s)
[2024-03-11T08:46:35.897+0000][7][gc,marking   ] GC(3) Concurrent Mark From Roots
[2024-03-11T08:46:35.897+0000][7][gc,task      ] GC(3) Using 2 workers of 2 for marking
[2024-03-11T08:46:35.898+0000][7][gc,marking   ] GC(3) Concurrent Mark From Roots 1.383ms
[2024-03-11T08:46:35.902+0000][7][gc,marking   ] GC(3) Concurrent Preclean
[2024-03-11T08:46:35.902+0000][7][gc,marking   ] GC(3) Concurrent Preclean 0.194ms
[2024-03-11T08:46:35.902+0000][7][gc,marking   ] GC(3) Concurrent Mark (0.945s, 0.951s) 5.330ms
[2024-03-11T08:46:35.903+0000][7][gc,start     ] GC(3) Pause Remark
[2024-03-11T08:46:35.907+0000][7][gc           ] GC(3) Pause Remark 8M->8M(512M) 3.835ms
[2024-03-11T08:46:35.907+0000][7][gc,cpu       ] GC(3) User=0.00s Sys=0.00s Real=0.00s
[2024-03-11T08:46:35.907+0000][7][safepoint    ] Safepoint "G1Concurrent", Time since last: 6431708 ns, Reaching safepoint: 643709 ns, At safepoint: 4082250 ns, Total: 4725959 ns
[2024-03-11T08:46:35.907+0000][7][gc,marking   ] GC(3) Concurrent Rebuild Remembered Sets
[2024-03-11T08:46:35.908+0000][7][gc,marking   ] GC(3) Concurrent Rebuild Remembered Sets 1.047ms
[2024-03-11T08:46:35.909+0000][7][gc,start     ] GC(3) Pause Cleanup
[2024-03-11T08:46:35.909+0000][7][gc           ] GC(3) Pause Cleanup 8M->8M(512M) 0.192ms
[2024-03-11T08:46:35.909+0000][7][gc,cpu       ] GC(3) User=0.00s Sys=0.00s Real=0.00s
[2024-03-11T08:46:35.909+0000][7][safepoint    ] Safepoint "G1Concurrent", Time since last: 1375291 ns, Reaching safepoint: 801917 ns, At safepoint: 374333 ns, Total: 1176250 ns
[2024-03-11T08:46:35.910+0000][7][gc,marking   ] GC(3) Concurrent Cleanup for Next Mark
[2024-03-11T08:46:35.910+0000][7][gc,marking   ] GC(3) Concurrent Cleanup for Next Mark 0.361ms
[2024-03-11T08:46:35.910+0000][7][gc           ] GC(3) Concurrent Cycle 14.669ms
[2024-03-11T08:46:36.088+0000][7][safepoint    ] Safepoint "ICBufferFull", Time since last: 178325875 ns, Reaching safepoint: 205959 ns, At safepoint: 9708 ns, Total: 215667 ns
[2024-03-11T08:46:36.228+0000][7][safepoint    ] Safepoint "ICBufferFull", Time since last: 140135792 ns, Reaching safepoint: 141625 ns, At safepoint: 3042 ns, Total: 144667 ns
[2024-03-11T08:46:36.311+0000][7][safepoint    ] Safepoint "ICBufferFull", Time since last: 83026791 ns, Reaching safepoint: 157834 ns, At safepoint: 8791 ns, Total: 166625 ns
[2024-03-11T08:46:36.442+0000][7][safepoint    ] Safepoint "ICBufferFull", Time since last: 130163584 ns, Reaching safepoint: 601375 ns, At safepoint: 16000 ns, Total: 617375 ns
[2024-03-11T08:46:36.461+0000][7][gc,start     ] GC(4) Pause Young (Normal) (G1 Evacuation Pause)
[2024-03-11T08:46:36.461+0000][7][gc,task      ] GC(4) Using 8 workers of 8 for evacuation
[2024-03-11T08:46:36.461+0000][7][gc,age       ] GC(4) Desired survivor size 20447232 bytes, new threshold 15 (max threshold 15)
[2024-03-11T08:46:36.469+0000][7][gc,age       ] GC(4) Age table with threshold 15 (max threshold 15)
[2024-03-11T08:46:36.470+0000][7][gc,age       ] GC(4) - age   1:    7495408 bytes,    7495408 total
[2024-03-11T08:46:36.470+0000][7][gc,age       ] GC(4) - age   2:      32376 bytes,    7527784 total
[2024-03-11T08:46:36.470+0000][7][gc,age       ] GC(4) - age   3:    2541616 bytes,   10069400 total
[2024-03-11T08:46:36.470+0000][7][gc,phases    ] GC(4)   Pre Evacuate Collection Set: 0.1ms
[2024-03-11T08:46:36.470+0000][7][gc,phases    ] GC(4)   Merge Heap Roots: 0.1ms
[2024-03-11T08:46:36.470+0000][7][gc,phases    ] GC(4)   Evacuate Collection Set: 7.0ms
[2024-03-11T08:46:36.470+0000][7][gc,phases    ] GC(4)   Post Evacuate Collection Set: 0.6ms
[2024-03-11T08:46:36.470+0000][7][gc,phases    ] GC(4)   Other: 1.0ms
[2024-03-11T08:46:36.470+0000][7][gc,heap      ] GC(4) Eden regions: 304->0(297)
[2024-03-11T08:46:36.471+0000][7][gc,heap      ] GC(4) Survivor regions: 3->10(39)
[2024-03-11T08:46:36.471+0000][7][gc,heap      ] GC(4) Old regions: 4->4
[2024-03-11T08:46:36.471+0000][7][gc,heap      ] GC(4) Archive regions: 0->0
[2024-03-11T08:46:36.471+0000][7][gc,heap      ] GC(4) Humongous regions: 2->1
[2024-03-11T08:46:36.471+0000][7][gc,metaspace ] GC(4) Metaspace: 26686K(27824K)->26686K(27824K) NonClass: 23683K(24496K)->23683K(24496K) Class: 3003K(3328K)->3003K(3328K)
[2024-03-11T08:46:36.471+0000][7][gc           ] GC(4) Pause Young (Normal) (G1 Evacuation Pause) 311M->14M(512M) 9.706ms
[2024-03-11T08:46:36.471+0000][7][gc,cpu       ] GC(4) User=0.03s Sys=0.00s Real=0.01s
[2024-03-11T08:46:36.471+0000][7][safepoint    ] Safepoint "G1CollectForAllocation", Time since last: 18922708 ns, Reaching safepoint: 99000 ns, At safepoint: 9932917 ns, Total: 10031917 ns
[2024-03-11T08:46:36.475+0000][7][safepoint    ] Safepoint "BulkRevokeBias", Time since last: 3021958 ns, Reaching safepoint: 587417 ns, At safepoint: 51791 ns, Total: 639208 ns
[2024-03-11T08:46:36.475+0000][7][safepoint    ] Safepoint "BulkRevokeBias", Time since last: 471000 ns, Reaching safepoint: 59584 ns, At safepoint: 45125 ns, Total: 104709 ns
[2024-03-11T08:46:36.478+0000][7][safepoint    ] Safepoint "BulkRevokeBias", Time since last: 1361041 ns, Reaching safepoint: 1201750 ns, At safepoint: 31542 ns, Total: 1233292 ns
[2024-03-11T08:46:36.479+0000][7][safepoint    ] Safepoint "BulkRevokeBias", Time since last: 417042 ns, Reaching safepoint: 355958 ns, At safepoint: 29542 ns, Total: 385500 ns
[2024-03-11T08:46:36.724+0000][7][gc,start     ] GC(5) Pause Young (Normal) (G1 Evacuation Pause)
[2024-03-11T08:46:36.725+0000][7][gc,task      ] GC(5) Using 8 workers of 8 for evacuation
[2024-03-11T08:46:36.725+0000][7][gc,age       ] GC(5) Desired survivor size 20447232 bytes, new threshold 15 (max threshold 15)
[2024-03-11T08:46:36.729+0000][7][gc,age       ] GC(5) Age table with threshold 15 (max threshold 15)
[2024-03-11T08:46:36.729+0000][7][gc,age       ] GC(5) - age   1:    3197952 bytes,    3197952 total
[2024-03-11T08:46:36.729+0000][7][gc,age       ] GC(5) - age   2:    6588096 bytes,    9786048 total
[2024-03-11T08:46:36.729+0000][7][gc,age       ] GC(5) - age   3:      32376 bytes,    9818424 total
[2024-03-11T08:46:36.729+0000][7][gc,age       ] GC(5) - age   4:    2541520 bytes,   12359944 total
[2024-03-11T08:46:36.729+0000][7][gc,phases    ] GC(5)   Pre Evacuate Collection Set: 0.1ms
[2024-03-11T08:46:36.729+0000][7][gc,phases    ] GC(5)   Merge Heap Roots: 0.1ms
[2024-03-11T08:46:36.730+0000][7][gc,phases    ] GC(5)   Evacuate Collection Set: 3.3ms
[2024-03-11T08:46:36.730+0000][7][gc,phases    ] GC(5)   Post Evacuate Collection Set: 0.5ms
[2024-03-11T08:46:36.730+0000][7][gc,phases    ] GC(5)   Other: 0.9ms
[2024-03-11T08:46:36.730+0000][7][gc,heap      ] GC(5) Eden regions: 297->0(294)
[2024-03-11T08:46:36.730+0000][7][gc,heap      ] GC(5) Survivor regions: 10->13(39)
[2024-03-11T08:46:36.730+0000][7][gc,heap      ] GC(5) Old regions: 4->4
[2024-03-11T08:46:36.730+0000][7][gc,heap      ] GC(5) Archive regions: 0->0
[2024-03-11T08:46:36.730+0000][7][gc,heap      ] GC(5) Humongous regions: 1->1
[2024-03-11T08:46:36.730+0000][7][gc,metaspace ] GC(5) Metaspace: 28178K(29616K)->28178K(29616K) NonClass: 25025K(26032K)->25025K(26032K) Class: 3152K(3584K)->3152K(3584K)
[2024-03-11T08:46:36.730+0000][7][gc           ] GC(5) Pause Young (Normal) (G1 Evacuation Pause) 311M->16M(512M) 5.715ms
[2024-03-11T08:46:36.730+0000][7][gc,cpu       ] GC(5) User=0.03s Sys=0.00s Real=0.01s
[2024-03-11T08:46:36.730+0000][7][safepoint    ] Safepoint "G1CollectForAllocation", Time since last: 245542291 ns, Reaching safepoint: 120917 ns, At safepoint: 5898750 ns, Total: 6019667 ns
[2024-03-11T08:46:36.733+0000][7][safepoint    ] Safepoint "BulkRevokeBias", Time since last: 2096625 ns, Reaching safepoint: 290875 ns, At safepoint: 25292 ns, Total: 316167 ns
[2024-03-11T08:46:36.735+0000][7][safepoint    ] Safepoint "BulkRevokeBias", Time since last: 1051583 ns, Reaching safepoint: 874833 ns, At safepoint: 25625 ns, Total: 900458 ns
[2024-03-11T08:46:36.916+0000][7][gc,start     ] GC(6) Pause Young (Normal) (G1 Evacuation Pause)
[2024-03-11T08:46:36.916+0000][7][gc,task      ] GC(6) Using 8 workers of 8 for evacuation
[2024-03-11T08:46:36.917+0000][7][gc,age       ] GC(6) Desired survivor size 20447232 bytes, new threshold 15 (max threshold 15)
[2024-03-11T08:46:36.923+0000][7][gc,age       ] GC(6) Age table with threshold 15 (max threshold 15)
[2024-03-11T08:46:36.924+0000][7][gc,age       ] GC(6) - age   1:    1855984 bytes,    1855984 total
[2024-03-11T08:46:36.924+0000][7][gc,age       ] GC(6) - age   2:    2349872 bytes,    4205856 total
[2024-03-11T08:46:36.924+0000][7][gc,age       ] GC(6) - age   3:    6586632 bytes,   10792488 total
[2024-03-11T08:46:36.924+0000][7][gc,age       ] GC(6) - age   4:      32376 bytes,   10824864 total
[2024-03-11T08:46:36.924+0000][7][gc,age       ] GC(6) - age   5:    2541520 bytes,   13366384 total
[2024-03-11T08:46:36.924+0000][7][gc,phases    ] GC(6)   Pre Evacuate Collection Set: 0.1ms
[2024-03-11T08:46:36.924+0000][7][gc,phases    ] GC(6)   Merge Heap Roots: 0.1ms
[2024-03-11T08:46:36.924+0000][7][gc,phases    ] GC(6)   Evacuate Collection Set: 5.8ms
[2024-03-11T08:46:36.925+0000][7][gc,phases    ] GC(6)   Post Evacuate Collection Set: 0.6ms
[2024-03-11T08:46:36.925+0000][7][gc,phases    ] GC(6)   Other: 1.4ms
[2024-03-11T08:46:36.925+0000][7][gc,heap      ] GC(6) Eden regions: 294->0(293)
[2024-03-11T08:46:36.925+0000][7][gc,heap      ] GC(6) Survivor regions: 13->14(39)
[2024-03-11T08:46:36.925+0000][7][gc,heap      ] GC(6) Old regions: 4->4
[2024-03-11T08:46:36.925+0000][7][gc,heap      ] GC(6) Archive regions: 0->0
[2024-03-11T08:46:36.925+0000][7][gc,heap      ] GC(6) Humongous regions: 1->1
[2024-03-11T08:46:36.925+0000][7][gc,metaspace ] GC(6) Metaspace: 28702K(30256K)->28702K(30256K) NonClass: 25462K(26544K)->25462K(26544K) Class: 3240K(3712K)->3240K(3712K)
[2024-03-11T08:46:36.925+0000][7][gc           ] GC(6) Pause Young (Normal) (G1 Evacuation Pause) 310M->17M(512M) 9.061ms
[2024-03-11T08:46:36.925+0000][7][gc,cpu       ] GC(6) User=0.04s Sys=0.00s Real=0.01s
[2024-03-11T08:46:36.925+0000][7][safepoint    ] Safepoint "G1CollectForAllocation", Time since last: 181245751 ns, Reaching safepoint: 178708 ns, At safepoint: 9263417 ns, Total: 9442125 ns
[2024-03-11T08:46:37.081+0000][7][gc,start     ] GC(7) Pause Young (Normal) (G1 Evacuation Pause)
[2024-03-11T08:46:37.081+0000][7][gc,task      ] GC(7) Using 8 workers of 8 for evacuation
[2024-03-11T08:46:37.081+0000][7][gc,age       ] GC(7) Desired survivor size 20447232 bytes, new threshold 15 (max threshold 15)
[2024-03-11T08:46:37.088+0000][7][gc,age       ] GC(7) Age table with threshold 15 (max threshold 15)
[2024-03-11T08:46:37.088+0000][7][gc,age       ] GC(7) - age   1:    2200160 bytes,    2200160 total
[2024-03-11T08:46:37.088+0000][7][gc,age       ] GC(7) - age   2:    1820872 bytes,    4021032 total
[2024-03-11T08:46:37.088+0000][7][gc,age       ] GC(7) - age   3:    2348720 bytes,    6369752 total
[2024-03-11T08:46:37.088+0000][7][gc,age       ] GC(7) - age   4:    6586248 bytes,   12956000 total
[2024-03-11T08:46:37.088+0000][7][gc,age       ] GC(7) - age   5:      32376 bytes,   12988376 total
[2024-03-11T08:46:37.088+0000][7][gc,age       ] GC(7) - age   6:    2541520 bytes,   15529896 total
[2024-03-11T08:46:37.088+0000][7][gc,phases    ] GC(7)   Pre Evacuate Collection Set: 0.1ms
[2024-03-11T08:46:37.089+0000][7][gc,phases    ] GC(7)   Merge Heap Roots: 0.1ms
[2024-03-11T08:46:37.089+0000][7][gc,phases    ] GC(7)   Evacuate Collection Set: 5.5ms
[2024-03-11T08:46:37.089+0000][7][gc,phases    ] GC(7)   Post Evacuate Collection Set: 0.7ms
[2024-03-11T08:46:37.089+0000][7][gc,phases    ] GC(7)   Other: 1.4ms
[2024-03-11T08:46:37.089+0000][7][gc,heap      ] GC(7) Eden regions: 293->0(291)
[2024-03-11T08:46:37.089+0000][7][gc,heap      ] GC(7) Survivor regions: 14->16(39)
[2024-03-11T08:46:37.089+0000][7][gc,heap      ] GC(7) Old regions: 4->4
[2024-03-11T08:46:37.089+0000][7][gc,heap      ] GC(7) Archive regions: 0->0
[2024-03-11T08:46:37.089+0000][7][gc,heap      ] GC(7) Humongous regions: 1->1
[2024-03-11T08:46:37.090+0000][7][gc,metaspace ] GC(7) Metaspace: 29006K(30768K)->29006K(30768K) NonClass: 25716K(27056K)->25716K(27056K) Class: 3289K(3712K)->3289K(3712K)
[2024-03-11T08:46:37.090+0000][7][gc           ] GC(7) Pause Young (Normal) (G1 Evacuation Pause) 310M->19M(512M) 9.130ms
[2024-03-11T08:46:37.090+0000][7][gc,cpu       ] GC(7) User=0.03s Sys=0.00s Real=0.01s
[2024-03-11T08:46:37.090+0000][7][safepoint    ] Safepoint "G1CollectForAllocation", Time since last: 154928500 ns, Reaching safepoint: 171208 ns, At safepoint: 9331167 ns, Total: 9502375 ns
[2024-03-11T08:46:37.130+0000][7][safepoint    ] Safepoint "ICBufferFull", Time since last: 39554166 ns, Reaching safepoint: 216459 ns, At safepoint: 4791 ns, Total: 221250 ns
[2024-03-11T08:46:37.367+0000][7][gc,start     ] GC(8) Pause Young (Concurrent Start) (Metadata GC Threshold)
[2024-03-11T08:46:37.367+0000][7][gc,task      ] GC(8) Using 8 workers of 8 for evacuation
[2024-03-11T08:46:37.368+0000][7][gc,age       ] GC(8) Desired survivor size 20447232 bytes, new threshold 15 (max threshold 15)
[2024-03-11T08:46:37.374+0000][7][gc,age       ] GC(8) Age table with threshold 15 (max threshold 15)
[2024-03-11T08:46:37.374+0000][7][gc,age       ] GC(8) - age   1:    1418880 bytes,    1418880 total
[2024-03-11T08:46:37.374+0000][7][gc,age       ] GC(8) - age   2:    1127640 bytes,    2546520 total
[2024-03-11T08:46:37.374+0000][7][gc,age       ] GC(8) - age   3:    1808848 bytes,    4355368 total
[2024-03-11T08:46:37.374+0000][7][gc,age       ] GC(8) - age   4:    2334224 bytes,    6689592 total
[2024-03-11T08:46:37.375+0000][7][gc,age       ] GC(8) - age   5:    6531168 bytes,   13220760 total
[2024-03-11T08:46:37.375+0000][7][gc,age       ] GC(8) - age   6:      32248 bytes,   13253008 total
[2024-03-11T08:46:37.375+0000][7][gc,age       ] GC(8) - age   7:    2536152 bytes,   15789160 total
[2024-03-11T08:46:37.375+0000][7][gc,phases    ] GC(8)   Pre Evacuate Collection Set: 0.2ms
[2024-03-11T08:46:37.375+0000][7][gc,phases    ] GC(8)   Merge Heap Roots: 0.1ms
[2024-03-11T08:46:37.375+0000][7][gc,phases    ] GC(8)   Evacuate Collection Set: 5.6ms
[2024-03-11T08:46:37.375+0000][7][gc,phases    ] GC(8)   Post Evacuate Collection Set: 0.5ms
[2024-03-11T08:46:37.375+0000][7][gc,phases    ] GC(8)   Other: 1.2ms
[2024-03-11T08:46:37.375+0000][7][gc,heap      ] GC(8) Eden regions: 76->0(290)
[2024-03-11T08:46:37.376+0000][7][gc,heap      ] GC(8) Survivor regions: 16->17(39)
[2024-03-11T08:46:37.376+0000][7][gc,heap      ] GC(8) Old regions: 4->4
[2024-03-11T08:46:37.376+0000][7][gc,heap      ] GC(8) Archive regions: 0->0
[2024-03-11T08:46:37.376+0000][7][gc,heap      ] GC(8) Humongous regions: 1->1
[2024-03-11T08:46:37.376+0000][7][gc,metaspace ] GC(8) Metaspace: 33815K(35920K)->33815K(35920K) NonClass: 29887K(31408K)->29887K(31408K) Class: 3927K(4512K)->3927K(4512K)
[2024-03-11T08:46:37.376+0000][7][gc           ] GC(8) Pause Young (Concurrent Start) (Metadata GC Threshold) 95M->21M(512M) 8.787ms
[2024-03-11T08:46:37.376+0000][7][gc,cpu       ] GC(8) User=0.02s Sys=0.00s Real=0.01s
[2024-03-11T08:46:37.376+0000][7][gc           ] GC(9) Concurrent Cycle
[2024-03-11T08:46:37.377+0000][7][gc,marking   ] GC(9) Concurrent Clear Claimed Marks
[2024-03-11T08:46:37.376+0000][7][safepoint    ] Safepoint "CollectForMetadataAllocation", Time since last: 237518459 ns, Reaching safepoint: 153041 ns, At safepoint: 9161625 ns, Total: 9314666 ns
[2024-03-11T08:46:37.377+0000][7][gc,marking   ] GC(9) Concurrent Clear Claimed Marks 0.448ms
[2024-03-11T08:46:37.377+0000][7][gc,marking   ] GC(9) Concurrent Scan Root Regions
[2024-03-11T08:46:37.380+0000][7][gc,marking   ] GC(9) Concurrent Scan Root Regions 2.642ms
[2024-03-11T08:46:37.380+0000][7][gc,marking   ] GC(9) Concurrent Mark (2.429s)
[2024-03-11T08:46:37.381+0000][7][gc,marking   ] GC(9) Concurrent Mark From Roots
[2024-03-11T08:46:37.381+0000][7][gc,task      ] GC(9) Using 2 workers of 2 for marking
[2024-03-11T08:46:37.383+0000][7][gc,marking   ] GC(9) Concurrent Mark From Roots 2.652ms
[2024-03-11T08:46:37.384+0000][7][gc,marking   ] GC(9) Concurrent Preclean
[2024-03-11T08:46:37.385+0000][7][gc,marking   ] GC(9) Concurrent Preclean 0.615ms
[2024-03-11T08:46:37.385+0000][7][gc,marking   ] GC(9) Concurrent Mark (2.429s, 2.434s) 4.850ms
[2024-03-11T08:46:37.386+0000][7][gc,start     ] GC(9) Pause Remark
[2024-03-11T08:46:37.387+0000][7][gc           ] GC(9) Pause Remark 22M->22M(512M) 1.467ms
[2024-03-11T08:46:37.388+0000][7][gc,cpu       ] GC(9) User=0.00s Sys=0.00s Real=0.00s
[2024-03-11T08:46:37.388+0000][7][safepoint    ] Safepoint "G1Concurrent", Time since last: 9329625 ns, Reaching safepoint: 222375 ns, At safepoint: 1843459 ns, Total: 2065834 ns
[2024-03-11T08:46:37.388+0000][7][gc,marking   ] GC(9) Concurrent Rebuild Remembered Sets
[2024-03-11T08:46:37.389+0000][7][gc,marking   ] GC(9) Concurrent Rebuild Remembered Sets 1.082ms
[2024-03-11T08:46:37.390+0000][7][gc,start     ] GC(9) Pause Cleanup
[2024-03-11T08:46:37.390+0000][7][gc           ] GC(9) Pause Cleanup 23M->23M(512M) 0.200ms
[2024-03-11T08:46:37.390+0000][7][gc,cpu       ] GC(9) User=0.00s Sys=0.00s Real=0.00s
[2024-03-11T08:46:37.390+0000][7][safepoint    ] Safepoint "G1Concurrent", Time since last: 1716458 ns, Reaching safepoint: 403250 ns, At safepoint: 481333 ns, Total: 884583 ns
[2024-03-11T08:46:37.391+0000][7][gc,marking   ] GC(9) Concurrent Cleanup for Next Mark
[2024-03-11T08:46:37.393+0000][7][gc,marking   ] GC(9) Concurrent Cleanup for Next Mark 1.129ms
[2024-03-11T08:46:37.393+0000][7][gc           ] GC(9) Concurrent Cycle 16.622ms
[2024-03-11T08:46:37.658+0000][7][safepoint    ] Safepoint "ICBufferFull", Time since last: 267106001 ns, Reaching safepoint: 338291 ns, At safepoint: 13209 ns, Total: 351500 ns
[2024-03-11T08:46:37.853+0000][7][safepoint    ] Safepoint "ICBufferFull", Time since last: 195393333 ns, Reaching safepoint: 176500 ns, At safepoint: 16875 ns, Total: 193375 ns
[2024-03-11T08:46:38.193+0000][7][safepoint    ] Safepoint "ICBufferFull", Time since last: 339193667 ns, Reaching safepoint: 142875 ns, At safepoint: 3125 ns, Total: 146000 ns
[2024-03-11T08:46:38.355+0000][7][safepoint    ] Safepoint "ICBufferFull", Time since last: 162366417 ns, Reaching safepoint: 180375 ns, At safepoint: 8583 ns, Total: 188958 ns
[2024-03-11T08:46:38.362+0000][7][gc,start     ] GC(10) Pause Young (Normal) (G1 Evacuation Pause)
[2024-03-11T08:46:38.362+0000][7][gc,task      ] GC(10) Using 8 workers of 8 for evacuation
[2024-03-11T08:46:38.362+0000][7][gc,age       ] GC(10) Desired survivor size 20447232 bytes, new threshold 15 (max threshold 15)
[2024-03-11T08:46:38.377+0000][7][gc,age       ] GC(10) Age table with threshold 15 (max threshold 15)
[2024-03-11T08:46:38.378+0000][7][gc,age       ] GC(10) - age   1:   25786368 bytes,   25786368 total
[2024-03-11T08:46:38.378+0000][7][gc,age       ] GC(10) - age   2:    1342264 bytes,   27128632 total
[2024-03-11T08:46:38.378+0000][7][gc,age       ] GC(10) - age   3:    1122440 bytes,   28251072 total
[2024-03-11T08:46:38.378+0000][7][gc,age       ] GC(10) - age   4:    1806328 bytes,   30057400 total
[2024-03-11T08:46:38.378+0000][7][gc,age       ] GC(10) - age   5:    2321048 bytes,   32378448 total
[2024-03-11T08:46:38.378+0000][7][gc,age       ] GC(10) - age   6:    6334296 bytes,   38712744 total
[2024-03-11T08:46:38.378+0000][7][gc,age       ] GC(10) - age   7:      20464 bytes,   38733208 total
[2024-03-11T08:46:38.378+0000][7][gc,age       ] GC(10) - age   8:    1968976 bytes,   40702184 total
[2024-03-11T08:46:38.378+0000][7][gc,phases    ] GC(10)   Pre Evacuate Collection Set: 0.1ms
[2024-03-11T08:46:38.378+0000][7][gc,phases    ] GC(10)   Merge Heap Roots: 0.1ms
[2024-03-11T08:46:38.378+0000][7][gc,phases    ] GC(10)   Evacuate Collection Set: 14.0ms
[2024-03-11T08:46:38.379+0000][7][gc,phases    ] GC(10)   Post Evacuate Collection Set: 1.0ms
[2024-03-11T08:46:38.379+0000][7][gc,phases    ] GC(10)   Other: 1.4ms
[2024-03-11T08:46:38.379+0000][7][gc,heap      ] GC(10) Eden regions: 290->0(268)
[2024-03-11T08:46:38.379+0000][7][gc,heap      ] GC(10) Survivor regions: 17->39(39)
[2024-03-11T08:46:38.379+0000][7][gc,heap      ] GC(10) Old regions: 4->9
[2024-03-11T08:46:38.379+0000][7][gc,heap      ] GC(10) Archive regions: 0->0
[2024-03-11T08:46:38.379+0000][7][gc,heap      ] GC(10) Humongous regions: 1->1
[2024-03-11T08:46:38.379+0000][7][gc,metaspace ] GC(10) Metaspace: 44075K(47516K)->44075K(47516K) NonClass: 38719K(41136K)->38719K(41136K) Class: 5356K(6380K)->5356K(6380K)
[2024-03-11T08:46:38.379+0000][7][gc           ] GC(10) Pause Young (Normal) (G1 Evacuation Pause) 311M->48M(512M) 17.667ms
[2024-03-11T08:46:38.379+0000][7][gc,cpu       ] GC(10) User=0.09s Sys=0.00s Real=0.01s
[2024-03-11T08:46:38.379+0000][7][safepoint    ] Safepoint "G1CollectForAllocation", Time since last: 6121125 ns, Reaching safepoint: 98167 ns, At safepoint: 17884250 ns, Total: 17982417 ns
[2024-03-11T08:46:38.467+0000][7][safepoint    ] Safepoint "ICBufferFull", Time since last: 86927833 ns, Reaching safepoint: 202417 ns, At safepoint: 3583 ns, Total: 206000 ns
[2024-03-11T08:46:38.839+0000][7][gc,start     ] GC(11) Pause Young (Concurrent Start) (Metadata GC Threshold)
[2024-03-11T08:46:38.839+0000][7][gc,task      ] GC(11) Using 8 workers of 8 for evacuation
[2024-03-11T08:46:38.839+0000][7][gc,age       ] GC(11) Desired survivor size 20447232 bytes, new threshold 1 (max threshold 15)
[2024-03-11T08:46:38.858+0000][7][gc,age       ] GC(11) Age table with threshold 1 (max threshold 15)
[2024-03-11T08:46:38.858+0000][7][gc,age       ] GC(11) - age   1:    4438768 bytes,    4438768 total
[2024-03-11T08:46:38.858+0000][7][gc,phases    ] GC(11)   Pre Evacuate Collection Set: 0.5ms
[2024-03-11T08:46:38.858+0000][7][gc,phases    ] GC(11)   Merge Heap Roots: 0.2ms
[2024-03-11T08:46:38.858+0000][7][gc,phases    ] GC(11)   Evacuate Collection Set: 16.5ms
[2024-03-11T08:46:38.858+0000][7][gc,phases    ] GC(11)   Post Evacuate Collection Set: 1.2ms
[2024-03-11T08:46:38.859+0000][7][gc,phases    ] GC(11)   Other: 0.8ms
[2024-03-11T08:46:38.859+0000][7][gc,heap      ] GC(11) Eden regions: 166->0(292)
[2024-03-11T08:46:38.859+0000][7][gc,heap      ] GC(11) Survivor regions: 39->7(39)
[2024-03-11T08:46:38.859+0000][7][gc,heap      ] GC(11) Old regions: 9->49
[2024-03-11T08:46:38.859+0000][7][gc,heap      ] GC(11) Archive regions: 0->0
[2024-03-11T08:46:38.859+0000][7][gc,heap      ] GC(11) Humongous regions: 1->1
[2024-03-11T08:46:38.859+0000][7][gc,metaspace ] GC(11) Metaspace: 55879K(60420K)->55879K(60420K) NonClass: 48688K(51608K)->48688K(51608K) Class: 7191K(8812K)->7191K(8812K)
[2024-03-11T08:46:38.859+0000][7][gc           ] GC(11) Pause Young (Concurrent Start) (Metadata GC Threshold) 214M->55M(512M) 20.077ms
[2024-03-11T08:46:38.859+0000][7][gc,cpu       ] GC(11) User=0.12s Sys=0.00s Real=0.02s
[2024-03-11T08:46:38.859+0000][7][gc           ] GC(12) Concurrent Cycle
[2024-03-11T08:46:38.860+0000][7][gc,marking   ] GC(12) Concurrent Clear Claimed Marks
[2024-03-11T08:46:38.859+0000][7][safepoint    ] Safepoint "CollectForMetadataAllocation", Time since last: 372237375 ns, Reaching safepoint: 201208 ns, At safepoint: 20389417 ns, Total: 20590625 ns
[2024-03-11T08:46:38.861+0000][7][gc,marking   ] GC(12) Concurrent Clear Claimed Marks 0.857ms
[2024-03-11T08:46:38.862+0000][7][gc,marking   ] GC(12) Concurrent Scan Root Regions
[2024-03-11T08:46:38.874+0000][7][gc,marking   ] GC(12) Concurrent Scan Root Regions 12.285ms
[2024-03-11T08:46:38.874+0000][7][gc,marking   ] GC(12) Concurrent Mark (3.923s)
[2024-03-11T08:46:38.875+0000][7][gc,marking   ] GC(12) Concurrent Mark From Roots
[2024-03-11T08:46:38.875+0000][7][gc,task      ] GC(12) Using 2 workers of 2 for marking
[2024-03-11T08:46:38.878+0000][7][safepoint    ] Safepoint "CollectForMetadataAllocation", Time since last: 18514917 ns, Reaching safepoint: 240375 ns, At safepoint: 148416 ns, Total: 388791 ns
[2024-03-11T08:46:38.882+0000][7][gc,marking   ] GC(12) Concurrent Mark From Roots 7.375ms
[2024-03-11T08:46:38.882+0000][7][gc,marking   ] GC(12) Concurrent Preclean
[2024-03-11T08:46:38.886+0000][7][gc,marking   ] GC(12) Concurrent Preclean 3.594ms
[2024-03-11T08:46:38.886+0000][7][gc,marking   ] GC(12) Concurrent Mark (3.923s, 3.935s) 11.602ms
[2024-03-11T08:46:38.887+0000][7][gc,start     ] GC(12) Pause Remark
[2024-03-11T08:46:38.889+0000][7][gc           ] GC(12) Pause Remark 59M->59M(512M) 2.381ms
[2024-03-11T08:46:38.889+0000][7][gc,cpu       ] GC(12) User=0.01s Sys=0.00s Real=0.00s
[2024-03-11T08:46:38.889+0000][7][safepoint    ] Safepoint "G1Concurrent", Time since last: 7639792 ns, Reaching safepoint: 767000 ns, At safepoint: 2558875 ns, Total: 3325875 ns
[2024-03-11T08:46:38.889+0000][7][gc,marking   ] GC(12) Concurrent Rebuild Remembered Sets
[2024-03-11T08:46:38.903+0000][7][gc,marking   ] GC(12) Concurrent Rebuild Remembered Sets 13.328ms
[2024-03-11T08:46:38.905+0000][7][gc,start     ] GC(12) Pause Cleanup
[2024-03-11T08:46:38.905+0000][7][gc           ] GC(12) Pause Cleanup 61M->61M(512M) 0.281ms
[2024-03-11T08:46:38.905+0000][7][gc,cpu       ] GC(12) User=0.00s Sys=0.00s Real=0.00s
[2024-03-11T08:46:38.905+0000][7][safepoint    ] Safepoint "G1Concurrent", Time since last: 13886292 ns, Reaching safepoint: 1416333 ns, At safepoint: 563875 ns, Total: 1980208 ns
[2024-03-11T08:46:38.905+0000][7][gc,marking   ] GC(12) Concurrent Cleanup for Next Mark
[2024-03-11T08:46:38.906+0000][7][gc,marking   ] GC(12) Concurrent Cleanup for Next Mark 0.713ms
[2024-03-11T08:46:38.907+0000][7][gc           ] GC(12) Concurrent Cycle 47.228ms
[2024-03-11T08:46:39.009+0000][7][safepoint    ] Safepoint "ICBufferFull", Time since last: 103651334 ns, Reaching safepoint: 153458 ns, At safepoint: 6125 ns, Total: 159583 ns
[2024-03-11T08:46:39.064+0000][7][safepoint    ] Safepoint "BulkRevokeBias", Time since last: 54285292 ns, Reaching safepoint: 631458 ns, At safepoint: 59917 ns, Total: 691375 ns
[2024-03-11T08:46:39.076+0000][7][safepoint    ] Safepoint "BulkRevokeBias", Time since last: 10870416 ns, Reaching safepoint: 883417 ns, At safepoint: 35000 ns, Total: 918417 ns
[2024-03-11T08:46:39.084+0000][7][safepoint    ] Safepoint "BulkRevokeBias", Time since last: 8312042 ns, Reaching safepoint: 130416 ns, At safepoint: 52250 ns, Total: 182666 ns
[2024-03-11T08:46:39.558+0000][7][safepoint    ] Safepoint "ICBufferFull", Time since last: 473745250 ns, Reaching safepoint: 489417 ns, At safepoint: 8167 ns, Total: 497584 ns
[2024-03-11T08:46:39.618+0000][7][safepoint    ] Safepoint "ICBufferFull", Time since last: 58488625 ns, Reaching safepoint: 1006375 ns, At safepoint: 10750 ns, Total: 1017125 ns
[2024-03-11T08:46:39.624+0000][7][safepoint    ] Safepoint "ICBufferFull", Time since last: 5623083 ns, Reaching safepoint: 388250 ns, At safepoint: 3667 ns, Total: 391917 ns
[2024-03-11T08:46:39.627+0000][7][safepoint    ] Safepoint "ICBufferFull", Time since last: 2744083 ns, Reaching safepoint: 187917 ns, At safepoint: 17166 ns, Total: 205083 ns
[2024-03-11T08:46:39.730+0000][7][safepoint    ] Safepoint "ICBufferFull", Time since last: 102492626 ns, Reaching safepoint: 562958 ns, At safepoint: 3542 ns, Total: 566500 ns
[2024-03-11T08:46:40.223+0000][7][safepoint    ] Safepoint "ICBufferFull", Time since last: 491928041 ns, Reaching safepoint: 962209 ns, At safepoint: 3125 ns, Total: 965334 ns
[2024-03-11T08:46:40.352+0000][7][gc,start     ] GC(13) Pause Young (Concurrent Start) (G1 Evacuation Pause)
[2024-03-11T08:46:40.353+0000][7][gc,task      ] GC(13) Using 8 workers of 8 for evacuation
[2024-03-11T08:46:40.353+0000][7][gc,age       ] GC(13) Desired survivor size 19922944 bytes, new threshold 15 (max threshold 15)
[2024-03-11T08:46:40.362+0000][7][gc,age       ] GC(13) Age table with threshold 15 (max threshold 15)
[2024-03-11T08:46:40.363+0000][7][gc,age       ] GC(13) - age   1:   10449816 bytes,   10449816 total
[2024-03-11T08:46:40.363+0000][7][gc,age       ] GC(13) - age   2:    4237240 bytes,   14687056 total
[2024-03-11T08:46:40.363+0000][7][gc,phases    ] GC(13)   Pre Evacuate Collection Set: 0.6ms
[2024-03-11T08:46:40.363+0000][7][gc,phases    ] GC(13)   Merge Heap Roots: 0.1ms
[2024-03-11T08:46:40.363+0000][7][gc,phases    ] GC(13)   Evacuate Collection Set: 7.0ms
[2024-03-11T08:46:40.363+0000][7][gc,phases    ] GC(13)   Post Evacuate Collection Set: 1.2ms
[2024-03-11T08:46:40.363+0000][7][gc,phases    ] GC(13)   Other: 2.4ms
[2024-03-11T08:46:40.363+0000][7][gc,heap      ] GC(13) Eden regions: 292->0(283)
[2024-03-11T08:46:40.364+0000][7][gc,heap      ] GC(13) Survivor regions: 7->16(38)
[2024-03-11T08:46:40.364+0000][7][gc,heap      ] GC(13) Old regions: 49->49
[2024-03-11T08:46:40.364+0000][7][gc,heap      ] GC(13) Archive regions: 0->0
[2024-03-11T08:46:40.364+0000][7][gc,heap      ] GC(13) Humongous regions: 1->1
[2024-03-11T08:46:40.364+0000][7][gc,metaspace ] GC(13) Metaspace: 78768K(84816K)->78768K(84816K) NonClass: 68437K(72036K)->68437K(72036K) Class: 10331K(12780K)->10331K(12780K)
[2024-03-11T08:46:40.364+0000][7][gc           ] GC(13) Pause Young (Concurrent Start) (G1 Evacuation Pause) 347M->64M(512M) 12.494ms
[2024-03-11T08:46:40.364+0000][7][gc,cpu       ] GC(13) User=0.05s Sys=0.01s Real=0.01s
[2024-03-11T08:46:40.364+0000][7][gc           ] GC(14) Concurrent Cycle
[2024-03-11T08:46:40.365+0000][7][gc,marking   ] GC(14) Concurrent Clear Claimed Marks
[2024-03-11T08:46:40.364+0000][7][safepoint    ] Safepoint "G1CollectForAllocation", Time since last: 128410000 ns, Reaching safepoint: 258625 ns, At safepoint: 12745542 ns, Total: 13004167 ns
[2024-03-11T08:46:40.366+0000][7][gc,marking   ] GC(14) Concurrent Clear Claimed Marks 0.893ms
[2024-03-11T08:46:40.366+0000][7][gc,marking   ] GC(14) Concurrent Scan Root Regions
[2024-03-11T08:46:40.375+0000][7][gc,marking   ] GC(14) Concurrent Scan Root Regions 8.671ms
[2024-03-11T08:46:40.377+0000][7][safepoint    ] Safepoint "BulkRevokeBias", Time since last: 12795583 ns, Reaching safepoint: 149667 ns, At safepoint: 44041 ns, Total: 193708 ns
[2024-03-11T08:46:40.378+0000][7][gc,marking   ] GC(14) Concurrent Mark (5.427s)
[2024-03-11T08:46:40.378+0000][7][gc,marking   ] GC(14) Concurrent Mark From Roots
[2024-03-11T08:46:40.378+0000][7][gc,task      ] GC(14) Using 2 workers of 2 for marking
[2024-03-11T08:46:40.414+0000][7][gc,marking   ] GC(14) Concurrent Mark From Roots 35.322ms
[2024-03-11T08:46:40.414+0000][7][gc,marking   ] GC(14) Concurrent Preclean
[2024-03-11T08:46:40.415+0000][7][gc,marking   ] GC(14) Concurrent Preclean 0.354ms
[2024-03-11T08:46:40.415+0000][7][gc,marking   ] GC(14) Concurrent Mark (5.427s, 5.464s) 36.921ms
[2024-03-11T08:46:40.415+0000][7][gc,start     ] GC(14) Pause Remark
[2024-03-11T08:46:40.418+0000][7][gc           ] GC(14) Pause Remark 70M->70M(512M) 2.695ms
[2024-03-11T08:46:40.418+0000][7][gc,cpu       ] GC(14) User=0.01s Sys=0.00s Real=0.00s
[2024-03-11T08:46:40.418+0000][7][safepoint    ] Safepoint "G1Concurrent", Time since last: 37559667 ns, Reaching safepoint: 108208 ns, At safepoint: 3037750 ns, Total: 3145958 ns
[2024-03-11T08:46:40.418+0000][7][gc,marking   ] GC(14) Concurrent Rebuild Remembered Sets
[2024-03-11T08:46:40.442+0000][7][gc,marking   ] GC(14) Concurrent Rebuild Remembered Sets 23.870ms
[2024-03-11T08:46:40.444+0000][7][gc,start     ] GC(14) Pause Cleanup
[2024-03-11T08:46:40.444+0000][7][gc           ] GC(14) Pause Cleanup 72M->72M(512M) 0.227ms
[2024-03-11T08:46:40.444+0000][7][gc,cpu       ] GC(14) User=0.00s Sys=0.00s Real=0.00s
[2024-03-11T08:46:40.444+0000][7][safepoint    ] Safepoint "G1Concurrent", Time since last: 24418125 ns, Reaching safepoint: 1072625 ns, At safepoint: 458625 ns, Total: 1531250 ns
[2024-03-11T08:46:40.444+0000][7][gc,marking   ] GC(14) Concurrent Cleanup for Next Mark
[2024-03-11T08:46:40.445+0000][7][gc,marking   ] GC(14) Concurrent Cleanup for Next Mark 0.545ms
[2024-03-11T08:46:40.445+0000][7][gc           ] GC(14) Concurrent Cycle 80.526ms
[2024-03-11T08:46:40.712+0000][7][safepoint    ] Safepoint "ICBufferFull", Time since last: 267808209 ns, Reaching safepoint: 154250 ns, At safepoint: 2458 ns, Total: 156708 ns
[2024-03-11T08:46:40.719+0000][7][safepoint    ] Safepoint "BulkRevokeBias", Time since last: 6450625 ns, Reaching safepoint: 99792 ns, At safepoint: 21708 ns, Total: 121500 ns
[2024-03-11T08:46:40.804+0000][7][safepoint    ] Safepoint "ICBufferFull", Time since last: 85180042 ns, Reaching safepoint: 137583 ns, At safepoint: 3042 ns, Total: 140625 ns
[2024-03-11T08:46:40.929+0000][7][safepoint    ] Safepoint "ICBufferFull", Time since last: 124699458 ns, Reaching safepoint: 143833 ns, At safepoint: 2792 ns, Total: 146625 ns
[2024-03-11T08:46:40.941+0000][7][safepoint    ] Safepoint "BulkRevokeBias", Time since last: 10870833 ns, Reaching safepoint: 1250500 ns, At safepoint: 83209 ns, Total: 1333709 ns
[2024-03-11T08:46:41.028+0000][7][safepoint    ] Safepoint "ICBufferFull", Time since last: 86959625 ns, Reaching safepoint: 197458 ns, At safepoint: 11833 ns, Total: 209291 ns
[2024-03-11T08:46:41.235+0000][7][safepoint    ] Safepoint "ICBufferFull", Time since last: 206989584 ns, Reaching safepoint: 394208 ns, At safepoint: 10584 ns, Total: 404792 ns
[2024-03-11T08:46:41.258+0000][7][safepoint    ] Safepoint "BulkRevokeBias", Time since last: 21651833 ns, Reaching safepoint: 292833 ns, At safepoint: 233042 ns, Total: 525875 ns
[2024-03-11T08:46:41.263+0000][7][safepoint    ] Safepoint "BulkRevokeBias", Time since last: 4780333 ns, Reaching safepoint: 145625 ns, At safepoint: 90000 ns, Total: 235625 ns
[2024-03-11T08:46:41.560+0000][7][safepoint    ] Safepoint "ICBufferFull", Time since last: 297626042 ns, Reaching safepoint: 208750 ns, At safepoint: 3625 ns, Total: 212375 ns
[2024-03-11T08:46:43.477+0000][7][safepoint    ] Safepoint "Cleanup", Time since last: 1915248043 ns, Reaching safepoint: 1073291 ns, At safepoint: 7417 ns, Total: 1080708 ns
[2024-03-11T08:46:44.955+0000][7][safepoint    ] Safepoint "Cleanup", Time since last: 1478082751 ns, Reaching safepoint: 103416 ns, At safepoint: 2500 ns, Total: 105916 ns
[2024-03-11T08:46:45.956+0000][7][safepoint    ] Safepoint "Cleanup", Time since last: 1001179668 ns, Reaching safepoint: 260208 ns, At safepoint: 6125 ns, Total: 266333 ns
[2024-03-11T08:46:46.966+0000][7][safepoint    ] Safepoint "Cleanup", Time since last: 1008701125 ns, Reaching safepoint: 755209 ns, At safepoint: 9166 ns, Total: 764375 ns
[2024-03-11T08:46:47.968+0000][7][safepoint    ] Safepoint "Cleanup", Time since last: 1001647751 ns, Reaching safepoint: 401000 ns, At safepoint: 9833 ns, Total: 410833 ns
[2024-03-11T08:46:48.971+0000][7][safepoint    ] Safepoint "Cleanup", Time since last: 1002952292 ns, Reaching safepoint: 293125 ns, At safepoint: 6625 ns, Total: 299750 ns
[2024-03-11T08:46:49.973+0000][7][safepoint    ] Safepoint "Cleanup", Time since last: 1001934626 ns, Reaching safepoint: 269791 ns, At safepoint: 6209 ns, Total: 276000 ns
[2024-03-11T08:46:50.976+0000][7][safepoint    ] Safepoint "Cleanup", Time since last: 1002261792 ns, Reaching safepoint: 234625 ns, At safepoint: 6458 ns, Total: 241083 ns
[2024-03-11T08:46:51.980+0000][7][safepoint    ] Safepoint "Cleanup", Time since last: 1003600251 ns, Reaching safepoint: 295958 ns, At safepoint: 5708 ns, Total: 301666 ns
[2024-03-11T08:46:52.981+0000][7][safepoint    ] Safepoint "Cleanup", Time since last: 1001142168 ns, Reaching safepoint: 189666 ns, At safepoint: 5334 ns, Total: 195000 ns
[2024-03-11T08:46:53.982+0000][7][safepoint    ] Safepoint "Cleanup", Time since last: 1000624167 ns, Reaching safepoint: 289500 ns, At safepoint: 10166 ns, Total: 299666 ns
[2024-03-11T08:46:54.988+0000][7][safepoint    ] Safepoint "Cleanup", Time since last: 1004977751 ns, Reaching safepoint: 413125 ns, At safepoint: 10125 ns, Total: 423250 ns
[2024-03-11T08:46:55.991+0000][7][safepoint    ] Safepoint "Cleanup", Time since last: 1003315250 ns, Reaching safepoint: 577542 ns, At safepoint: 5500 ns, Total: 583042 ns
[2024-03-11T08:46:56.994+0000][7][safepoint    ] Safepoint "Cleanup", Time since last: 1001934042 ns, Reaching safepoint: 734833 ns, At safepoint: 11542 ns, Total: 746375 ns
[2024-03-11T08:46:57.998+0000][7][safepoint    ] Safepoint "Cleanup", Time since last: 1003571917 ns, Reaching safepoint: 295584 ns, At safepoint: 5208 ns, Total: 300792 ns
[2024-03-11T08:46:59.001+0000][7][safepoint    ] Safepoint "Cleanup", Time since last: 1002914542 ns, Reaching safepoint: 301500 ns, At safepoint: 7958 ns, Total: 309458 ns
[2024-03-11T08:47:00.003+0000][7][safepoint    ] Safepoint "Cleanup", Time since last: 1001550584 ns, Reaching safepoint: 455125 ns, At safepoint: 5667 ns, Total: 460792 ns
[2024-03-11T08:47:01.005+0000][7][safepoint    ] Safepoint "Cleanup", Time since last: 1001718083 ns, Reaching safepoint: 224333 ns, At safepoint: 5042 ns, Total: 229375 ns
[2024-03-11T08:47:02.005+0000][7][safepoint    ] Safepoint "Cleanup", Time since last: 1000701751 ns, Reaching safepoint: 136916 ns, At safepoint: 1667 ns, Total: 138583 ns
[2024-03-11T08:47:03.007+0000][7][safepoint    ] Safepoint "Cleanup", Time since last: 1001204417 ns, Reaching safepoint: 134583 ns, At safepoint: 3167 ns, Total: 137750 ns
[2024-03-11T08:47:04.011+0000][7][safepoint    ] Safepoint "Cleanup", Time since last: 1003527500 ns, Reaching safepoint: 217042 ns, At safepoint: 6958 ns, Total: 224000 ns
[2024-03-11T08:47:05.013+0000][7][safepoint    ] Safepoint "Cleanup", Time since last: 1001975626 ns, Reaching safepoint: 196083 ns, At safepoint: 5084 ns, Total: 201167 ns
[2024-03-11T08:47:06.019+0000][7][safepoint    ] Safepoint "Cleanup", Time since last: 1005533500 ns, Reaching safepoint: 214083 ns, At safepoint: 10417 ns, Total: 224500 ns
[2024-03-11T08:47:07.023+0000][7][safepoint    ] Safepoint "Cleanup", Time since last: 1004344376 ns, Reaching safepoint: 313166 ns, At safepoint: 6042 ns, Total: 319208 ns
[2024-03-11T08:47:08.028+0000][7][safepoint    ] Safepoint "Cleanup", Time since last: 1004082167 ns, Reaching safepoint: 466542 ns, At safepoint: 6083 ns, Total: 472625 ns
[2024-03-11T08:47:09.031+0000][7][safepoint    ] Safepoint "Cleanup", Time since last: 1003012084 ns, Reaching safepoint: 226375 ns, At safepoint: 11167 ns, Total: 237542 ns
[2024-03-11T08:47:10.034+0000][7][safepoint    ] Safepoint "Cleanup", Time since last: 1002430583 ns, Reaching safepoint: 260750 ns, At safepoint: 5292 ns, Total: 266042 ns
[2024-03-11T08:47:11.039+0000][7][safepoint    ] Safepoint "Cleanup", Time since last: 1004755000 ns, Reaching safepoint: 387125 ns, At safepoint: 6000 ns, Total: 393125 ns
[2024-03-11T08:47:12.482+0000][7][safepoint    ] Safepoint "Cleanup", Time since last: 1443192418 ns, Reaching safepoint: 433917 ns, At safepoint: 8791 ns, Total: 442708 ns
[2024-03-11T08:47:13.488+0000][7][safepoint    ] Safepoint "Cleanup", Time since last: 1005480084 ns, Reaching safepoint: 308208 ns, At safepoint: 7250 ns, Total: 315458 ns
[2024-03-11T08:47:17.506+0000][7][safepoint    ] Safepoint "Cleanup", Time since last: 4016202877 ns, Reaching safepoint: 1469209 ns, At safepoint: 9875 ns, Total: 1479084 ns
[2024-03-11T08:47:20.517+0000][7][safepoint    ] Safepoint "Cleanup", Time since last: 3010558543 ns, Reaching safepoint: 263166 ns, At safepoint: 13542 ns, Total: 276708 ns
[2024-03-11T08:47:22.520+0000][7][safepoint    ] Safepoint "Cleanup", Time since last: 2002875793 ns, Reaching safepoint: 197541 ns, At safepoint: 5167 ns, Total: 202708 ns
[2024-03-11T08:47:23.522+0000][7][safepoint    ] Safepoint "Cleanup", Time since last: 1001650834 ns, Reaching safepoint: 294125 ns, At safepoint: 4916 ns, Total: 299041 ns
[2024-03-11T08:47:24.523+0000][7][safepoint    ] Safepoint "Cleanup", Time since last: 1001109209 ns, Reaching safepoint: 258834 ns, At safepoint: 3916 ns, Total: 262750 ns
[2024-03-11T08:47:28.532+0000][7][safepoint    ] Safepoint "Cleanup", Time since last: 4008491961 ns, Reaching safepoint: 210000 ns, At safepoint: 5541 ns, Total: 215541 ns
[2024-03-11T08:47:29.535+0000][7][safepoint    ] Safepoint "Cleanup", Time since last: 1002686417 ns, Reaching safepoint: 202375 ns, At safepoint: 5667 ns, Total: 208042 ns
[2024-03-11T08:47:32.538+0000][7][safepoint    ] Safepoint "Cleanup", Time since last: 3005573793 ns, Reaching safepoint: 374208 ns, At safepoint: 7417 ns, Total: 381625 ns
[2024-03-11T08:47:33.543+0000][7][safepoint    ] Safepoint "Cleanup", Time since last: 1005433500 ns, Reaching safepoint: 187500 ns, At safepoint: 5834 ns, Total: 193334 ns
[2024-03-11T08:47:34.546+0000][7][safepoint    ] Safepoint "Cleanup", Time since last: 1001935458 ns, Reaching safepoint: 297750 ns, At safepoint: 6709 ns, Total: 304459 ns
[2024-03-11T08:47:36.927+0000][7][safepoint    ] Safepoint "Cleanup", Time since last: 2380762084 ns, Reaching safepoint: 205250 ns, At safepoint: 8375 ns, Total: 213625 ns
[2024-03-11T08:47:37.933+0000][7][safepoint    ] Safepoint "Cleanup", Time since last: 1005780417 ns, Reaching safepoint: 461625 ns, At safepoint: 13167 ns, Total: 474792 ns
[2024-03-11T08:47:39.941+0000][7][safepoint    ] Safepoint "Cleanup", Time since last: 2007493209 ns, Reaching safepoint: 340875 ns, At safepoint: 9459 ns, Total: 350334 ns
[2024-03-11T08:47:41.174+0000][7][safepoint    ] Safepoint "Cleanup", Time since last: 1233219834 ns, Reaching safepoint: 305125 ns, At safepoint: 5083 ns, Total: 310208 ns
[2024-03-11T08:47:42.177+0000][7][safepoint    ] Safepoint "Cleanup", Time since last: 1002325584 ns, Reaching safepoint: 596541 ns, At safepoint: 7084 ns, Total: 603625 ns
[2024-03-11T08:47:44.185+0000][7][safepoint    ] Safepoint "Cleanup", Time since last: 2007730209 ns, Reaching safepoint: 430292 ns, At safepoint: 9125 ns, Total: 439417 ns
[2024-03-11T08:47:45.191+0000][7][safepoint    ] Safepoint "Cleanup", Time since last: 1005461375 ns, Reaching safepoint: 299292 ns, At safepoint: 6583 ns, Total: 305875 ns
[2024-03-11T08:48:03.238+0000][7][safepoint    ] Safepoint "Cleanup", Time since last: 18060126258 ns, Reaching safepoint: 464125 ns, At safepoint: 6792 ns, Total: 470917 ns
[2024-03-11T08:48:04.240+0000][7][safepoint    ] Safepoint "Cleanup", Time since last: 1002180751 ns, Reaching safepoint: 305041 ns, At safepoint: 4459 ns, Total: 309500 ns
[2024-03-11T08:48:11.266+0000][7][safepoint    ] Safepoint "Cleanup", Time since last: 7025621795 ns, Reaching safepoint: 524875 ns, At safepoint: 11500 ns, Total: 536375 ns
[2024-03-11T08:48:12.271+0000][7][safepoint    ] Safepoint "Cleanup", Time since last: 1003901333 ns, Reaching safepoint: 381792 ns, At safepoint: 9167 ns, Total: 390959 ns
[2024-03-11T08:48:18.290+0000][7][safepoint    ] Safepoint "Cleanup", Time since last: 6018318003 ns, Reaching safepoint: 585666 ns, At safepoint: 7750 ns, Total: 593416 ns
[2024-03-11T08:48:26.325+0000][7][safepoint    ] Safepoint "Cleanup", Time since last: 8035151629 ns, Reaching safepoint: 296125 ns, At safepoint: 4958 ns, Total: 301083 ns
[2024-03-11T08:48:27.332+0000][7][safepoint    ] Safepoint "Cleanup", Time since last: 1006434084 ns, Reaching safepoint: 305250 ns, At safepoint: 10084 ns, Total: 315334 ns
[2024-03-11T08:48:29.335+0000][7][safepoint    ] Safepoint "Cleanup", Time since last: 2002748917 ns, Reaching safepoint: 365042 ns, At safepoint: 9750 ns, Total: 374792 ns
[2024-03-11T08:48:38.364+0000][7][safepoint    ] Safepoint "Cleanup", Time since last: 9030558754 ns, Reaching safepoint: 346167 ns, At safepoint: 7666 ns, Total: 353833 ns
[2024-03-11T08:48:41.378+0000][7][safepoint    ] Safepoint "Cleanup", Time since last: 3013450668 ns, Reaching safepoint: 395292 ns, At safepoint: 5167 ns, Total: 400459 ns
[2024-03-11T08:48:42.383+0000][7][safepoint    ] Safepoint "Cleanup", Time since last: 1005520750 ns, Reaching safepoint: 221583 ns, At safepoint: 4667 ns, Total: 226250 ns
[2024-03-11T08:48:47.401+0000][7][safepoint    ] Safepoint "Cleanup", Time since last: 5017475003 ns, Reaching safepoint: 302583 ns, At safepoint: 6750 ns, Total: 309333 ns
[2024-03-11T08:48:48.406+0000][7][safepoint    ] Safepoint "Cleanup", Time since last: 1004553084 ns, Reaching safepoint: 262000 ns, At safepoint: 6958 ns, Total: 268958 ns
[2024-03-11T08:48:58.429+0000][7][safepoint    ] Safepoint "Cleanup", Time since last: 10022587713 ns, Reaching safepoint: 572667 ns, At safepoint: 9083 ns, Total: 581750 ns
[2024-03-11T08:49:06.442+0000][7][safepoint    ] Safepoint "Cleanup", Time since last: 8013665795 ns, Reaching safepoint: 213916 ns, At safepoint: 6834 ns, Total: 220750 ns
[2024-03-11T08:49:11.458+0000][7][safepoint    ] Safepoint "Cleanup", Time since last: 5015941169 ns, Reaching safepoint: 438791 ns, At safepoint: 15334 ns, Total: 454125 ns
[2024-03-11T08:49:16.465+0000][7][safepoint    ] Safepoint "Cleanup", Time since last: 5006913544 ns, Reaching safepoint: 146625 ns, At safepoint: 3791 ns, Total: 150416 ns
[2024-03-11T08:49:18.472+0000][7][safepoint    ] Safepoint "Cleanup", Time since last: 2005692626 ns, Reaching safepoint: 627167 ns, At safepoint: 7250 ns, Total: 634417 ns
[2024-03-11T08:49:41.528+0000][7][safepoint    ] Safepoint "Cleanup", Time since last: 23056934260 ns, Reaching safepoint: 256250 ns, At safepoint: 5709 ns, Total: 261959 ns
[2024-03-11T08:49:48.554+0000][7][safepoint    ] Safepoint "Cleanup", Time since last: 7025410961 ns, Reaching safepoint: 316917 ns, At safepoint: 7042 ns, Total: 323959 ns
[2024-03-11T08:49:52.566+0000][7][safepoint    ] Safepoint "Cleanup", Time since last: 4011192418 ns, Reaching safepoint: 214084 ns, At safepoint: 20083 ns, Total: 234167 ns
[2024-03-11T08:49:54.568+0000][7][safepoint    ] Safepoint "Cleanup", Time since last: 2002326376 ns, Reaching safepoint: 339000 ns, At safepoint: 6917 ns, Total: 345917 ns
[2024-03-11T08:49:59.579+0000][7][safepoint    ] Safepoint "Cleanup", Time since last: 5010208794 ns, Reaching safepoint: 297208 ns, At safepoint: 8292 ns, Total: 305500 ns
[2024-03-11T08:50:07.595+0000][7][safepoint    ] Safepoint "Cleanup", Time since last: 8015621503 ns, Reaching safepoint: 113625 ns, At safepoint: 2375 ns, Total: 116000 ns
[2024-03-11T08:50:11.605+0000][7][safepoint    ] Safepoint "Cleanup", Time since last: 4010262835 ns, Reaching safepoint: 307750 ns, At safepoint: 5375 ns, Total: 313125 ns
[2024-03-11T08:50:12.607+0000][7][safepoint    ] Safepoint "Cleanup", Time since last: 1001747167 ns, Reaching safepoint: 150750 ns, At safepoint: 3917 ns, Total: 154667 ns
[2024-03-11T08:50:37.672+0000][7][safepoint    ] Safepoint "Cleanup", Time since last: 25063546636 ns, Reaching safepoint: 1197584 ns, At safepoint: 12500 ns, Total: 1210084 ns
[2024-03-11T08:50:40.681+0000][7][safepoint    ] Safepoint "Cleanup", Time since last: 3008561376 ns, Reaching safepoint: 286208 ns, At safepoint: 4959 ns, Total: 291167 ns
[2024-03-11T08:50:41.683+0000][7][safepoint    ] Safepoint "Cleanup", Time since last: 1002010083 ns, Reaching safepoint: 513959 ns, At safepoint: 5500 ns, Total: 519459 ns
[2024-03-11T08:50:43.695+0000][7][safepoint    ] Safepoint "Cleanup", Time since last: 2011505667 ns, Reaching safepoint: 283042 ns, At safepoint: 5625 ns, Total: 288667 ns
[2024-03-11T08:50:49.722+0000][7][safepoint    ] Safepoint "Cleanup", Time since last: 6026148253 ns, Reaching safepoint: 489958 ns, At safepoint: 5750 ns, Total: 495708 ns
[2024-03-11T08:50:52.733+0000][7][safepoint    ] Safepoint "Cleanup", Time since last: 3010901127 ns, Reaching safepoint: 435583 ns, At safepoint: 5250 ns, Total: 440833 ns
[2024-03-11T08:50:57.747+0000][7][safepoint    ] Safepoint "Cleanup", Time since last: 5013491002 ns, Reaching safepoint: 422292 ns, At safepoint: 7958 ns, Total: 430250 ns
[2024-03-11T08:50:59.755+0000][7][safepoint    ] Safepoint "Cleanup", Time since last: 2007288501 ns, Reaching safepoint: 432125 ns, At safepoint: 16292 ns, Total: 448417 ns
[2024-03-11T08:51:11.796+0000][7][safepoint    ] Safepoint "Cleanup", Time since last: 12038362881 ns, Reaching safepoint: 440000 ns, At safepoint: 5833 ns, Total: 445833 ns
[2024-03-11T08:51:20.822+0000][7][safepoint    ] Safepoint "Cleanup", Time since last: 9025654921 ns, Reaching safepoint: 332250 ns, At safepoint: 5708 ns, Total: 337958 ns
[2024-03-11T08:51:37.884+0000][7][safepoint    ] Safepoint "Cleanup", Time since last: 17064989758 ns, Reaching safepoint: 377166 ns, At safepoint: 6084 ns, Total: 383250 ns
[2024-03-11T08:51:41.894+0000][7][safepoint    ] Safepoint "Cleanup", Time since last: 4009399835 ns, Reaching safepoint: 221917 ns, At safepoint: 4666 ns, Total: 226583 ns
[2024-03-11T08:51:42.896+0000][7][safepoint    ] Safepoint "Cleanup", Time since last: 1002071959 ns, Reaching safepoint: 416917 ns, At safepoint: 9875 ns, Total: 426792 ns
[2024-03-11T08:51:44.900+0000][7][safepoint    ] Safepoint "Cleanup", Time since last: 2002795667 ns, Reaching safepoint: 264917 ns, At safepoint: 3792 ns, Total: 268709 ns
[2024-03-11T08:51:47.909+0000][7][safepoint    ] Safepoint "Cleanup", Time since last: 3008747543 ns, Reaching safepoint: 247666 ns, At safepoint: 3875 ns, Total: 251541 ns
[2024-03-11T08:51:53.921+0000][7][safepoint    ] Safepoint "Cleanup", Time since last: 6012386753 ns, Reaching safepoint: 317709 ns, At safepoint: 8958 ns, Total: 326667 ns
[2024-03-11T08:51:54.923+0000][7][safepoint    ] Safepoint "Cleanup", Time since last: 1001144292 ns, Reaching safepoint: 610958 ns, At safepoint: 11375 ns, Total: 622333 ns
[2024-03-11T08:51:57.931+0000][7][safepoint    ] Safepoint "Cleanup", Time since last: 3007875377 ns, Reaching safepoint: 421875 ns, At safepoint: 6583 ns, Total: 428458 ns
[2024-03-11T08:51:59.933+0000][7][safepoint    ] Safepoint "Cleanup", Time since last: 2001953959 ns, Reaching safepoint: 194542 ns, At safepoint: 4500 ns, Total: 199042 ns
[2024-03-11T08:52:11.967+0000][7][safepoint    ] Safepoint "Cleanup", Time since last: 12033385505 ns, Reaching safepoint: 191458 ns, At safepoint: 4875 ns, Total: 196333 ns
[2024-03-11T08:52:23.999+0000][7][safepoint    ] Safepoint "Cleanup", Time since last: 12031094631 ns, Reaching safepoint: 413542 ns, At safepoint: 19250 ns, Total: 432792 ns
[2024-03-11T08:53:02.123+0000][7][safepoint    ] Safepoint "Cleanup", Time since last: 38122631433 ns, Reaching safepoint: 2431500 ns, At safepoint: 10959 ns, Total: 2442459 ns
[2024-03-11T08:53:02.818+0000][7][gc,start     ] GC(15) Pause Young (Normal) (G1 Evacuation Pause)
[2024-03-11T08:53:02.818+0000][7][gc,task      ] GC(15) Using 8 workers of 8 for evacuation
[2024-03-11T08:53:02.819+0000][7][gc,age       ] GC(15) Desired survivor size 19922944 bytes, new threshold 15 (max threshold 15)
[2024-03-11T08:53:02.907+0000][7][gc,age       ] GC(15) Age table with threshold 15 (max threshold 15)
[2024-03-11T08:53:02.908+0000][7][gc,age       ] GC(15) - age   1:    7262048 bytes,    7262048 total
[2024-03-11T08:53:02.908+0000][7][gc,age       ] GC(15) - age   2:    9750736 bytes,   17012784 total
[2024-03-11T08:53:02.908+0000][7][gc,age       ] GC(15) - age   3:    4214592 bytes,   21227376 total
[2024-03-11T08:53:02.908+0000][7][gc,phases    ] GC(15)   Pre Evacuate Collection Set: 0.7ms
[2024-03-11T08:53:02.908+0000][7][gc,phases    ] GC(15)   Merge Heap Roots: 0.6ms
[2024-03-11T08:53:02.908+0000][7][gc,phases    ] GC(15)   Evacuate Collection Set: 84.5ms
[2024-03-11T08:53:02.908+0000][7][gc,phases    ] GC(15)   Post Evacuate Collection Set: 2.4ms
[2024-03-11T08:53:02.908+0000][7][gc,phases    ] GC(15)   Other: 2.2ms
[2024-03-11T08:53:02.908+0000][7][gc,heap      ] GC(15) Eden regions: 283->0(267)
[2024-03-11T08:53:02.909+0000][7][gc,heap      ] GC(15) Survivor regions: 16->22(38)
[2024-03-11T08:53:02.909+0000][7][gc,heap      ] GC(15) Old regions: 49->49
[2024-03-11T08:53:02.909+0000][7][gc,heap      ] GC(15) Archive regions: 0->0
[2024-03-11T08:53:02.909+0000][7][gc,heap      ] GC(15) Humongous regions: 15->15
[2024-03-11T08:53:02.909+0000][7][gc,metaspace ] GC(15) Metaspace: 97604K(105168K)->97604K(105168K) NonClass: 84643K(89188K)->84643K(89188K) Class: 12961K(15980K)->12961K(15980K)
[2024-03-11T08:53:02.909+0000][7][gc           ] GC(15) Pause Young (Normal) (G1 Evacuation Pause) 361M->84M(512M) 91.165ms
[2024-03-11T08:53:02.909+0000][7][gc,cpu       ] GC(15) User=0.53s Sys=0.01s Real=0.09s
[2024-03-11T08:53:02.909+0000][7][safepoint    ] Safepoint "G1CollectForAllocation", Time since last: 694837000 ns, Reaching safepoint: 193667 ns, At safepoint: 91626375 ns, Total: 91820042 ns
[2024-03-11T08:53:05.924+0000][7][safepoint    ] Safepoint "Cleanup", Time since last: 3014861293 ns, Reaching safepoint: 328833 ns, At safepoint: 11458 ns, Total: 340291 ns
[2024-03-11T08:53:07.932+0000][7][safepoint    ] Safepoint "Cleanup", Time since last: 2007742835 ns, Reaching safepoint: 290041 ns, At safepoint: 6750 ns, Total: 296791 ns
[2024-03-11T08:53:11.947+0000][7][safepoint    ] Safepoint "Cleanup", Time since last: 4014731752 ns, Reaching safepoint: 268125 ns, At safepoint: 4792 ns, Total: 272917 ns
[2024-03-11T08:53:32.999+0000][7][safepoint    ] Safepoint "Cleanup", Time since last: 21051416717 ns, Reaching safepoint: 429750 ns, At safepoint: 6709 ns, Total: 436459 ns
[2024-03-11T08:53:43.028+0000][7][safepoint    ] Safepoint "Cleanup", Time since last: 10027613171 ns, Reaching safepoint: 598375 ns, At safepoint: 13208 ns, Total: 611583 ns
[2024-03-11T08:54:42.219+0000][7][safepoint    ] Safepoint "Cleanup", Time since last: 59191100860 ns, Reaching safepoint: 717375 ns, At safepoint: 4750 ns, Total: 722125 ns
[2024-03-11T08:54:54.261+0000][7][safepoint    ] Safepoint "Cleanup", Time since last: 12041512839 ns, Reaching safepoint: 550459 ns, At safepoint: 8541 ns, Total: 559000 ns
[2024-03-11T08:54:57.276+0000][7][safepoint    ] Safepoint "Cleanup", Time since last: 3014863627 ns, Reaching safepoint: 304292 ns, At safepoint: 7666 ns, Total: 311958 ns
[2024-03-11T08:55:11.334+0000][7][safepoint    ] Safepoint "Cleanup", Time since last: 14058551382 ns, Reaching safepoint: 303791 ns, At safepoint: 4834 ns, Total: 308625 ns
[2024-03-11T08:55:16.347+0000][7][safepoint    ] Safepoint "Cleanup", Time since last: 5012346002 ns, Reaching safepoint: 295583 ns, At safepoint: 5709 ns, Total: 301292 ns
[2024-03-11T08:55:42.422+0000][7][safepoint    ] Safepoint "Cleanup", Time since last: 26074984261 ns, Reaching safepoint: 415500 ns, At safepoint: 7542 ns, Total: 423042 ns
[2024-03-11T08:55:43.425+0000][7][safepoint    ] Safepoint "Cleanup", Time since last: 1002584209 ns, Reaching safepoint: 228458 ns, At safepoint: 5459 ns, Total: 233917 ns
[2024-03-11T08:55:44.431+0000][7][safepoint    ] Safepoint "Cleanup", Time since last: 1005790208 ns, Reaching safepoint: 245584 ns, At safepoint: 7375 ns, Total: 252959 ns
[2024-03-11T08:55:45.434+0000][7][safepoint    ] Safepoint "Cleanup", Time since last: 1002750709 ns, Reaching safepoint: 194458 ns, At safepoint: 4750 ns, Total: 199208 ns
[2024-03-11T08:55:46.436+0000][7][safepoint    ] Safepoint "Cleanup", Time since last: 1001810042 ns, Reaching safepoint: 238292 ns, At safepoint: 8166 ns, Total: 246458 ns
[2024-03-11T08:55:47.438+0000][7][safepoint    ] Safepoint "Cleanup", Time since last: 1001618334 ns, Reaching safepoint: 413459 ns, At safepoint: 5000 ns, Total: 418459 ns
[2024-03-11T08:55:48.443+0000][7][safepoint    ] Safepoint "Cleanup", Time since last: 1004456542 ns, Reaching safepoint: 163875 ns, At safepoint: 4500 ns, Total: 168375 ns
[2024-03-11T08:55:49.444+0000][7][safepoint    ] Safepoint "Cleanup", Time since last: 1001344833 ns, Reaching safepoint: 168625 ns, At safepoint: 3167 ns, Total: 171792 ns
[2024-03-11T08:55:50.449+0000][7][safepoint    ] Safepoint "Cleanup", Time since last: 1004186167 ns, Reaching safepoint: 390959 ns, At safepoint: 8083 ns, Total: 399042 ns
[2024-03-11T08:55:51.455+0000][7][safepoint    ] Safepoint "Cleanup", Time since last: 1006047625 ns, Reaching safepoint: 174542 ns, At safepoint: 3500 ns, Total: 178042 ns
[2024-03-11T08:55:52.461+0000][7][safepoint    ] Safepoint "Cleanup", Time since last: 1005637751 ns, Reaching safepoint: 338750 ns, At safepoint: 8625 ns, Total: 347375 ns
[2024-03-11T08:55:53.466+0000][7][safepoint    ] Safepoint "Cleanup", Time since last: 1005137375 ns, Reaching safepoint: 219500 ns, At safepoint: 4625 ns, Total: 224125 ns
[2024-03-11T08:55:54.470+0000][7][safepoint    ] Safepoint "Cleanup", Time since last: 1002661251 ns, Reaching safepoint: 428916 ns, At safepoint: 3917 ns, Total: 432833 ns
[2024-03-11T08:55:55.476+0000][7][safepoint    ] Safepoint "Cleanup", Time since last: 1006381042 ns, Reaching safepoint: 350500 ns, At safepoint: 10667 ns, Total: 361167 ns
[2024-03-11T08:55:56.481+0000][7][safepoint    ] Safepoint "Cleanup", Time since last: 1003958917 ns, Reaching safepoint: 244166 ns, At safepoint: 5292 ns, Total: 249458 ns
[2024-03-11T08:55:57.483+0000][7][safepoint    ] Safepoint "Cleanup", Time since last: 1001850876 ns, Reaching safepoint: 479416 ns, At safepoint: 22125 ns, Total: 501541 ns
[2024-03-11T08:55:58.485+0000][7][safepoint    ] Safepoint "Cleanup", Time since last: 1001386251 ns, Reaching safepoint: 1008041 ns, At safepoint: 14584 ns, Total: 1022625 ns
[2024-03-11T08:55:59.492+0000][7][safepoint    ] Safepoint "Cleanup", Time since last: 1006625500 ns, Reaching safepoint: 328792 ns, At safepoint: 5625 ns, Total: 334417 ns
[2024-03-11T08:56:00.494+0000][7][safepoint    ] Safepoint "Cleanup", Time since last: 1001082750 ns, Reaching safepoint: 254125 ns, At safepoint: 6292 ns, Total: 260417 ns
[2024-03-11T08:56:01.497+0000][7][safepoint    ] Safepoint "Cleanup", Time since last: 1002715958 ns, Reaching safepoint: 413167 ns, At safepoint: 6875 ns, Total: 420042 ns
[2024-03-11T08:56:02.500+0000][7][safepoint    ] Safepoint "Cleanup", Time since last: 1002728500 ns, Reaching safepoint: 541333 ns, At safepoint: 5000 ns, Total: 546333 ns
[2024-03-11T08:56:04.418+0000][7][safepoint    ] Safepoint "Cleanup", Time since last: 1916956376 ns, Reaching safepoint: 337584 ns, At safepoint: 12416 ns, Total: 350000 ns
[2024-03-11T08:56:05.421+0000][7][safepoint    ] Safepoint "Cleanup", Time since last: 1003212959 ns, Reaching safepoint: 387000 ns, At safepoint: 5250 ns, Total: 392250 ns
[2024-03-11T08:56:06.424+0000][7][safepoint    ] Safepoint "Cleanup", Time since last: 1002528792 ns, Reaching safepoint: 380750 ns, At safepoint: 6625 ns, Total: 387375 ns
[2024-03-11T08:56:07.426+0000][7][safepoint    ] Safepoint "Cleanup", Time since last: 1001779167 ns, Reaching safepoint: 281667 ns, At safepoint: 5792 ns, Total: 287459 ns
[2024-03-11T08:56:08.432+0000][7][safepoint    ] Safepoint "Cleanup", Time since last: 1005790875 ns, Reaching safepoint: 217875 ns, At safepoint: 3750 ns, Total: 221625 ns
[2024-03-11T08:56:09.437+0000][7][safepoint    ] Safepoint "Cleanup", Time since last: 1004187667 ns, Reaching safepoint: 239542 ns, At safepoint: 5208 ns, Total: 244750 ns
[2024-03-11T08:56:10.437+0000][7][safepoint    ] Safepoint "Cleanup", Time since last: 1000556543 ns, Reaching safepoint: 136125 ns, At safepoint: 4125 ns, Total: 140250 ns
[2024-03-11T08:56:11.440+0000][7][safepoint    ] Safepoint "Cleanup", Time since last: 1002131750 ns, Reaching safepoint: 219750 ns, At safepoint: 5792 ns, Total: 225542 ns
[2024-03-11T08:56:12.441+0000][7][safepoint    ] Safepoint "Cleanup", Time since last: 1000855000 ns, Reaching safepoint: 235833 ns, At safepoint: 14375 ns, Total: 250208 ns
[2024-03-11T08:56:13.444+0000][7][safepoint    ] Safepoint "Cleanup", Time since last: 1002497918 ns, Reaching safepoint: 440541 ns, At safepoint: 4542 ns, Total: 445083 ns
[2024-03-11T08:56:14.447+0000][7][safepoint    ] Safepoint "Cleanup", Time since last: 1002688875 ns, Reaching safepoint: 299084 ns, At safepoint: 9916 ns, Total: 309000 ns
[2024-03-11T08:56:15.450+0000][7][safepoint    ] Safepoint "Cleanup", Time since last: 1002648334 ns, Reaching safepoint: 273125 ns, At safepoint: 6125 ns, Total: 279250 ns
[2024-03-11T08:56:16.454+0000][7][safepoint    ] Safepoint "Cleanup", Time since last: 1003712001 ns, Reaching safepoint: 434708 ns, At safepoint: 5542 ns, Total: 440250 ns
[2024-03-11T08:56:17.457+0000][7][safepoint    ] Safepoint "Cleanup", Time since last: 1002466084 ns, Reaching safepoint: 267541 ns, At safepoint: 5542 ns, Total: 273083 ns
[2024-03-11T08:56:18.458+0000][7][safepoint    ] Safepoint "Cleanup", Time since last: 1000999209 ns, Reaching safepoint: 206083 ns, At safepoint: 6958 ns, Total: 213041 ns
[2024-03-11T08:56:19.463+0000][7][safepoint    ] Safepoint "Cleanup", Time since last: 1003291167 ns, Reaching safepoint: 1560292 ns, At safepoint: 15000 ns, Total: 1575292 ns
[2024-03-11T08:56:20.467+0000][7][safepoint    ] Safepoint "Cleanup", Time since last: 1002588376 ns, Reaching safepoint: 1332958 ns, At safepoint: 12583 ns, Total: 1345541 ns
[2024-03-11T08:56:21.473+0000][7][safepoint    ] Safepoint "Cleanup", Time since last: 1005747334 ns, Reaching safepoint: 315042 ns, At safepoint: 5166 ns, Total: 320208 ns
[2024-03-11T08:56:22.480+0000][7][safepoint    ] Safepoint "Cleanup", Time since last: 1006659876 ns, Reaching safepoint: 260542 ns, At safepoint: 5166 ns, Total: 265708 ns
[2024-03-11T08:56:23.482+0000][7][safepoint    ] Safepoint "Cleanup", Time since last: 1001793417 ns, Reaching safepoint: 298250 ns, At safepoint: 13917 ns, Total: 312167 ns
[2024-03-11T08:56:24.484+0000][7][safepoint    ] Safepoint "Cleanup", Time since last: 1002025709 ns, Reaching safepoint: 265208 ns, At safepoint: 4584 ns, Total: 269792 ns
[2024-03-11T08:56:25.486+0000][7][safepoint    ] Safepoint "Cleanup", Time since last: 1001029000 ns, Reaching safepoint: 384708 ns, At safepoint: 11167 ns, Total: 395875 ns
[2024-03-11T08:56:26.489+0000][7][safepoint    ] Safepoint "Cleanup", Time since last: 1002976667 ns, Reaching safepoint: 181917 ns, At safepoint: 5041 ns, Total: 186958 ns
[2024-03-11T08:56:27.491+0000][7][safepoint    ] Safepoint "Cleanup", Time since last: 1002433793 ns, Reaching safepoint: 228291 ns, At safepoint: 3834 ns, Total: 232125 ns
[2024-03-11T08:56:28.498+0000][7][safepoint    ] Safepoint "Cleanup", Time since last: 1005737292 ns, Reaching safepoint: 518791 ns, At safepoint: 18709 ns, Total: 537500 ns
[2024-03-11T08:56:29.502+0000][7][safepoint    ] Safepoint "Cleanup", Time since last: 1004065209 ns, Reaching safepoint: 582666 ns, At safepoint: 5959 ns, Total: 588625 ns
[2024-03-11T08:56:30.506+0000][7][safepoint    ] Safepoint "Cleanup", Time since last: 1003410250 ns, Reaching safepoint: 274792 ns, At safepoint: 8458 ns, Total: 283250 ns
[2024-03-11T08:56:31.512+0000][7][safepoint    ] Safepoint "Cleanup", Time since last: 1006306500 ns, Reaching safepoint: 180125 ns, At safepoint: 3708 ns, Total: 183833 ns
[2024-03-11T08:56:32.518+0000][7][safepoint    ] Safepoint "Cleanup", Time since last: 1005526375 ns, Reaching safepoint: 203250 ns, At safepoint: 4209 ns, Total: 207459 ns
[2024-03-11T08:56:33.520+0000][7][safepoint    ] Safepoint "Cleanup", Time since last: 1002415584 ns, Reaching safepoint: 236458 ns, At safepoint: 5250 ns, Total: 241708 ns
[2024-03-11T08:56:34.527+0000][7][safepoint    ] Safepoint "Cleanup", Time since last: 1005573875 ns, Reaching safepoint: 455042 ns, At safepoint: 11917 ns, Total: 466959 ns
[2024-03-11T08:56:35.529+0000][7][safepoint    ] Safepoint "Cleanup", Time since last: 1002334209 ns, Reaching safepoint: 264083 ns, At safepoint: 6625 ns, Total: 270708 ns
[2024-03-11T08:56:36.533+0000][7][safepoint    ] Safepoint "Cleanup", Time since last: 1003675584 ns, Reaching safepoint: 383791 ns, At safepoint: 5792 ns, Total: 389583 ns
[2024-03-11T08:56:37.535+0000][7][safepoint    ] Safepoint "Cleanup", Time since last: 1001407375 ns, Reaching safepoint: 254917 ns, At safepoint: 5167 ns, Total: 260084 ns
[2024-03-11T08:56:38.537+0000][7][safepoint    ] Safepoint "Cleanup", Time since last: 1001721375 ns, Reaching safepoint: 761375 ns, At safepoint: 24750 ns, Total: 786125 ns
[2024-03-11T08:56:39.544+0000][7][safepoint    ] Safepoint "Cleanup", Time since last: 1006623459 ns, Reaching safepoint: 290917 ns, At safepoint: 6083 ns, Total: 297000 ns
[2024-03-11T08:56:40.662+0000][7][safepoint    ] Safepoint "Cleanup", Time since last: 1117962459 ns, Reaching safepoint: 164542 ns, At safepoint: 4125 ns, Total: 168667 ns
[2024-03-11T08:56:42.455+0000][7][safepoint    ] Safepoint "Cleanup", Time since last: 1792483875 ns, Reaching safepoint: 162917 ns, At safepoint: 3750 ns, Total: 166667 ns
[2024-03-11T08:56:43.461+0000][7][safepoint    ] Safepoint "Cleanup", Time since last: 1005801251 ns, Reaching safepoint: 303791 ns, At safepoint: 5334 ns, Total: 309125 ns
[2024-03-11T08:56:44.467+0000][7][safepoint    ] Safepoint "Cleanup", Time since last: 1005875958 ns, Reaching safepoint: 280834 ns, At safepoint: 7166 ns, Total: 288000 ns
[2024-03-11T08:56:45.474+0000][7][safepoint    ] Safepoint "Cleanup", Time since last: 1005777001 ns, Reaching safepoint: 469417 ns, At safepoint: 12458 ns, Total: 481875 ns
[2024-03-11T08:56:46.477+0000][7][safepoint    ] Safepoint "Cleanup", Time since last: 1003015334 ns, Reaching safepoint: 225791 ns, At safepoint: 4167 ns, Total: 229958 ns
[2024-03-11T08:56:47.480+0000][7][safepoint    ] Safepoint "Cleanup", Time since last: 1002293417 ns, Reaching safepoint: 512625 ns, At safepoint: 31542 ns, Total: 544167 ns
[2024-03-11T08:56:48.483+0000][7][safepoint    ] Safepoint "Cleanup", Time since last: 1002608292 ns, Reaching safepoint: 250125 ns, At safepoint: 2708 ns, Total: 252833 ns
[2024-03-11T08:56:49.486+0000][7][safepoint    ] Safepoint "Cleanup", Time since last: 1002880751 ns, Reaching safepoint: 476625 ns, At safepoint: 7208 ns, Total: 483833 ns
[2024-03-11T08:56:50.489+0000][7][safepoint    ] Safepoint "Cleanup", Time since last: 1002703251 ns, Reaching safepoint: 466000 ns, At safepoint: 12083 ns, Total: 478083 ns
[2024-03-11T08:56:51.492+0000][7][safepoint    ] Safepoint "Cleanup", Time since last: 1002432209 ns, Reaching safepoint: 169500 ns, At safepoint: 4791 ns, Total: 174291 ns
[2024-03-11T08:56:52.519+0000][7][safepoint    ] Safepoint "Cleanup", Time since last: 1006495459 ns, Reaching safepoint: 20522709 ns, At safepoint: 7625 ns, Total: 20530334 ns
[2024-03-11T08:56:53.521+0000][7][safepoint    ] Safepoint "Cleanup", Time since last: 1002014042 ns, Reaching safepoint: 217083 ns, At safepoint: 5167 ns, Total: 222250 ns
[2024-03-11T08:56:54.525+0000][7][safepoint    ] Safepoint "Cleanup", Time since last: 1003588667 ns, Reaching safepoint: 244000 ns, At safepoint: 4333 ns, Total: 248333 ns
[2024-03-11T08:56:55.530+0000][7][safepoint    ] Safepoint "Cleanup", Time since last: 1004670751 ns, Reaching safepoint: 389708 ns, At safepoint: 8833 ns, Total: 398541 ns
[2024-03-11T08:56:56.533+0000][7][safepoint    ] Safepoint "Cleanup", Time since last: 1003077501 ns, Reaching safepoint: 141083 ns, At safepoint: 4500 ns, Total: 145583 ns
[2024-03-11T08:56:57.535+0000][7][safepoint    ] Safepoint "Cleanup", Time since last: 1001232209 ns, Reaching safepoint: 247167 ns, At safepoint: 5083 ns, Total: 252250 ns
[2024-03-11T08:56:58.538+0000][7][safepoint    ] Safepoint "Cleanup", Time since last: 1003008750 ns, Reaching safepoint: 472250 ns, At safepoint: 9792 ns, Total: 482042 ns
[2024-03-11T08:57:00.310+0000][7][safepoint    ] Safepoint "Cleanup", Time since last: 1771907543 ns, Reaching safepoint: 158875 ns, At safepoint: 3791 ns, Total: 162666 ns
[2024-03-11T08:57:01.314+0000][7][safepoint    ] Safepoint "Cleanup", Time since last: 1003681917 ns, Reaching safepoint: 454625 ns, At safepoint: 6250 ns, Total: 460875 ns
[2024-03-11T08:57:02.316+0000][7][safepoint    ] Safepoint "Cleanup", Time since last: 1001310834 ns, Reaching safepoint: 557792 ns, At safepoint: 8833 ns, Total: 566625 ns
[2024-03-11T08:57:03.321+0000][7][safepoint    ] Safepoint "Cleanup", Time since last: 1004805500 ns, Reaching safepoint: 322417 ns, At safepoint: 7167 ns, Total: 329584 ns
[2024-03-11T08:57:04.325+0000][7][safepoint    ] Safepoint "Cleanup", Time since last: 1003689709 ns, Reaching safepoint: 281916 ns, At safepoint: 6584 ns, Total: 288500 ns
[2024-03-11T08:57:05.331+0000][7][safepoint    ] Safepoint "Cleanup", Time since last: 1005428542 ns, Reaching safepoint: 239791 ns, At safepoint: 6459 ns, Total: 246250 ns
[2024-03-11T08:57:06.337+0000][7][safepoint    ] Safepoint "Cleanup", Time since last: 1006061875 ns, Reaching safepoint: 311750 ns, At safepoint: 9459 ns, Total: 321209 ns
[2024-03-11T08:57:07.345+0000][7][safepoint    ] Safepoint "Cleanup", Time since last: 1006716083 ns, Reaching safepoint: 913584 ns, At safepoint: 11625 ns, Total: 925209 ns
[2024-03-11T08:57:08.351+0000][7][safepoint    ] Safepoint "Cleanup", Time since last: 1005965375 ns, Reaching safepoint: 285709 ns, At safepoint: 6125 ns, Total: 291834 ns
[2024-03-11T08:57:09.354+0000][7][safepoint    ] Safepoint "Cleanup", Time since last: 1001878875 ns, Reaching safepoint: 1215000 ns, At safepoint: 27542 ns, Total: 1242542 ns
[2024-03-11T08:57:10.359+0000][7][safepoint    ] Safepoint "Cleanup", Time since last: 1004403167 ns, Reaching safepoint: 294083 ns, At safepoint: 6583 ns, Total: 300666 ns
[2024-03-11T08:57:11.362+0000][7][safepoint    ] Safepoint "Cleanup", Time since last: 1002479418 ns, Reaching safepoint: 233625 ns, At safepoint: 8750 ns, Total: 242375 ns
[2024-03-11T08:57:12.368+0000][7][safepoint    ] Safepoint "Cleanup", Time since last: 1005630208 ns, Reaching safepoint: 598209 ns, At safepoint: 9291 ns, Total: 607500 ns
[2024-03-11T08:57:13.372+0000][7][safepoint    ] Safepoint "Cleanup", Time since last: 1003192251 ns, Reaching safepoint: 333208 ns, At safepoint: 5750 ns, Total: 338958 ns
[2024-03-11T08:57:14.374+0000][7][safepoint    ] Safepoint "Cleanup", Time since last: 1002002001 ns, Reaching safepoint: 141333 ns, At safepoint: 4333 ns, Total: 145666 ns
[2024-03-11T08:57:15.376+0000][7][safepoint    ] Safepoint "Cleanup", Time since last: 1001783376 ns, Reaching safepoint: 224875 ns, At safepoint: 5208 ns, Total: 230083 ns
[2024-03-11T08:57:16.378+0000][7][safepoint    ] Safepoint "Cleanup", Time since last: 1001442084 ns, Reaching safepoint: 458708 ns, At safepoint: 8459 ns, Total: 467167 ns
[2024-03-11T08:57:17.381+0000][7][safepoint    ] Safepoint "Cleanup", Time since last: 1002745542 ns, Reaching safepoint: 223250 ns, At safepoint: 4708 ns, Total: 227958 ns
[2024-03-11T08:57:18.383+0000][7][safepoint    ] Safepoint "Cleanup", Time since last: 1001812792 ns, Reaching safepoint: 174584 ns, At safepoint: 4833 ns, Total: 179417 ns
[2024-03-11T08:57:19.385+0000][7][safepoint    ] Safepoint "Cleanup", Time since last: 1001591417 ns, Reaching safepoint: 513542 ns, At safepoint: 8166 ns, Total: 521708 ns
[2024-03-11T08:57:20.387+0000][7][safepoint    ] Safepoint "Cleanup", Time since last: 1002482209 ns, Reaching safepoint: 184584 ns, At safepoint: 4416 ns, Total: 189000 ns
[2024-03-11T08:57:21.390+0000][7][safepoint    ] Safepoint "Cleanup", Time since last: 1000622042 ns, Reaching safepoint: 1550917 ns, At safepoint: 24292 ns, Total: 1575209 ns
[2024-03-11T08:57:22.393+0000][7][safepoint    ] Safepoint "Cleanup", Time since last: 1001803875 ns, Reaching safepoint: 1262167 ns, At safepoint: 24458 ns, Total: 1286625 ns
[2024-03-11T08:57:23.396+0000][7][safepoint    ] Safepoint "Cleanup", Time since last: 1002872917 ns, Reaching safepoint: 473000 ns, At safepoint: 6959 ns, Total: 479959 ns
[2024-03-11T08:57:24.398+0000][7][safepoint    ] Safepoint "Cleanup", Time since last: 1001579667 ns, Reaching safepoint: 801458 ns, At safepoint: 23292 ns, Total: 824750 ns
[2024-03-11T08:57:25.400+0000][7][safepoint    ] Safepoint "Cleanup", Time since last: 1001584459 ns, Reaching safepoint: 212416 ns, At safepoint: 10667 ns, Total: 223083 ns
[2024-03-11T08:57:26.407+0000][7][safepoint    ] Safepoint "Cleanup", Time since last: 1006283167 ns, Reaching safepoint: 291667 ns, At safepoint: 5875 ns, Total: 297542 ns
[2024-03-11T08:57:27.410+0000][7][safepoint    ] Safepoint "Cleanup", Time since last: 1002908209 ns, Reaching safepoint: 253458 ns, At safepoint: 6958 ns, Total: 260416 ns
[2024-03-11T08:57:28.412+0000][7][safepoint    ] Safepoint "Cleanup", Time since last: 1001809292 ns, Reaching safepoint: 294417 ns, At safepoint: 15333 ns, Total: 309750 ns
[2024-03-11T08:57:29.414+0000][7][safepoint    ] Safepoint "Cleanup", Time since last: 1001528876 ns, Reaching safepoint: 340958 ns, At safepoint: 6709 ns, Total: 347667 ns
[2024-03-11T08:57:30.416+0000][7][safepoint    ] Safepoint "Cleanup", Time since last: 1001760292 ns, Reaching safepoint: 505041 ns, At safepoint: 7500 ns, Total: 512541 ns
[2024-03-11T08:57:31.417+0000][7][safepoint    ] Safepoint "Cleanup", Time since last: 1001007792 ns, Reaching safepoint: 358083 ns, At safepoint: 50500 ns, Total: 408583 ns
[2024-03-11T08:57:32.419+0000][7][safepoint    ] Safepoint "Cleanup", Time since last: 1002374959 ns, Reaching safepoint: 360875 ns, At safepoint: 9292 ns, Total: 370167 ns
[2024-03-11T08:57:33.423+0000][7][safepoint    ] Safepoint "Cleanup", Time since last: 1003050375 ns, Reaching safepoint: 247875 ns, At safepoint: 4333 ns, Total: 252208 ns
[2024-03-11T08:57:34.424+0000][7][safepoint    ] Safepoint "Cleanup", Time since last: 1001220709 ns, Reaching safepoint: 107042 ns, At safepoint: 1875 ns, Total: 108917 ns
[2024-03-11T08:57:35.425+0000][7][safepoint    ] Safepoint "Cleanup", Time since last: 1001136709 ns, Reaching safepoint: 114583 ns, At safepoint: 3208 ns, Total: 117791 ns
[2024-03-11T08:57:36.426+0000][7][safepoint    ] Safepoint "Cleanup", Time since last: 1000895001 ns, Reaching safepoint: 169042 ns, At safepoint: 4958 ns, Total: 174000 ns
[2024-03-11T08:57:37.427+0000][7][safepoint    ] Safepoint "Cleanup", Time since last: 1000601250 ns, Reaching safepoint: 92209 ns, At safepoint: 3000 ns, Total: 95209 ns
[2024-03-11T08:57:38.428+0000][7][safepoint    ] Safepoint "Cleanup", Time since last: 1000866959 ns, Reaching safepoint: 88750 ns, At safepoint: 5875 ns, Total: 94625 ns
[2024-03-11T08:57:39.429+0000][7][safepoint    ] Safepoint "Cleanup", Time since last: 1000960375 ns, Reaching safepoint: 363500 ns, At safepoint: 8292 ns, Total: 371792 ns
[2024-03-11T08:57:40.430+0000][7][safepoint    ] Safepoint "Cleanup", Time since last: 1000736959 ns, Reaching safepoint: 87583 ns, At safepoint: 1875 ns, Total: 89458 ns
[2024-03-11T08:57:41.433+0000][7][safepoint    ] Safepoint "Cleanup", Time since last: 1001904167 ns, Reaching safepoint: 1127208 ns, At safepoint: 6167 ns, Total: 1133375 ns
[2024-03-11T08:57:42.434+0000][7][safepoint    ] Safepoint "Cleanup", Time since last: 1000756584 ns, Reaching safepoint: 472250 ns, At safepoint: 8875 ns, Total: 481125 ns
[2024-03-11T08:57:43.435+0000][7][safepoint    ] Safepoint "Cleanup", Time since last: 1000482334 ns, Reaching safepoint: 85041 ns, At safepoint: 4834 ns, Total: 89875 ns
[2024-03-11T08:57:44.437+0000][7][safepoint    ] Safepoint "Cleanup", Time since last: 1001041750 ns, Reaching safepoint: 1009833 ns, At safepoint: 6250 ns, Total: 1016083 ns
[2024-03-11T08:57:45.439+0000][7][safepoint    ] Safepoint "Cleanup", Time since last: 1002048959 ns, Reaching safepoint: 69417 ns, At safepoint: 1625 ns, Total: 71042 ns
[2024-03-11T08:57:46.440+0000][7][safepoint    ] Safepoint "Cleanup", Time since last: 1000903875 ns, Reaching safepoint: 305417 ns, At safepoint: 4792 ns, Total: 310209 ns
[2024-03-11T08:57:47.442+0000][7][safepoint    ] Safepoint "Cleanup", Time since last: 1001237667 ns, Reaching safepoint: 250792 ns, At safepoint: 2000 ns, Total: 252792 ns
[2024-03-11T08:57:48.443+0000][7][safepoint    ] Safepoint "Cleanup", Time since last: 1001568792 ns, Reaching safepoint: 98166 ns, At safepoint: 1834 ns, Total: 100000 ns
[2024-03-11T08:57:49.466+0000][7][safepoint    ] Safepoint "Cleanup", Time since last: 1021790042 ns, Reaching safepoint: 371500 ns, At safepoint: 5125 ns, Total: 376625 ns
[2024-03-11T08:57:50.489+0000][7][safepoint    ] Safepoint "Cleanup", Time since last: 1023188584 ns, Reaching safepoint: 104625 ns, At safepoint: 2750 ns, Total: 107375 ns
[2024-03-11T08:57:51.490+0000][7][safepoint    ] Safepoint "Cleanup", Time since last: 1001071792 ns, Reaching safepoint: 86125 ns, At safepoint: 2500 ns, Total: 88625 ns
[2024-03-11T08:57:52.493+0000][7][safepoint    ] Safepoint "Cleanup", Time since last: 1002904167 ns, Reaching safepoint: 122250 ns, At safepoint: 5000 ns, Total: 127250 ns
[2024-03-11T08:57:53.496+0000][7][safepoint    ] Safepoint "Cleanup", Time since last: 1002433250 ns, Reaching safepoint: 82000 ns, At safepoint: 1792 ns, Total: 83792 ns
[2024-03-11T08:57:54.678+0000][7][safepoint    ] Safepoint "Cleanup", Time since last: 1182218542 ns, Reaching safepoint: 176875 ns, At safepoint: 2750 ns, Total: 179625 ns
[2024-03-11T08:57:55.681+0000][7][safepoint    ] Safepoint "Cleanup", Time since last: 1002807751 ns, Reaching safepoint: 625708 ns, At safepoint: 11542 ns, Total: 637250 ns
[2024-03-11T08:57:56.684+0000][7][safepoint    ] Safepoint "Cleanup", Time since last: 1001571417 ns, Reaching safepoint: 582208 ns, At safepoint: 7334 ns, Total: 589542 ns
[2024-03-11T08:57:57.690+0000][7][safepoint    ] Safepoint "Cleanup", Time since last: 1005485208 ns, Reaching safepoint: 369584 ns, At safepoint: 6458 ns, Total: 376042 ns
[2024-03-11T08:57:58.692+0000][7][safepoint    ] Safepoint "Cleanup", Time since last: 1001935792 ns, Reaching safepoint: 212959 ns, At safepoint: 5916 ns, Total: 218875 ns
[2024-03-11T08:57:59.703+0000][7][safepoint    ] Safepoint "Cleanup", Time since last: 1010249751 ns, Reaching safepoint: 1267375 ns, At safepoint: 4875 ns, Total: 1272250 ns
[2024-03-11T08:58:00.711+0000][7][safepoint    ] Safepoint "Cleanup", Time since last: 1006685792 ns, Reaching safepoint: 203750 ns, At safepoint: 4708 ns, Total: 208458 ns
[2024-03-11T08:58:01.718+0000][7][safepoint    ] Safepoint "Cleanup", Time since last: 1005861417 ns, Reaching safepoint: 1213958 ns, At safepoint: 10625 ns, Total: 1224583 ns
[2024-03-11T08:58:02.721+0000][7][safepoint    ] Safepoint "Cleanup", Time since last: 1003176751 ns, Reaching safepoint: 363083 ns, At safepoint: 5458 ns, Total: 368541 ns
[2024-03-11T08:58:03.726+0000][7][safepoint    ] Safepoint "Cleanup", Time since last: 1004127126 ns, Reaching safepoint: 486500 ns, At safepoint: 9458 ns, Total: 495958 ns
[2024-03-11T08:58:04.732+0000][7][safepoint    ] Safepoint "Cleanup", Time since last: 1005795001 ns, Reaching safepoint: 475541 ns, At safepoint: 5167 ns, Total: 480708 ns
[2024-03-11T08:58:05.735+0000][7][safepoint    ] Safepoint "Cleanup", Time since last: 1002033126 ns, Reaching safepoint: 407541 ns, At safepoint: 5417 ns, Total: 412958 ns
[2024-03-11T08:58:06.740+0000][7][safepoint    ] Safepoint "Cleanup", Time since last: 1005050125 ns, Reaching safepoint: 316875 ns, At safepoint: 7334 ns, Total: 324209 ns
[2024-03-11T08:58:07.744+0000][7][safepoint    ] Safepoint "Cleanup", Time since last: 1003609042 ns, Reaching safepoint: 284375 ns, At safepoint: 21583 ns, Total: 305958 ns
[2024-03-11T08:58:08.747+0000][7][safepoint    ] Safepoint "Cleanup", Time since last: 1002569501 ns, Reaching safepoint: 711125 ns, At safepoint: 9250 ns, Total: 720375 ns
[2024-03-11T08:58:09.754+0000][7][safepoint    ] Safepoint "Cleanup", Time since last: 1006231000 ns, Reaching safepoint: 266459 ns, At safepoint: 5458 ns, Total: 271917 ns
[2024-03-11T08:58:10.757+0000][7][safepoint    ] Safepoint "Cleanup", Time since last: 1002599125 ns, Reaching safepoint: 471875 ns, At safepoint: 5542 ns, Total: 477417 ns
[2024-03-11T08:58:11.763+0000][7][safepoint    ] Safepoint "Cleanup", Time since last: 1005776375 ns, Reaching safepoint: 317584 ns, At safepoint: 6291 ns, Total: 323875 ns
[2024-03-11T08:58:12.768+0000][7][safepoint    ] Safepoint "Cleanup", Time since last: 1004172876 ns, Reaching safepoint: 291917 ns, At safepoint: 6833 ns, Total: 298750 ns
[2024-03-11T08:58:13.768+0000][7][safepoint    ] Safepoint "Cleanup", Time since last: 1000699875 ns, Reaching safepoint: 173667 ns, At safepoint: 4083 ns, Total: 177750 ns
[2024-03-11T08:58:14.771+0000][7][safepoint    ] Safepoint "Cleanup", Time since last: 1002577834 ns, Reaching safepoint: 272292 ns, At safepoint: 6083 ns, Total: 278375 ns
[2024-03-11T08:58:15.778+0000][7][safepoint    ] Safepoint "Cleanup", Time since last: 1006059542 ns, Reaching safepoint: 451625 ns, At safepoint: 12084 ns, Total: 463709 ns
[2024-03-11T08:58:16.783+0000][7][safepoint    ] Safepoint "Cleanup", Time since last: 1004797250 ns, Reaching safepoint: 398417 ns, At safepoint: 7333 ns, Total: 405750 ns
[2024-03-11T08:58:17.785+0000][7][safepoint    ] Safepoint "Cleanup", Time since last: 1002054751 ns, Reaching safepoint: 328375 ns, At safepoint: 19333 ns, Total: 347708 ns
[2024-03-11T08:58:18.790+0000][7][safepoint    ] Safepoint "Cleanup", Time since last: 1004688667 ns, Reaching safepoint: 194417 ns, At safepoint: 3708 ns, Total: 198125 ns
[2024-03-11T08:58:19.794+0000][7][safepoint    ] Safepoint "Cleanup", Time since last: 1003228376 ns, Reaching safepoint: 188375 ns, At safepoint: 4583 ns, Total: 192958 ns
[2024-03-11T08:58:20.800+0000][7][safepoint    ] Safepoint "Cleanup", Time since last: 1005918500 ns, Reaching safepoint: 246625 ns, At safepoint: 5500 ns, Total: 252125 ns
[2024-03-11T08:58:21.803+0000][7][safepoint    ] Safepoint "Cleanup", Time since last: 1002815959 ns, Reaching safepoint: 234375 ns, At safepoint: 5542 ns, Total: 239917 ns
[2024-03-11T08:58:22.804+0000][7][safepoint    ] Safepoint "Cleanup", Time since last: 1000910375 ns, Reaching safepoint: 162209 ns, At safepoint: 12541 ns, Total: 174750 ns
[2024-03-11T08:58:23.808+0000][7][safepoint    ] Safepoint "Cleanup", Time since last: 1003914376 ns, Reaching safepoint: 472875 ns, At safepoint: 13042 ns, Total: 485917 ns
[2024-03-11T08:58:24.814+0000][7][safepoint    ] Safepoint "Cleanup", Time since last: 1004280250 ns, Reaching safepoint: 1380750 ns, At safepoint: 20333 ns, Total: 1401083 ns
[2024-03-11T08:58:25.820+0000][7][safepoint    ] Safepoint "Cleanup", Time since last: 1005360793 ns, Reaching safepoint: 753583 ns, At safepoint: 13958 ns, Total: 767541 ns
[2024-03-11T08:58:26.823+0000][7][safepoint    ] Safepoint "Cleanup", Time since last: 1001894251 ns, Reaching safepoint: 502208 ns, At safepoint: 13125 ns, Total: 515333 ns
[2024-03-11T08:58:27.836+0000][7][safepoint    ] Safepoint "Cleanup", Time since last: 1009461959 ns, Reaching safepoint: 3751291 ns, At safepoint: 52959 ns, Total: 3804250 ns
[2024-03-11T08:58:28.839+0000][7][safepoint    ] Safepoint "Cleanup", Time since last: 1003373292 ns, Reaching safepoint: 151167 ns, At safepoint: 6208 ns, Total: 157375 ns
[2024-03-11T08:58:29.842+0000][7][safepoint    ] Safepoint "Cleanup", Time since last: 1002231750 ns, Reaching safepoint: 611250 ns, At safepoint: 13209 ns, Total: 624459 ns
[2024-03-11T08:58:30.845+0000][7][safepoint    ] Safepoint "Cleanup", Time since last: 1002162625 ns, Reaching safepoint: 253000 ns, At safepoint: 5500 ns, Total: 258500 ns
[2024-03-11T08:58:31.846+0000][7][safepoint    ] Safepoint "Cleanup", Time since last: 1001105709 ns, Reaching safepoint: 269541 ns, At safepoint: 11125 ns, Total: 280666 ns
[2024-03-11T08:58:32.849+0000][7][safepoint    ] Safepoint "Cleanup", Time since last: 1002531001 ns, Reaching safepoint: 684708 ns, At safepoint: 24709 ns, Total: 709417 ns
[2024-03-11T08:58:33.852+0000][7][safepoint    ] Safepoint "Cleanup", Time since last: 1001533208 ns, Reaching safepoint: 1157750 ns, At safepoint: 16084 ns, Total: 1173834 ns
[2024-03-11T08:58:34.855+0000][7][safepoint    ] Safepoint "Cleanup", Time since last: 1002197584 ns, Reaching safepoint: 404791 ns, At safepoint: 21959 ns, Total: 426750 ns
[2024-03-11T08:58:35.857+0000][7][safepoint    ] Safepoint "Cleanup", Time since last: 1001337833 ns, Reaching safepoint: 851959 ns, At safepoint: 29083 ns, Total: 881042 ns
[2024-03-11T08:58:36.862+0000][7][safepoint    ] Safepoint "Cleanup", Time since last: 1003529667 ns, Reaching safepoint: 1717708 ns, At safepoint: 38917 ns, Total: 1756625 ns
[2024-03-11T08:58:37.865+0000][7][safepoint    ] Safepoint "Cleanup", Time since last: 1002800209 ns, Reaching safepoint: 152250 ns, At safepoint: 3333 ns, Total: 155583 ns
[2024-03-11T08:58:38.868+0000][7][safepoint    ] Safepoint "Cleanup", Time since last: 1002075667 ns, Reaching safepoint: 886000 ns, At safepoint: 13709 ns, Total: 899709 ns
[2024-03-11T08:58:39.874+0000][7][safepoint    ] Safepoint "Cleanup", Time since last: 1005958209 ns, Reaching safepoint: 310208 ns, At safepoint: 10292 ns, Total: 320500 ns
[2024-03-11T08:58:40.879+0000][7][safepoint    ] Safepoint "Cleanup", Time since last: 1004318750 ns, Reaching safepoint: 161417 ns, At safepoint: 3208 ns, Total: 164625 ns
[2024-03-11T08:58:41.880+0000][7][safepoint    ] Safepoint "Cleanup", Time since last: 1000930709 ns, Reaching safepoint: 340875 ns, At safepoint: 16667 ns, Total: 357542 ns
[2024-03-11T08:58:42.883+0000][7][safepoint    ] Safepoint "Cleanup", Time since last: 1002051792 ns, Reaching safepoint: 592791 ns, At safepoint: 11542 ns, Total: 604333 ns
[2024-03-11T08:58:43.885+0000][7][safepoint    ] Safepoint "Cleanup", Time since last: 1002434792 ns, Reaching safepoint: 163875 ns, At safepoint: 10167 ns, Total: 174042 ns
[2024-03-11T08:58:44.893+0000][7][safepoint    ] Safepoint "Cleanup", Time since last: 1006319167 ns, Reaching safepoint: 1257750 ns, At safepoint: 15875 ns, Total: 1273625 ns
[2024-03-11T08:58:45.899+0000][7][safepoint    ] Safepoint "Cleanup", Time since last: 1004711584 ns, Reaching safepoint: 1280583 ns, At safepoint: 24750 ns, Total: 1305333 ns
[2024-03-11T08:58:46.905+0000][7][safepoint    ] Safepoint "Cleanup", Time since last: 1004711834 ns, Reaching safepoint: 1196333 ns, At safepoint: 12542 ns, Total: 1208875 ns
[2024-03-11T08:58:47.912+0000][7][safepoint    ] Safepoint "Cleanup", Time since last: 1006724375 ns, Reaching safepoint: 311834 ns, At safepoint: 4750 ns, Total: 316584 ns
[2024-03-11T08:58:48.914+0000][7][safepoint    ] Safepoint "Cleanup", Time since last: 1002024875 ns, Reaching safepoint: 409500 ns, At safepoint: 10209 ns, Total: 419709 ns
[2024-03-11T08:58:49.916+0000][7][safepoint    ] Safepoint "Cleanup", Time since last: 1001381875 ns, Reaching safepoint: 352292 ns, At safepoint: 5541 ns, Total: 357833 ns
[2024-03-11T08:58:50.922+0000][7][safepoint    ] Safepoint "Cleanup", Time since last: 1005755042 ns, Reaching safepoint: 351542 ns, At safepoint: 7042 ns, Total: 358584 ns
[2024-03-11T08:58:51.928+0000][7][safepoint    ] Safepoint "Cleanup", Time since last: 1005486292 ns, Reaching safepoint: 212458 ns, At safepoint: 4542 ns, Total: 217000 ns
[2024-03-11T08:58:52.929+0000][7][safepoint    ] Safepoint "Cleanup", Time since last: 1000877417 ns, Reaching safepoint: 175917 ns, At safepoint: 4458 ns, Total: 180375 ns
[2024-03-11T08:58:53.936+0000][7][safepoint    ] Safepoint "Cleanup", Time since last: 1006859001 ns, Reaching safepoint: 400958 ns, At safepoint: 14250 ns, Total: 415208 ns
[2024-03-11T08:58:54.939+0000][7][safepoint    ] Safepoint "Cleanup", Time since last: 1002673750 ns, Reaching safepoint: 471209 ns, At safepoint: 11791 ns, Total: 483000 ns
[2024-03-11T08:58:55.941+0000][7][safepoint    ] Safepoint "Cleanup", Time since last: 1001259793 ns, Reaching safepoint: 403166 ns, At safepoint: 9709 ns, Total: 412875 ns
[2024-03-11T08:58:56.943+0000][7][safepoint    ] Safepoint "Cleanup", Time since last: 1001898375 ns, Reaching safepoint: 334833 ns, At safepoint: 4917 ns, Total: 339750 ns
[2024-03-11T08:58:57.950+0000][7][safepoint    ] Safepoint "Cleanup", Time since last: 1006080542 ns, Reaching safepoint: 257042 ns, At safepoint: 5000 ns, Total: 262042 ns
[2024-03-11T08:58:58.951+0000][7][safepoint    ] Safepoint "Cleanup", Time since last: 1000972792 ns, Reaching safepoint: 248875 ns, At safepoint: 6125 ns, Total: 255000 ns
[2024-03-11T08:58:59.953+0000][7][safepoint    ] Safepoint "Cleanup", Time since last: 1002124250 ns, Reaching safepoint: 214334 ns, At safepoint: 5916 ns, Total: 220250 ns
[2024-03-11T08:59:00.957+0000][7][safepoint    ] Safepoint "Cleanup", Time since last: 1003160542 ns, Reaching safepoint: 310250 ns, At safepoint: 8917 ns, Total: 319167 ns
[2024-03-11T08:59:01.959+0000][7][safepoint    ] Safepoint "Cleanup", Time since last: 1002029459 ns, Reaching safepoint: 527875 ns, At safepoint: 7000 ns, Total: 534875 ns
[2024-03-11T08:59:02.964+0000][7][safepoint    ] Safepoint "Cleanup", Time since last: 1004685500 ns, Reaching safepoint: 430917 ns, At safepoint: 7458 ns, Total: 438375 ns
[2024-03-11T08:59:03.968+0000][7][safepoint    ] Safepoint "Cleanup", Time since last: 1003146584 ns, Reaching safepoint: 163167 ns, At safepoint: 5041 ns, Total: 168208 ns
[2024-03-11T08:59:04.970+0000][7][safepoint    ] Safepoint "Cleanup", Time since last: 1002227084 ns, Reaching safepoint: 198125 ns, At safepoint: 5375 ns, Total: 203500 ns
[2024-03-11T08:59:05.974+0000][7][safepoint    ] Safepoint "Cleanup", Time since last: 1003410084 ns, Reaching safepoint: 234792 ns, At safepoint: 7458 ns, Total: 242250 ns
[2024-03-11T08:59:06.977+0000][7][safepoint    ] Safepoint "Cleanup", Time since last: 1003223417 ns, Reaching safepoint: 407959 ns, At safepoint: 6708 ns, Total: 414667 ns
[2024-03-11T08:59:07.979+0000][7][safepoint    ] Safepoint "Cleanup", Time since last: 1001412042 ns, Reaching safepoint: 420833 ns, At safepoint: 11000 ns, Total: 431833 ns
[2024-03-11T08:59:08.984+0000][7][safepoint    ] Safepoint "Cleanup", Time since last: 1004790917 ns, Reaching safepoint: 211417 ns, At safepoint: 4667 ns, Total: 216084 ns
[2024-03-11T08:59:09.989+0000][7][safepoint    ] Safepoint "Cleanup", Time since last: 1004302084 ns, Reaching safepoint: 292083 ns, At safepoint: 8375 ns, Total: 300458 ns
[2024-03-11T08:59:10.992+0000][7][safepoint    ] Safepoint "Cleanup", Time since last: 1002624834 ns, Reaching safepoint: 234083 ns, At safepoint: 6042 ns, Total: 240125 ns
[2024-03-11T08:59:12.405+0000][7][safepoint    ] Safepoint "Cleanup", Time since last: 1413256209 ns, Reaching safepoint: 575583 ns, At safepoint: 10292 ns, Total: 585875 ns
[2024-03-11T08:59:13.413+0000][7][safepoint    ] Safepoint "Cleanup", Time since last: 1006980959 ns, Reaching safepoint: 327208 ns, At safepoint: 4792 ns, Total: 332000 ns
[2024-03-11T08:59:14.416+0000][7][safepoint    ] Safepoint "Cleanup", Time since last: 1003359333 ns, Reaching safepoint: 215500 ns, At safepoint: 4667 ns, Total: 220167 ns
[2024-03-11T08:59:15.418+0000][7][safepoint    ] Safepoint "Cleanup", Time since last: 1001542917 ns, Reaching safepoint: 230459 ns, At safepoint: 6041 ns, Total: 236500 ns
[2024-03-11T08:59:16.420+0000][7][safepoint    ] Safepoint "Cleanup", Time since last: 1001529417 ns, Reaching safepoint: 249917 ns, At safepoint: 5667 ns, Total: 255584 ns
[2024-03-11T08:59:17.422+0000][7][safepoint    ] Safepoint "Cleanup", Time since last: 1001655833 ns, Reaching safepoint: 355459 ns, At safepoint: 8250 ns, Total: 363709 ns
[2024-03-11T08:59:18.424+0000][7][safepoint    ] Safepoint "Cleanup", Time since last: 1001978334 ns, Reaching safepoint: 256625 ns, At safepoint: 5583 ns, Total: 262208 ns
[2024-03-11T08:59:19.426+0000][7][safepoint    ] Safepoint "Cleanup", Time since last: 1001333584 ns, Reaching safepoint: 506166 ns, At safepoint: 10292 ns, Total: 516458 ns
[2024-03-11T08:59:20.432+0000][7][safepoint    ] Safepoint "Cleanup", Time since last: 1005341709 ns, Reaching safepoint: 295708 ns, At safepoint: 9584 ns, Total: 305292 ns
[2024-03-11T08:59:21.434+0000][7][safepoint    ] Safepoint "Cleanup", Time since last: 1002279208 ns, Reaching safepoint: 323792 ns, At safepoint: 11208 ns, Total: 335000 ns
[2024-03-11T08:59:22.439+0000][7][safepoint    ] Safepoint "Cleanup", Time since last: 1004391084 ns, Reaching safepoint: 266875 ns, At safepoint: 6000 ns, Total: 272875 ns
[2024-03-11T08:59:23.443+0000][7][safepoint    ] Safepoint "Cleanup", Time since last: 1003412209 ns, Reaching safepoint: 280000 ns, At safepoint: 4542 ns, Total: 284542 ns
[2024-03-11T08:59:24.444+0000][7][safepoint    ] Safepoint "Cleanup", Time since last: 1000869334 ns, Reaching safepoint: 375791 ns, At safepoint: 26667 ns, Total: 402458 ns
[2024-03-11T08:59:25.446+0000][7][safepoint    ] Safepoint "Cleanup", Time since last: 1001712000 ns, Reaching safepoint: 210250 ns, At safepoint: 5792 ns, Total: 216042 ns
[2024-03-11T08:59:26.448+0000][7][safepoint    ] Safepoint "Cleanup", Time since last: 1001745334 ns, Reaching safepoint: 373291 ns, At safepoint: 3417 ns, Total: 376708 ns
[2024-03-11T08:59:27.449+0000][7][safepoint    ] Safepoint "Cleanup", Time since last: 1000710417 ns, Reaching safepoint: 197375 ns, At safepoint: 7084 ns, Total: 204459 ns
[2024-03-11T08:59:28.451+0000][7][safepoint    ] Safepoint "Cleanup", Time since last: 1002023375 ns, Reaching safepoint: 381417 ns, At safepoint: 6125 ns, Total: 387542 ns
[2024-03-11T08:59:29.453+0000][7][safepoint    ] Safepoint "Cleanup", Time since last: 1001371375 ns, Reaching safepoint: 273167 ns, At safepoint: 8667 ns, Total: 281834 ns
[2024-03-11T08:59:30.455+0000][7][safepoint    ] Safepoint "Cleanup", Time since last: 1001991292 ns, Reaching safepoint: 296000 ns, At safepoint: 13833 ns, Total: 309833 ns
[2024-03-11T08:59:32.117+0000][7][safepoint    ] Safepoint "Cleanup", Time since last: 1662385375 ns, Reaching safepoint: 1125375 ns, At safepoint: 9875 ns, Total: 1135250 ns
[2024-03-11T08:59:33.118+0000][7][safepoint    ] Safepoint "Cleanup", Time since last: 1000806376 ns, Reaching safepoint: 289750 ns, At safepoint: 10125 ns, Total: 299875 ns
[2024-03-11T08:59:34.123+0000][7][safepoint    ] Safepoint "Cleanup", Time since last: 1004432708 ns, Reaching safepoint: 394709 ns, At safepoint: 10000 ns, Total: 404709 ns
[2024-03-11T08:59:35.126+0000][7][safepoint    ] Safepoint "Cleanup", Time since last: 1001977292 ns, Reaching safepoint: 316917 ns, At safepoint: 7875 ns, Total: 324792 ns
[2024-03-11T08:59:36.127+0000][7][safepoint    ] Safepoint "Cleanup", Time since last: 1001403792 ns, Reaching safepoint: 219791 ns, At safepoint: 8459 ns, Total: 228250 ns
[2024-03-11T08:59:37.131+0000][7][safepoint    ] Safepoint "Cleanup", Time since last: 1002207542 ns, Reaching safepoint: 1571542 ns, At safepoint: 15958 ns, Total: 1587500 ns
[2024-03-11T08:59:38.135+0000][7][safepoint    ] Safepoint "Cleanup", Time since last: 1003587334 ns, Reaching safepoint: 200291 ns, At safepoint: 5834 ns, Total: 206125 ns
[2024-03-11T08:59:39.136+0000][7][safepoint    ] Safepoint "Cleanup", Time since last: 1001389250 ns, Reaching safepoint: 291875 ns, At safepoint: 7000 ns, Total: 298875 ns
[2024-03-11T08:59:40.138+0000][7][safepoint    ] Safepoint "Cleanup", Time since last: 1001644834 ns, Reaching safepoint: 273333 ns, At safepoint: 8959 ns, Total: 282292 ns
[2024-03-11T08:59:41.141+0000][7][safepoint    ] Safepoint "Cleanup", Time since last: 1001913958 ns, Reaching safepoint: 372250 ns, At safepoint: 5209 ns, Total: 377459 ns
[2024-03-11T08:59:42.143+0000][7][safepoint    ] Safepoint "Cleanup", Time since last: 1002034417 ns, Reaching safepoint: 409417 ns, At safepoint: 10333 ns, Total: 419750 ns
[2024-03-11T08:59:43.146+0000][7][safepoint    ] Safepoint "Cleanup", Time since last: 1002618959 ns, Reaching safepoint: 444416 ns, At safepoint: 7125 ns, Total: 451541 ns
[2024-03-11T08:59:44.151+0000][7][safepoint    ] Safepoint "Cleanup", Time since last: 1004636376 ns, Reaching safepoint: 164833 ns, At safepoint: 4042 ns, Total: 168875 ns
[2024-03-11T08:59:45.154+0000][7][safepoint    ] Safepoint "Cleanup", Time since last: 1002326959 ns, Reaching safepoint: 264833 ns, At safepoint: 5958 ns, Total: 270791 ns
[2024-03-11T08:59:46.158+0000][7][safepoint    ] Safepoint "Cleanup", Time since last: 1004242084 ns, Reaching safepoint: 335125 ns, At safepoint: 9042 ns, Total: 344167 ns
[2024-03-11T08:59:47.163+0000][7][safepoint    ] Safepoint "Cleanup", Time since last: 1004664209 ns, Reaching safepoint: 360041 ns, At safepoint: 6875 ns, Total: 366916 ns
[2024-03-11T08:59:48.165+0000][7][safepoint    ] Safepoint "Cleanup", Time since last: 1001852709 ns, Reaching safepoint: 389375 ns, At safepoint: 10417 ns, Total: 399792 ns
[2024-03-11T08:59:49.167+0000][7][safepoint    ] Safepoint "Cleanup", Time since last: 1001546709 ns, Reaching safepoint: 279791 ns, At safepoint: 6209 ns, Total: 286000 ns
[2024-03-11T08:59:50.170+0000][7][safepoint    ] Safepoint "Cleanup", Time since last: 1002231083 ns, Reaching safepoint: 237667 ns, At safepoint: 5375 ns, Total: 243042 ns
[2024-03-11T08:59:51.175+0000][7][safepoint    ] Safepoint "Cleanup", Time since last: 1004785667 ns, Reaching safepoint: 245375 ns, At safepoint: 5709 ns, Total: 251084 ns
[2024-03-11T08:59:52.177+0000][7][safepoint    ] Safepoint "Cleanup", Time since last: 1001623792 ns, Reaching safepoint: 435958 ns, At safepoint: 10125 ns, Total: 446083 ns
[2024-03-11T08:59:53.179+0000][7][safepoint    ] Safepoint "Cleanup", Time since last: 1002238917 ns, Reaching safepoint: 321875 ns, At safepoint: 6667 ns, Total: 328542 ns
[2024-03-11T08:59:54.185+0000][7][safepoint    ] Safepoint "Cleanup", Time since last: 1004894792 ns, Reaching safepoint: 159042 ns, At safepoint: 3333 ns, Total: 162375 ns
[2024-03-11T08:59:55.191+0000][7][safepoint    ] Safepoint "Cleanup", Time since last: 1006447209 ns, Reaching safepoint: 358750 ns, At safepoint: 7833 ns, Total: 366583 ns
[2024-03-11T08:59:56.197+0000][7][safepoint    ] Safepoint "Cleanup", Time since last: 1005579334 ns, Reaching safepoint: 423667 ns, At safepoint: 5916 ns, Total: 429583 ns
[2024-03-11T08:59:57.198+0000][7][safepoint    ] Safepoint "Cleanup", Time since last: 1000764876 ns, Reaching safepoint: 332833 ns, At safepoint: 8667 ns, Total: 341500 ns
[2024-03-11T08:59:58.201+0000][7][safepoint    ] Safepoint "Cleanup", Time since last: 1002397667 ns, Reaching safepoint: 243833 ns, At safepoint: 6042 ns, Total: 249875 ns
[2024-03-11T08:59:59.205+0000][7][safepoint    ] Safepoint "Cleanup", Time since last: 1003703625 ns, Reaching safepoint: 313459 ns, At safepoint: 9125 ns, Total: 322584 ns
[2024-03-11T09:00:00.211+0000][7][safepoint    ] Safepoint "Cleanup", Time since last: 1005780709 ns, Reaching safepoint: 280833 ns, At safepoint: 5792 ns, Total: 286625 ns
[2024-03-11T09:00:01.215+0000][7][safepoint    ] Safepoint "Cleanup", Time since last: 1002994791 ns, Reaching safepoint: 366875 ns, At safepoint: 4625 ns, Total: 371500 ns
[2024-03-11T09:00:02.221+0000][7][safepoint    ] Safepoint "Cleanup", Time since last: 1004965043 ns, Reaching safepoint: 457750 ns, At safepoint: 9666 ns, Total: 467416 ns
[2024-03-11T09:00:03.226+0000][7][safepoint    ] Safepoint "Cleanup", Time since last: 1005068959 ns, Reaching safepoint: 300333 ns, At safepoint: 7209 ns, Total: 307542 ns
[2024-03-11T09:00:04.233+0000][7][safepoint    ] Safepoint "Cleanup", Time since last: 1006648709 ns, Reaching safepoint: 318541 ns, At safepoint: 10125 ns, Total: 328666 ns
[2024-03-11T09:00:05.236+0000][7][safepoint    ] Safepoint "Cleanup", Time since last: 1002690501 ns, Reaching safepoint: 200125 ns, At safepoint: 6250 ns, Total: 206375 ns
[2024-03-11T09:00:06.237+0000][7][safepoint    ] Safepoint "Cleanup", Time since last: 1000792292 ns, Reaching safepoint: 199125 ns, At safepoint: 5875 ns, Total: 205000 ns
[2024-03-11T09:00:07.238+0000][7][safepoint    ] Safepoint "Cleanup", Time since last: 1001021125 ns, Reaching safepoint: 401250 ns, At safepoint: 9750 ns, Total: 411000 ns
[2024-03-11T09:00:09.220+0000][7][safepoint    ] Safepoint "Cleanup", Time since last: 1981500418 ns, Reaching safepoint: 235083 ns, At safepoint: 7834 ns, Total: 242917 ns
[2024-03-11T09:00:10.223+0000][7][safepoint    ] Safepoint "Cleanup", Time since last: 1002337417 ns, Reaching safepoint: 591958 ns, At safepoint: 10333 ns, Total: 602291 ns
[2024-03-11T09:00:11.227+0000][7][safepoint    ] Safepoint "Cleanup", Time since last: 1003414834 ns, Reaching safepoint: 179334 ns, At safepoint: 4750 ns, Total: 184084 ns
[2024-03-11T09:00:12.230+0000][7][safepoint    ] Safepoint "Cleanup", Time since last: 1003333708 ns, Reaching safepoint: 605042 ns, At safepoint: 8625 ns, Total: 613667 ns
[2024-03-11T09:00:13.233+0000][7][safepoint    ] Safepoint "Cleanup", Time since last: 1002378209 ns, Reaching safepoint: 183708 ns, At safepoint: 5167 ns, Total: 188875 ns
[2024-03-11T09:00:14.236+0000][7][safepoint    ] Safepoint "Cleanup", Time since last: 1002179209 ns, Reaching safepoint: 334250 ns, At safepoint: 9500 ns, Total: 343750 ns
[2024-03-11T09:00:15.237+0000][7][safepoint    ] Safepoint "Cleanup", Time since last: 1001632083 ns, Reaching safepoint: 277375 ns, At safepoint: 6459 ns, Total: 283834 ns
[2024-03-11T09:00:16.239+0000][7][safepoint    ] Safepoint "Cleanup", Time since last: 1001356750 ns, Reaching safepoint: 180917 ns, At safepoint: 4625 ns, Total: 185542 ns
[2024-03-11T09:00:17.242+0000][7][safepoint    ] Safepoint "Cleanup", Time since last: 1002889084 ns, Reaching safepoint: 349625 ns, At safepoint: 9708 ns, Total: 359333 ns
[2024-03-11T09:00:18.248+0000][7][safepoint    ] Safepoint "Cleanup", Time since last: 1004893834 ns, Reaching safepoint: 460708 ns, At safepoint: 7250 ns, Total: 467958 ns
[2024-03-11T09:00:19.252+0000][7][safepoint    ] Safepoint "Cleanup", Time since last: 1003622834 ns, Reaching safepoint: 254375 ns, At safepoint: 6333 ns, Total: 260708 ns
[2024-03-11T09:00:20.257+0000][7][safepoint    ] Safepoint "Cleanup", Time since last: 1004829084 ns, Reaching safepoint: 277500 ns, At safepoint: 7084 ns, Total: 284584 ns
[2024-03-11T09:00:21.259+0000][7][safepoint    ] Safepoint "Cleanup", Time since last: 1002075083 ns, Reaching safepoint: 272709 ns, At safepoint: 9166 ns, Total: 281875 ns
[2024-03-11T09:00:22.262+0000][7][safepoint    ] Safepoint "Cleanup", Time since last: 1002079917 ns, Reaching safepoint: 465417 ns, At safepoint: 6083 ns, Total: 471500 ns
[2024-03-11T09:00:23.263+0000][7][safepoint    ] Safepoint "Cleanup", Time since last: 1001015126 ns, Reaching safepoint: 299667 ns, At safepoint: 4666 ns, Total: 304333 ns
[2024-03-11T09:00:24.265+0000][7][safepoint    ] Safepoint "Cleanup", Time since last: 1001415667 ns, Reaching safepoint: 330250 ns, At safepoint: 8875 ns, Total: 339125 ns
[2024-03-11T09:00:25.266+0000][7][safepoint    ] Safepoint "Cleanup", Time since last: 1000987751 ns, Reaching safepoint: 226125 ns, At safepoint: 6292 ns, Total: 232417 ns
[2024-03-11T09:00:26.268+0000][7][safepoint    ] Safepoint "Cleanup", Time since last: 1002067833 ns, Reaching safepoint: 232167 ns, At safepoint: 5917 ns, Total: 238084 ns
[2024-03-11T09:00:27.271+0000][7][safepoint    ] Safepoint "Cleanup", Time since last: 1002658584 ns, Reaching safepoint: 190500 ns, At safepoint: 4166 ns, Total: 194666 ns
[2024-03-11T09:00:28.275+0000][7][safepoint    ] Safepoint "Cleanup", Time since last: 1004042459 ns, Reaching safepoint: 262208 ns, At safepoint: 6459 ns, Total: 268667 ns
[2024-03-11T09:00:29.281+0000][7][safepoint    ] Safepoint "Cleanup", Time since last: 1005406917 ns, Reaching safepoint: 388833 ns, At safepoint: 15375 ns, Total: 404208 ns
[2024-03-11T09:00:30.285+0000][7][safepoint    ] Safepoint "Cleanup", Time since last: 1004035751 ns, Reaching safepoint: 247583 ns, At safepoint: 6750 ns, Total: 254333 ns
[2024-03-11T09:00:31.289+0000][7][safepoint    ] Safepoint "Cleanup", Time since last: 1003959750 ns, Reaching safepoint: 311166 ns, At safepoint: 8500 ns, Total: 319666 ns
[2024-03-11T09:00:32.295+0000][7][safepoint    ] Safepoint "Cleanup", Time since last: 1005408959 ns, Reaching safepoint: 413584 ns, At safepoint: 9208 ns, Total: 422792 ns
[2024-03-11T09:00:33.299+0000][7][safepoint    ] Safepoint "Cleanup", Time since last: 1004233834 ns, Reaching safepoint: 678708 ns, At safepoint: 6625 ns, Total: 685333 ns
[2024-03-11T09:00:34.303+0000][7][safepoint    ] Safepoint "Cleanup", Time since last: 1003420584 ns, Reaching safepoint: 303125 ns, At safepoint: 7875 ns, Total: 311000 ns
[2024-03-11T09:00:35.309+0000][7][safepoint    ] Safepoint "Cleanup", Time since last: 1005407625 ns, Reaching safepoint: 291292 ns, At safepoint: 5625 ns, Total: 296917 ns
[2024-03-11T09:00:36.311+0000][7][safepoint    ] Safepoint "Cleanup", Time since last: 1001780417 ns, Reaching safepoint: 538875 ns, At safepoint: 5834 ns, Total: 544709 ns
[2024-03-11T09:00:37.313+0000][7][safepoint    ] Safepoint "Cleanup", Time since last: 1001316292 ns, Reaching safepoint: 508125 ns, At safepoint: 5958 ns, Total: 514083 ns
[2024-03-11T09:00:38.320+0000][7][safepoint    ] Safepoint "Cleanup", Time since last: 1006511000 ns, Reaching safepoint: 259625 ns, At safepoint: 6875 ns, Total: 266500 ns
[2024-03-11T09:00:39.324+0000][7][safepoint    ] Safepoint "Cleanup", Time since last: 1003684959 ns, Reaching safepoint: 264375 ns, At safepoint: 5250 ns, Total: 269625 ns
[2024-03-11T09:00:40.327+0000][7][safepoint    ] Safepoint "Cleanup", Time since last: 1002668417 ns, Reaching safepoint: 295500 ns, At safepoint: 7542 ns, Total: 303042 ns
[2024-03-11T09:00:41.328+0000][7][safepoint    ] Safepoint "Cleanup", Time since last: 1001246542 ns, Reaching safepoint: 290792 ns, At safepoint: 6542 ns, Total: 297334 ns
[2024-03-11T09:00:42.333+0000][7][safepoint    ] Safepoint "Cleanup", Time since last: 1004070333 ns, Reaching safepoint: 219667 ns, At safepoint: 5000 ns, Total: 224667 ns
[2024-03-11T09:00:43.336+0000][7][safepoint    ] Safepoint "Cleanup", Time since last: 1002783209 ns, Reaching safepoint: 283542 ns, At safepoint: 7208 ns, Total: 290750 ns
[2024-03-11T09:00:44.338+0000][7][safepoint    ] Safepoint "Cleanup", Time since last: 1001677500 ns, Reaching safepoint: 277292 ns, At safepoint: 5958 ns, Total: 283250 ns
[2024-03-11T09:00:45.339+0000][7][safepoint    ] Safepoint "Cleanup", Time since last: 1001364209 ns, Reaching safepoint: 408083 ns, At safepoint: 5334 ns, Total: 413417 ns
[2024-03-11T09:00:46.344+0000][7][safepoint    ] Safepoint "Cleanup", Time since last: 1004655917 ns, Reaching safepoint: 307792 ns, At safepoint: 6000 ns, Total: 313792 ns
[2024-03-11T09:00:47.350+0000][7][safepoint    ] Safepoint "Cleanup", Time since last: 1005268083 ns, Reaching safepoint: 297917 ns, At safepoint: 5958 ns, Total: 303875 ns
[2024-03-11T09:00:48.354+0000][7][safepoint    ] Safepoint "Cleanup", Time since last: 1003756543 ns, Reaching safepoint: 308750 ns, At safepoint: 5500 ns, Total: 314250 ns
[2024-03-11T09:00:49.361+0000][7][safepoint    ] Safepoint "Cleanup", Time since last: 1006066542 ns, Reaching safepoint: 481416 ns, At safepoint: 7792 ns, Total: 489208 ns
[2024-03-11T09:00:50.367+0000][7][safepoint    ] Safepoint "Cleanup", Time since last: 1005983334 ns, Reaching safepoint: 160083 ns, At safepoint: 3625 ns, Total: 163708 ns
[2024-03-11T09:00:51.372+0000][7][safepoint    ] Safepoint "Cleanup", Time since last: 1005087667 ns, Reaching safepoint: 302500 ns, At safepoint: 6542 ns, Total: 309042 ns
[2024-03-11T09:00:52.374+0000][7][safepoint    ] Safepoint "Cleanup", Time since last: 1001690542 ns, Reaching safepoint: 461000 ns, At safepoint: 9834 ns, Total: 470834 ns
[2024-03-11T09:00:53.381+0000][7][safepoint    ] Safepoint "Cleanup", Time since last: 1006326208 ns, Reaching safepoint: 203584 ns, At safepoint: 4500 ns, Total: 208084 ns
[2024-03-11T09:00:54.386+0000][7][safepoint    ] Safepoint "Cleanup", Time since last: 1005417833 ns, Reaching safepoint: 260750 ns, At safepoint: 5875 ns, Total: 266625 ns
[2024-03-11T09:00:55.388+0000][7][safepoint    ] Safepoint "Cleanup", Time since last: 1001057251 ns, Reaching safepoint: 254542 ns, At safepoint: 6458 ns, Total: 261000 ns
[2024-03-11T09:00:56.391+0000][7][safepoint    ] Safepoint "Cleanup", Time since last: 1002427917 ns, Reaching safepoint: 282958 ns, At safepoint: 5042 ns, Total: 288000 ns
[2024-03-11T09:00:57.392+0000][7][safepoint    ] Safepoint "Cleanup", Time since last: 1001202209 ns, Reaching safepoint: 240375 ns, At safepoint: 7167 ns, Total: 247542 ns
[2024-03-11T09:00:58.394+0000][7][safepoint    ] Safepoint "Cleanup", Time since last: 1002267458 ns, Reaching safepoint: 178250 ns, At safepoint: 3459 ns, Total: 181709 ns
[2024-03-11T09:00:59.396+0000][7][safepoint    ] Safepoint "Cleanup", Time since last: 1001823959 ns, Reaching safepoint: 179958 ns, At safepoint: 3458 ns, Total: 183416 ns
[2024-03-11T09:01:00.399+0000][7][safepoint    ] Safepoint "Cleanup", Time since last: 1001269584 ns, Reaching safepoint: 1452625 ns, At safepoint: 26708 ns, Total: 1479333 ns
[2024-03-11T09:01:01.403+0000][7][safepoint    ] Safepoint "Cleanup", Time since last: 1003780417 ns, Reaching safepoint: 187042 ns, At safepoint: 4042 ns, Total: 191084 ns
[2024-03-11T09:01:02.411+0000][7][safepoint    ] Safepoint "Cleanup", Time since last: 1007398542 ns, Reaching safepoint: 280208 ns, At safepoint: 5958 ns, Total: 286166 ns
[2024-03-11T09:01:03.413+0000][7][safepoint    ] Safepoint "Cleanup", Time since last: 1002445542 ns, Reaching safepoint: 230792 ns, At safepoint: 4917 ns, Total: 235709 ns
[2024-03-11T09:01:04.419+0000][7][safepoint    ] Safepoint "Cleanup", Time since last: 1005546625 ns, Reaching safepoint: 263959 ns, At safepoint: 6125 ns, Total: 270084 ns
[2024-03-11T09:01:05.422+0000][7][safepoint    ] Safepoint "Cleanup", Time since last: 1002906500 ns, Reaching safepoint: 189167 ns, At safepoint: 4458 ns, Total: 193625 ns
[2024-03-11T09:01:06.428+0000][7][safepoint    ] Safepoint "Cleanup", Time since last: 1005301584 ns, Reaching safepoint: 316333 ns, At safepoint: 5750 ns, Total: 322083 ns
[2024-03-11T09:01:07.432+0000][7][safepoint    ] Safepoint "Cleanup", Time since last: 1003434209 ns, Reaching safepoint: 413792 ns, At safepoint: 26708 ns, Total: 440500 ns
[2024-03-11T09:01:08.434+0000][7][safepoint    ] Safepoint "Cleanup", Time since last: 1001841792 ns, Reaching safepoint: 191417 ns, At safepoint: 4958 ns, Total: 196375 ns
[2024-03-11T09:01:09.439+0000][7][safepoint    ] Safepoint "Cleanup", Time since last: 1004510709 ns, Reaching safepoint: 193292 ns, At safepoint: 5291 ns, Total: 198583 ns
[2024-03-11T09:01:10.441+0000][7][safepoint    ] Safepoint "Cleanup", Time since last: 1001893667 ns, Reaching safepoint: 207334 ns, At safepoint: 4833 ns, Total: 212167 ns
[2024-03-11T09:01:11.443+0000][7][safepoint    ] Safepoint "Cleanup", Time since last: 1000758126 ns, Reaching safepoint: 1451958 ns, At safepoint: 26167 ns, Total: 1478125 ns
[2024-03-11T09:01:12.447+0000][7][safepoint    ] Safepoint "Cleanup", Time since last: 1003626208 ns, Reaching safepoint: 441250 ns, At safepoint: 5542 ns, Total: 446792 ns
[2024-03-11T09:01:13.449+0000][7][safepoint    ] Safepoint "Cleanup", Time since last: 1002008126 ns, Reaching safepoint: 227125 ns, At safepoint: 5000 ns, Total: 232125 ns
[2024-03-11T09:01:14.454+0000][7][safepoint    ] Safepoint "Cleanup", Time since last: 1003670625 ns, Reaching safepoint: 1075292 ns, At safepoint: 15208 ns, Total: 1090500 ns
[2024-03-11T09:01:15.456+0000][7][safepoint    ] Safepoint "Cleanup", Time since last: 1001638376 ns, Reaching safepoint: 507416 ns, At safepoint: 9417 ns, Total: 516833 ns
[2024-03-11T09:01:16.463+0000][7][safepoint    ] Safepoint "Cleanup", Time since last: 1006391292 ns, Reaching safepoint: 378042 ns, At safepoint: 4625 ns, Total: 382667 ns
[2024-03-11T09:01:17.464+0000][7][safepoint    ] Safepoint "Cleanup", Time since last: 1000883542 ns, Reaching safepoint: 237083 ns, At safepoint: 5084 ns, Total: 242167 ns
[2024-03-11T09:01:18.471+0000][7][safepoint    ] Safepoint "Cleanup", Time since last: 1006265750 ns, Reaching safepoint: 307292 ns, At safepoint: 4833 ns, Total: 312125 ns
[2024-03-11T09:01:19.472+0000][7][safepoint    ] Safepoint "Cleanup", Time since last: 1001310209 ns, Reaching safepoint: 186791 ns, At safepoint: 4959 ns, Total: 191750 ns
[2024-03-11T09:01:20.475+0000][7][safepoint    ] Safepoint "Cleanup", Time since last: 1002262625 ns, Reaching safepoint: 255209 ns, At safepoint: 4750 ns, Total: 259959 ns
[2024-03-11T09:01:21.481+0000][7][safepoint    ] Safepoint "Cleanup", Time since last: 1005810208 ns, Reaching safepoint: 285125 ns, At safepoint: 6917 ns, Total: 292042 ns
[2024-03-11T09:01:22.485+0000][7][safepoint    ] Safepoint "Cleanup", Time since last: 1004181584 ns, Reaching safepoint: 218917 ns, At safepoint: 4583 ns, Total: 223500 ns
[2024-03-11T09:01:23.491+0000][7][safepoint    ] Safepoint "Cleanup", Time since last: 1005959250 ns, Reaching safepoint: 270375 ns, At safepoint: 5042 ns, Total: 275417 ns
[2024-03-11T09:01:24.498+0000][7][safepoint    ] Safepoint "Cleanup", Time since last: 1006123292 ns, Reaching safepoint: 296334 ns, At safepoint: 4625 ns, Total: 300959 ns
[2024-03-11T09:01:25.503+0000][7][safepoint    ] Safepoint "Cleanup", Time since last: 1004893000 ns, Reaching safepoint: 478792 ns, At safepoint: 8833 ns, Total: 487625 ns
[2024-03-11T09:01:26.505+0000][7][safepoint    ] Safepoint "Cleanup", Time since last: 1002015000 ns, Reaching safepoint: 268417 ns, At safepoint: 7833 ns, Total: 276250 ns
[2024-03-11T09:01:27.509+0000][7][safepoint    ] Safepoint "Cleanup", Time since last: 1002974376 ns, Reaching safepoint: 318583 ns, At safepoint: 13792 ns, Total: 332375 ns
[2024-03-11T09:01:28.513+0000][7][safepoint    ] Safepoint "Cleanup", Time since last: 1003629917 ns, Reaching safepoint: 358750 ns, At safepoint: 8833 ns, Total: 367583 ns
[2024-03-11T09:01:29.515+0000][7][safepoint    ] Safepoint "Cleanup", Time since last: 1001655668 ns, Reaching safepoint: 205041 ns, At safepoint: 4625 ns, Total: 209666 ns
[2024-03-11T09:01:30.516+0000][7][safepoint    ] Safepoint "Cleanup", Time since last: 1001017417 ns, Reaching safepoint: 211084 ns, At safepoint: 4833 ns, Total: 215917 ns
[2024-03-11T09:01:31.518+0000][7][safepoint    ] Safepoint "Cleanup", Time since last: 1001744166 ns, Reaching safepoint: 244959 ns, At safepoint: 5583 ns, Total: 250542 ns
[2024-03-11T09:01:32.521+0000][7][safepoint    ] Safepoint "Cleanup", Time since last: 1002258709 ns, Reaching safepoint: 273916 ns, At safepoint: 6125 ns, Total: 280041 ns
[2024-03-11T09:01:33.524+0000][7][safepoint    ] Safepoint "Cleanup", Time since last: 1003171293 ns, Reaching safepoint: 238833 ns, At safepoint: 4000 ns, Total: 242833 ns
[2024-03-11T09:01:34.527+0000][7][safepoint    ] Safepoint "Cleanup", Time since last: 1002908959 ns, Reaching safepoint: 302083 ns, At safepoint: 4208 ns, Total: 306291 ns
[2024-03-11T09:01:35.529+0000][7][safepoint    ] Safepoint "Cleanup", Time since last: 1001570126 ns, Reaching safepoint: 639250 ns, At safepoint: 10708 ns, Total: 649958 ns
[2024-03-11T09:01:36.531+0000][7][safepoint    ] Safepoint "Cleanup", Time since last: 1001853751 ns, Reaching safepoint: 226958 ns, At safepoint: 4375 ns, Total: 231333 ns
[2024-03-11T09:01:37.536+0000][7][safepoint    ] Safepoint "Cleanup", Time since last: 1004685042 ns, Reaching safepoint: 222250 ns, At safepoint: 5625 ns, Total: 227875 ns
[2024-03-11T09:01:38.541+0000][7][safepoint    ] Safepoint "Cleanup", Time since last: 1004067876 ns, Reaching safepoint: 303916 ns, At safepoint: 12375 ns, Total: 316291 ns
[2024-03-11T09:01:39.543+0000][7][safepoint    ] Safepoint "Cleanup", Time since last: 1001576001 ns, Reaching safepoint: 386916 ns, At safepoint: 10500 ns, Total: 397416 ns
[2024-03-11T09:01:40.550+0000][7][safepoint    ] Safepoint "Cleanup", Time since last: 1007111584 ns, Reaching safepoint: 204834 ns, At safepoint: 3083 ns, Total: 207917 ns
[2024-03-11T09:01:42.119+0000][7][safepoint    ] Safepoint "Cleanup", Time since last: 1569031501 ns, Reaching safepoint: 354083 ns, At safepoint: 5000 ns, Total: 359083 ns
[2024-03-11T09:01:43.125+0000][7][safepoint    ] Safepoint "Cleanup", Time since last: 1005711584 ns, Reaching safepoint: 266000 ns, At safepoint: 5958 ns, Total: 271958 ns
[2024-03-11T09:01:44.131+0000][7][safepoint    ] Safepoint "Cleanup", Time since last: 1005321334 ns, Reaching safepoint: 280417 ns, At safepoint: 8708 ns, Total: 289125 ns
[2024-03-11T09:01:45.136+0000][7][safepoint    ] Safepoint "Cleanup", Time since last: 1004944417 ns, Reaching safepoint: 192875 ns, At safepoint: 4125 ns, Total: 197000 ns
[2024-03-11T09:01:46.140+0000][7][safepoint    ] Safepoint "Cleanup", Time since last: 1003155917 ns, Reaching safepoint: 414334 ns, At safepoint: 65083 ns, Total: 479417 ns
[2024-03-11T09:01:47.147+0000][7][safepoint    ] Safepoint "Cleanup", Time since last: 1006837875 ns, Reaching safepoint: 513250 ns, At safepoint: 7292 ns, Total: 520542 ns
[2024-03-11T09:01:48.155+0000][7][safepoint    ] Safepoint "Cleanup", Time since last: 1006524584 ns, Reaching safepoint: 763708 ns, At safepoint: 51083 ns, Total: 814791 ns
[2024-03-11T09:01:49.158+0000][7][safepoint    ] Safepoint "Cleanup", Time since last: 1003276293 ns, Reaching safepoint: 377083 ns, At safepoint: 7750 ns, Total: 384833 ns
[2024-03-11T09:01:50.162+0000][7][safepoint    ] Safepoint "Cleanup", Time since last: 1002913875 ns, Reaching safepoint: 710584 ns, At safepoint: 14583 ns, Total: 725167 ns
[2024-03-11T09:01:51.166+0000][7][safepoint    ] Safepoint "Cleanup", Time since last: 1003850084 ns, Reaching safepoint: 382875 ns, At safepoint: 6167 ns, Total: 389042 ns
[2024-03-11T09:01:52.168+0000][7][safepoint    ] Safepoint "Cleanup", Time since last: 1001831542 ns, Reaching safepoint: 272416 ns, At safepoint: 7292 ns, Total: 279708 ns
[2024-03-11T09:01:53.170+0000][7][safepoint    ] Safepoint "Cleanup", Time since last: 1001678042 ns, Reaching safepoint: 156917 ns, At safepoint: 3375 ns, Total: 160292 ns
[2024-03-11T09:01:54.173+0000][7][safepoint    ] Safepoint "Cleanup", Time since last: 1002278042 ns, Reaching safepoint: 265375 ns, At safepoint: 17750 ns, Total: 283125 ns
[2024-03-11T09:01:55.175+0000][7][safepoint    ] Safepoint "Cleanup", Time since last: 1001735251 ns, Reaching safepoint: 365833 ns, At safepoint: 5708 ns, Total: 371541 ns
[2024-03-11T09:01:56.177+0000][7][safepoint    ] Safepoint "Cleanup", Time since last: 1002279417 ns, Reaching safepoint: 201709 ns, At safepoint: 4500 ns, Total: 206209 ns
[2024-03-11T09:01:57.179+0000][7][safepoint    ] Safepoint "Cleanup", Time since last: 1001461750 ns, Reaching safepoint: 212958 ns, At safepoint: 4792 ns, Total: 217750 ns
[2024-03-11T09:01:58.180+0000][7][safepoint    ] Safepoint "Cleanup", Time since last: 1001409876 ns, Reaching safepoint: 192791 ns, At safepoint: 4709 ns, Total: 197500 ns
[2024-03-11T09:01:59.187+0000][7][safepoint    ] Safepoint "Cleanup", Time since last: 1005827083 ns, Reaching safepoint: 396834 ns, At safepoint: 10625 ns, Total: 407459 ns
[2024-03-11T09:02:00.189+0000][7][safepoint    ] Safepoint "Cleanup", Time since last: 1002054375 ns, Reaching safepoint: 496292 ns, At safepoint: 7000 ns, Total: 503292 ns
[2024-03-11T09:02:01.193+0000][7][safepoint    ] Safepoint "Cleanup", Time since last: 1003789083 ns, Reaching safepoint: 398000 ns, At safepoint: 9625 ns, Total: 407625 ns
[2024-03-11T09:02:02.198+0000][7][safepoint    ] Safepoint "Cleanup", Time since last: 1003913667 ns, Reaching safepoint: 166875 ns, At safepoint: 3542 ns, Total: 170417 ns
[2024-03-11T09:02:03.203+0000][7][safepoint    ] Safepoint "Cleanup", Time since last: 1005451709 ns, Reaching safepoint: 236166 ns, At safepoint: 5000 ns, Total: 241166 ns
[2024-03-11T09:02:04.206+0000][7][safepoint    ] Safepoint "Cleanup", Time since last: 1002010793 ns, Reaching safepoint: 300291 ns, At safepoint: 8542 ns, Total: 308833 ns
[2024-03-11T09:02:05.208+0000][7][safepoint    ] Safepoint "Cleanup", Time since last: 1002619667 ns, Reaching safepoint: 245458 ns, At safepoint: 6709 ns, Total: 252167 ns
[2024-03-11T09:02:06.211+0000][7][safepoint    ] Safepoint "Cleanup", Time since last: 1002492292 ns, Reaching safepoint: 323583 ns, At safepoint: 7667 ns, Total: 331250 ns
[2024-03-11T09:02:07.218+0000][7][safepoint    ] Safepoint "Cleanup", Time since last: 1006386750 ns, Reaching safepoint: 227625 ns, At safepoint: 5917 ns, Total: 233542 ns
[2024-03-11T09:02:08.224+0000][7][safepoint    ] Safepoint "Cleanup", Time since last: 1005860917 ns, Reaching safepoint: 275458 ns, At safepoint: 7917 ns, Total: 283375 ns
[2024-03-11T09:02:09.227+0000][7][safepoint    ] Safepoint "Cleanup", Time since last: 1002281084 ns, Reaching safepoint: 250958 ns, At safepoint: 20959 ns, Total: 271917 ns
[2024-03-11T09:02:10.232+0000][7][safepoint    ] Safepoint "Cleanup", Time since last: 1005226458 ns, Reaching safepoint: 280125 ns, At safepoint: 7042 ns, Total: 287167 ns
[2024-03-11T09:02:11.243+0000][7][safepoint    ] Safepoint "Cleanup", Time since last: 1010603292 ns, Reaching safepoint: 251417 ns, At safepoint: 17500 ns, Total: 268917 ns
[2024-03-11T09:02:12.248+0000][7][safepoint    ] Safepoint "Cleanup", Time since last: 1004703084 ns, Reaching safepoint: 156750 ns, At safepoint: 3916 ns, Total: 160666 ns
[2024-03-11T09:02:13.253+0000][7][safepoint    ] Safepoint "Cleanup", Time since last: 1005119542 ns, Reaching safepoint: 197125 ns, At safepoint: 3875 ns, Total: 201000 ns
[2024-03-11T09:02:14.260+0000][7][safepoint    ] Safepoint "Cleanup", Time since last: 1006262959 ns, Reaching safepoint: 421125 ns, At safepoint: 8709 ns, Total: 429834 ns
[2024-03-11T09:02:15.263+0000][7][safepoint    ] Safepoint "Cleanup", Time since last: 1002531875 ns, Reaching safepoint: 789125 ns, At safepoint: 10083 ns, Total: 799208 ns
[2024-03-11T09:02:16.265+0000][7][safepoint    ] Safepoint "Cleanup", Time since last: 1001846543 ns, Reaching safepoint: 285500 ns, At safepoint: 5333 ns, Total: 290833 ns
[2024-03-11T09:02:17.270+0000][7][safepoint    ] Safepoint "Cleanup", Time since last: 1003602917 ns, Reaching safepoint: 893250 ns, At safepoint: 21500 ns, Total: 914750 ns
[2024-03-11T09:02:18.273+0000][7][safepoint    ] Safepoint "Cleanup", Time since last: 1002350876 ns, Reaching safepoint: 586291 ns, At safepoint: 11084 ns, Total: 597375 ns
[2024-03-11T09:02:19.276+0000][7][safepoint    ] Safepoint "Cleanup", Time since last: 1003037458 ns, Reaching safepoint: 264292 ns, At safepoint: 7583 ns, Total: 271875 ns
[2024-03-11T09:02:20.279+0000][7][safepoint    ] Safepoint "Cleanup", Time since last: 1002812751 ns, Reaching safepoint: 375625 ns, At safepoint: 5375 ns, Total: 381000 ns
[2024-03-11T09:02:21.281+0000][7][safepoint    ] Safepoint "Cleanup", Time since last: 1001842875 ns, Reaching safepoint: 218000 ns, At safepoint: 5667 ns, Total: 223667 ns
[2024-03-11T09:02:22.284+0000][7][safepoint    ] Safepoint "Cleanup", Time since last: 1001626917 ns, Reaching safepoint: 1018000 ns, At safepoint: 32208 ns, Total: 1050208 ns
[2024-03-11T09:02:23.286+0000][7][safepoint    ] Safepoint "Cleanup", Time since last: 1002016209 ns, Reaching safepoint: 290334 ns, At safepoint: 12958 ns, Total: 303292 ns
[2024-03-11T09:02:24.288+0000][7][safepoint    ] Safepoint "Cleanup", Time since last: 1001532959 ns, Reaching safepoint: 334333 ns, At safepoint: 25500 ns, Total: 359833 ns
[2024-03-11T09:02:25.291+0000][7][safepoint    ] Safepoint "Cleanup", Time since last: 1002132126 ns, Reaching safepoint: 324458 ns, At safepoint: 8333 ns, Total: 332791 ns
[2024-03-11T09:02:26.292+0000][7][safepoint    ] Safepoint "Cleanup", Time since last: 1000995126 ns, Reaching safepoint: 591333 ns, At safepoint: 7500 ns, Total: 598833 ns
[2024-03-11T09:02:27.295+0000][7][safepoint    ] Safepoint "Cleanup", Time since last: 1001523042 ns, Reaching safepoint: 1245792 ns, At safepoint: 20833 ns, Total: 1266625 ns
[2024-03-11T09:02:28.297+0000][7][safepoint    ] Safepoint "Cleanup", Time since last: 1001959417 ns, Reaching safepoint: 208584 ns, At safepoint: 4291 ns, Total: 212875 ns
[2024-03-11T09:02:29.299+0000][7][safepoint    ] Safepoint "Cleanup", Time since last: 1001474334 ns, Reaching safepoint: 153625 ns, At safepoint: 3542 ns, Total: 157167 ns
[2024-03-11T09:02:30.300+0000][7][safepoint    ] Safepoint "Cleanup", Time since last: 1000707459 ns, Reaching safepoint: 154875 ns, At safepoint: 3333 ns, Total: 158208 ns
[2024-03-11T09:02:31.302+0000][7][safepoint    ] Safepoint "Cleanup", Time since last: 1000910583 ns, Reaching safepoint: 1219625 ns, At safepoint: 11084 ns, Total: 1230709 ns
[2024-03-11T09:02:32.303+0000][7][safepoint    ] Safepoint "Cleanup", Time since last: 1001461417 ns, Reaching safepoint: 265583 ns, At safepoint: 21792 ns, Total: 287375 ns
[2024-03-11T09:02:33.305+0000][7][safepoint    ] Safepoint "Cleanup", Time since last: 1001228375 ns, Reaching safepoint: 232209 ns, At safepoint: 17708 ns, Total: 249917 ns
[2024-03-11T09:02:34.308+0000][7][safepoint    ] Safepoint "Cleanup", Time since last: 1001503626 ns, Reaching safepoint: 1315500 ns, At safepoint: 11666 ns, Total: 1327166 ns
[2024-03-11T09:02:35.310+0000][7][safepoint    ] Safepoint "Cleanup", Time since last: 1001627376 ns, Reaching safepoint: 201250 ns, At safepoint: 4583 ns, Total: 205833 ns
[2024-03-11T09:02:36.311+0000][7][safepoint    ] Safepoint "Cleanup", Time since last: 1000980667 ns, Reaching safepoint: 558792 ns, At safepoint: 16625 ns, Total: 575417 ns
[2024-03-11T09:02:37.314+0000][7][safepoint    ] Safepoint "Cleanup", Time since last: 1002899042 ns, Reaching safepoint: 251625 ns, At safepoint: 6167 ns, Total: 257792 ns
[2024-03-11T09:02:38.316+0000][7][safepoint    ] Safepoint "Cleanup", Time since last: 1001500417 ns, Reaching safepoint: 236083 ns, At safepoint: 11458 ns, Total: 247541 ns
[2024-03-11T09:02:39.322+0000][7][safepoint    ] Safepoint "Cleanup", Time since last: 1005503459 ns, Reaching safepoint: 379459 ns, At safepoint: 9583 ns, Total: 389042 ns
[2024-03-11T09:02:40.325+0000][7][safepoint    ] Safepoint "Cleanup", Time since last: 1003135000 ns, Reaching safepoint: 236834 ns, At safepoint: 4625 ns, Total: 241459 ns
[2024-03-11T09:02:41.327+0000][7][safepoint    ] Safepoint "Cleanup", Time since last: 1001364375 ns, Reaching safepoint: 358792 ns, At safepoint: 8417 ns, Total: 367209 ns
[2024-03-11T09:02:42.332+0000][7][safepoint    ] Safepoint "Cleanup", Time since last: 1005291208 ns, Reaching safepoint: 216625 ns, At safepoint: 4875 ns, Total: 221500 ns
[2024-03-11T09:02:43.334+0000][7][safepoint    ] Safepoint "Cleanup", Time since last: 1001637043 ns, Reaching safepoint: 223541 ns, At safepoint: 4667 ns, Total: 228208 ns
[2024-03-11T09:02:44.336+0000][7][safepoint    ] Safepoint "Cleanup", Time since last: 1001033167 ns, Reaching safepoint: 255417 ns, At safepoint: 6541 ns, Total: 261958 ns
[2024-03-11T09:02:45.339+0000][7][safepoint    ] Safepoint "Cleanup", Time since last: 1003390167 ns, Reaching safepoint: 388875 ns, At safepoint: 10500 ns, Total: 399375 ns
[2024-03-11T09:02:46.345+0000][7][safepoint    ] Safepoint "Cleanup", Time since last: 1004663043 ns, Reaching safepoint: 451333 ns, At safepoint: 9000 ns, Total: 460333 ns
[2024-03-11T09:02:47.349+0000][7][safepoint    ] Safepoint "Cleanup", Time since last: 1003692834 ns, Reaching safepoint: 249166 ns, At safepoint: 7000 ns, Total: 256166 ns
[2024-03-11T09:02:48.350+0000][7][safepoint    ] Safepoint "Cleanup", Time since last: 1001602918 ns, Reaching safepoint: 286458 ns, At safepoint: 4625 ns, Total: 291083 ns
[2024-03-11T09:02:49.353+0000][7][safepoint    ] Safepoint "Cleanup", Time since last: 1002023042 ns, Reaching safepoint: 930542 ns, At safepoint: 14708 ns, Total: 945250 ns
[2024-03-11T09:02:50.356+0000][7][safepoint    ] Safepoint "Cleanup", Time since last: 1002359501 ns, Reaching safepoint: 265250 ns, At safepoint: 4666 ns, Total: 269916 ns
[2024-03-11T09:02:51.359+0000][7][safepoint    ] Safepoint "Cleanup", Time since last: 1001320709 ns, Reaching safepoint: 1274333 ns, At safepoint: 29417 ns, Total: 1303750 ns
[2024-03-11T09:02:52.362+0000][7][safepoint    ] Safepoint "Cleanup", Time since last: 1002204250 ns, Reaching safepoint: 895042 ns, At safepoint: 14625 ns, Total: 909667 ns
[2024-03-11T09:02:53.364+0000][7][safepoint    ] Safepoint "Cleanup", Time since last: 1001768376 ns, Reaching safepoint: 178583 ns, At safepoint: 12667 ns, Total: 191250 ns
[2024-03-11T09:02:54.366+0000][7][safepoint    ] Safepoint "Cleanup", Time since last: 1000563375 ns, Reaching safepoint: 1457000 ns, At safepoint: 15000 ns, Total: 1472000 ns
[2024-03-11T09:02:55.370+0000][7][safepoint    ] Safepoint "Cleanup", Time since last: 1004168001 ns, Reaching safepoint: 286500 ns, At safepoint: 4958 ns, Total: 291458 ns
[2024-03-11T09:02:56.375+0000][7][safepoint    ] Safepoint "Cleanup", Time since last: 1004283375 ns, Reaching safepoint: 302375 ns, At safepoint: 7750 ns, Total: 310125 ns
[2024-03-11T09:02:57.381+0000][7][safepoint    ] Safepoint "Cleanup", Time since last: 1003127251 ns, Reaching safepoint: 2864458 ns, At safepoint: 7709 ns, Total: 2872167 ns
[2024-03-11T09:02:58.382+0000][7][safepoint    ] Safepoint "Cleanup", Time since last: 1001156875 ns, Reaching safepoint: 232292 ns, At safepoint: 8041 ns, Total: 240333 ns
[2024-03-11T09:02:59.384+0000][7][safepoint    ] Safepoint "Cleanup", Time since last: 1001870126 ns, Reaching safepoint: 163375 ns, At safepoint: 4667 ns, Total: 168042 ns
[2024-03-11T09:03:00.386+0000][7][safepoint    ] Safepoint "Cleanup", Time since last: 1001491458 ns, Reaching safepoint: 453042 ns, At safepoint: 4792 ns, Total: 457834 ns
[2024-03-11T09:03:01.367+0000][7][safepoint    ] Safepoint "Cleanup", Time since last: 1002148791 ns, Reaching safepoint: 308250 ns, At safepoint: 9459 ns, Total: 317709 ns
[2024-03-11T09:03:02.372+0000][7][safepoint    ] Safepoint "Cleanup", Time since last: 1004693167 ns, Reaching safepoint: 301875 ns, At safepoint: 5250 ns, Total: 307125 ns
[2024-03-11T09:03:03.373+0000][7][safepoint    ] Safepoint "Cleanup", Time since last: 1000902209 ns, Reaching safepoint: 254500 ns, At safepoint: 4958 ns, Total: 259458 ns
[2024-03-11T09:03:04.375+0000][7][safepoint    ] Safepoint "Cleanup", Time since last: 1001585501 ns, Reaching safepoint: 144666 ns, At safepoint: 2875 ns, Total: 147541 ns
[2024-03-11T09:03:05.376+0000][7][safepoint    ] Safepoint "Cleanup", Time since last: 1000820459 ns, Reaching safepoint: 282958 ns, At safepoint: 6209 ns, Total: 289167 ns
[2024-03-11T09:03:06.378+0000][7][safepoint    ] Safepoint "Cleanup", Time since last: 1001877584 ns, Reaching safepoint: 271500 ns, At safepoint: 4083 ns, Total: 275583 ns
[2024-03-11T09:03:07.380+0000][7][safepoint    ] Safepoint "Cleanup", Time since last: 1001534500 ns, Reaching safepoint: 294417 ns, At safepoint: 6125 ns, Total: 300542 ns
[2024-03-11T09:03:08.382+0000][7][safepoint    ] Safepoint "Cleanup", Time since last: 1001538334 ns, Reaching safepoint: 352167 ns, At safepoint: 6958 ns, Total: 359125 ns
[2024-03-11T09:03:09.383+0000][7][safepoint    ] Safepoint "Cleanup", Time since last: 1000846125 ns, Reaching safepoint: 272750 ns, At safepoint: 7750 ns, Total: 280500 ns
[2024-03-11T09:03:10.385+0000][7][safepoint    ] Safepoint "Cleanup", Time since last: 1001829334 ns, Reaching safepoint: 496042 ns, At safepoint: 5791 ns, Total: 501833 ns
[2024-03-11T09:03:11.388+0000][7][safepoint    ] Safepoint "Cleanup", Time since last: 1002543001 ns, Reaching safepoint: 300750 ns, At safepoint: 6708 ns, Total: 307458 ns
[2024-03-11T09:03:12.392+0000][7][safepoint    ] Safepoint "Cleanup", Time since last: 1003290959 ns, Reaching safepoint: 295250 ns, At safepoint: 5125 ns, Total: 300375 ns
[2024-03-11T09:03:13.393+0000][7][safepoint    ] Safepoint "Cleanup", Time since last: 1001654542 ns, Reaching safepoint: 192042 ns, At safepoint: 3667 ns, Total: 195709 ns
[2024-03-11T09:03:14.395+0000][7][safepoint    ] Safepoint "Cleanup", Time since last: 1001171250 ns, Reaching safepoint: 188625 ns, At safepoint: 4417 ns, Total: 193042 ns
[2024-03-11T09:03:15.397+0000][7][safepoint    ] Safepoint "Cleanup", Time since last: 1001668834 ns, Reaching safepoint: 152458 ns, At safepoint: 3792 ns, Total: 156250 ns
[2024-03-11T09:03:16.398+0000][7][safepoint    ] Safepoint "Cleanup", Time since last: 1001524083 ns, Reaching safepoint: 252000 ns, At safepoint: 5334 ns, Total: 257334 ns
[2024-03-11T09:03:17.401+0000][7][safepoint    ] Safepoint "Cleanup", Time since last: 1001862042 ns, Reaching safepoint: 436416 ns, At safepoint: 33417 ns, Total: 469833 ns
[2024-03-11T09:03:18.405+0000][7][safepoint    ] Safepoint "Cleanup", Time since last: 1004376084 ns, Reaching safepoint: 244458 ns, At safepoint: 4542 ns, Total: 249000 ns
[2024-03-11T09:03:19.407+0000][7][safepoint    ] Safepoint "Cleanup", Time since last: 1001295667 ns, Reaching safepoint: 286875 ns, At safepoint: 6417 ns, Total: 293292 ns
[2024-03-11T09:03:20.409+0000][7][safepoint    ] Safepoint "Cleanup", Time since last: 1001577667 ns, Reaching safepoint: 222958 ns, At safepoint: 5125 ns, Total: 228083 ns
[2024-03-11T09:03:21.411+0000][7][safepoint    ] Safepoint "Cleanup", Time since last: 1001962251 ns, Reaching safepoint: 240583 ns, At safepoint: 5208 ns, Total: 245791 ns
[2024-03-11T09:03:22.418+0000][7][safepoint    ] Safepoint "Cleanup", Time since last: 1006631418 ns, Reaching safepoint: 249375 ns, At safepoint: 5291 ns, Total: 254666 ns
[2024-03-11T09:03:23.424+0000][7][safepoint    ] Safepoint "Cleanup", Time since last: 1005729792 ns, Reaching safepoint: 496209 ns, At safepoint: 5791 ns, Total: 502000 ns
[2024-03-11T09:03:24.431+0000][7][safepoint    ] Safepoint "Cleanup", Time since last: 1006524167 ns, Reaching safepoint: 247709 ns, At safepoint: 5833 ns, Total: 253542 ns
[2024-03-11T09:03:25.434+0000][7][safepoint    ] Safepoint "Cleanup", Time since last: 1002845417 ns, Reaching safepoint: 283792 ns, At safepoint: 6583 ns, Total: 290375 ns
[2024-03-11T09:03:26.437+0000][7][safepoint    ] Safepoint "Cleanup", Time since last: 1002502501 ns, Reaching safepoint: 243291 ns, At safepoint: 5667 ns, Total: 248958 ns
[2024-03-11T09:03:27.439+0000][7][safepoint    ] Safepoint "Cleanup", Time since last: 1002377334 ns, Reaching safepoint: 251750 ns, At safepoint: 6667 ns, Total: 258417 ns
[2024-03-11T09:03:28.441+0000][7][safepoint    ] Safepoint "Cleanup", Time since last: 1001909917 ns, Reaching safepoint: 239583 ns, At safepoint: 4958 ns, Total: 244541 ns
[2024-03-11T09:03:29.443+0000][7][safepoint    ] Safepoint "Cleanup", Time since last: 1000911418 ns, Reaching safepoint: 328708 ns, At safepoint: 4792 ns, Total: 333500 ns
[2024-03-11T09:03:30.449+0000][7][safepoint    ] Safepoint "Cleanup", Time since last: 1006164250 ns, Reaching safepoint: 219542 ns, At safepoint: 5458 ns, Total: 225000 ns
[2024-03-11T09:03:31.442+0000][7][safepoint    ] Safepoint "Cleanup", Time since last: 1005575083 ns, Reaching safepoint: 350417 ns, At safepoint: 6333 ns, Total: 356750 ns
[2024-03-11T09:03:32.445+0000][7][safepoint    ] Safepoint "Cleanup", Time since last: 1003572626 ns, Reaching safepoint: 234083 ns, At safepoint: 5667 ns, Total: 239750 ns
[2024-03-11T09:03:33.452+0000][7][safepoint    ] Safepoint "Cleanup", Time since last: 1006451833 ns, Reaching safepoint: 178875 ns, At safepoint: 12250 ns, Total: 191125 ns
[2024-03-11T09:03:34.457+0000][7][safepoint    ] Safepoint "Cleanup", Time since last: 1004910751 ns, Reaching safepoint: 262208 ns, At safepoint: 5375 ns, Total: 267583 ns
[2024-03-11T09:03:35.463+0000][7][safepoint    ] Safepoint "Cleanup", Time since last: 1005154626 ns, Reaching safepoint: 983375 ns, At safepoint: 5250 ns, Total: 988625 ns
[2024-03-11T09:03:36.465+0000][7][safepoint    ] Safepoint "Cleanup", Time since last: 1001350750 ns, Reaching safepoint: 153125 ns, At safepoint: 44334 ns, Total: 197459 ns
[2024-03-11T09:03:38.314+0000][7][safepoint    ] Safepoint "Cleanup", Time since last: 1848919000 ns, Reaching safepoint: 213625 ns, At safepoint: 5000 ns, Total: 218625 ns
[2024-03-11T09:03:39.320+0000][7][safepoint    ] Safepoint "Cleanup", Time since last: 1005422668 ns, Reaching safepoint: 260375 ns, At safepoint: 5250 ns, Total: 265625 ns
[2024-03-11T09:03:40.326+0000][7][safepoint    ] Safepoint "Cleanup", Time since last: 1005603375 ns, Reaching safepoint: 373417 ns, At safepoint: 6208 ns, Total: 379625 ns
[2024-03-11T09:03:41.332+0000][7][safepoint    ] Safepoint "Cleanup", Time since last: 1006250501 ns, Reaching safepoint: 239125 ns, At safepoint: 6458 ns, Total: 245583 ns
[2024-03-11T09:03:42.339+0000][7][safepoint    ] Safepoint "Cleanup", Time since last: 1004969292 ns, Reaching safepoint: 1631458 ns, At safepoint: 13000 ns, Total: 1644458 ns
[2024-03-11T09:03:43.344+0000][7][safepoint    ] Safepoint "Cleanup", Time since last: 1005142001 ns, Reaching safepoint: 336375 ns, At safepoint: 9042 ns, Total: 345417 ns
[2024-03-11T09:03:44.348+0000][7][safepoint    ] Safepoint "Cleanup", Time since last: 1003506458 ns, Reaching safepoint: 312834 ns, At safepoint: 7291 ns, Total: 320125 ns
[2024-03-11T09:03:45.349+0000][7][safepoint    ] Safepoint "Cleanup", Time since last: 1001043751 ns, Reaching safepoint: 220750 ns, At safepoint: 4583 ns, Total: 225333 ns
[2024-03-11T09:03:46.352+0000][7][safepoint    ] Safepoint "Cleanup", Time since last: 1002205876 ns, Reaching safepoint: 657041 ns, At safepoint: 9542 ns, Total: 666583 ns
[2024-03-11T09:03:47.354+0000][7][safepoint    ] Safepoint "Cleanup", Time since last: 1001072959 ns, Reaching safepoint: 228541 ns, At safepoint: 7459 ns, Total: 236000 ns
[2024-03-11T09:03:48.359+0000][7][safepoint    ] Safepoint "Cleanup", Time since last: 1004907917 ns, Reaching safepoint: 245250 ns, At safepoint: 4958 ns, Total: 250208 ns
[2024-03-11T09:03:49.361+0000][7][safepoint    ] Safepoint "Cleanup", Time since last: 1001896167 ns, Reaching safepoint: 367584 ns, At safepoint: 4375 ns, Total: 371959 ns
[2024-03-11T09:03:50.363+0000][7][safepoint    ] Safepoint "Cleanup", Time since last: 1002043084 ns, Reaching safepoint: 267458 ns, At safepoint: 5000 ns, Total: 272458 ns
[2024-03-11T09:03:51.364+0000][7][safepoint    ] Safepoint "Cleanup", Time since last: 1000741625 ns, Reaching safepoint: 265000 ns, At safepoint: 4875 ns, Total: 269875 ns
[2024-03-11T09:03:52.368+0000][7][safepoint    ] Safepoint "Cleanup", Time since last: 1003501876 ns, Reaching safepoint: 204833 ns, At safepoint: 3209 ns, Total: 208042 ns
[2024-03-11T09:03:53.370+0000][7][safepoint    ] Safepoint "Cleanup", Time since last: 1001273958 ns, Reaching safepoint: 322834 ns, At safepoint: 8041 ns, Total: 330875 ns
[2024-03-11T09:03:54.374+0000][7][safepoint    ] Safepoint "Cleanup", Time since last: 1003553001 ns, Reaching safepoint: 309500 ns, At safepoint: 5958 ns, Total: 315458 ns
[2024-03-11T09:03:55.377+0000][7][safepoint    ] Safepoint "Cleanup", Time since last: 1002421626 ns, Reaching safepoint: 532791 ns, At safepoint: 7417 ns, Total: 540208 ns
[2024-03-11T09:03:56.381+0000][7][safepoint    ] Safepoint "Cleanup", Time since last: 1004019334 ns, Reaching safepoint: 168250 ns, At safepoint: 4708 ns, Total: 172958 ns
[2024-03-11T09:03:57.383+0000][7][safepoint    ] Safepoint "Cleanup", Time since last: 1001644417 ns, Reaching safepoint: 420292 ns, At safepoint: 7583 ns, Total: 427875 ns
[2024-03-11T09:03:58.386+0000][7][safepoint    ] Safepoint "Cleanup", Time since last: 1002669334 ns, Reaching safepoint: 206208 ns, At safepoint: 4459 ns, Total: 210667 ns
[2024-03-11T09:03:59.392+0000][7][safepoint    ] Safepoint "Cleanup", Time since last: 1006225667 ns, Reaching safepoint: 306500 ns, At safepoint: 5583 ns, Total: 312083 ns
[2024-03-11T09:04:00.394+0000][7][safepoint    ] Safepoint "Cleanup", Time since last: 1001567584 ns, Reaching safepoint: 590875 ns, At safepoint: 7708 ns, Total: 598583 ns
[2024-03-11T09:04:01.923+0000][7][safepoint    ] Safepoint "Cleanup", Time since last: 1531029292 ns, Reaching safepoint: 334500 ns, At safepoint: 4708 ns, Total: 339208 ns
[2024-03-11T09:04:02.925+0000][7][safepoint    ] Safepoint "Cleanup", Time since last: 1001214251 ns, Reaching safepoint: 181791 ns, At safepoint: 4542 ns, Total: 186333 ns
[2024-03-11T09:04:03.929+0000][7][safepoint    ] Safepoint "Cleanup", Time since last: 1004472792 ns, Reaching safepoint: 190833 ns, At safepoint: 5167 ns, Total: 196000 ns
[2024-03-11T09:04:04.936+0000][7][safepoint    ] Safepoint "Cleanup", Time since last: 1006204251 ns, Reaching safepoint: 303291 ns, At safepoint: 4625 ns, Total: 307916 ns
[2024-03-11T09:04:05.940+0000][7][safepoint    ] Safepoint "Cleanup", Time since last: 1003753709 ns, Reaching safepoint: 368708 ns, At safepoint: 30417 ns, Total: 399125 ns
[2024-03-11T09:04:06.944+0000][7][safepoint    ] Safepoint "Cleanup", Time since last: 1003146834 ns, Reaching safepoint: 726250 ns, At safepoint: 11416 ns, Total: 737666 ns
[2024-03-11T09:04:07.947+0000][7][safepoint    ] Safepoint "Cleanup", Time since last: 1002874168 ns, Reaching safepoint: 164250 ns, At safepoint: 3291 ns, Total: 167541 ns
[2024-03-11T09:04:08.952+0000][7][safepoint    ] Safepoint "Cleanup", Time since last: 1005109126 ns, Reaching safepoint: 241250 ns, At safepoint: 4791 ns, Total: 246041 ns
[2024-03-11T09:04:09.955+0000][7][safepoint    ] Safepoint "Cleanup", Time since last: 1002757876 ns, Reaching safepoint: 169250 ns, At safepoint: 3875 ns, Total: 173125 ns
[2024-03-11T09:04:10.958+0000][7][safepoint    ] Safepoint "Cleanup", Time since last: 1002631625 ns, Reaching safepoint: 476375 ns, At safepoint: 5667 ns, Total: 482042 ns
[2024-03-11T09:04:11.961+0000][7][safepoint    ] Safepoint "Cleanup", Time since last: 1002733001 ns, Reaching safepoint: 213041 ns, At safepoint: 4250 ns, Total: 217291 ns
[2024-03-11T09:04:12.968+0000][7][safepoint    ] Safepoint "Cleanup", Time since last: 1006203417 ns, Reaching safepoint: 265459 ns, At safepoint: 5458 ns, Total: 270917 ns
[2024-03-11T09:04:13.970+0000][7][safepoint    ] Safepoint "Cleanup", Time since last: 1001883584 ns, Reaching safepoint: 260833 ns, At safepoint: 5625 ns, Total: 266458 ns
[2024-03-11T09:04:14.974+0000][7][safepoint    ] Safepoint "Cleanup", Time since last: 1003504626 ns, Reaching safepoint: 195083 ns, At safepoint: 3500 ns, Total: 198583 ns
[2024-03-11T09:04:15.978+0000][7][safepoint    ] Safepoint "Cleanup", Time since last: 1003757500 ns, Reaching safepoint: 179917 ns, At safepoint: 3500 ns, Total: 183417 ns
[2024-03-11T09:04:16.982+0000][7][safepoint    ] Safepoint "Cleanup", Time since last: 1004062376 ns, Reaching safepoint: 292833 ns, At safepoint: 5167 ns, Total: 298000 ns
[2024-03-11T09:04:17.987+0000][7][safepoint    ] Safepoint "Cleanup", Time since last: 1003604500 ns, Reaching safepoint: 948750 ns, At safepoint: 14167 ns, Total: 962917 ns
[2024-03-11T09:04:18.989+0000][7][safepoint    ] Safepoint "Cleanup", Time since last: 1002205792 ns, Reaching safepoint: 362875 ns, At safepoint: 6583 ns, Total: 369458 ns
[2024-03-11T09:04:19.995+0000][7][safepoint    ] Safepoint "Cleanup", Time since last: 1005491334 ns, Reaching safepoint: 286417 ns, At safepoint: 5125 ns, Total: 291542 ns
[2024-03-11T09:04:20.996+0000][7][safepoint    ] Safepoint "Cleanup", Time since last: 1001221625 ns, Reaching safepoint: 217000 ns, At safepoint: 5125 ns, Total: 222125 ns
[2024-03-11T09:04:22.000+0000][7][safepoint    ] Safepoint "Cleanup", Time since last: 1003695709 ns, Reaching safepoint: 382833 ns, At safepoint: 12125 ns, Total: 394958 ns
[2024-03-11T09:04:23.003+0000][7][safepoint    ] Safepoint "Cleanup", Time since last: 1002273792 ns, Reaching safepoint: 243084 ns, At safepoint: 6291 ns, Total: 249375 ns
[2024-03-11T09:04:24.008+0000][7][safepoint    ] Safepoint "Cleanup", Time since last: 1004760084 ns, Reaching safepoint: 469292 ns, At safepoint: 7042 ns, Total: 476334 ns
[2024-03-11T09:04:25.011+0000][7][safepoint    ] Safepoint "Cleanup", Time since last: 1002429750 ns, Reaching safepoint: 180875 ns, At safepoint: 4583 ns, Total: 185458 ns
[2024-03-11T09:04:26.012+0000][7][safepoint    ] Safepoint "Cleanup", Time since last: 1001146334 ns, Reaching safepoint: 265334 ns, At safepoint: 6083 ns, Total: 271417 ns
[2024-03-11T09:04:27.014+0000][7][safepoint    ] Safepoint "Cleanup", Time since last: 1001616000 ns, Reaching safepoint: 262959 ns, At safepoint: 4500 ns, Total: 267459 ns
[2024-03-11T09:04:28.020+0000][7][safepoint    ] Safepoint "Cleanup", Time since last: 1005082292 ns, Reaching safepoint: 299417 ns, At safepoint: 57750 ns, Total: 357167 ns
[2024-03-11T09:04:29.021+0000][7][safepoint    ] Safepoint "Cleanup", Time since last: 1000989083 ns, Reaching safepoint: 240084 ns, At safepoint: 4125 ns, Total: 244209 ns
[2024-03-11T09:04:30.027+0000][7][safepoint    ] Safepoint "Cleanup", Time since last: 1005856417 ns, Reaching safepoint: 206000 ns, At safepoint: 14625 ns, Total: 220625 ns
[2024-03-11T09:04:31.032+0000][7][safepoint    ] Safepoint "Cleanup", Time since last: 1005251166 ns, Reaching safepoint: 335042 ns, At safepoint: 7417 ns, Total: 342459 ns
[2024-03-11T09:04:32.034+0000][7][safepoint    ] Safepoint "Cleanup", Time since last: 1002185208 ns, Reaching safepoint: 440959 ns, At safepoint: 7666 ns, Total: 448625 ns
[2024-03-11T09:04:33.038+0000][7][safepoint    ] Safepoint "Cleanup", Time since last: 1003010709 ns, Reaching safepoint: 407417 ns, At safepoint: 4875 ns, Total: 412292 ns
[2024-03-11T09:04:34.044+0000][7][safepoint    ] Safepoint "Cleanup", Time since last: 1006047792 ns, Reaching safepoint: 172917 ns, At safepoint: 3791 ns, Total: 176708 ns
[2024-03-11T09:04:35.046+0000][7][safepoint    ] Safepoint "Cleanup", Time since last: 1002120334 ns, Reaching safepoint: 209709 ns, At safepoint: 4416 ns, Total: 214125 ns
[2024-03-11T09:04:36.048+0000][7][safepoint    ] Safepoint "Cleanup", Time since last: 1002020084 ns, Reaching safepoint: 261708 ns, At safepoint: 4625 ns, Total: 266333 ns
[2024-03-11T09:04:37.050+0000][7][safepoint    ] Safepoint "Cleanup", Time since last: 1001480001 ns, Reaching safepoint: 211583 ns, At safepoint: 4834 ns, Total: 216417 ns
[2024-03-11T09:04:38.054+0000][7][safepoint    ] Safepoint "Cleanup", Time since last: 1002764333 ns, Reaching safepoint: 990209 ns, At safepoint: 9750 ns, Total: 999959 ns
[2024-03-11T09:04:39.059+0000][7][safepoint    ] Safepoint "Cleanup", Time since last: 1004837958 ns, Reaching safepoint: 166584 ns, At safepoint: 3583 ns, Total: 170167 ns
[2024-03-11T09:04:40.063+0000][7][safepoint    ] Safepoint "Cleanup", Time since last: 1003891501 ns, Reaching safepoint: 370583 ns, At safepoint: 10208 ns, Total: 380791 ns
[2024-03-11T09:04:41.065+0000][7][safepoint    ] Safepoint "Cleanup", Time since last: 1001246126 ns, Reaching safepoint: 469916 ns, At safepoint: 23000 ns, Total: 492916 ns
[2024-03-11T09:04:42.068+0000][7][safepoint    ] Safepoint "Cleanup", Time since last: 1002435459 ns, Reaching safepoint: 250917 ns, At safepoint: 15500 ns, Total: 266417 ns
[2024-03-11T09:04:43.075+0000][7][safepoint    ] Safepoint "Cleanup", Time since last: 1006062000 ns, Reaching safepoint: 1396709 ns, At safepoint: 20708 ns, Total: 1417417 ns
[2024-03-11T09:04:44.079+0000][7][safepoint    ] Safepoint "Cleanup", Time since last: 1002796584 ns, Reaching safepoint: 1092125 ns, At safepoint: 14167 ns, Total: 1106292 ns
[2024-03-11T09:04:45.085+0000][7][safepoint    ] Safepoint "Cleanup", Time since last: 1005493042 ns, Reaching safepoint: 386708 ns, At safepoint: 8667 ns, Total: 395375 ns
[2024-03-11T09:04:46.091+0000][7][safepoint    ] Safepoint "Cleanup", Time since last: 1005767417 ns, Reaching safepoint: 327000 ns, At safepoint: 8750 ns, Total: 335750 ns
[2024-03-11T09:04:47.095+0000][7][safepoint    ] Safepoint "Cleanup", Time since last: 1004215584 ns, Reaching safepoint: 196500 ns, At safepoint: 4916 ns, Total: 201416 ns
[2024-03-11T09:04:48.097+0000][7][safepoint    ] Safepoint "Cleanup", Time since last: 1001688042 ns, Reaching safepoint: 243209 ns, At safepoint: 6083 ns, Total: 249292 ns
[2024-03-11T09:04:49.099+0000][7][safepoint    ] Safepoint "Cleanup", Time since last: 1001515709 ns, Reaching safepoint: 314417 ns, At safepoint: 8625 ns, Total: 323042 ns
[2024-03-11T09:04:50.103+0000][7][safepoint    ] Safepoint "Cleanup", Time since last: 1003704833 ns, Reaching safepoint: 415500 ns, At safepoint: 9542 ns, Total: 425042 ns
[2024-03-11T09:04:51.106+0000][7][safepoint    ] Safepoint "Cleanup", Time since last: 1002623376 ns, Reaching safepoint: 230208 ns, At safepoint: 5542 ns, Total: 235750 ns
[2024-03-11T09:04:52.109+0000][7][safepoint    ] Safepoint "Cleanup", Time since last: 1002468917 ns, Reaching safepoint: 214375 ns, At safepoint: 3791 ns, Total: 218166 ns
[2024-03-11T09:04:53.112+0000][7][safepoint    ] Safepoint "Cleanup", Time since last: 1002851043 ns, Reaching safepoint: 506750 ns, At safepoint: 7166 ns, Total: 513916 ns
[2024-03-11T09:04:54.114+0000][7][safepoint    ] Safepoint "Cleanup", Time since last: 1001566542 ns, Reaching safepoint: 408584 ns, At safepoint: 9500 ns, Total: 418084 ns
[2024-03-11T09:04:55.117+0000][7][safepoint    ] Safepoint "Cleanup", Time since last: 1002056458 ns, Reaching safepoint: 294084 ns, At safepoint: 6000 ns, Total: 300084 ns
[2024-03-11T09:04:56.119+0000][7][safepoint    ] Safepoint "Cleanup", Time since last: 1002281167 ns, Reaching safepoint: 89083 ns, At safepoint: 2792 ns, Total: 91875 ns
[2024-03-11T09:04:57.123+0000][7][safepoint    ] Safepoint "Cleanup", Time since last: 1003159667 ns, Reaching safepoint: 373750 ns, At safepoint: 7208 ns, Total: 380958 ns
[2024-03-11T09:04:58.125+0000][7][safepoint    ] Safepoint "Cleanup", Time since last: 1002056751 ns, Reaching safepoint: 257125 ns, At safepoint: 4583 ns, Total: 261708 ns
[2024-03-11T09:04:59.126+0000][7][safepoint    ] Safepoint "Cleanup", Time since last: 1001091042 ns, Reaching safepoint: 148334 ns, At safepoint: 3083 ns, Total: 151417 ns
[2024-03-11T09:05:00.133+0000][7][safepoint    ] Safepoint "Cleanup", Time since last: 1006591042 ns, Reaching safepoint: 203250 ns, At safepoint: 3834 ns, Total: 207084 ns
[2024-03-11T09:05:01.135+0000][7][safepoint    ] Safepoint "Cleanup", Time since last: 1001359832 ns, Reaching safepoint: 486209 ns, At safepoint: 5500 ns, Total: 491709 ns
[2024-03-11T09:05:02.137+0000][7][safepoint    ] Safepoint "Cleanup", Time since last: 1002337542 ns, Reaching safepoint: 379167 ns, At safepoint: 10833 ns, Total: 390000 ns
[2024-03-11T09:05:03.141+0000][7][safepoint    ] Safepoint "Cleanup", Time since last: 1003196042 ns, Reaching safepoint: 347458 ns, At safepoint: 6167 ns, Total: 353625 ns
[2024-03-11T09:05:04.148+0000][7][safepoint    ] Safepoint "Cleanup", Time since last: 1006663459 ns, Reaching safepoint: 249250 ns, At safepoint: 5750 ns, Total: 255000 ns
[2024-03-11T09:05:05.151+0000][7][safepoint    ] Safepoint "Cleanup", Time since last: 1003228959 ns, Reaching safepoint: 248000 ns, At safepoint: 6166 ns, Total: 254166 ns
[2024-03-11T09:05:06.157+0000][7][safepoint    ] Safepoint "Cleanup", Time since last: 1005095751 ns, Reaching safepoint: 491083 ns, At safepoint: 5958 ns, Total: 497041 ns
[2024-03-11T09:05:07.159+0000][7][safepoint    ] Safepoint "Cleanup", Time since last: 1001959626 ns, Reaching safepoint: 493625 ns, At safepoint: 9167 ns, Total: 502792 ns
[2024-03-11T09:05:08.164+0000][7][safepoint    ] Safepoint "Cleanup", Time since last: 1004536625 ns, Reaching safepoint: 104750 ns, At safepoint: 1875 ns, Total: 106625 ns
[2024-03-11T09:05:09.170+0000][7][safepoint    ] Safepoint "Cleanup", Time since last: 1005363334 ns, Reaching safepoint: 359375 ns, At safepoint: 10333 ns, Total: 369708 ns
[2024-03-11T09:05:10.171+0000][7][safepoint    ] Safepoint "Cleanup", Time since last: 1001106876 ns, Reaching safepoint: 493375 ns, At safepoint: 12375 ns, Total: 505750 ns
[2024-03-11T09:05:11.177+0000][7][safepoint    ] Safepoint "Cleanup", Time since last: 1005412959 ns, Reaching safepoint: 108375 ns, At safepoint: 3833 ns, Total: 112208 ns
[2024-03-11T09:05:12.178+0000][7][safepoint    ] Safepoint "Cleanup", Time since last: 1001303209 ns, Reaching safepoint: 319500 ns, At safepoint: 5125 ns, Total: 324625 ns
[2024-03-11T09:05:13.181+0000][7][safepoint    ] Safepoint "Cleanup", Time since last: 1002844083 ns, Reaching safepoint: 140167 ns, At safepoint: 2750 ns, Total: 142917 ns
[2024-03-11T09:05:14.186+0000][7][safepoint    ] Safepoint "Cleanup", Time since last: 1003094542 ns, Reaching safepoint: 1152375 ns, At safepoint: 22167 ns, Total: 1174542 ns
[2024-03-11T09:05:15.189+0000][7][safepoint    ] Safepoint "Cleanup", Time since last: 1002698959 ns, Reaching safepoint: 534375 ns, At safepoint: 7625 ns, Total: 542000 ns
[2024-03-11T09:05:16.191+0000][7][safepoint    ] Safepoint "Cleanup", Time since last: 1001873834 ns, Reaching safepoint: 257583 ns, At safepoint: 4625 ns, Total: 262208 ns
[2024-03-11T09:05:17.197+0000][7][safepoint    ] Safepoint "Cleanup", Time since last: 1005337709 ns, Reaching safepoint: 457083 ns, At safepoint: 6125 ns, Total: 463208 ns
[2024-03-11T09:05:18.202+0000][7][safepoint    ] Safepoint "Cleanup", Time since last: 1005257459 ns, Reaching safepoint: 223875 ns, At safepoint: 13833 ns, Total: 237708 ns
[2024-03-11T09:05:19.209+0000][7][safepoint    ] Safepoint "Cleanup", Time since last: 1006215834 ns, Reaching safepoint: 138167 ns, At safepoint: 3833 ns, Total: 142000 ns
[2024-03-11T09:05:20.215+0000][7][safepoint    ] Safepoint "Cleanup", Time since last: 1005855750 ns, Reaching safepoint: 164875 ns, At safepoint: 3334 ns, Total: 168209 ns
[2024-03-11T09:05:21.216+0000][7][safepoint    ] Safepoint "Cleanup", Time since last: 1001393334 ns, Reaching safepoint: 301083 ns, At safepoint: 50458 ns, Total: 351541 ns
[2024-03-11T09:05:22.219+0000][7][safepoint    ] Safepoint "Cleanup", Time since last: 1002195667 ns, Reaching safepoint: 253375 ns, At safepoint: 6625 ns, Total: 260000 ns
[2024-03-11T09:05:23.223+0000][7][safepoint    ] Safepoint "Cleanup", Time since last: 1004092376 ns, Reaching safepoint: 303833 ns, At safepoint: 6584 ns, Total: 310417 ns
[2024-03-11T09:05:24.226+0000][7][safepoint    ] Safepoint "Cleanup", Time since last: 1002297167 ns, Reaching safepoint: 345833 ns, At safepoint: 5208 ns, Total: 351041 ns
[2024-03-11T09:05:25.232+0000][7][safepoint    ] Safepoint "Cleanup", Time since last: 1005485251 ns, Reaching safepoint: 674500 ns, At safepoint: 8500 ns, Total: 683000 ns
[2024-03-11T09:05:26.236+0000][7][safepoint    ] Safepoint "Cleanup", Time since last: 1003584167 ns, Reaching safepoint: 641417 ns, At safepoint: 5666 ns, Total: 647083 ns
[2024-03-11T09:05:27.239+0000][7][safepoint    ] Safepoint "Cleanup", Time since last: 1002292167 ns, Reaching safepoint: 358834 ns, At safepoint: 8291 ns, Total: 367125 ns
[2024-03-11T09:05:28.243+0000][7][safepoint    ] Safepoint "Cleanup", Time since last: 1003270084 ns, Reaching safepoint: 339334 ns, At safepoint: 5375 ns, Total: 344709 ns
[2024-03-11T09:05:29.246+0000][7][safepoint    ] Safepoint "Cleanup", Time since last: 1003365292 ns, Reaching safepoint: 166500 ns, At safepoint: 4958 ns, Total: 171458 ns
[2024-03-11T09:05:30.253+0000][7][safepoint    ] Safepoint "Cleanup", Time since last: 1006454584 ns, Reaching safepoint: 322875 ns, At safepoint: 4583 ns, Total: 327458 ns
[2024-03-11T09:05:31.256+0000][7][safepoint    ] Safepoint "Cleanup", Time since last: 1002981000 ns, Reaching safepoint: 304167 ns, At safepoint: 6208 ns, Total: 310375 ns
[2024-03-11T09:05:32.260+0000][7][safepoint    ] Safepoint "Cleanup", Time since last: 1003350751 ns, Reaching safepoint: 160375 ns, At safepoint: 3417 ns, Total: 163792 ns
[2024-03-11T09:05:33.261+0000][7][safepoint    ] Safepoint "Cleanup", Time since last: 1001486917 ns, Reaching safepoint: 204958 ns, At safepoint: 4167 ns, Total: 209125 ns
[2024-03-11T09:05:35.138+0000][7][safepoint    ] Safepoint "Cleanup", Time since last: 1876140001 ns, Reaching safepoint: 244958 ns, At safepoint: 5000 ns, Total: 249958 ns
[2024-03-11T09:05:36.140+0000][7][safepoint    ] Safepoint "Cleanup", Time since last: 1001991209 ns, Reaching safepoint: 312083 ns, At safepoint: 6375 ns, Total: 318458 ns
[2024-03-11T09:05:37.144+0000][7][safepoint    ] Safepoint "Cleanup", Time since last: 1003533501 ns, Reaching safepoint: 419958 ns, At safepoint: 5542 ns, Total: 425500 ns
[2024-03-11T09:05:38.146+0000][7][safepoint    ] Safepoint "Cleanup", Time since last: 1001437625 ns, Reaching safepoint: 312875 ns, At safepoint: 4542 ns, Total: 317417 ns
[2024-03-11T09:05:39.149+0000][7][safepoint    ] Safepoint "Cleanup", Time since last: 1002873334 ns, Reaching safepoint: 215750 ns, At safepoint: 3875 ns, Total: 219625 ns
[2024-03-11T09:05:40.151+0000][7][safepoint    ] Safepoint "Cleanup", Time since last: 1001947500 ns, Reaching safepoint: 333000 ns, At safepoint: 6042 ns, Total: 339042 ns
[2024-03-11T09:05:41.154+0000][7][safepoint    ] Safepoint "Cleanup", Time since last: 1002499000 ns, Reaching safepoint: 270250 ns, At safepoint: 5375 ns, Total: 275625 ns
[2024-03-11T09:05:42.156+0000][7][safepoint    ] Safepoint "Cleanup", Time since last: 1001839292 ns, Reaching safepoint: 246959 ns, At safepoint: 4500 ns, Total: 251459 ns
[2024-03-11T09:05:43.159+0000][7][safepoint    ] Safepoint "Cleanup", Time since last: 1003046083 ns, Reaching safepoint: 297167 ns, At safepoint: 6625 ns, Total: 303792 ns
[2024-03-11T09:05:44.162+0000][7][safepoint    ] Safepoint "Cleanup", Time since last: 1002197084 ns, Reaching safepoint: 256042 ns, At safepoint: 4291 ns, Total: 260333 ns
[2024-03-11T09:05:45.164+0000][7][safepoint    ] Safepoint "Cleanup", Time since last: 1002027792 ns, Reaching safepoint: 186042 ns, At safepoint: 4750 ns, Total: 190792 ns
[2024-03-11T09:05:46.167+0000][7][safepoint    ] Safepoint "Cleanup", Time since last: 1002956167 ns, Reaching safepoint: 328959 ns, At safepoint: 7416 ns, Total: 336375 ns
[2024-03-11T09:05:47.170+0000][7][safepoint    ] Safepoint "Cleanup", Time since last: 1002575501 ns, Reaching safepoint: 385916 ns, At safepoint: 7125 ns, Total: 393041 ns
[2024-03-11T09:05:48.173+0000][7][safepoint    ] Safepoint "Cleanup", Time since last: 1002607168 ns, Reaching safepoint: 202541 ns, At safepoint: 4875 ns, Total: 207416 ns
[2024-03-11T09:05:49.176+0000][7][safepoint    ] Safepoint "Cleanup", Time since last: 1001957959 ns, Reaching safepoint: 361333 ns, At safepoint: 4625 ns, Total: 365958 ns
[2024-03-11T09:05:50.178+0000][7][safepoint    ] Safepoint "Cleanup", Time since last: 1001931376 ns, Reaching safepoint: 296166 ns, At safepoint: 5709 ns, Total: 301875 ns
[2024-03-11T09:05:51.181+0000][7][safepoint    ] Safepoint "Cleanup", Time since last: 1002701125 ns, Reaching safepoint: 424584 ns, At safepoint: 13333 ns, Total: 437917 ns
[2024-03-11T09:05:52.188+0000][7][safepoint    ] Safepoint "Cleanup", Time since last: 1006237459 ns, Reaching safepoint: 493583 ns, At safepoint: 12458 ns, Total: 506041 ns
[2024-03-11T09:05:53.190+0000][7][safepoint    ] Safepoint "Cleanup", Time since last: 1002144334 ns, Reaching safepoint: 328875 ns, At safepoint: 7667 ns, Total: 336542 ns
[2024-03-11T09:05:54.195+0000][7][safepoint    ] Safepoint "Cleanup", Time since last: 1004897125 ns, Reaching safepoint: 238500 ns, At safepoint: 6000 ns, Total: 244500 ns
[2024-03-11T09:05:55.199+0000][7][safepoint    ] Safepoint "Cleanup", Time since last: 1003118251 ns, Reaching safepoint: 395833 ns, At safepoint: 7042 ns, Total: 402875 ns
[2024-03-11T09:05:56.203+0000][7][safepoint    ] Safepoint "Cleanup", Time since last: 1003781334 ns, Reaching safepoint: 354833 ns, At safepoint: 7458 ns, Total: 362291 ns
[2024-03-11T09:05:57.205+0000][7][safepoint    ] Safepoint "Cleanup", Time since last: 1001728209 ns, Reaching safepoint: 444625 ns, At safepoint: 35417 ns, Total: 480042 ns
[2024-03-11T09:05:58.212+0000][7][safepoint    ] Safepoint "Cleanup", Time since last: 1006353834 ns, Reaching safepoint: 208541 ns, At safepoint: 6834 ns, Total: 215375 ns
[2024-03-11T09:05:59.219+0000][7][safepoint    ] Safepoint "Cleanup", Time since last: 1006740292 ns, Reaching safepoint: 281958 ns, At safepoint: 17833 ns, Total: 299791 ns
[2024-03-11T09:06:00.225+0000][7][safepoint    ] Safepoint "Cleanup", Time since last: 1005591168 ns, Reaching safepoint: 410500 ns, At safepoint: 6625 ns, Total: 417125 ns
[2024-03-11T09:06:01.225+0000][7][safepoint    ] Safepoint "Cleanup", Time since last: 1000705458 ns, Reaching safepoint: 401000 ns, At safepoint: 6833 ns, Total: 407833 ns
[2024-03-11T09:06:02.232+0000][7][safepoint    ] Safepoint "Cleanup", Time since last: 1006639293 ns, Reaching safepoint: 336333 ns, At safepoint: 7917 ns, Total: 344250 ns
[2024-03-11T09:06:03.234+0000][7][safepoint    ] Safepoint "Cleanup", Time since last: 1001649375 ns, Reaching safepoint: 381958 ns, At safepoint: 7959 ns, Total: 389917 ns
[2024-03-11T09:06:04.236+0000][7][safepoint    ] Safepoint "Cleanup", Time since last: 1001831000 ns, Reaching safepoint: 529917 ns, At safepoint: 10542 ns, Total: 540459 ns
[2024-03-11T09:06:05.238+0000][7][safepoint    ] Safepoint "Cleanup", Time since last: 1001292417 ns, Reaching safepoint: 370000 ns, At safepoint: 7416 ns, Total: 377416 ns
[2024-03-11T09:06:06.242+0000][7][safepoint    ] Safepoint "Cleanup", Time since last: 1003485084 ns, Reaching safepoint: 337000 ns, At safepoint: 7250 ns, Total: 344250 ns
[2024-03-11T09:06:07.244+0000][7][safepoint    ] Safepoint "Cleanup", Time since last: 1001877626 ns, Reaching safepoint: 262291 ns, At safepoint: 7500 ns, Total: 269791 ns
[2024-03-11T09:06:08.248+0000][7][safepoint    ] Safepoint "Cleanup", Time since last: 1003769126 ns, Reaching safepoint: 382000 ns, At safepoint: 12250 ns, Total: 394250 ns
[2024-03-11T09:06:09.250+0000][7][safepoint    ] Safepoint "Cleanup", Time since last: 1001926584 ns, Reaching safepoint: 195625 ns, At safepoint: 4958 ns, Total: 200583 ns
[2024-03-11T09:06:10.256+0000][7][safepoint    ] Safepoint "Cleanup", Time since last: 1005236459 ns, Reaching safepoint: 261916 ns, At safepoint: 6584 ns, Total: 268500 ns
[2024-03-11T09:06:11.260+0000][7][safepoint    ] Safepoint "Cleanup", Time since last: 1003476500 ns, Reaching safepoint: 385917 ns, At safepoint: 7250 ns, Total: 393167 ns
[2024-03-11T09:06:12.505+0000][7][safepoint    ] Safepoint "Cleanup", Time since last: 1244638417 ns, Reaching safepoint: 396083 ns, At safepoint: 7792 ns, Total: 403875 ns
[2024-03-11T09:06:13.507+0000][7][safepoint    ] Safepoint "Cleanup", Time since last: 1002267834 ns, Reaching safepoint: 353000 ns, At safepoint: 6542 ns, Total: 359542 ns
[2024-03-11T09:06:14.514+0000][7][safepoint    ] Safepoint "Cleanup", Time since last: 1006269083 ns, Reaching safepoint: 226750 ns, At safepoint: 5209 ns, Total: 231959 ns
[2024-03-11T09:06:15.520+0000][7][safepoint    ] Safepoint "Cleanup", Time since last: 1005415917 ns, Reaching safepoint: 284917 ns, At safepoint: 6166 ns, Total: 291083 ns
[2024-03-11T09:06:16.525+0000][7][safepoint    ] Safepoint "Cleanup", Time since last: 1004816459 ns, Reaching safepoint: 272750 ns, At safepoint: 4917 ns, Total: 277667 ns
[2024-03-11T09:06:17.528+0000][7][safepoint    ] Safepoint "Cleanup", Time since last: 1002479959 ns, Reaching safepoint: 281208 ns, At safepoint: 5833 ns, Total: 287041 ns
[2024-03-11T09:06:18.531+0000][7][safepoint    ] Safepoint "Cleanup", Time since last: 1002849292 ns, Reaching safepoint: 674417 ns, At safepoint: 11125 ns, Total: 685542 ns
[2024-03-11T09:06:19.535+0000][7][safepoint    ] Safepoint "Cleanup", Time since last: 1003888500 ns, Reaching safepoint: 330000 ns, At safepoint: 8250 ns, Total: 338250 ns
[2024-03-11T09:06:20.542+0000][7][safepoint    ] Safepoint "Cleanup", Time since last: 1006430251 ns, Reaching safepoint: 247333 ns, At safepoint: 6084 ns, Total: 253417 ns
[2024-03-11T09:06:21.544+0000][7][safepoint    ] Safepoint "Cleanup", Time since last: 1002029625 ns, Reaching safepoint: 228208 ns, At safepoint: 5834 ns, Total: 234042 ns
[2024-03-11T09:06:22.551+0000][7][safepoint    ] Safepoint "Cleanup", Time since last: 1006000334 ns, Reaching safepoint: 389375 ns, At safepoint: 9875 ns, Total: 399250 ns
[2024-03-11T09:06:23.557+0000][7][safepoint    ] Safepoint "Cleanup", Time since last: 1006157375 ns, Reaching safepoint: 449167 ns, At safepoint: 19291 ns, Total: 468458 ns
[2024-03-11T09:06:24.565+0000][7][safepoint    ] Safepoint "Cleanup", Time since last: 1007490376 ns, Reaching safepoint: 310625 ns, At safepoint: 8375 ns, Total: 319000 ns
[2024-03-11T09:06:25.568+0000][7][safepoint    ] Safepoint "Cleanup", Time since last: 1002137292 ns, Reaching safepoint: 312583 ns, At safepoint: 8209 ns, Total: 320792 ns
[2024-03-11T09:06:26.570+0000][7][safepoint    ] Safepoint "Cleanup", Time since last: 1002120500 ns, Reaching safepoint: 398417 ns, At safepoint: 11500 ns, Total: 409917 ns
[2024-03-11T09:06:27.577+0000][7][safepoint    ] Safepoint "Cleanup", Time since last: 1006665000 ns, Reaching safepoint: 230459 ns, At safepoint: 8625 ns, Total: 239084 ns
[2024-03-11T09:06:28.583+0000][7][safepoint    ] Safepoint "Cleanup", Time since last: 1005788708 ns, Reaching safepoint: 326000 ns, At safepoint: 7917 ns, Total: 333917 ns
[2024-03-11T09:06:29.587+0000][7][safepoint    ] Safepoint "Cleanup", Time since last: 1003491709 ns, Reaching safepoint: 338042 ns, At safepoint: 7791 ns, Total: 345833 ns
[2024-03-11T09:06:30.593+0000][7][safepoint    ] Safepoint "Cleanup", Time since last: 1006216876 ns, Reaching safepoint: 323583 ns, At safepoint: 8917 ns, Total: 332500 ns
[2024-03-11T09:06:31.596+0000][7][safepoint    ] Safepoint "Cleanup", Time since last: 1001839333 ns, Reaching safepoint: 379000 ns, At safepoint: 7083 ns, Total: 386083 ns
[2024-03-11T09:06:32.602+0000][7][safepoint    ] Safepoint "Cleanup", Time since last: 1006025667 ns, Reaching safepoint: 351917 ns, At safepoint: 13667 ns, Total: 365584 ns
[2024-03-11T09:06:33.605+0000][7][safepoint    ] Safepoint "Cleanup", Time since last: 1002709625 ns, Reaching safepoint: 449042 ns, At safepoint: 9208 ns, Total: 458250 ns
[2024-03-11T09:06:34.608+0000][7][safepoint    ] Safepoint "Cleanup", Time since last: 1002625209 ns, Reaching safepoint: 223792 ns, At safepoint: 6375 ns, Total: 230167 ns
[2024-03-11T09:06:35.615+0000][7][safepoint    ] Safepoint "Cleanup", Time since last: 1006648292 ns, Reaching safepoint: 299500 ns, At safepoint: 7917 ns, Total: 307417 ns
[2024-03-11T09:06:36.619+0000][7][safepoint    ] Safepoint "Cleanup", Time since last: 1003476375 ns, Reaching safepoint: 364083 ns, At safepoint: 7375 ns, Total: 371458 ns
[2024-03-11T09:06:37.625+0000][7][safepoint    ] Safepoint "Cleanup", Time since last: 1005444459 ns, Reaching safepoint: 322875 ns, At safepoint: 7000 ns, Total: 329875 ns
[2024-03-11T09:06:38.631+0000][7][safepoint    ] Safepoint "Cleanup", Time since last: 1006057459 ns, Reaching safepoint: 299000 ns, At safepoint: 9667 ns, Total: 308667 ns
[2024-03-11T09:06:39.634+0000][7][safepoint    ] Safepoint "Cleanup", Time since last: 1002880792 ns, Reaching safepoint: 426041 ns, At safepoint: 25417 ns, Total: 451458 ns
[2024-03-11T09:06:40.639+0000][7][safepoint    ] Safepoint "Cleanup", Time since last: 1003943001 ns, Reaching safepoint: 200500 ns, At safepoint: 6916 ns, Total: 207416 ns
[2024-03-11T09:06:42.521+0000][7][safepoint    ] Safepoint "Cleanup", Time since last: 1882613834 ns, Reaching safepoint: 250250 ns, At safepoint: 6709 ns, Total: 256959 ns
[2024-03-11T09:06:43.525+0000][7][safepoint    ] Safepoint "Cleanup", Time since last: 1003513250 ns, Reaching safepoint: 307459 ns, At safepoint: 6500 ns, Total: 313959 ns
[2024-03-11T09:06:44.528+0000][7][safepoint    ] Safepoint "Cleanup", Time since last: 1002548250 ns, Reaching safepoint: 214125 ns, At safepoint: 5375 ns, Total: 219500 ns
[2024-03-11T09:06:45.533+0000][7][safepoint    ] Safepoint "Cleanup", Time since last: 1004905209 ns, Reaching safepoint: 298083 ns, At safepoint: 8292 ns, Total: 306375 ns
[2024-03-11T09:06:46.536+0000][7][safepoint    ] Safepoint "Cleanup", Time since last: 1002480834 ns, Reaching safepoint: 297041 ns, At safepoint: 7875 ns, Total: 304916 ns
[2024-03-11T09:06:47.538+0000][7][safepoint    ] Safepoint "Cleanup", Time since last: 1001883251 ns, Reaching safepoint: 383792 ns, At safepoint: 8958 ns, Total: 392750 ns
[2024-03-11T09:06:48.542+0000][7][safepoint    ] Safepoint "Cleanup", Time since last: 1003378000 ns, Reaching safepoint: 373542 ns, At safepoint: 9750 ns, Total: 383292 ns
[2024-03-11T09:06:49.547+0000][7][safepoint    ] Safepoint "Cleanup", Time since last: 1004163084 ns, Reaching safepoint: 377250 ns, At safepoint: 5208 ns, Total: 382458 ns
[2024-03-11T09:06:50.551+0000][7][safepoint    ] Safepoint "Cleanup", Time since last: 1004066084 ns, Reaching safepoint: 274542 ns, At safepoint: 5708 ns, Total: 280250 ns
[2024-03-11T09:06:51.553+0000][7][safepoint    ] Safepoint "Cleanup", Time since last: 1002021334 ns, Reaching safepoint: 357666 ns, At safepoint: 9417 ns, Total: 367083 ns
[2024-03-11T09:06:52.558+0000][7][safepoint    ] Safepoint "Cleanup", Time since last: 1004179167 ns, Reaching safepoint: 380917 ns, At safepoint: 7250 ns, Total: 388167 ns
[2024-03-11T09:06:53.561+0000][7][safepoint    ] Safepoint "Cleanup", Time since last: 1002439375 ns, Reaching safepoint: 181584 ns, At safepoint: 7791 ns, Total: 189375 ns
[2024-03-11T09:06:54.567+0000][7][safepoint    ] Safepoint "Cleanup", Time since last: 1006170834 ns, Reaching safepoint: 304000 ns, At safepoint: 7084 ns, Total: 311084 ns
[2024-03-11T09:06:55.575+0000][7][safepoint    ] Safepoint "Cleanup", Time since last: 1006880875 ns, Reaching safepoint: 772667 ns, At safepoint: 10333 ns, Total: 783000 ns
[2024-03-11T09:06:56.578+0000][7][safepoint    ] Safepoint "Cleanup", Time since last: 1003189501 ns, Reaching safepoint: 271708 ns, At safepoint: 10125 ns, Total: 281833 ns
[2024-03-11T09:06:57.582+0000][7][safepoint    ] Safepoint "Cleanup", Time since last: 1002980500 ns, Reaching safepoint: 308292 ns, At safepoint: 10208 ns, Total: 318500 ns
[2024-03-11T09:06:58.583+0000][7][safepoint    ] Safepoint "Cleanup", Time since last: 1001496459 ns, Reaching safepoint: 375500 ns, At safepoint: 11583 ns, Total: 387083 ns
[2024-03-11T09:06:59.588+0000][7][safepoint    ] Safepoint "Cleanup", Time since last: 1003922251 ns, Reaching safepoint: 458167 ns, At safepoint: 9791 ns, Total: 467958 ns
[2024-03-11T09:07:00.652+0000][7][safepoint    ] Safepoint "Cleanup", Time since last: 1064093751 ns, Reaching safepoint: 207916 ns, At safepoint: 6542 ns, Total: 214458 ns
[2024-03-11T09:07:01.653+0000][7][safepoint    ] Safepoint "Cleanup", Time since last: 1000913125 ns, Reaching safepoint: 246042 ns, At safepoint: 6208 ns, Total: 252250 ns
[2024-03-11T09:07:02.658+0000][7][safepoint    ] Safepoint "Cleanup", Time since last: 1004973167 ns, Reaching safepoint: 322375 ns, At safepoint: 10834 ns, Total: 333209 ns
[2024-03-11T09:07:03.665+0000][7][safepoint    ] Safepoint "Cleanup", Time since last: 1006293542 ns, Reaching safepoint: 363917 ns, At safepoint: 7375 ns, Total: 371292 ns
[2024-03-11T09:07:04.670+0000][7][safepoint    ] Safepoint "Cleanup", Time since last: 1003195375 ns, Reaching safepoint: 1833792 ns, At safepoint: 12791 ns, Total: 1846583 ns
[2024-03-11T09:07:05.674+0000][7][safepoint    ] Safepoint "Cleanup", Time since last: 1003002001 ns, Reaching safepoint: 774417 ns, At safepoint: 8291 ns, Total: 782708 ns
[2024-03-11T09:07:06.677+0000][7][safepoint    ] Safepoint "Cleanup", Time since last: 1002824876 ns, Reaching safepoint: 197416 ns, At safepoint: 6709 ns, Total: 204125 ns
[2024-03-11T09:07:07.682+0000][7][safepoint    ] Safepoint "Cleanup", Time since last: 1005344292 ns, Reaching safepoint: 427541 ns, At safepoint: 7750 ns, Total: 435291 ns
[2024-03-11T09:07:08.685+0000][7][safepoint    ] Safepoint "Cleanup", Time since last: 1001934751 ns, Reaching safepoint: 331500 ns, At safepoint: 8167 ns, Total: 339667 ns
[2024-03-11T09:07:09.687+0000][7][safepoint    ] Safepoint "Cleanup", Time since last: 1002296042 ns, Reaching safepoint: 520250 ns, At safepoint: 6750 ns, Total: 527000 ns
[2024-03-11T09:07:10.690+0000][7][safepoint    ] Safepoint "Cleanup", Time since last: 1001955292 ns, Reaching safepoint: 181667 ns, At safepoint: 2833 ns, Total: 184500 ns
[2024-03-11T09:07:11.691+0000][7][safepoint    ] Safepoint "Cleanup", Time since last: 1000863167 ns, Reaching safepoint: 416250 ns, At safepoint: 6833 ns, Total: 423083 ns
[2024-03-11T09:07:12.693+0000][7][safepoint    ] Safepoint "Cleanup", Time since last: 1001672126 ns, Reaching safepoint: 273208 ns, At safepoint: 4334 ns, Total: 277542 ns
[2024-03-11T09:07:13.696+0000][7][safepoint    ] Safepoint "Cleanup", Time since last: 1002972958 ns, Reaching safepoint: 317459 ns, At safepoint: 9750 ns, Total: 327209 ns
[2024-03-11T09:07:14.699+0000][7][safepoint    ] Safepoint "Cleanup", Time since last: 1002078500 ns, Reaching safepoint: 335750 ns, At safepoint: 10084 ns, Total: 345834 ns
[2024-03-11T09:07:15.702+0000][7][safepoint    ] Safepoint "Cleanup", Time since last: 1003443000 ns, Reaching safepoint: 362542 ns, At safepoint: 11166 ns, Total: 373708 ns
[2024-03-11T09:07:16.705+0000][7][safepoint    ] Safepoint "Cleanup", Time since last: 1002362209 ns, Reaching safepoint: 407000 ns, At safepoint: 10292 ns, Total: 417292 ns
[2024-03-11T09:07:17.710+0000][7][safepoint    ] Safepoint "Cleanup", Time since last: 1003878875 ns, Reaching safepoint: 624917 ns, At safepoint: 6417 ns, Total: 631334 ns
[2024-03-11T09:07:18.712+0000][7][safepoint    ] Safepoint "Cleanup", Time since last: 1002407667 ns, Reaching safepoint: 318625 ns, At safepoint: 8041 ns, Total: 326666 ns
[2024-03-11T09:07:19.718+0000][7][safepoint    ] Safepoint "Cleanup", Time since last: 1005133626 ns, Reaching safepoint: 206458 ns, At safepoint: 4167 ns, Total: 210625 ns
[2024-03-11T09:07:20.724+0000][7][safepoint    ] Safepoint "Cleanup", Time since last: 1005691334 ns, Reaching safepoint: 132375 ns, At safepoint: 4666 ns, Total: 137041 ns
[2024-03-11T09:07:21.728+0000][7][safepoint    ] Safepoint "Cleanup", Time since last: 1004223168 ns, Reaching safepoint: 247208 ns, At safepoint: 6833 ns, Total: 254041 ns
[2024-03-11T09:07:22.733+0000][7][safepoint    ] Safepoint "Cleanup", Time since last: 1005069084 ns, Reaching safepoint: 326958 ns, At safepoint: 8000 ns, Total: 334958 ns
[2024-03-11T09:07:23.737+0000][7][safepoint    ] Safepoint "Cleanup", Time since last: 1003342376 ns, Reaching safepoint: 255833 ns, At safepoint: 5167 ns, Total: 261000 ns
[2024-03-11T09:07:24.739+0000][7][safepoint    ] Safepoint "Cleanup", Time since last: 1001758292 ns, Reaching safepoint: 481208 ns, At safepoint: 7625 ns, Total: 488833 ns
[2024-03-11T09:07:25.741+0000][7][safepoint    ] Safepoint "Cleanup", Time since last: 1001930667 ns, Reaching safepoint: 248417 ns, At safepoint: 6292 ns, Total: 254709 ns
[2024-03-11T09:07:26.743+0000][7][safepoint    ] Safepoint "Cleanup", Time since last: 1001525917 ns, Reaching safepoint: 427250 ns, At safepoint: 6667 ns, Total: 433917 ns
[2024-03-11T09:07:27.750+0000][7][safepoint    ] Safepoint "Cleanup", Time since last: 1005847458 ns, Reaching safepoint: 258209 ns, At safepoint: 8625 ns, Total: 266834 ns
[2024-03-11T09:07:28.753+0000][7][safepoint    ] Safepoint "Cleanup", Time since last: 1002687792 ns, Reaching safepoint: 321333 ns, At safepoint: 7959 ns, Total: 329292 ns
[2024-03-11T09:07:29.754+0000][7][safepoint    ] Safepoint "Cleanup", Time since last: 1000828875 ns, Reaching safepoint: 373708 ns, At safepoint: 7000 ns, Total: 380708 ns
[2024-03-11T09:07:30.757+0000][7][safepoint    ] Safepoint "Cleanup", Time since last: 1003578834 ns, Reaching safepoint: 145375 ns, At safepoint: 4917 ns, Total: 150292 ns
[2024-03-11T09:07:31.762+0000][7][safepoint    ] Safepoint "Cleanup", Time since last: 1004870208 ns, Reaching safepoint: 206959 ns, At safepoint: 5541 ns, Total: 212500 ns
[2024-03-11T09:07:32.769+0000][7][safepoint    ] Safepoint "Cleanup", Time since last: 1006746751 ns, Reaching safepoint: 396583 ns, At safepoint: 9500 ns, Total: 406083 ns
[2024-03-11T09:07:33.771+0000][7][safepoint    ] Safepoint "Cleanup", Time since last: 1001636626 ns, Reaching safepoint: 402083 ns, At safepoint: 7167 ns, Total: 409250 ns
[2024-03-11T09:07:34.775+0000][7][safepoint    ] Safepoint "Cleanup", Time since last: 1004171667 ns, Reaching safepoint: 194958 ns, At safepoint: 5958 ns, Total: 200916 ns
[2024-03-11T09:07:35.778+0000][7][safepoint    ] Safepoint "Cleanup", Time since last: 1002890334 ns, Reaching safepoint: 237584 ns, At safepoint: 7041 ns, Total: 244625 ns
[2024-03-11T09:07:36.782+0000][7][safepoint    ] Safepoint "Cleanup", Time since last: 1003051126 ns, Reaching safepoint: 302375 ns, At safepoint: 7875 ns, Total: 310250 ns
[2024-03-11T09:07:37.787+0000][7][safepoint    ] Safepoint "Cleanup", Time since last: 1004861959 ns, Reaching safepoint: 295250 ns, At safepoint: 9791 ns, Total: 305041 ns
[2024-03-11T09:07:38.790+0000][7][safepoint    ] Safepoint "Cleanup", Time since last: 1002227126 ns, Reaching safepoint: 450583 ns, At safepoint: 6792 ns, Total: 457375 ns
[2024-03-11T09:07:39.791+0000][7][safepoint    ] Safepoint "Cleanup", Time since last: 1000761583 ns, Reaching safepoint: 282500 ns, At safepoint: 6875 ns, Total: 289375 ns
[2024-03-11T09:07:40.796+0000][7][safepoint    ] Safepoint "Cleanup", Time since last: 1005705668 ns, Reaching safepoint: 123666 ns, At safepoint: 3625 ns, Total: 127291 ns
[2024-03-11T09:07:42.538+0000][7][safepoint    ] Safepoint "Cleanup", Time since last: 1740537709 ns, Reaching safepoint: 545000 ns, At safepoint: 13667 ns, Total: 558667 ns
[2024-03-11T09:07:43.543+0000][7][safepoint    ] Safepoint "Cleanup", Time since last: 1004996917 ns, Reaching safepoint: 239375 ns, At safepoint: 4709 ns, Total: 244084 ns
[2024-03-11T09:07:44.547+0000][7][safepoint    ] Safepoint "Cleanup", Time since last: 1004282083 ns, Reaching safepoint: 256667 ns, At safepoint: 4708 ns, Total: 261375 ns
[2024-03-11T09:07:45.549+0000][7][safepoint    ] Safepoint "Cleanup", Time since last: 1001170709 ns, Reaching safepoint: 372959 ns, At safepoint: 11541 ns, Total: 384500 ns
[2024-03-11T09:07:46.556+0000][7][safepoint    ] Safepoint "Cleanup", Time since last: 1006497792 ns, Reaching safepoint: 343959 ns, At safepoint: 6416 ns, Total: 350375 ns
[2024-03-11T09:07:47.559+0000][7][safepoint    ] Safepoint "Cleanup", Time since last: 1003387959 ns, Reaching safepoint: 187542 ns, At safepoint: 4458 ns, Total: 192000 ns
[2024-03-11T09:07:48.565+0000][7][safepoint    ] Safepoint "Cleanup", Time since last: 1005422126 ns, Reaching safepoint: 193000 ns, At safepoint: 5208 ns, Total: 198208 ns
[2024-03-11T09:07:49.572+0000][7][safepoint    ] Safepoint "Cleanup", Time since last: 1006484084 ns, Reaching safepoint: 442458 ns, At safepoint: 12792 ns, Total: 455250 ns
[2024-03-11T09:07:50.574+0000][7][safepoint    ] Safepoint "Cleanup", Time since last: 1001844917 ns, Reaching safepoint: 215750 ns, At safepoint: 4875 ns, Total: 220625 ns
[2024-03-11T09:07:51.576+0000][7][safepoint    ] Safepoint "Cleanup", Time since last: 1001857500 ns, Reaching safepoint: 283709 ns, At safepoint: 7125 ns, Total: 290834 ns
[2024-03-11T09:07:52.578+0000][7][safepoint    ] Safepoint "Cleanup", Time since last: 1001824125 ns, Reaching safepoint: 240209 ns, At safepoint: 8708 ns, Total: 248917 ns
[2024-03-11T09:07:53.580+0000][7][safepoint    ] Safepoint "Cleanup", Time since last: 1001342167 ns, Reaching safepoint: 255792 ns, At safepoint: 6000 ns, Total: 261792 ns
[2024-03-11T09:07:54.582+0000][7][safepoint    ] Safepoint "Cleanup", Time since last: 1002204625 ns, Reaching safepoint: 399334 ns, At safepoint: 8500 ns, Total: 407834 ns
[2024-03-11T09:07:55.587+0000][7][safepoint    ] Safepoint "Cleanup", Time since last: 1004279292 ns, Reaching safepoint: 250375 ns, At safepoint: 6083 ns, Total: 256458 ns
[2024-03-11T09:07:56.589+0000][7][safepoint    ] Safepoint "Cleanup", Time since last: 1001463376 ns, Reaching safepoint: 272458 ns, At safepoint: 6542 ns, Total: 279000 ns
[2024-03-11T09:07:57.595+0000][7][safepoint    ] Safepoint "Cleanup", Time since last: 1005852083 ns, Reaching safepoint: 201000 ns, At safepoint: 4917 ns, Total: 205917 ns
[2024-03-11T09:07:58.601+0000][7][safepoint    ] Safepoint "Cleanup", Time since last: 1005543750 ns, Reaching safepoint: 957709 ns, At safepoint: 59958 ns, Total: 1017667 ns
[2024-03-11T09:07:59.604+0000][7][safepoint    ] Safepoint "Cleanup", Time since last: 1002179376 ns, Reaching safepoint: 240375 ns, At safepoint: 5916 ns, Total: 246291 ns
[2024-03-11T09:08:00.607+0000][7][safepoint    ] Safepoint "Cleanup", Time since last: 1002802084 ns, Reaching safepoint: 293958 ns, At safepoint: 7459 ns, Total: 301417 ns
[2024-03-11T09:08:01.614+0000][7][safepoint    ] Safepoint "Cleanup", Time since last: 1006302333 ns, Reaching safepoint: 367500 ns, At safepoint: 7667 ns, Total: 375167 ns
[2024-03-11T09:08:02.617+0000][7][safepoint    ] Safepoint "Cleanup", Time since last: 1002814125 ns, Reaching safepoint: 464542 ns, At safepoint: 9583 ns, Total: 474125 ns
[2024-03-11T09:08:03.620+0000][7][safepoint    ] Safepoint "Cleanup", Time since last: 1002606751 ns, Reaching safepoint: 480125 ns, At safepoint: 9375 ns, Total: 489500 ns
[2024-03-11T09:08:04.623+0000][7][safepoint    ] Safepoint "Cleanup", Time since last: 1002669917 ns, Reaching safepoint: 572958 ns, At safepoint: 7417 ns, Total: 580375 ns
[2024-03-11T09:08:05.627+0000][7][safepoint    ] Safepoint "Cleanup", Time since last: 1003216209 ns, Reaching safepoint: 244333 ns, At safepoint: 6917 ns, Total: 251250 ns
[2024-03-11T09:08:06.628+0000][7][safepoint    ] Safepoint "Cleanup", Time since last: 1001089042 ns, Reaching safepoint: 363625 ns, At safepoint: 7458 ns, Total: 371083 ns
[2024-03-11T09:08:07.631+0000][7][safepoint    ] Safepoint "Cleanup", Time since last: 1002267584 ns, Reaching safepoint: 374000 ns, At safepoint: 7625 ns, Total: 381625 ns
[2024-03-11T09:08:08.634+0000][7][safepoint    ] Safepoint "Cleanup", Time since last: 1002268042 ns, Reaching safepoint: 454959 ns, At safepoint: 13833 ns, Total: 468792 ns
[2024-03-11T09:08:09.636+0000][7][safepoint    ] Safepoint "Cleanup", Time since last: 1002547292 ns, Reaching safepoint: 274625 ns, At safepoint: 20000 ns, Total: 294625 ns
[2024-03-11T09:08:10.639+0000][7][safepoint    ] Safepoint "Cleanup", Time since last: 1001688042 ns, Reaching safepoint: 513875 ns, At safepoint: 12000 ns, Total: 525875 ns
[2024-03-11T09:08:11.643+0000][7][safepoint    ] Safepoint "Cleanup", Time since last: 1002877667 ns, Reaching safepoint: 1408875 ns, At safepoint: 11875 ns, Total: 1420750 ns
[2024-03-11T09:08:12.645+0000][7][safepoint    ] Safepoint "Cleanup", Time since last: 1001647959 ns, Reaching safepoint: 239834 ns, At safepoint: 6000 ns, Total: 245834 ns
[2024-03-11T09:08:13.647+0000][7][safepoint    ] Safepoint "Cleanup", Time since last: 1002208958 ns, Reaching safepoint: 336959 ns, At safepoint: 41375 ns, Total: 378334 ns
[2024-03-11T09:08:14.651+0000][7][safepoint    ] Safepoint "Cleanup", Time since last: 1002805000 ns, Reaching safepoint: 387917 ns, At safepoint: 9583 ns, Total: 397500 ns
[2024-03-11T09:08:15.654+0000][7][safepoint    ] Safepoint "Cleanup", Time since last: 1002979209 ns, Reaching safepoint: 407125 ns, At safepoint: 9167 ns, Total: 416292 ns
[2024-03-11T09:08:16.657+0000][7][safepoint    ] Safepoint "Cleanup", Time since last: 1002312375 ns, Reaching safepoint: 352750 ns, At safepoint: 8750 ns, Total: 361500 ns
[2024-03-11T09:08:17.659+0000][7][safepoint    ] Safepoint "Cleanup", Time since last: 1002352001 ns, Reaching safepoint: 181291 ns, At safepoint: 3667 ns, Total: 184958 ns
[2024-03-11T09:08:18.663+0000][7][safepoint    ] Safepoint "Cleanup", Time since last: 1003320625 ns, Reaching safepoint: 347167 ns, At safepoint: 7542 ns, Total: 354709 ns
[2024-03-11T09:08:19.668+0000][7][safepoint    ] Safepoint "Cleanup", Time since last: 1004985875 ns, Reaching safepoint: 317625 ns, At safepoint: 7834 ns, Total: 325459 ns
[2024-03-11T09:08:20.672+0000][7][safepoint    ] Safepoint "Cleanup", Time since last: 1003712583 ns, Reaching safepoint: 275959 ns, At safepoint: 10125 ns, Total: 286084 ns
[2024-03-11T09:08:21.675+0000][7][safepoint    ] Safepoint "Cleanup", Time since last: 1001931625 ns, Reaching safepoint: 515583 ns, At safepoint: 7292 ns, Total: 522875 ns
[2024-03-11T09:08:22.677+0000][7][safepoint    ] Safepoint "Cleanup", Time since last: 1001497126 ns, Reaching safepoint: 289416 ns, At safepoint: 6917 ns, Total: 296333 ns
[2024-03-11T09:08:23.682+0000][7][safepoint    ] Safepoint "Cleanup", Time since last: 1004726042 ns, Reaching safepoint: 327083 ns, At safepoint: 10292 ns, Total: 337375 ns
[2024-03-11T09:08:24.685+0000][7][safepoint    ] Safepoint "Cleanup", Time since last: 1002800042 ns, Reaching safepoint: 287834 ns, At safepoint: 6083 ns, Total: 293917 ns
[2024-03-11T09:08:25.689+0000][7][safepoint    ] Safepoint "Cleanup", Time since last: 1004366834 ns, Reaching safepoint: 236791 ns, At safepoint: 3417 ns, Total: 240208 ns
[2024-03-11T09:08:26.695+0000][7][safepoint    ] Safepoint "Cleanup", Time since last: 1005184042 ns, Reaching safepoint: 293667 ns, At safepoint: 20583 ns, Total: 314250 ns
[2024-03-11T09:08:27.699+0000][7][safepoint    ] Safepoint "Cleanup", Time since last: 1003396084 ns, Reaching safepoint: 342625 ns, At safepoint: 12167 ns, Total: 354792 ns
[2024-03-11T09:08:28.700+0000][7][safepoint    ] Safepoint "Cleanup", Time since last: 1001092625 ns, Reaching safepoint: 299334 ns, At safepoint: 8166 ns, Total: 307500 ns
[2024-03-11T09:08:29.704+0000][7][safepoint    ] Safepoint "Cleanup", Time since last: 1003865251 ns, Reaching safepoint: 393791 ns, At safepoint: 7250 ns, Total: 401041 ns
[2024-03-11T09:08:30.707+0000][7][safepoint    ] Safepoint "Cleanup", Time since last: 1002605292 ns, Reaching safepoint: 182417 ns, At safepoint: 6750 ns, Total: 189167 ns
[2024-03-11T09:08:31.707+0000][7][safepoint    ] Safepoint "Cleanup", Time since last: 1000952500 ns, Reaching safepoint: 268500 ns, At safepoint: 5042 ns, Total: 273542 ns
[2024-03-11T09:08:32.709+0000][7][safepoint    ] Safepoint "Cleanup", Time since last: 1001558125 ns, Reaching safepoint: 308042 ns, At safepoint: 7208 ns, Total: 315250 ns
[2024-03-11T09:08:33.710+0000][7][safepoint    ] Safepoint "Cleanup", Time since last: 1000618626 ns, Reaching safepoint: 231000 ns, At safepoint: 7583 ns, Total: 238583 ns
[2024-03-11T09:08:34.712+0000][7][safepoint    ] Safepoint "Cleanup", Time since last: 1001797792 ns, Reaching safepoint: 350375 ns, At safepoint: 9417 ns, Total: 359792 ns
[2024-03-11T09:08:35.717+0000][7][safepoint    ] Safepoint "Cleanup", Time since last: 1004668292 ns, Reaching safepoint: 305000 ns, At safepoint: 8792 ns, Total: 313792 ns
[2024-03-11T09:08:36.720+0000][7][safepoint    ] Safepoint "Cleanup", Time since last: 1002829084 ns, Reaching safepoint: 278416 ns, At safepoint: 8500 ns, Total: 286916 ns
[2024-03-11T09:08:37.727+0000][7][safepoint    ] Safepoint "Cleanup", Time since last: 1006373459 ns, Reaching safepoint: 245959 ns, At safepoint: 8166 ns, Total: 254125 ns
[2024-03-11T09:08:38.731+0000][7][safepoint    ] Safepoint "Cleanup", Time since last: 1004002042 ns, Reaching safepoint: 310250 ns, At safepoint: 7709 ns, Total: 317959 ns
[2024-03-11T09:08:39.733+0000][7][safepoint    ] Safepoint "Cleanup", Time since last: 1001513708 ns, Reaching safepoint: 353459 ns, At safepoint: 9458 ns, Total: 362917 ns
[2024-03-11T09:08:40.736+0000][7][safepoint    ] Safepoint "Cleanup", Time since last: 1003135251 ns, Reaching safepoint: 111416 ns, At safepoint: 2959 ns, Total: 114375 ns
[2024-03-11T09:08:41.741+0000][7][safepoint    ] Safepoint "Cleanup", Time since last: 1004771292 ns, Reaching safepoint: 191958 ns, At safepoint: 24958 ns, Total: 216916 ns
[2024-03-11T09:08:42.743+0000][7][safepoint    ] Safepoint "Cleanup", Time since last: 1001310834 ns, Reaching safepoint: 220667 ns, At safepoint: 4625 ns, Total: 225292 ns
[2024-03-11T09:08:43.748+0000][7][safepoint    ] Safepoint "Cleanup", Time since last: 1004300792 ns, Reaching safepoint: 348500 ns, At safepoint: 22250 ns, Total: 370750 ns
[2024-03-11T09:08:44.753+0000][7][safepoint    ] Safepoint "Cleanup", Time since last: 1005355959 ns, Reaching safepoint: 350042 ns, At safepoint: 8333 ns, Total: 358375 ns
[2024-03-11T09:08:45.756+0000][7][safepoint    ] Safepoint "Cleanup", Time since last: 1002691792 ns, Reaching safepoint: 264125 ns, At safepoint: 5167 ns, Total: 269292 ns
[2024-03-11T09:08:46.759+0000][7][safepoint    ] Safepoint "Cleanup", Time since last: 1001956917 ns, Reaching safepoint: 291083 ns, At safepoint: 10542 ns, Total: 301625 ns
[2024-03-11T09:08:47.764+0000][7][safepoint    ] Safepoint "Cleanup", Time since last: 1004919875 ns, Reaching safepoint: 320959 ns, At safepoint: 8958 ns, Total: 329917 ns
[2024-03-11T09:08:48.767+0000][7][safepoint    ] Safepoint "Cleanup", Time since last: 1002826709 ns, Reaching safepoint: 438583 ns, At safepoint: 11917 ns, Total: 450500 ns
[2024-03-11T09:08:49.772+0000][7][safepoint    ] Safepoint "Cleanup", Time since last: 1005066417 ns, Reaching safepoint: 296167 ns, At safepoint: 5791 ns, Total: 301958 ns
[2024-03-11T09:08:50.777+0000][7][safepoint    ] Safepoint "Cleanup", Time since last: 1004385459 ns, Reaching safepoint: 125333 ns, At safepoint: 3875 ns, Total: 129208 ns
[2024-03-11T09:08:51.780+0000][7][safepoint    ] Safepoint "Cleanup", Time since last: 1002948209 ns, Reaching safepoint: 322459 ns, At safepoint: 8791 ns, Total: 331250 ns
[2024-03-11T09:08:52.782+0000][7][safepoint    ] Safepoint "Cleanup", Time since last: 1001617334 ns, Reaching safepoint: 336125 ns, At safepoint: 7083 ns, Total: 343208 ns
[2024-03-11T09:08:53.786+0000][7][safepoint    ] Safepoint "Cleanup", Time since last: 1003816001 ns, Reaching safepoint: 328083 ns, At safepoint: 6250 ns, Total: 334333 ns
[2024-03-11T09:08:55.725+0000][7][safepoint    ] Safepoint "Cleanup", Time since last: 1938350084 ns, Reaching safepoint: 267125 ns, At safepoint: 59875 ns, Total: 327000 ns
[2024-03-11T09:08:56.731+0000][7][safepoint    ] Safepoint "Cleanup", Time since last: 1005580334 ns, Reaching safepoint: 291417 ns, At safepoint: 4917 ns, Total: 296334 ns
[2024-03-11T09:08:57.736+0000][7][safepoint    ] Safepoint "Cleanup", Time since last: 1004504708 ns, Reaching safepoint: 263125 ns, At safepoint: 20125 ns, Total: 283250 ns
[2024-03-11T09:08:58.738+0000][7][safepoint    ] Safepoint "Cleanup", Time since last: 1002153043 ns, Reaching safepoint: 466791 ns, At safepoint: 7709 ns, Total: 474500 ns
[2024-03-11T09:08:59.744+0000][7][safepoint    ] Safepoint "Cleanup", Time since last: 1005645333 ns, Reaching safepoint: 375875 ns, At safepoint: 7750 ns, Total: 383625 ns
[2024-03-11T09:09:00.747+0000][7][safepoint    ] Safepoint "Cleanup", Time since last: 1002066917 ns, Reaching safepoint: 141916 ns, At safepoint: 4542 ns, Total: 146458 ns
[2024-03-11T09:09:01.749+0000][7][safepoint    ] Safepoint "Cleanup", Time since last: 1002357375 ns, Reaching safepoint: 279750 ns, At safepoint: 13084 ns, Total: 292834 ns
[2024-03-11T09:09:02.751+0000][7][safepoint    ] Safepoint "Cleanup", Time since last: 1001518167 ns, Reaching safepoint: 305583 ns, At safepoint: 13292 ns, Total: 318875 ns
[2024-03-11T09:09:03.754+0000][7][safepoint    ] Safepoint "Cleanup", Time since last: 1001749959 ns, Reaching safepoint: 645125 ns, At safepoint: 8375 ns, Total: 653500 ns
[2024-03-11T09:09:04.757+0000][7][safepoint    ] Safepoint "Cleanup", Time since last: 1002538750 ns, Reaching safepoint: 364042 ns, At safepoint: 9416 ns, Total: 373458 ns
[2024-03-11T09:09:05.758+0000][7][safepoint    ] Safepoint "Cleanup", Time since last: 1001538001 ns, Reaching safepoint: 377250 ns, At safepoint: 9167 ns, Total: 386417 ns
[2024-03-11T09:09:06.763+0000][7][safepoint    ] Safepoint "Cleanup", Time since last: 1004485125 ns, Reaching safepoint: 281042 ns, At safepoint: 10916 ns, Total: 291958 ns
[2024-03-11T09:09:07.765+0000][7][safepoint    ] Safepoint "Cleanup", Time since last: 1001220043 ns, Reaching safepoint: 327041 ns, At safepoint: 9625 ns, Total: 336666 ns
[2024-03-11T09:09:08.766+0000][7][safepoint    ] Safepoint "Cleanup", Time since last: 1001099001 ns, Reaching safepoint: 479000 ns, At safepoint: 6083 ns, Total: 485083 ns
[2024-03-11T09:09:09.771+0000][7][safepoint    ] Safepoint "Cleanup", Time since last: 1003600167 ns, Reaching safepoint: 1302750 ns, At safepoint: 22958 ns, Total: 1325708 ns
[2024-03-11T09:09:10.774+0000][7][safepoint    ] Safepoint "Cleanup", Time since last: 1002540501 ns, Reaching safepoint: 151292 ns, At safepoint: 2958 ns, Total: 154250 ns
[2024-03-11T09:09:11.777+0000][7][safepoint    ] Safepoint "Cleanup", Time since last: 1003224125 ns, Reaching safepoint: 268417 ns, At safepoint: 7750 ns, Total: 276167 ns
[2024-03-11T09:09:12.780+0000][7][safepoint    ] Safepoint "Cleanup", Time since last: 1001752584 ns, Reaching safepoint: 281625 ns, At safepoint: 5958 ns, Total: 287583 ns
[2024-03-11T09:09:13.782+0000][7][safepoint    ] Safepoint "Cleanup", Time since last: 1001653209 ns, Reaching safepoint: 360083 ns, At safepoint: 9792 ns, Total: 369875 ns
[2024-03-11T09:09:14.783+0000][7][safepoint    ] Safepoint "Cleanup", Time since last: 1001462084 ns, Reaching safepoint: 259500 ns, At safepoint: 5208 ns, Total: 264708 ns
[2024-03-11T09:09:15.786+0000][7][safepoint    ] Safepoint "Cleanup", Time since last: 1002665084 ns, Reaching safepoint: 177458 ns, At safepoint: 2750 ns, Total: 180208 ns
[2024-03-11T09:09:16.789+0000][7][safepoint    ] Safepoint "Cleanup", Time since last: 1002131917 ns, Reaching safepoint: 825625 ns, At safepoint: 10042 ns, Total: 835667 ns
[2024-03-11T09:09:17.792+0000][7][safepoint    ] Safepoint "Cleanup", Time since last: 1002241459 ns, Reaching safepoint: 533750 ns, At safepoint: 7958 ns, Total: 541708 ns
[2024-03-11T09:09:18.795+0000][7][safepoint    ] Safepoint "Cleanup", Time since last: 1002613792 ns, Reaching safepoint: 276709 ns, At safepoint: 8416 ns, Total: 285125 ns
[2024-03-11T09:09:19.799+0000][7][safepoint    ] Safepoint "Cleanup", Time since last: 1004138709 ns, Reaching safepoint: 415875 ns, At safepoint: 6667 ns, Total: 422542 ns
[2024-03-11T09:09:20.803+0000][7][safepoint    ] Safepoint "Cleanup", Time since last: 1003811125 ns, Reaching safepoint: 90667 ns, At safepoint: 3417 ns, Total: 94084 ns
[2024-03-11T09:09:21.807+0000][7][safepoint    ] Safepoint "Cleanup", Time since last: 1003439500 ns, Reaching safepoint: 314625 ns, At safepoint: 6875 ns, Total: 321500 ns
[2024-03-11T09:09:22.810+0000][7][safepoint    ] Safepoint "Cleanup", Time since last: 1002402834 ns, Reaching safepoint: 203208 ns, At safepoint: 5459 ns, Total: 208667 ns
[2024-03-11T09:09:23.815+0000][7][safepoint    ] Safepoint "Cleanup", Time since last: 1004686625 ns, Reaching safepoint: 249459 ns, At safepoint: 5958 ns, Total: 255417 ns
[2024-03-11T09:09:24.818+0000][7][safepoint    ] Safepoint "Cleanup", Time since last: 1003015584 ns, Reaching safepoint: 167916 ns, At safepoint: 28292 ns, Total: 196208 ns
[2024-03-11T09:09:25.824+0000][7][safepoint    ] Safepoint "Cleanup", Time since last: 1004726917 ns, Reaching safepoint: 1038958 ns, At safepoint: 11250 ns, Total: 1050208 ns
[2024-03-11T09:09:26.830+0000][7][safepoint    ] Safepoint "Cleanup", Time since last: 1006412834 ns, Reaching safepoint: 383375 ns, At safepoint: 12500 ns, Total: 395875 ns
[2024-03-11T09:09:27.837+0000][7][safepoint    ] Safepoint "Cleanup", Time since last: 1005734042 ns, Reaching safepoint: 435167 ns, At safepoint: 8167 ns, Total: 443334 ns
[2024-03-11T09:09:28.843+0000][7][safepoint    ] Safepoint "Cleanup", Time since last: 1006316667 ns, Reaching safepoint: 189167 ns, At safepoint: 4583 ns, Total: 193750 ns
[2024-03-11T09:09:29.845+0000][7][safepoint    ] Safepoint "Cleanup", Time since last: 1001220875 ns, Reaching safepoint: 308625 ns, At safepoint: 7250 ns, Total: 315875 ns
[2024-03-11T09:09:30.847+0000][7][safepoint    ] Safepoint "Cleanup", Time since last: 1002110792 ns, Reaching safepoint: 241750 ns, At safepoint: 5292 ns, Total: 247042 ns
[2024-03-11T09:09:31.853+0000][7][safepoint    ] Safepoint "Cleanup", Time since last: 1005615833 ns, Reaching safepoint: 361709 ns, At safepoint: 8333 ns, Total: 370042 ns
[2024-03-11T09:09:32.858+0000][7][safepoint    ] Safepoint "Cleanup", Time since last: 1005290334 ns, Reaching safepoint: 231833 ns, At safepoint: 5292 ns, Total: 237125 ns
[2024-03-11T09:09:33.865+0000][7][safepoint    ] Safepoint "Cleanup", Time since last: 1006551375 ns, Reaching safepoint: 313375 ns, At safepoint: 6125 ns, Total: 319500 ns
[2024-03-11T09:09:34.868+0000][7][safepoint    ] Safepoint "Cleanup", Time since last: 1002234001 ns, Reaching safepoint: 388333 ns, At safepoint: 11792 ns, Total: 400125 ns
[2024-03-11T09:09:35.870+0000][7][safepoint    ] Safepoint "Cleanup", Time since last: 1002335084 ns, Reaching safepoint: 479083 ns, At safepoint: 6833 ns, Total: 485916 ns
[2024-03-11T09:09:36.872+0000][7][safepoint    ] Safepoint "Cleanup", Time since last: 1001791292 ns, Reaching safepoint: 145250 ns, At safepoint: 3750 ns, Total: 149000 ns
[2024-03-11T09:09:37.874+0000][7][safepoint    ] Safepoint "Cleanup", Time since last: 1001323751 ns, Reaching safepoint: 343958 ns, At safepoint: 5917 ns, Total: 349875 ns
[2024-03-11T09:09:38.879+0000][7][safepoint    ] Safepoint "Cleanup", Time since last: 1004406042 ns, Reaching safepoint: 356167 ns, At safepoint: 9666 ns, Total: 365833 ns
[2024-03-11T09:09:39.885+0000][7][safepoint    ] Safepoint "Cleanup", Time since last: 1005642793 ns, Reaching safepoint: 368291 ns, At safepoint: 11084 ns, Total: 379375 ns
[2024-03-11T09:09:40.888+0000][7][safepoint    ] Safepoint "Cleanup", Time since last: 1002501333 ns, Reaching safepoint: 283917 ns, At safepoint: 5333 ns, Total: 289250 ns
[2024-03-11T09:09:42.576+0000][7][safepoint    ] Safepoint "Cleanup", Time since last: 1687904001 ns, Reaching safepoint: 219875 ns, At safepoint: 4625 ns, Total: 224500 ns
[2024-03-11T09:09:43.577+0000][7][safepoint    ] Safepoint "Cleanup", Time since last: 1001218209 ns, Reaching safepoint: 326333 ns, At safepoint: 6834 ns, Total: 333167 ns
[2024-03-11T09:09:44.579+0000][7][safepoint    ] Safepoint "Cleanup", Time since last: 1001738375 ns, Reaching safepoint: 272042 ns, At safepoint: 6583 ns, Total: 278625 ns
[2024-03-11T09:09:45.586+0000][7][safepoint    ] Safepoint "Cleanup", Time since last: 1006237209 ns, Reaching safepoint: 538292 ns, At safepoint: 10916 ns, Total: 549208 ns
[2024-03-11T09:09:46.590+0000][7][safepoint    ] Safepoint "Cleanup", Time since last: 1003360792 ns, Reaching safepoint: 650417 ns, At safepoint: 7792 ns, Total: 658209 ns
[2024-03-11T09:09:47.592+0000][7][safepoint    ] Safepoint "Cleanup", Time since last: 1001714667 ns, Reaching safepoint: 233083 ns, At safepoint: 5792 ns, Total: 238875 ns
[2024-03-11T09:09:48.595+0000][7][safepoint    ] Safepoint "Cleanup", Time since last: 1002188209 ns, Reaching safepoint: 350416 ns, At safepoint: 7542 ns, Total: 357958 ns
[2024-03-11T09:09:49.599+0000][7][safepoint    ] Safepoint "Cleanup", Time since last: 1003882875 ns, Reaching safepoint: 242459 ns, At safepoint: 4791 ns, Total: 247250 ns
[2024-03-11T09:09:50.602+0000][7][safepoint    ] Safepoint "Cleanup", Time since last: 1002906126 ns, Reaching safepoint: 278875 ns, At safepoint: 6958 ns, Total: 285833 ns
[2024-03-11T09:09:51.608+0000][7][safepoint    ] Safepoint "Cleanup", Time since last: 1005870667 ns, Reaching safepoint: 295667 ns, At safepoint: 7583 ns, Total: 303250 ns
[2024-03-11T09:09:52.610+0000][7][safepoint    ] Safepoint "Cleanup", Time since last: 1002070251 ns, Reaching safepoint: 224958 ns, At safepoint: 4875 ns, Total: 229833 ns
[2024-03-11T09:09:53.614+0000][7][safepoint    ] Safepoint "Cleanup", Time since last: 1003163084 ns, Reaching safepoint: 274292 ns, At safepoint: 6583 ns, Total: 280875 ns
[2024-03-11T09:09:54.620+0000][7][safepoint    ] Safepoint "Cleanup", Time since last: 1005604209 ns, Reaching safepoint: 338792 ns, At safepoint: 8583 ns, Total: 347375 ns
[2024-03-11T09:09:55.626+0000][7][safepoint    ] Safepoint "Cleanup", Time since last: 1005723750 ns, Reaching safepoint: 252584 ns, At safepoint: 7666 ns, Total: 260250 ns
[2024-03-11T09:09:56.629+0000][7][safepoint    ] Safepoint "Cleanup", Time since last: 1002962584 ns, Reaching safepoint: 281834 ns, At safepoint: 5083 ns, Total: 286917 ns
[2024-03-11T09:09:57.634+0000][7][safepoint    ] Safepoint "Cleanup", Time since last: 1004501250 ns, Reaching safepoint: 265667 ns, At safepoint: 5500 ns, Total: 271167 ns
[2024-03-11T09:09:58.641+0000][7][safepoint    ] Safepoint "Cleanup", Time since last: 1006664417 ns, Reaching safepoint: 230167 ns, At safepoint: 4541 ns, Total: 234708 ns
[2024-03-11T09:09:59.644+0000][7][safepoint    ] Safepoint "Cleanup", Time since last: 1002470751 ns, Reaching safepoint: 416833 ns, At safepoint: 7584 ns, Total: 424417 ns
[2024-03-11T09:10:00.648+0000][7][safepoint    ] Safepoint "Cleanup", Time since last: 1004501250 ns, Reaching safepoint: 289542 ns, At safepoint: 6166 ns, Total: 295708 ns
[2024-03-11T09:10:01.649+0000][7][safepoint    ] Safepoint "Cleanup", Time since last: 1001090875 ns, Reaching safepoint: 250084 ns, At safepoint: 3916 ns, Total: 254000 ns
[2024-03-11T09:10:02.655+0000][7][safepoint    ] Safepoint "Cleanup", Time since last: 1005560917 ns, Reaching safepoint: 250500 ns, At safepoint: 4250 ns, Total: 254750 ns
[2024-03-11T09:10:03.661+0000][7][safepoint    ] Safepoint "Cleanup", Time since last: 1005090876 ns, Reaching safepoint: 334250 ns, At safepoint: 11833 ns, Total: 346083 ns
[2024-03-11T09:10:04.664+0000][7][safepoint    ] Safepoint "Cleanup", Time since last: 1002661501 ns, Reaching safepoint: 329375 ns, At safepoint: 7750 ns, Total: 337125 ns
[2024-03-11T09:10:05.670+0000][7][safepoint    ] Safepoint "Cleanup", Time since last: 1006462042 ns, Reaching safepoint: 172875 ns, At safepoint: 5708 ns, Total: 178583 ns
[2024-03-11T09:10:06.676+0000][7][safepoint    ] Safepoint "Cleanup", Time since last: 1005488459 ns, Reaching safepoint: 272667 ns, At safepoint: 5416 ns, Total: 278083 ns
[2024-03-11T09:10:07.679+0000][7][safepoint    ] Safepoint "Cleanup", Time since last: 1002181209 ns, Reaching safepoint: 332583 ns, At safepoint: 7709 ns, Total: 340292 ns
[2024-03-11T09:10:08.680+0000][7][safepoint    ] Safepoint "Cleanup", Time since last: 1001582625 ns, Reaching safepoint: 260000 ns, At safepoint: 7875 ns, Total: 267875 ns
[2024-03-11T09:10:09.682+0000][7][safepoint    ] Safepoint "Cleanup", Time since last: 1001727126 ns, Reaching safepoint: 261291 ns, At safepoint: 6125 ns, Total: 267416 ns
[2024-03-11T09:10:10.689+0000][7][safepoint    ] Safepoint "Cleanup", Time since last: 1006664918 ns, Reaching safepoint: 219291 ns, At safepoint: 6292 ns, Total: 225583 ns
[2024-03-11T09:10:11.946+0000][7][safepoint    ] Safepoint "Cleanup", Time since last: 1256266542 ns, Reaching safepoint: 365667 ns, At safepoint: 16792 ns, Total: 382459 ns
[2024-03-11T09:10:12.948+0000][7][safepoint    ] Safepoint "Cleanup", Time since last: 1001942083 ns, Reaching safepoint: 322250 ns, At safepoint: 7959 ns, Total: 330209 ns
[2024-03-11T09:10:13.951+0000][7][safepoint    ] Safepoint "Cleanup", Time since last: 1002738375 ns, Reaching safepoint: 299250 ns, At safepoint: 5375 ns, Total: 304625 ns
[2024-03-11T09:10:14.953+0000][7][safepoint    ] Safepoint "Cleanup", Time since last: 1001175084 ns, Reaching safepoint: 608750 ns, At safepoint: 7917 ns, Total: 616667 ns
[2024-03-11T09:10:15.959+0000][7][safepoint    ] Safepoint "Cleanup", Time since last: 1005321333 ns, Reaching safepoint: 199542 ns, At safepoint: 5750 ns, Total: 205292 ns
[2024-03-11T09:10:16.962+0000][7][safepoint    ] Safepoint "Cleanup", Time since last: 1002861709 ns, Reaching safepoint: 219417 ns, At safepoint: 5958 ns, Total: 225375 ns
[2024-03-11T09:10:17.965+0000][7][safepoint    ] Safepoint "Cleanup", Time since last: 1001943667 ns, Reaching safepoint: 866542 ns, At safepoint: 15166 ns, Total: 881708 ns
[2024-03-11T09:10:18.971+0000][7][safepoint    ] Safepoint "Cleanup", Time since last: 1006597209 ns, Reaching safepoint: 154750 ns, At safepoint: 2500 ns, Total: 157250 ns
[2024-03-11T09:10:19.972+0000][7][safepoint    ] Safepoint "Cleanup", Time since last: 1000909751 ns, Reaching safepoint: 187250 ns, At safepoint: 3500 ns, Total: 190750 ns
[2024-03-11T09:10:20.976+0000][7][safepoint    ] Safepoint "Cleanup", Time since last: 1003087667 ns, Reaching safepoint: 224416 ns, At safepoint: 4209 ns, Total: 228625 ns
[2024-03-11T09:10:21.978+0000][7][safepoint    ] Safepoint "Cleanup", Time since last: 1002077875 ns, Reaching safepoint: 531917 ns, At safepoint: 11833 ns, Total: 543750 ns
[2024-03-11T09:10:22.981+0000][7][safepoint    ] Safepoint "Cleanup", Time since last: 1002609501 ns, Reaching safepoint: 200583 ns, At safepoint: 6042 ns, Total: 206625 ns
[2024-03-11T09:10:23.985+0000][7][safepoint    ] Safepoint "Cleanup", Time since last: 1004080875 ns, Reaching safepoint: 218459 ns, At safepoint: 4750 ns, Total: 223209 ns
[2024-03-11T09:10:24.987+0000][7][safepoint    ] Safepoint "Cleanup", Time since last: 1000702917 ns, Reaching safepoint: 366958 ns, At safepoint: 7042 ns, Total: 374000 ns
[2024-03-11T09:10:25.992+0000][7][safepoint    ] Safepoint "Cleanup", Time since last: 1004826500 ns, Reaching safepoint: 209709 ns, At safepoint: 4083 ns, Total: 213792 ns
[2024-03-11T09:10:26.996+0000][7][safepoint    ] Safepoint "Cleanup", Time since last: 1004457959 ns, Reaching safepoint: 254041 ns, At safepoint: 4459 ns, Total: 258500 ns
[2024-03-11T09:10:28.001+0000][7][safepoint    ] Safepoint "Cleanup", Time since last: 1004528042 ns, Reaching safepoint: 230875 ns, At safepoint: 5125 ns, Total: 236000 ns
[2024-03-11T09:10:29.007+0000][7][safepoint    ] Safepoint "Cleanup", Time since last: 1005606875 ns, Reaching safepoint: 226417 ns, At safepoint: 7208 ns, Total: 233625 ns
[2024-03-11T09:10:30.009+0000][7][safepoint    ] Safepoint "Cleanup", Time since last: 1001904959 ns, Reaching safepoint: 424125 ns, At safepoint: 11417 ns, Total: 435542 ns
[2024-03-11T09:10:31.011+0000][7][safepoint    ] Safepoint "Cleanup", Time since last: 1001935333 ns, Reaching safepoint: 320375 ns, At safepoint: 9333 ns, Total: 329708 ns
[2024-03-11T09:10:32.015+0000][7][safepoint    ] Safepoint "Cleanup", Time since last: 1003810084 ns, Reaching safepoint: 230625 ns, At safepoint: 5958 ns, Total: 236583 ns
[2024-03-11T09:10:33.021+0000][7][safepoint    ] Safepoint "Cleanup", Time since last: 1005479834 ns, Reaching safepoint: 436083 ns, At safepoint: 6792 ns, Total: 442875 ns
[2024-03-11T09:10:34.023+0000][7][safepoint    ] Safepoint "Cleanup", Time since last: 1002029250 ns, Reaching safepoint: 184250 ns, At safepoint: 4667 ns, Total: 188917 ns
[2024-03-11T09:10:35.027+0000][7][safepoint    ] Safepoint "Cleanup", Time since last: 1002971709 ns, Reaching safepoint: 439208 ns, At safepoint: 7709 ns, Total: 446917 ns
[2024-03-11T09:10:36.036+0000][7][safepoint    ] Safepoint "Cleanup", Time since last: 1007087667 ns, Reaching safepoint: 2535125 ns, At safepoint: 22875 ns, Total: 2558000 ns
[2024-03-11T09:10:37.040+0000][7][safepoint    ] Safepoint "Cleanup", Time since last: 1003296875 ns, Reaching safepoint: 235917 ns, At safepoint: 4958 ns, Total: 240875 ns
[2024-03-11T09:10:38.042+0000][7][safepoint    ] Safepoint "Cleanup", Time since last: 1001147459 ns, Reaching safepoint: 430000 ns, At safepoint: 5458 ns, Total: 435458 ns
[2024-03-11T09:10:39.046+0000][7][safepoint    ] Safepoint "Cleanup", Time since last: 1004369376 ns, Reaching safepoint: 219041 ns, At safepoint: 4750 ns, Total: 223791 ns
[2024-03-11T09:10:40.050+0000][7][safepoint    ] Safepoint "Cleanup", Time since last: 1003653001 ns, Reaching safepoint: 290167 ns, At safepoint: 7166 ns, Total: 297333 ns
[2024-03-11T09:10:42.041+0000][7][safepoint    ] Safepoint "Cleanup", Time since last: 1989851710 ns, Reaching safepoint: 1143041 ns, At safepoint: 12042 ns, Total: 1155083 ns
[2024-03-11T09:10:59.076+0000][7][safepoint    ] Safepoint "Cleanup", Time since last: 17035093508 ns, Reaching safepoint: 250792 ns, At safepoint: 6291 ns, Total: 257083 ns
[2024-03-11T09:11:01.081+0000][7][safepoint    ] Safepoint "Cleanup", Time since last: 2003902417 ns, Reaching safepoint: 202125 ns, At safepoint: 6875 ns, Total: 209000 ns
[2024-03-11T09:11:11.115+0000][7][safepoint    ] Safepoint "Cleanup", Time since last: 10033283296 ns, Reaching safepoint: 793625 ns, At safepoint: 6417 ns, Total: 800042 ns
[2024-03-11T09:11:12.122+0000][7][safepoint    ] Safepoint "Cleanup", Time since last: 1007146167 ns, Reaching safepoint: 184292 ns, At safepoint: 4000 ns, Total: 188292 ns
[2024-03-11T09:11:19.431+0000][7][gc,start     ] GC(16) Pause Young (Normal) (G1 Evacuation Pause)
[2024-03-11T09:11:19.432+0000][7][gc,task      ] GC(16) Using 8 workers of 8 for evacuation
[2024-03-11T09:11:19.432+0000][7][gc,age       ] GC(16) Desired survivor size 19398656 bytes, new threshold 3 (max threshold 15)
[2024-03-11T09:11:19.478+0000][7][gc,age       ] GC(16) Age table with threshold 3 (max threshold 15)
[2024-03-11T09:11:19.478+0000][7][gc,age       ] GC(16) - age   1:     644656 bytes,     644656 total
[2024-03-11T09:11:19.478+0000][7][gc,age       ] GC(16) - age   2:    7037640 bytes,    7682296 total
[2024-03-11T09:11:19.478+0000][7][gc,age       ] GC(16) - age   3:    9732504 bytes,   17414800 total
[2024-03-11T09:11:19.479+0000][7][gc,phases    ] GC(16)   Pre Evacuate Collection Set: 0.7ms
[2024-03-11T09:11:19.479+0000][7][gc,phases    ] GC(16)   Merge Heap Roots: 0.5ms
[2024-03-11T09:11:19.479+0000][7][gc,phases    ] GC(16)   Evacuate Collection Set: 41.6ms
[2024-03-11T09:11:19.479+0000][7][gc,phases    ] GC(16)   Post Evacuate Collection Set: 2.4ms
[2024-03-11T09:11:19.479+0000][7][gc,phases    ] GC(16)   Other: 2.7ms
[2024-03-11T09:11:19.479+0000][7][gc,heap      ] GC(16) Eden regions: 267->0(273)
[2024-03-11T09:11:19.479+0000][7][gc,heap      ] GC(16) Survivor regions: 22->18(37)
[2024-03-11T09:11:19.480+0000][7][gc,heap      ] GC(16) Old regions: 49->53
[2024-03-11T09:11:19.480+0000][7][gc,heap      ] GC(16) Archive regions: 0->0
[2024-03-11T09:11:19.480+0000][7][gc,heap      ] GC(16) Humongous regions: 15->15
[2024-03-11T09:11:19.480+0000][7][gc,metaspace ] GC(16) Metaspace: 99879K(107600K)->99879K(107600K) NonClass: 86623K(91236K)->86623K(91236K) Class: 13256K(16364K)->13256K(16364K)
[2024-03-11T09:11:19.480+0000][7][gc           ] GC(16) Pause Young (Normal) (G1 Evacuation Pause) 351M->85M(512M) 49.012ms
[2024-03-11T09:11:19.480+0000][7][gc,cpu       ] GC(16) User=0.30s Sys=0.00s Real=0.04s
[2024-03-11T09:11:19.480+0000][7][safepoint    ] Safepoint "G1CollectForAllocation", Time since last: 7308173337 ns, Reaching safepoint: 545125 ns, At safepoint: 49668541 ns, Total: 50213666 ns
[2024-03-11T09:11:42.541+0000][7][safepoint    ] Safepoint "Cleanup", Time since last: 23061840386 ns, Reaching safepoint: 250958 ns, At safepoint: 10292 ns, Total: 261250 ns
[2024-03-11T09:12:11.622+0000][7][safepoint    ] Safepoint "Cleanup", Time since last: 29080005638 ns, Reaching safepoint: 235167 ns, At safepoint: 5083 ns, Total: 240250 ns
[2024-03-11T09:13:01.763+0000][7][safepoint    ] Safepoint "Cleanup", Time since last: 50141145232 ns, Reaching safepoint: 1459916 ns, At safepoint: 10584 ns, Total: 1470500 ns
[2024-03-11T09:13:41.904+0000][7][safepoint    ] Safepoint "Cleanup", Time since last: 40140626060 ns, Reaching safepoint: 351917 ns, At safepoint: 5541 ns, Total: 357458 ns
[2024-03-11T09:13:42.908+0000][7][safepoint    ] Safepoint "Cleanup", Time since last: 1003471626 ns, Reaching safepoint: 251458 ns, At safepoint: 8875 ns, Total: 260333 ns
[2024-03-11T09:13:43.914+0000][7][safepoint    ] Safepoint "Cleanup", Time since last: 1005711667 ns, Reaching safepoint: 262042 ns, At safepoint: 6125 ns, Total: 268167 ns
[2024-03-11T09:13:44.921+0000][7][safepoint    ] Safepoint "Cleanup", Time since last: 1005808459 ns, Reaching safepoint: 1337500 ns, At safepoint: 19917 ns, Total: 1357417 ns
[2024-03-11T09:13:45.922+0000][7][safepoint    ] Safepoint "Cleanup", Time since last: 1000674375 ns, Reaching safepoint: 162042 ns, At safepoint: 3250 ns, Total: 165292 ns
[2024-03-11T09:13:46.928+0000][7][safepoint    ] Safepoint "Cleanup", Time since last: 1005792959 ns, Reaching safepoint: 179625 ns, At safepoint: 4750 ns, Total: 184375 ns
[2024-03-11T09:13:47.931+0000][7][safepoint    ] Safepoint "Cleanup", Time since last: 1002772292 ns, Reaching safepoint: 178291 ns, At safepoint: 4500 ns, Total: 182791 ns
[2024-03-11T09:13:48.936+0000][7][safepoint    ] Safepoint "Cleanup", Time since last: 1004706667 ns, Reaching safepoint: 362750 ns, At safepoint: 7209 ns, Total: 369959 ns
[2024-03-11T09:13:49.939+0000][7][safepoint    ] Safepoint "Cleanup", Time since last: 1002212959 ns, Reaching safepoint: 221750 ns, At safepoint: 5791 ns, Total: 227541 ns
[2024-03-11T09:13:50.945+0000][7][safepoint    ] Safepoint "Cleanup", Time since last: 1005801792 ns, Reaching safepoint: 159417 ns, At safepoint: 4792 ns, Total: 164209 ns
[2024-03-11T09:13:51.950+0000][7][safepoint    ] Safepoint "Cleanup", Time since last: 1005098042 ns, Reaching safepoint: 405625 ns, At safepoint: 14792 ns, Total: 420417 ns
[2024-03-11T09:13:52.954+0000][7][safepoint    ] Safepoint "Cleanup", Time since last: 1003327208 ns, Reaching safepoint: 378959 ns, At safepoint: 5541 ns, Total: 384500 ns
[2024-03-11T09:13:53.968+0000][7][safepoint    ] Safepoint "Cleanup", Time since last: 1002119126 ns, Reaching safepoint: 11745583 ns, At safepoint: 40459 ns, Total: 11786042 ns
[2024-03-11T09:13:54.977+0000][7][safepoint    ] Safepoint "Cleanup", Time since last: 1009047542 ns, Reaching safepoint: 238583 ns, At safepoint: 5792 ns, Total: 244375 ns
[2024-03-11T09:13:55.983+0000][7][safepoint    ] Safepoint "Cleanup", Time since last: 1005936209 ns, Reaching safepoint: 160625 ns, At safepoint: 4625 ns, Total: 165250 ns
[2024-03-11T09:13:56.986+0000][7][safepoint    ] Safepoint "Cleanup", Time since last: 1002136333 ns, Reaching safepoint: 462542 ns, At safepoint: 9125 ns, Total: 471667 ns
[2024-03-11T09:13:57.988+0000][7][safepoint    ] Safepoint "Cleanup", Time since last: 1002316834 ns, Reaching safepoint: 289166 ns, At safepoint: 4917 ns, Total: 294083 ns
[2024-03-11T09:13:58.990+0000][7][safepoint    ] Safepoint "Cleanup", Time since last: 1001454251 ns, Reaching safepoint: 218416 ns, At safepoint: 4834 ns, Total: 223250 ns
[2024-03-11T09:13:59.991+0000][7][safepoint    ] Safepoint "Cleanup", Time since last: 1000945417 ns, Reaching safepoint: 188000 ns, At safepoint: 3666 ns, Total: 191666 ns
[2024-03-11T09:14:00.992+0000][7][safepoint    ] Safepoint "Cleanup", Time since last: 1000955709 ns, Reaching safepoint: 309375 ns, At safepoint: 8958 ns, Total: 318333 ns
[2024-03-11T09:14:01.994+0000][7][safepoint    ] Safepoint "Cleanup", Time since last: 1001934542 ns, Reaching safepoint: 225250 ns, At safepoint: 4084 ns, Total: 229334 ns
[2024-03-11T09:14:02.996+0000][7][safepoint    ] Safepoint "Cleanup", Time since last: 1002104875 ns, Reaching safepoint: 442875 ns, At safepoint: 9750 ns, Total: 452625 ns
[2024-03-11T09:14:03.997+0000][7][safepoint    ] Safepoint "Cleanup", Time since last: 1000845334 ns, Reaching safepoint: 226875 ns, At safepoint: 14583 ns, Total: 241458 ns
[2024-03-11T09:14:05.000+0000][7][safepoint    ] Safepoint "Cleanup", Time since last: 1001752043 ns, Reaching safepoint: 369375 ns, At safepoint: 8291 ns, Total: 377666 ns
[2024-03-11T09:14:06.002+0000][7][safepoint    ] Safepoint "Cleanup", Time since last: 1002171334 ns, Reaching safepoint: 337458 ns, At safepoint: 5459 ns, Total: 342917 ns
[2024-03-11T09:14:07.004+0000][7][safepoint    ] Safepoint "Cleanup", Time since last: 1002137375 ns, Reaching safepoint: 227458 ns, At safepoint: 5625 ns, Total: 233083 ns
[2024-03-11T09:14:08.007+0000][7][safepoint    ] Safepoint "Cleanup", Time since last: 1002248709 ns, Reaching safepoint: 525542 ns, At safepoint: 10542 ns, Total: 536084 ns
[2024-03-11T09:14:09.012+0000][7][safepoint    ] Safepoint "Cleanup", Time since last: 1004738750 ns, Reaching safepoint: 247125 ns, At safepoint: 7417 ns, Total: 254542 ns
[2024-03-11T09:14:10.015+0000][7][safepoint    ] Safepoint "Cleanup", Time since last: 1002204417 ns, Reaching safepoint: 226583 ns, At safepoint: 4792 ns, Total: 231375 ns
[2024-03-11T09:14:11.018+0000][7][safepoint    ] Safepoint "Cleanup", Time since last: 1002907084 ns, Reaching safepoint: 284000 ns, At safepoint: 5000 ns, Total: 289000 ns
[2024-03-11T09:14:12.634+0000][7][safepoint    ] Safepoint "Cleanup", Time since last: 1615645084 ns, Reaching safepoint: 398000 ns, At safepoint: 6833 ns, Total: 404833 ns
[2024-03-11T09:14:13.635+0000][7][safepoint    ] Safepoint "Cleanup", Time since last: 1001298334 ns, Reaching safepoint: 286583 ns, At safepoint: 5417 ns, Total: 292000 ns
[2024-03-11T09:14:14.639+0000][7][safepoint    ] Safepoint "Cleanup", Time since last: 1003098334 ns, Reaching safepoint: 152500 ns, At safepoint: 3625 ns, Total: 156125 ns
[2024-03-11T09:14:15.642+0000][7][safepoint    ] Safepoint "Cleanup", Time since last: 1002635334 ns, Reaching safepoint: 237708 ns, At safepoint: 7458 ns, Total: 245166 ns
[2024-03-11T09:14:16.645+0000][7][safepoint    ] Safepoint "Cleanup", Time since last: 1003296501 ns, Reaching safepoint: 309000 ns, At safepoint: 7625 ns, Total: 316625 ns
[2024-03-11T09:14:17.647+0000][7][safepoint    ] Safepoint "Cleanup", Time since last: 1001733500 ns, Reaching safepoint: 450084 ns, At safepoint: 10750 ns, Total: 460834 ns
[2024-03-11T09:14:18.650+0000][7][safepoint    ] Safepoint "Cleanup", Time since last: 1001959375 ns, Reaching safepoint: 357833 ns, At safepoint: 7750 ns, Total: 365583 ns
[2024-03-11T09:14:19.651+0000][7][safepoint    ] Safepoint "Cleanup", Time since last: 1001405084 ns, Reaching safepoint: 167958 ns, At safepoint: 3375 ns, Total: 171333 ns
[2024-03-11T09:14:20.653+0000][7][safepoint    ] Safepoint "Cleanup", Time since last: 1001027334 ns, Reaching safepoint: 339709 ns, At safepoint: 5833 ns, Total: 345542 ns
[2024-03-11T09:14:21.658+0000][7][safepoint    ] Safepoint "Cleanup", Time since last: 1004949750 ns, Reaching safepoint: 259084 ns, At safepoint: 6958 ns, Total: 266042 ns
[2024-03-11T09:14:22.661+0000][7][safepoint    ] Safepoint "Cleanup", Time since last: 1002705584 ns, Reaching safepoint: 244375 ns, At safepoint: 5458 ns, Total: 249833 ns
[2024-03-11T09:14:23.665+0000][7][safepoint    ] Safepoint "Cleanup", Time since last: 1003660084 ns, Reaching safepoint: 528958 ns, At safepoint: 7209 ns, Total: 536167 ns
[2024-03-11T09:14:24.672+0000][7][safepoint    ] Safepoint "Cleanup", Time since last: 1006450000 ns, Reaching safepoint: 184334 ns, At safepoint: 5083 ns, Total: 189417 ns
[2024-03-11T09:14:25.677+0000][7][safepoint    ] Safepoint "Cleanup", Time since last: 1005505959 ns, Reaching safepoint: 247708 ns, At safepoint: 4417 ns, Total: 252125 ns
[2024-03-11T09:14:26.684+0000][7][safepoint    ] Safepoint "Cleanup", Time since last: 1006020834 ns, Reaching safepoint: 257791 ns, At safepoint: 4834 ns, Total: 262625 ns
[2024-03-11T09:14:27.687+0000][7][safepoint    ] Safepoint "Cleanup", Time since last: 1003265583 ns, Reaching safepoint: 258250 ns, At safepoint: 5209 ns, Total: 263459 ns
[2024-03-11T09:14:28.690+0000][7][safepoint    ] Safepoint "Cleanup", Time since last: 1003032750 ns, Reaching safepoint: 226333 ns, At safepoint: 4792 ns, Total: 231125 ns
[2024-03-11T09:14:29.697+0000][7][safepoint    ] Safepoint "Cleanup", Time since last: 1005950251 ns, Reaching safepoint: 324083 ns, At safepoint: 4833 ns, Total: 328916 ns
[2024-03-11T09:14:30.702+0000][7][safepoint    ] Safepoint "Cleanup", Time since last: 1005372417 ns, Reaching safepoint: 237375 ns, At safepoint: 4875 ns, Total: 242250 ns
[2024-03-11T09:14:31.706+0000][7][safepoint    ] Safepoint "Cleanup", Time since last: 1003294917 ns, Reaching safepoint: 438416 ns, At safepoint: 10292 ns, Total: 448708 ns
[2024-03-11T09:14:32.708+0000][7][safepoint    ] Safepoint "Cleanup", Time since last: 1001288042 ns, Reaching safepoint: 204292 ns, At safepoint: 6333 ns, Total: 210625 ns
[2024-03-11T09:14:33.711+0000][7][safepoint    ] Safepoint "Cleanup", Time since last: 1003330876 ns, Reaching safepoint: 310708 ns, At safepoint: 5750 ns, Total: 316458 ns
[2024-03-11T09:14:34.714+0000][7][safepoint    ] Safepoint "Cleanup", Time since last: 1002031292 ns, Reaching safepoint: 390708 ns, At safepoint: 11167 ns, Total: 401875 ns
[2024-03-11T09:14:35.717+0000][7][safepoint    ] Safepoint "Cleanup", Time since last: 1003019167 ns, Reaching safepoint: 286959 ns, At safepoint: 44250 ns, Total: 331209 ns
[2024-03-11T09:14:36.721+0000][7][safepoint    ] Safepoint "Cleanup", Time since last: 1003731625 ns, Reaching safepoint: 256958 ns, At safepoint: 50250 ns, Total: 307208 ns
[2024-03-11T09:14:37.725+0000][7][safepoint    ] Safepoint "Cleanup", Time since last: 1003337126 ns, Reaching safepoint: 275500 ns, At safepoint: 11000 ns, Total: 286500 ns
[2024-03-11T09:14:38.727+0000][7][safepoint    ] Safepoint "Cleanup", Time since last: 1002125375 ns, Reaching safepoint: 280375 ns, At safepoint: 5084 ns, Total: 285459 ns
[2024-03-11T09:14:39.860+0000][7][safepoint    ] Safepoint "Cleanup", Time since last: 1133082708 ns, Reaching safepoint: 291167 ns, At safepoint: 7167 ns, Total: 298334 ns
[2024-03-11T09:14:40.864+0000][7][safepoint    ] Safepoint "Cleanup", Time since last: 1003289584 ns, Reaching safepoint: 185166 ns, At safepoint: 3625 ns, Total: 188791 ns
[2024-03-11T09:14:41.867+0000][7][safepoint    ] Safepoint "Cleanup", Time since last: 1002686542 ns, Reaching safepoint: 247459 ns, At safepoint: 4958 ns, Total: 252417 ns
[2024-03-11T09:14:42.873+0000][7][safepoint    ] Safepoint "Cleanup", Time since last: 1006281126 ns, Reaching safepoint: 203708 ns, At safepoint: 8083 ns, Total: 211791 ns
[2024-03-11T09:14:43.880+0000][7][safepoint    ] Safepoint "Cleanup", Time since last: 1006344792 ns, Reaching safepoint: 350750 ns, At safepoint: 8209 ns, Total: 358959 ns
[2024-03-11T09:14:44.886+0000][7][safepoint    ] Safepoint "Cleanup", Time since last: 1004574209 ns, Reaching safepoint: 852000 ns, At safepoint: 18083 ns, Total: 870083 ns
[2024-03-11T09:14:45.890+0000][7][safepoint    ] Safepoint "Cleanup", Time since last: 1003717667 ns, Reaching safepoint: 373625 ns, At safepoint: 6875 ns, Total: 380500 ns
[2024-03-11T09:14:46.900+0000][7][safepoint    ] Safepoint "Cleanup", Time since last: 1008475584 ns, Reaching safepoint: 1543792 ns, At safepoint: 10541 ns, Total: 1554333 ns
[2024-03-11T09:14:47.904+0000][7][safepoint    ] Safepoint "Cleanup", Time since last: 1004100501 ns, Reaching safepoint: 227250 ns, At safepoint: 5666 ns, Total: 232916 ns
[2024-03-11T09:14:48.909+0000][7][safepoint    ] Safepoint "Cleanup", Time since last: 1005105542 ns, Reaching safepoint: 388625 ns, At safepoint: 8542 ns, Total: 397167 ns
[2024-03-11T09:14:49.914+0000][7][safepoint    ] Safepoint "Cleanup", Time since last: 1004154959 ns, Reaching safepoint: 344583 ns, At safepoint: 9125 ns, Total: 353708 ns
[2024-03-11T09:14:50.917+0000][7][safepoint    ] Safepoint "Cleanup", Time since last: 1002808292 ns, Reaching safepoint: 674042 ns, At safepoint: 9292 ns, Total: 683334 ns
[2024-03-11T09:14:51.921+0000][7][safepoint    ] Safepoint "Cleanup", Time since last: 1003572542 ns, Reaching safepoint: 283583 ns, At safepoint: 6917 ns, Total: 290500 ns
[2024-03-11T09:14:52.923+0000][7][safepoint    ] Safepoint "Cleanup", Time since last: 1001304459 ns, Reaching safepoint: 192958 ns, At safepoint: 4500 ns, Total: 197458 ns
[2024-03-11T09:14:53.925+0000][7][safepoint    ] Safepoint "Cleanup", Time since last: 1001651751 ns, Reaching safepoint: 257250 ns, At safepoint: 7333 ns, Total: 264583 ns
[2024-03-11T09:14:54.928+0000][7][safepoint    ] Safepoint "Cleanup", Time since last: 1002864500 ns, Reaching safepoint: 289292 ns, At safepoint: 18208 ns, Total: 307500 ns
[2024-03-11T09:14:55.934+0000][7][safepoint    ] Safepoint "Cleanup", Time since last: 1005895209 ns, Reaching safepoint: 333458 ns, At safepoint: 7959 ns, Total: 341417 ns
[2024-03-11T09:14:56.939+0000][7][safepoint    ] Safepoint "Cleanup", Time since last: 1004382834 ns, Reaching safepoint: 642958 ns, At safepoint: 7125 ns, Total: 650083 ns
[2024-03-11T09:14:57.941+0000][7][safepoint    ] Safepoint "Cleanup", Time since last: 1002119209 ns, Reaching safepoint: 220208 ns, At safepoint: 5292 ns, Total: 225500 ns
[2024-03-11T09:14:58.946+0000][7][safepoint    ] Safepoint "Cleanup", Time since last: 1003895084 ns, Reaching safepoint: 275333 ns, At safepoint: 9625 ns, Total: 284958 ns
[2024-03-11T09:14:59.950+0000][7][safepoint    ] Safepoint "Cleanup", Time since last: 1004328959 ns, Reaching safepoint: 404208 ns, At safepoint: 5125 ns, Total: 409333 ns
[2024-03-11T09:15:00.952+0000][7][safepoint    ] Safepoint "Cleanup", Time since last: 1001783958 ns, Reaching safepoint: 443625 ns, At safepoint: 5625 ns, Total: 449250 ns
[2024-03-11T09:15:01.958+0000][7][safepoint    ] Safepoint "Cleanup", Time since last: 1006339875 ns, Reaching safepoint: 212875 ns, At safepoint: 5209 ns, Total: 218084 ns
[2024-03-11T09:15:02.961+0000][7][safepoint    ] Safepoint "Cleanup", Time since last: 1001902125 ns, Reaching safepoint: 261042 ns, At safepoint: 6125 ns, Total: 267167 ns
[2024-03-11T09:15:03.964+0000][7][safepoint    ] Safepoint "Cleanup", Time since last: 1002976209 ns, Reaching safepoint: 221083 ns, At safepoint: 3583 ns, Total: 224666 ns
[2024-03-11T09:15:04.968+0000][7][safepoint    ] Safepoint "Cleanup", Time since last: 1003637417 ns, Reaching safepoint: 301292 ns, At safepoint: 9250 ns, Total: 310542 ns
[2024-03-11T09:15:05.970+0000][7][safepoint    ] Safepoint "Cleanup", Time since last: 1002336459 ns, Reaching safepoint: 321792 ns, At safepoint: 7000 ns, Total: 328792 ns
[2024-03-11T09:15:06.974+0000][7][safepoint    ] Safepoint "Cleanup", Time since last: 1003508333 ns, Reaching safepoint: 192709 ns, At safepoint: 4750 ns, Total: 197459 ns
[2024-03-11T09:15:07.977+0000][7][safepoint    ] Safepoint "Cleanup", Time since last: 1002331959 ns, Reaching safepoint: 330750 ns, At safepoint: 9791 ns, Total: 340541 ns
[2024-03-11T09:15:08.983+0000][7][safepoint    ] Safepoint "Cleanup", Time since last: 1005895334 ns, Reaching safepoint: 335458 ns, At safepoint: 8959 ns, Total: 344417 ns
[2024-03-11T09:15:09.985+0000][7][safepoint    ] Safepoint "Cleanup", Time since last: 1001952709 ns, Reaching safepoint: 242833 ns, At safepoint: 4667 ns, Total: 247500 ns
[2024-03-11T09:15:10.987+0000][7][safepoint    ] Safepoint "Cleanup", Time since last: 1002070167 ns, Reaching safepoint: 169916 ns, At safepoint: 4500 ns, Total: 174416 ns
[2024-03-11T09:15:11.992+0000][7][safepoint    ] Safepoint "Cleanup", Time since last: 1004213418 ns, Reaching safepoint: 327833 ns, At safepoint: 7375 ns, Total: 335208 ns
[2024-03-11T09:15:12.996+0000][7][safepoint    ] Safepoint "Cleanup", Time since last: 1004237000 ns, Reaching safepoint: 320292 ns, At safepoint: 6833 ns, Total: 327125 ns
[2024-03-11T09:15:14.003+0000][7][safepoint    ] Safepoint "Cleanup", Time since last: 1006714084 ns, Reaching safepoint: 252583 ns, At safepoint: 5250 ns, Total: 257833 ns
[2024-03-11T09:15:15.007+0000][7][safepoint    ] Safepoint "Cleanup", Time since last: 1003712209 ns, Reaching safepoint: 234167 ns, At safepoint: 5917 ns, Total: 240084 ns
[2024-03-11T09:15:16.011+0000][7][safepoint    ] Safepoint "Cleanup", Time since last: 1002905250 ns, Reaching safepoint: 365625 ns, At safepoint: 6000 ns, Total: 371625 ns
[2024-03-11T09:15:17.015+0000][7][safepoint    ] Safepoint "Cleanup", Time since last: 1003984126 ns, Reaching safepoint: 388708 ns, At safepoint: 7083 ns, Total: 395791 ns
[2024-03-11T09:15:18.019+0000][7][safepoint    ] Safepoint "Cleanup", Time since last: 1003060876 ns, Reaching safepoint: 571416 ns, At safepoint: 9417 ns, Total: 580833 ns
[2024-03-11T09:15:19.021+0000][7][safepoint    ] Safepoint "Cleanup", Time since last: 1001850167 ns, Reaching safepoint: 207209 ns, At safepoint: 4375 ns, Total: 211584 ns
[2024-03-11T09:15:20.023+0000][7][safepoint    ] Safepoint "Cleanup", Time since last: 1002384542 ns, Reaching safepoint: 175750 ns, At safepoint: 5125 ns, Total: 180875 ns
[2024-03-11T09:15:21.029+0000][7][safepoint    ] Safepoint "Cleanup", Time since last: 1005394333 ns, Reaching safepoint: 243292 ns, At safepoint: 4917 ns, Total: 248209 ns
[2024-03-11T09:15:22.035+0000][7][safepoint    ] Safepoint "Cleanup", Time since last: 1004451084 ns, Reaching safepoint: 1293958 ns, At safepoint: 11292 ns, Total: 1305250 ns
[2024-03-11T09:15:23.038+0000][7][safepoint    ] Safepoint "Cleanup", Time since last: 1003445042 ns, Reaching safepoint: 231750 ns, At safepoint: 6833 ns, Total: 238583 ns
[2024-03-11T09:15:24.041+0000][7][safepoint    ] Safepoint "Cleanup", Time since last: 1002031209 ns, Reaching safepoint: 302875 ns, At safepoint: 6875 ns, Total: 309750 ns
[2024-03-11T09:15:25.046+0000][7][safepoint    ] Safepoint "Cleanup", Time since last: 1004822750 ns, Reaching safepoint: 402000 ns, At safepoint: 13334 ns, Total: 415334 ns
[2024-03-11T09:15:26.050+0000][7][safepoint    ] Safepoint "Cleanup", Time since last: 1003362792 ns, Reaching safepoint: 243333 ns, At safepoint: 6500 ns, Total: 249833 ns
[2024-03-11T09:15:27.052+0000][7][safepoint    ] Safepoint "Cleanup", Time since last: 1002587792 ns, Reaching safepoint: 284792 ns, At safepoint: 6542 ns, Total: 291334 ns
[2024-03-11T09:15:28.054+0000][7][safepoint    ] Safepoint "Cleanup", Time since last: 1001606958 ns, Reaching safepoint: 283667 ns, At safepoint: 5917 ns, Total: 289584 ns
[2024-03-11T09:15:29.055+0000][7][safepoint    ] Safepoint "Cleanup", Time since last: 1000874375 ns, Reaching safepoint: 182542 ns, At safepoint: 5792 ns, Total: 188334 ns
[2024-03-11T09:15:30.058+0000][7][safepoint    ] Safepoint "Cleanup", Time since last: 1001743292 ns, Reaching safepoint: 320791 ns, At safepoint: 8584 ns, Total: 329375 ns
[2024-03-11T09:15:31.060+0000][7][safepoint    ] Safepoint "Cleanup", Time since last: 1002250583 ns, Reaching safepoint: 252416 ns, At safepoint: 6542 ns, Total: 258958 ns
[2024-03-11T09:15:32.063+0000][7][safepoint    ] Safepoint "Cleanup", Time since last: 1002148292 ns, Reaching safepoint: 330292 ns, At safepoint: 11458 ns, Total: 341750 ns
[2024-03-11T09:15:33.065+0000][7][safepoint    ] Safepoint "Cleanup", Time since last: 1001819709 ns, Reaching safepoint: 343875 ns, At safepoint: 10875 ns, Total: 354750 ns
[2024-03-11T09:15:34.067+0000][7][safepoint    ] Safepoint "Cleanup", Time since last: 1001847584 ns, Reaching safepoint: 264833 ns, At safepoint: 6542 ns, Total: 271375 ns
[2024-03-11T09:15:35.075+0000][7][safepoint    ] Safepoint "Cleanup", Time since last: 1006977250 ns, Reaching safepoint: 848375 ns, At safepoint: 18209 ns, Total: 866584 ns
[2024-03-11T09:15:36.078+0000][7][safepoint    ] Safepoint "Cleanup", Time since last: 1003197333 ns, Reaching safepoint: 158417 ns, At safepoint: 4708 ns, Total: 163125 ns
[2024-03-11T09:15:37.083+0000][7][safepoint    ] Safepoint "Cleanup", Time since last: 1003826876 ns, Reaching safepoint: 435250 ns, At safepoint: 6750 ns, Total: 442000 ns
[2024-03-11T09:15:38.087+0000][7][safepoint    ] Safepoint "Cleanup", Time since last: 1003787000 ns, Reaching safepoint: 230209 ns, At safepoint: 5791 ns, Total: 236000 ns
[2024-03-11T09:15:39.088+0000][7][safepoint    ] Safepoint "Cleanup", Time since last: 1001510667 ns, Reaching safepoint: 319417 ns, At safepoint: 7000 ns, Total: 326417 ns
[2024-03-11T09:15:40.092+0000][7][safepoint    ] Safepoint "Cleanup", Time since last: 1002938626 ns, Reaching safepoint: 262500 ns, At safepoint: 6666 ns, Total: 269166 ns
[2024-03-11T09:15:41.094+0000][7][safepoint    ] Safepoint "Cleanup", Time since last: 1002464292 ns, Reaching safepoint: 196875 ns, At safepoint: 5084 ns, Total: 201959 ns
[2024-03-11T09:15:42.688+0000][7][safepoint    ] Safepoint "Cleanup", Time since last: 1593238501 ns, Reaching safepoint: 176458 ns, At safepoint: 4333 ns, Total: 180791 ns
[2024-03-11T09:15:43.691+0000][7][safepoint    ] Safepoint "Cleanup", Time since last: 1002974834 ns, Reaching safepoint: 186750 ns, At safepoint: 4667 ns, Total: 191417 ns
[2024-03-11T09:15:44.693+0000][7][safepoint    ] Safepoint "Cleanup", Time since last: 1001486792 ns, Reaching safepoint: 298250 ns, At safepoint: 4833 ns, Total: 303083 ns
[2024-03-11T09:15:45.695+0000][7][safepoint    ] Safepoint "Cleanup", Time since last: 1002147042 ns, Reaching safepoint: 227625 ns, At safepoint: 4584 ns, Total: 232209 ns
[2024-03-11T09:15:46.697+0000][7][safepoint    ] Safepoint "Cleanup", Time since last: 1001840542 ns, Reaching safepoint: 162291 ns, At safepoint: 4292 ns, Total: 166583 ns
[2024-03-11T09:15:47.700+0000][7][safepoint    ] Safepoint "Cleanup", Time since last: 1002273376 ns, Reaching safepoint: 292791 ns, At safepoint: 5292 ns, Total: 298083 ns
[2024-03-11T09:15:48.701+0000][7][safepoint    ] Safepoint "Cleanup", Time since last: 1000898250 ns, Reaching safepoint: 274917 ns, At safepoint: 5792 ns, Total: 280709 ns
[2024-03-11T09:15:49.705+0000][7][safepoint    ] Safepoint "Cleanup", Time since last: 1003764375 ns, Reaching safepoint: 330667 ns, At safepoint: 7708 ns, Total: 338375 ns
[2024-03-11T09:15:50.708+0000][7][safepoint    ] Safepoint "Cleanup", Time since last: 1002522209 ns, Reaching safepoint: 270625 ns, At safepoint: 6500 ns, Total: 277125 ns
[2024-03-11T09:15:51.710+0000][7][safepoint    ] Safepoint "Cleanup", Time since last: 1001586250 ns, Reaching safepoint: 356667 ns, At safepoint: 10875 ns, Total: 367542 ns
[2024-03-11T09:15:52.714+0000][7][safepoint    ] Safepoint "Cleanup", Time since last: 1004483167 ns, Reaching safepoint: 375000 ns, At safepoint: 8709 ns, Total: 383709 ns
[2024-03-11T09:15:53.718+0000][7][safepoint    ] Safepoint "Cleanup", Time since last: 1003407375 ns, Reaching safepoint: 405583 ns, At safepoint: 7584 ns, Total: 413167 ns
[2024-03-11T09:15:54.720+0000][7][safepoint    ] Safepoint "Cleanup", Time since last: 1001189375 ns, Reaching safepoint: 204834 ns, At safepoint: 4958 ns, Total: 209792 ns
[2024-03-11T09:15:55.726+0000][7][safepoint    ] Safepoint "Cleanup", Time since last: 1005722750 ns, Reaching safepoint: 230834 ns, At safepoint: 4916 ns, Total: 235750 ns
[2024-03-11T09:15:56.730+0000][7][safepoint    ] Safepoint "Cleanup", Time since last: 1003948793 ns, Reaching safepoint: 348250 ns, At safepoint: 13000 ns, Total: 361250 ns
[2024-03-11T09:15:57.736+0000][7][safepoint    ] Safepoint "Cleanup", Time since last: 1005646208 ns, Reaching safepoint: 297792 ns, At safepoint: 7208 ns, Total: 305000 ns
[2024-03-11T09:15:58.738+0000][7][safepoint    ] Safepoint "Cleanup", Time since last: 1001873209 ns, Reaching safepoint: 438625 ns, At safepoint: 6667 ns, Total: 445292 ns
[2024-03-11T09:15:59.742+0000][7][safepoint    ] Safepoint "Cleanup", Time since last: 1003105542 ns, Reaching safepoint: 357292 ns, At safepoint: 5875 ns, Total: 363167 ns
[2024-03-11T09:16:00.744+0000][7][safepoint    ] Safepoint "Cleanup", Time since last: 1002220458 ns, Reaching safepoint: 294459 ns, At safepoint: 7166 ns, Total: 301625 ns
[2024-03-11T09:16:01.748+0000][7][safepoint    ] Safepoint "Cleanup", Time since last: 1004092792 ns, Reaching safepoint: 238792 ns, At safepoint: 6708 ns, Total: 245500 ns
[2024-03-11T09:16:02.750+0000][7][safepoint    ] Safepoint "Cleanup", Time since last: 1002003417 ns, Reaching safepoint: 255709 ns, At safepoint: 6375 ns, Total: 262084 ns
[2024-03-11T09:16:03.757+0000][7][safepoint    ] Safepoint "Cleanup", Time since last: 1006652500 ns, Reaching safepoint: 289584 ns, At safepoint: 3833 ns, Total: 293417 ns
[2024-03-11T09:16:04.761+0000][7][safepoint    ] Safepoint "Cleanup", Time since last: 1003091750 ns, Reaching safepoint: 320000 ns, At safepoint: 8084 ns, Total: 328084 ns
[2024-03-11T09:16:05.765+0000][7][safepoint    ] Safepoint "Cleanup", Time since last: 1003469834 ns, Reaching safepoint: 259708 ns, At safepoint: 5708 ns, Total: 265416 ns
[2024-03-11T09:16:06.771+0000][7][safepoint    ] Safepoint "Cleanup", Time since last: 1006393001 ns, Reaching safepoint: 233541 ns, At safepoint: 5792 ns, Total: 239333 ns
[2024-03-11T09:16:07.777+0000][7][safepoint    ] Safepoint "Cleanup", Time since last: 1005408834 ns, Reaching safepoint: 341708 ns, At safepoint: 9542 ns, Total: 351250 ns
[2024-03-11T09:16:08.781+0000][7][safepoint    ] Safepoint "Cleanup", Time since last: 1004107459 ns, Reaching safepoint: 258500 ns, At safepoint: 4541 ns, Total: 263041 ns
[2024-03-11T09:16:09.787+0000][7][safepoint    ] Safepoint "Cleanup", Time since last: 1004931834 ns, Reaching safepoint: 345667 ns, At safepoint: 7041 ns, Total: 352708 ns
[2024-03-11T09:16:10.793+0000][7][safepoint    ] Safepoint "Cleanup", Time since last: 1006241584 ns, Reaching safepoint: 222334 ns, At safepoint: 5125 ns, Total: 227459 ns
[2024-03-11T09:16:12.646+0000][7][safepoint    ] Safepoint "Cleanup", Time since last: 1852975417 ns, Reaching safepoint: 174708 ns, At safepoint: 5334 ns, Total: 180042 ns
[2024-03-11T09:16:13.652+0000][7][safepoint    ] Safepoint "Cleanup", Time since last: 1005759000 ns, Reaching safepoint: 177125 ns, At safepoint: 4625 ns, Total: 181750 ns
[2024-03-11T09:16:14.654+0000][7][safepoint    ] Safepoint "Cleanup", Time since last: 1001598376 ns, Reaching safepoint: 177458 ns, At safepoint: 4792 ns, Total: 182250 ns
[2024-03-11T09:16:15.657+0000][7][safepoint    ] Safepoint "Cleanup", Time since last: 1002470667 ns, Reaching safepoint: 319458 ns, At safepoint: 8792 ns, Total: 328250 ns
[2024-03-11T09:16:16.658+0000][7][safepoint    ] Safepoint "Cleanup", Time since last: 1000673459 ns, Reaching safepoint: 178541 ns, At safepoint: 5000 ns, Total: 183541 ns
[2024-03-11T09:16:17.659+0000][7][safepoint    ] Safepoint "Cleanup", Time since last: 1001609251 ns, Reaching safepoint: 265167 ns, At safepoint: 6083 ns, Total: 271250 ns
[2024-03-11T09:16:18.678+0000][7][safepoint    ] Safepoint "Cleanup", Time since last: 1001762584 ns, Reaching safepoint: 16619750 ns, At safepoint: 48250 ns, Total: 16668000 ns
[2024-03-11T09:16:19.681+0000][7][safepoint    ] Safepoint "Cleanup", Time since last: 1002872000 ns, Reaching safepoint: 292209 ns, At safepoint: 8875 ns, Total: 301084 ns
[2024-03-11T09:16:20.685+0000][7][safepoint    ] Safepoint "Cleanup", Time since last: 1003220542 ns, Reaching safepoint: 267791 ns, At safepoint: 5667 ns, Total: 273458 ns
[2024-03-11T09:16:21.689+0000][7][safepoint    ] Safepoint "Cleanup", Time since last: 1003756709 ns, Reaching safepoint: 391416 ns, At safepoint: 9542 ns, Total: 400958 ns
[2024-03-11T09:16:22.691+0000][7][safepoint    ] Safepoint "Cleanup", Time since last: 1001916042 ns, Reaching safepoint: 278084 ns, At safepoint: 5291 ns, Total: 283375 ns
[2024-03-11T09:16:23.701+0000][7][safepoint    ] Safepoint "Cleanup", Time since last: 1009932917 ns, Reaching safepoint: 321167 ns, At safepoint: 9000 ns, Total: 330167 ns
[2024-03-11T09:16:24.707+0000][7][safepoint    ] Safepoint "Cleanup", Time since last: 1005361667 ns, Reaching safepoint: 274667 ns, At safepoint: 7917 ns, Total: 282584 ns
[2024-03-11T09:16:25.708+0000][7][safepoint    ] Safepoint "Cleanup", Time since last: 1001210125 ns, Reaching safepoint: 279125 ns, At safepoint: 5958 ns, Total: 285083 ns
[2024-03-11T09:16:26.713+0000][7][safepoint    ] Safepoint "Cleanup", Time since last: 1005100709 ns, Reaching safepoint: 94209 ns, At safepoint: 2833 ns, Total: 97042 ns
[2024-03-11T09:16:27.714+0000][7][safepoint    ] Safepoint "Cleanup", Time since last: 1000623625 ns, Reaching safepoint: 310250 ns, At safepoint: 6209 ns, Total: 316459 ns
[2024-03-11T09:16:28.717+0000][7][safepoint    ] Safepoint "Cleanup", Time since last: 1001985750 ns, Reaching safepoint: 361167 ns, At safepoint: 10000 ns, Total: 371167 ns
[2024-03-11T09:16:29.720+0000][7][safepoint    ] Safepoint "Cleanup", Time since last: 1002369959 ns, Reaching safepoint: 380583 ns, At safepoint: 6875 ns, Total: 387458 ns
[2024-03-11T09:16:30.724+0000][7][safepoint    ] Safepoint "Cleanup", Time since last: 1004643209 ns, Reaching safepoint: 265208 ns, At safepoint: 5000 ns, Total: 270208 ns
[2024-03-11T09:16:32.216+0000][7][safepoint    ] Safepoint "Cleanup", Time since last: 1491677209 ns, Reaching safepoint: 239625 ns, At safepoint: 5625 ns, Total: 245250 ns
[2024-03-11T09:16:33.220+0000][7][safepoint    ] Safepoint "Cleanup", Time since last: 1003266500 ns, Reaching safepoint: 423917 ns, At safepoint: 18208 ns, Total: 442125 ns
[2024-03-11T09:16:34.221+0000][7][safepoint    ] Safepoint "Cleanup", Time since last: 1001048875 ns, Reaching safepoint: 269084 ns, At safepoint: 5833 ns, Total: 274917 ns
[2024-03-11T09:16:35.224+0000][7][safepoint    ] Safepoint "Cleanup", Time since last: 1002967917 ns, Reaching safepoint: 173667 ns, At safepoint: 4667 ns, Total: 178334 ns
[2024-03-11T09:16:36.228+0000][7][safepoint    ] Safepoint "Cleanup", Time since last: 1003369375 ns, Reaching safepoint: 336167 ns, At safepoint: 8625 ns, Total: 344792 ns
[2024-03-11T09:16:37.231+0000][7][safepoint    ] Safepoint "Cleanup", Time since last: 1003385167 ns, Reaching safepoint: 240958 ns, At safepoint: 8375 ns, Total: 249333 ns
[2024-03-11T09:16:38.234+0000][7][safepoint    ] Safepoint "Cleanup", Time since last: 1002612959 ns, Reaching safepoint: 374833 ns, At safepoint: 5959 ns, Total: 380792 ns
[2024-03-11T09:16:39.236+0000][7][safepoint    ] Safepoint "Cleanup", Time since last: 1001148417 ns, Reaching safepoint: 334583 ns, At safepoint: 7417 ns, Total: 342000 ns
[2024-03-11T09:16:40.239+0000][7][safepoint    ] Safepoint "Cleanup", Time since last: 1002275542 ns, Reaching safepoint: 389625 ns, At safepoint: 7167 ns, Total: 396792 ns
[2024-03-11T09:16:41.240+0000][7][safepoint    ] Safepoint "Cleanup", Time since last: 1001058875 ns, Reaching safepoint: 387833 ns, At safepoint: 6209 ns, Total: 394042 ns
[2024-03-11T09:16:42.243+0000][7][safepoint    ] Safepoint "Cleanup", Time since last: 1002205709 ns, Reaching safepoint: 503666 ns, At safepoint: 7167 ns, Total: 510833 ns
[2024-03-11T09:16:43.246+0000][7][safepoint    ] Safepoint "Cleanup", Time since last: 1002613334 ns, Reaching safepoint: 276916 ns, At safepoint: 15250 ns, Total: 292166 ns
[2024-03-11T09:16:44.249+0000][7][safepoint    ] Safepoint "Cleanup", Time since last: 1002873834 ns, Reaching safepoint: 197667 ns, At safepoint: 4917 ns, Total: 202584 ns
[2024-03-11T09:16:45.251+0000][7][safepoint    ] Safepoint "Cleanup", Time since last: 1001752792 ns, Reaching safepoint: 374666 ns, At safepoint: 7834 ns, Total: 382500 ns
[2024-03-11T09:16:46.254+0000][7][safepoint    ] Safepoint "Cleanup", Time since last: 1003008625 ns, Reaching safepoint: 344834 ns, At safepoint: 6666 ns, Total: 351500 ns
[2024-03-11T09:16:47.260+0000][7][safepoint    ] Safepoint "Cleanup", Time since last: 1004818126 ns, Reaching safepoint: 597333 ns, At safepoint: 15875 ns, Total: 613208 ns
[2024-03-11T09:16:48.261+0000][7][safepoint    ] Safepoint "Cleanup", Time since last: 1001269000 ns, Reaching safepoint: 289625 ns, At safepoint: 14667 ns, Total: 304292 ns
[2024-03-11T09:16:49.264+0000][7][safepoint    ] Safepoint "Cleanup", Time since last: 1001545542 ns, Reaching safepoint: 1034167 ns, At safepoint: 24000 ns, Total: 1058167 ns
[2024-03-11T09:16:50.267+0000][7][safepoint    ] Safepoint "Cleanup", Time since last: 1002820250 ns, Reaching safepoint: 253209 ns, At safepoint: 5958 ns, Total: 259167 ns
[2024-03-11T09:16:51.269+0000][7][safepoint    ] Safepoint "Cleanup", Time since last: 1001728834 ns, Reaching safepoint: 369542 ns, At safepoint: 8708 ns, Total: 378250 ns
[2024-03-11T09:16:52.272+0000][7][safepoint    ] Safepoint "Cleanup", Time since last: 1002474084 ns, Reaching safepoint: 216125 ns, At safepoint: 13833 ns, Total: 229958 ns
[2024-03-11T09:16:53.276+0000][7][safepoint    ] Safepoint "Cleanup", Time since last: 1003815876 ns, Reaching safepoint: 614708 ns, At safepoint: 13708 ns, Total: 628416 ns
[2024-03-11T09:16:54.278+0000][7][safepoint    ] Safepoint "Cleanup", Time since last: 1001783959 ns, Reaching safepoint: 426125 ns, At safepoint: 9667 ns, Total: 435792 ns
[2024-03-11T09:16:55.280+0000][7][safepoint    ] Safepoint "Cleanup", Time since last: 1001113917 ns, Reaching safepoint: 301667 ns, At safepoint: 9583 ns, Total: 311250 ns
[2024-03-11T09:16:56.282+0000][7][safepoint    ] Safepoint "Cleanup", Time since last: 1002225750 ns, Reaching safepoint: 293125 ns, At safepoint: 9459 ns, Total: 302584 ns
[2024-03-11T09:16:57.287+0000][7][safepoint    ] Safepoint "Cleanup", Time since last: 1002491417 ns, Reaching safepoint: 2182666 ns, At safepoint: 13375 ns, Total: 2196041 ns
[2024-03-11T09:16:58.293+0000][7][safepoint    ] Safepoint "Cleanup", Time since last: 1005020001 ns, Reaching safepoint: 681500 ns, At safepoint: 18875 ns, Total: 700375 ns
[2024-03-11T09:16:59.295+0000][7][safepoint    ] Safepoint "Cleanup", Time since last: 1001799542 ns, Reaching safepoint: 361375 ns, At safepoint: 8250 ns, Total: 369625 ns
[2024-03-11T09:17:00.298+0000][7][safepoint    ] Safepoint "Cleanup", Time since last: 1002731959 ns, Reaching safepoint: 285917 ns, At safepoint: 21000 ns, Total: 306917 ns
[2024-03-11T09:17:01.300+0000][7][safepoint    ] Safepoint "Cleanup", Time since last: 1002472208 ns, Reaching safepoint: 190250 ns, At safepoint: 13375 ns, Total: 203625 ns
[2024-03-11T09:17:02.302+0000][7][safepoint    ] Safepoint "Cleanup", Time since last: 1001200959 ns, Reaching safepoint: 321667 ns, At safepoint: 7125 ns, Total: 328792 ns
[2024-03-11T09:17:03.303+0000][7][safepoint    ] Safepoint "Cleanup", Time since last: 1001321250 ns, Reaching safepoint: 297125 ns, At safepoint: 7000 ns, Total: 304125 ns
[2024-03-11T09:17:04.305+0000][7][safepoint    ] Safepoint "Cleanup", Time since last: 1000845167 ns, Reaching safepoint: 1066167 ns, At safepoint: 14458 ns, Total: 1080625 ns
[2024-03-11T09:17:05.308+0000][7][safepoint    ] Safepoint "Cleanup", Time since last: 1002865459 ns, Reaching safepoint: 283875 ns, At safepoint: 21458 ns, Total: 305333 ns
[2024-03-11T09:17:06.312+0000][7][safepoint    ] Safepoint "Cleanup", Time since last: 1003555959 ns, Reaching safepoint: 299208 ns, At safepoint: 22125 ns, Total: 321333 ns
[2024-03-11T09:17:07.317+0000][7][safepoint    ] Safepoint "Cleanup", Time since last: 1002845001 ns, Reaching safepoint: 1627542 ns, At safepoint: 21833 ns, Total: 1649375 ns
[2024-03-11T09:17:08.319+0000][7][safepoint    ] Safepoint "Cleanup", Time since last: 1002256375 ns, Reaching safepoint: 212500 ns, At safepoint: 13667 ns, Total: 226167 ns
[2024-03-11T09:17:09.322+0000][7][safepoint    ] Safepoint "Cleanup", Time since last: 1002666792 ns, Reaching safepoint: 466625 ns, At safepoint: 12000 ns, Total: 478625 ns
[2024-03-11T09:17:10.326+0000][7][safepoint    ] Safepoint "Cleanup", Time since last: 1002997584 ns, Reaching safepoint: 167792 ns, At safepoint: 4625 ns, Total: 172417 ns
[2024-03-11T09:17:11.328+0000][7][safepoint    ] Safepoint "Cleanup", Time since last: 1001831584 ns, Reaching safepoint: 791625 ns, At safepoint: 38166 ns, Total: 829791 ns
[2024-03-11T09:17:12.331+0000][7][safepoint    ] Safepoint "Cleanup", Time since last: 1002314917 ns, Reaching safepoint: 322792 ns, At safepoint: 4958 ns, Total: 327750 ns
[2024-03-11T09:17:13.333+0000][7][safepoint    ] Safepoint "Cleanup", Time since last: 1001736292 ns, Reaching safepoint: 531792 ns, At safepoint: 12083 ns, Total: 543875 ns
[2024-03-11T09:17:14.334+0000][7][safepoint    ] Safepoint "Cleanup", Time since last: 1000934584 ns, Reaching safepoint: 158709 ns, At safepoint: 3958 ns, Total: 162667 ns
[2024-03-11T09:17:15.338+0000][7][safepoint    ] Safepoint "Cleanup", Time since last: 1003470459 ns, Reaching safepoint: 213583 ns, At safepoint: 10750 ns, Total: 224333 ns
[2024-03-11T09:17:16.340+0000][7][safepoint    ] Safepoint "Cleanup", Time since last: 1002195126 ns, Reaching safepoint: 197291 ns, At safepoint: 14209 ns, Total: 211500 ns
[2024-03-11T09:17:17.344+0000][7][safepoint    ] Safepoint "Cleanup", Time since last: 1002523917 ns, Reaching safepoint: 1441791 ns, At safepoint: 15834 ns, Total: 1457625 ns
[2024-03-11T09:17:18.347+0000][7][safepoint    ] Safepoint "Cleanup", Time since last: 1002641375 ns, Reaching safepoint: 170042 ns, At safepoint: 12042 ns, Total: 182084 ns
[2024-03-11T09:17:19.352+0000][7][safepoint    ] Safepoint "Cleanup", Time since last: 1004716917 ns, Reaching safepoint: 290125 ns, At safepoint: 11333 ns, Total: 301458 ns
[2024-03-11T09:17:20.354+0000][7][safepoint    ] Safepoint "Cleanup", Time since last: 1001744292 ns, Reaching safepoint: 151917 ns, At safepoint: 3708 ns, Total: 155625 ns
[2024-03-11T09:17:21.356+0000][7][safepoint    ] Safepoint "Cleanup", Time since last: 1001131417 ns, Reaching safepoint: 254459 ns, At safepoint: 6250 ns, Total: 260709 ns
[2024-03-11T09:17:22.362+0000][7][safepoint    ] Safepoint "Cleanup", Time since last: 1006461542 ns, Reaching safepoint: 322625 ns, At safepoint: 15041 ns, Total: 337666 ns
[2024-03-11T09:17:23.367+0000][7][safepoint    ] Safepoint "Cleanup", Time since last: 1004633834 ns, Reaching safepoint: 447542 ns, At safepoint: 21250 ns, Total: 468792 ns
[2024-03-11T09:17:24.371+0000][7][safepoint    ] Safepoint "Cleanup", Time since last: 1003248042 ns, Reaching safepoint: 201542 ns, At safepoint: 3791 ns, Total: 205333 ns
[2024-03-11T09:17:25.373+0000][7][safepoint    ] Safepoint "Cleanup", Time since last: 1001950168 ns, Reaching safepoint: 203375 ns, At safepoint: 7458 ns, Total: 210833 ns
[2024-03-11T09:17:26.375+0000][7][safepoint    ] Safepoint "Cleanup", Time since last: 1001252500 ns, Reaching safepoint: 264709 ns, At safepoint: 5833 ns, Total: 270542 ns
[2024-03-11T09:17:27.376+0000][7][safepoint    ] Safepoint "Cleanup", Time since last: 1001614792 ns, Reaching safepoint: 188292 ns, At safepoint: 5000 ns, Total: 193292 ns
[2024-03-11T09:17:28.379+0000][7][safepoint    ] Safepoint "Cleanup", Time since last: 1002397959 ns, Reaching safepoint: 328750 ns, At safepoint: 17541 ns, Total: 346291 ns
[2024-03-11T09:17:29.383+0000][7][safepoint    ] Safepoint "Cleanup", Time since last: 1003319292 ns, Reaching safepoint: 237375 ns, At safepoint: 5459 ns, Total: 242834 ns
[2024-03-11T09:17:30.389+0000][7][safepoint    ] Safepoint "Cleanup", Time since last: 1005324959 ns, Reaching safepoint: 1328583 ns, At safepoint: 12042 ns, Total: 1340625 ns
[2024-03-11T09:17:31.392+0000][7][safepoint    ] Safepoint "Cleanup", Time since last: 1002123625 ns, Reaching safepoint: 797291 ns, At safepoint: 21000 ns, Total: 818291 ns
[2024-03-11T09:17:32.394+0000][7][safepoint    ] Safepoint "Cleanup", Time since last: 1001901084 ns, Reaching safepoint: 259417 ns, At safepoint: 7208 ns, Total: 266625 ns
[2024-03-11T09:17:33.396+0000][7][safepoint    ] Safepoint "Cleanup", Time since last: 1001576084 ns, Reaching safepoint: 246458 ns, At safepoint: 6750 ns, Total: 253208 ns
[2024-03-11T09:17:34.401+0000][7][safepoint    ] Safepoint "Cleanup", Time since last: 1003854126 ns, Reaching safepoint: 1186000 ns, At safepoint: 10958 ns, Total: 1196958 ns
[2024-03-11T09:17:35.402+0000][7][safepoint    ] Safepoint "Cleanup", Time since last: 1000675876 ns, Reaching safepoint: 175958 ns, At safepoint: 12208 ns, Total: 188166 ns
[2024-03-11T09:17:36.403+0000][7][safepoint    ] Safepoint "Cleanup", Time since last: 1001357959 ns, Reaching safepoint: 226583 ns, At safepoint: 16084 ns, Total: 242667 ns
[2024-03-11T09:17:37.407+0000][7][safepoint    ] Safepoint "Cleanup", Time since last: 1002259000 ns, Reaching safepoint: 1364917 ns, At safepoint: 19667 ns, Total: 1384584 ns
[2024-03-11T09:17:38.411+0000][7][safepoint    ] Safepoint "Cleanup", Time since last: 1003270500 ns, Reaching safepoint: 230667 ns, At safepoint: 6125 ns, Total: 236792 ns
[2024-03-11T09:17:39.413+0000][7][safepoint    ] Safepoint "Cleanup", Time since last: 1001475125 ns, Reaching safepoint: 840292 ns, At safepoint: 13750 ns, Total: 854042 ns
[2024-03-11T09:17:40.415+0000][7][safepoint    ] Safepoint "Cleanup", Time since last: 1002309959 ns, Reaching safepoint: 142083 ns, At safepoint: 7125 ns, Total: 149208 ns
[2024-03-11T09:17:41.417+0000][7][safepoint    ] Safepoint "Cleanup", Time since last: 1001729876 ns, Reaching safepoint: 112708 ns, At safepoint: 2000 ns, Total: 114708 ns
[2024-03-11T09:17:42.720+0000][7][safepoint    ] Safepoint "Cleanup", Time since last: 1302578542 ns, Reaching safepoint: 591542 ns, At safepoint: 9458 ns, Total: 601000 ns
[2024-03-11T09:17:43.723+0000][7][safepoint    ] Safepoint "Cleanup", Time since last: 1001970834 ns, Reaching safepoint: 283542 ns, At safepoint: 8625 ns, Total: 292167 ns
[2024-03-11T09:17:44.725+0000][7][safepoint    ] Safepoint "Cleanup", Time since last: 1002007500 ns, Reaching safepoint: 272000 ns, At safepoint: 11792 ns, Total: 283792 ns
[2024-03-11T09:17:45.731+0000][7][safepoint    ] Safepoint "Cleanup", Time since last: 1005547334 ns, Reaching safepoint: 469875 ns, At safepoint: 6916 ns, Total: 476791 ns
[2024-03-11T09:17:46.735+0000][7][safepoint    ] Safepoint "Cleanup", Time since last: 1003532126 ns, Reaching safepoint: 209833 ns, At safepoint: 4500 ns, Total: 214333 ns
[2024-03-11T09:17:47.737+0000][7][safepoint    ] Safepoint "Cleanup", Time since last: 1001740167 ns, Reaching safepoint: 219292 ns, At safepoint: 6083 ns, Total: 225375 ns
[2024-03-11T09:17:48.742+0000][7][safepoint    ] Safepoint "Cleanup", Time since last: 1005356959 ns, Reaching safepoint: 254458 ns, At safepoint: 6334 ns, Total: 260792 ns
[2024-03-11T09:17:49.749+0000][7][safepoint    ] Safepoint "Cleanup", Time since last: 1006458709 ns, Reaching safepoint: 244916 ns, At safepoint: 5792 ns, Total: 250708 ns
[2024-03-11T09:17:50.754+0000][7][safepoint    ] Safepoint "Cleanup", Time since last: 1004253042 ns, Reaching safepoint: 369833 ns, At safepoint: 5000 ns, Total: 374833 ns
[2024-03-11T09:17:51.758+0000][7][safepoint    ] Safepoint "Cleanup", Time since last: 1003852709 ns, Reaching safepoint: 387125 ns, At safepoint: 10458 ns, Total: 397583 ns
[2024-03-11T09:17:52.765+0000][7][safepoint    ] Safepoint "Cleanup", Time since last: 1006761668 ns, Reaching safepoint: 536041 ns, At safepoint: 7500 ns, Total: 543541 ns
[2024-03-11T09:17:53.770+0000][7][safepoint    ] Safepoint "Cleanup", Time since last: 1005052292 ns, Reaching safepoint: 279542 ns, At safepoint: 5542 ns, Total: 285084 ns
[2024-03-11T09:17:54.773+0000][7][safepoint    ] Safepoint "Cleanup", Time since last: 1002130000 ns, Reaching safepoint: 485917 ns, At safepoint: 4958 ns, Total: 490875 ns
[2024-03-11T09:17:55.778+0000][7][safepoint    ] Safepoint "Cleanup", Time since last: 1004416417 ns, Reaching safepoint: 176042 ns, At safepoint: 4667 ns, Total: 180709 ns
[2024-03-11T09:17:56.784+0000][7][safepoint    ] Safepoint "Cleanup", Time since last: 1004942084 ns, Reaching safepoint: 1469083 ns, At safepoint: 12583 ns, Total: 1481666 ns
[2024-03-11T09:17:57.787+0000][7][safepoint    ] Safepoint "Cleanup", Time since last: 1002416876 ns, Reaching safepoint: 469458 ns, At safepoint: 6167 ns, Total: 475625 ns
[2024-03-11T09:17:58.792+0000][7][safepoint    ] Safepoint "Cleanup", Time since last: 1004768709 ns, Reaching safepoint: 175458 ns, At safepoint: 4958 ns, Total: 180416 ns
[2024-03-11T09:17:59.796+0000][7][safepoint    ] Safepoint "Cleanup", Time since last: 1003055667 ns, Reaching safepoint: 465167 ns, At safepoint: 8542 ns, Total: 473709 ns
[2024-03-11T09:18:00.797+0000][7][safepoint    ] Safepoint "Cleanup", Time since last: 1001670208 ns, Reaching safepoint: 171042 ns, At safepoint: 4792 ns, Total: 175834 ns
[2024-03-11T09:18:02.239+0000][7][safepoint    ] Safepoint "Cleanup", Time since last: 1428831583 ns, Reaching safepoint: 260542 ns, At safepoint: 9167 ns, Total: 269709 ns
[2024-03-11T09:18:03.245+0000][7][safepoint    ] Safepoint "Cleanup", Time since last: 1006222125 ns, Reaching safepoint: 298334 ns, At safepoint: 5000 ns, Total: 303334 ns
[2024-03-11T09:18:04.247+0000][7][safepoint    ] Safepoint "Cleanup", Time since last: 1001513042 ns, Reaching safepoint: 189666 ns, At safepoint: 4792 ns, Total: 194458 ns
[2024-03-11T09:18:05.250+0000][7][safepoint    ] Safepoint "Cleanup", Time since last: 1002736834 ns, Reaching safepoint: 182958 ns, At safepoint: 5417 ns, Total: 188375 ns
[2024-03-11T09:18:06.251+0000][7][safepoint    ] Safepoint "Cleanup", Time since last: 1001200417 ns, Reaching safepoint: 168417 ns, At safepoint: 4666 ns, Total: 173083 ns
[2024-03-11T09:18:07.253+0000][7][safepoint    ] Safepoint "Cleanup", Time since last: 1001415459 ns, Reaching safepoint: 241709 ns, At safepoint: 6625 ns, Total: 248334 ns
[2024-03-11T09:18:08.257+0000][7][safepoint    ] Safepoint "Cleanup", Time since last: 1003720708 ns, Reaching safepoint: 336667 ns, At safepoint: 8167 ns, Total: 344834 ns
[2024-03-11T09:18:09.259+0000][7][safepoint    ] Safepoint "Cleanup", Time since last: 1002160000 ns, Reaching safepoint: 190834 ns, At safepoint: 3750 ns, Total: 194584 ns
[2024-03-11T09:18:10.265+0000][7][safepoint    ] Safepoint "Cleanup", Time since last: 1005317750 ns, Reaching safepoint: 225083 ns, At safepoint: 3584 ns, Total: 228667 ns
[2024-03-11T09:18:11.271+0000][7][safepoint    ] Safepoint "Cleanup", Time since last: 1006001333 ns, Reaching safepoint: 223000 ns, At safepoint: 8250 ns, Total: 231250 ns
[2024-03-11T09:18:12.278+0000][7][safepoint    ] Safepoint "Cleanup", Time since last: 1005947626 ns, Reaching safepoint: 396250 ns, At safepoint: 6500 ns, Total: 402750 ns
[2024-03-11T09:18:13.281+0000][7][safepoint    ] Safepoint "Cleanup", Time since last: 1002497500 ns, Reaching safepoint: 481375 ns, At safepoint: 9959 ns, Total: 491334 ns
[2024-03-11T09:18:14.283+0000][7][safepoint    ] Safepoint "Cleanup", Time since last: 1001853750 ns, Reaching safepoint: 148125 ns, At safepoint: 3000 ns, Total: 151125 ns
[2024-03-11T09:18:15.289+0000][7][safepoint    ] Safepoint "Cleanup", Time since last: 1006379251 ns, Reaching safepoint: 269750 ns, At safepoint: 5166 ns, Total: 274916 ns
[2024-03-11T09:18:16.294+0000][7][safepoint    ] Safepoint "Cleanup", Time since last: 1004528834 ns, Reaching safepoint: 209084 ns, At safepoint: 4916 ns, Total: 214000 ns
[2024-03-11T09:18:17.297+0000][7][safepoint    ] Safepoint "Cleanup", Time since last: 1002576542 ns, Reaching safepoint: 180334 ns, At safepoint: 3333 ns, Total: 183667 ns
[2024-03-11T09:18:18.302+0000][7][safepoint    ] Safepoint "Cleanup", Time since last: 1004263750 ns, Reaching safepoint: 652417 ns, At safepoint: 5000 ns, Total: 657417 ns
[2024-03-11T09:18:19.308+0000][7][safepoint    ] Safepoint "Cleanup", Time since last: 1006344209 ns, Reaching safepoint: 208750 ns, At safepoint: 3833 ns, Total: 212583 ns
[2024-03-11T09:18:20.312+0000][7][safepoint    ] Safepoint "Cleanup", Time since last: 1003890209 ns, Reaching safepoint: 318125 ns, At safepoint: 6125 ns, Total: 324250 ns
[2024-03-11T09:18:21.318+0000][7][safepoint    ] Safepoint "Cleanup", Time since last: 1005509084 ns, Reaching safepoint: 256792 ns, At safepoint: 3958 ns, Total: 260750 ns
[2024-03-11T09:18:22.321+0000][7][safepoint    ] Safepoint "Cleanup", Time since last: 1002651042 ns, Reaching safepoint: 303125 ns, At safepoint: 5250 ns, Total: 308375 ns
[2024-03-11T09:18:23.325+0000][7][safepoint    ] Safepoint "Cleanup", Time since last: 1003115459 ns, Reaching safepoint: 329250 ns, At safepoint: 5208 ns, Total: 334458 ns
[2024-03-11T09:18:24.326+0000][7][safepoint    ] Safepoint "Cleanup", Time since last: 1001364834 ns, Reaching safepoint: 161917 ns, At safepoint: 4458 ns, Total: 166375 ns
[2024-03-11T09:18:25.329+0000][7][safepoint    ] Safepoint "Cleanup", Time since last: 1002110459 ns, Reaching safepoint: 482333 ns, At safepoint: 6209 ns, Total: 488542 ns
[2024-03-11T09:18:26.332+0000][7][safepoint    ] Safepoint "Cleanup", Time since last: 1002775167 ns, Reaching safepoint: 589625 ns, At safepoint: 35083 ns, Total: 624708 ns
[2024-03-11T09:18:27.337+0000][7][safepoint    ] Safepoint "Cleanup", Time since last: 1004510417 ns, Reaching safepoint: 313500 ns, At safepoint: 10875 ns, Total: 324375 ns
[2024-03-11T09:18:28.343+0000][7][safepoint    ] Safepoint "Cleanup", Time since last: 1005561792 ns, Reaching safepoint: 339750 ns, At safepoint: 7625 ns, Total: 347375 ns
[2024-03-11T09:18:29.347+0000][7][safepoint    ] Safepoint "Cleanup", Time since last: 1003224126 ns, Reaching safepoint: 530333 ns, At safepoint: 10125 ns, Total: 540458 ns
[2024-03-11T09:18:30.350+0000][7][safepoint    ] Safepoint "Cleanup", Time since last: 1003411459 ns, Reaching safepoint: 333000 ns, At safepoint: 5458 ns, Total: 338458 ns
[2024-03-11T09:18:32.279+0000][7][safepoint    ] Safepoint "Cleanup", Time since last: 1903713417 ns, Reaching safepoint: 356333 ns, At safepoint: 11875 ns, Total: 368208 ns
[2024-03-11T09:18:33.282+0000][7][safepoint    ] Safepoint "Cleanup", Time since last: 1002127167 ns, Reaching safepoint: 329042 ns, At safepoint: 8375 ns, Total: 337417 ns
[2024-03-11T09:18:34.283+0000][7][safepoint    ] Safepoint "Cleanup", Time since last: 1001411750 ns, Reaching safepoint: 246334 ns, At safepoint: 5625 ns, Total: 251959 ns
[2024-03-11T09:18:35.288+0000][7][safepoint    ] Safepoint "Cleanup", Time since last: 1004359125 ns, Reaching safepoint: 272500 ns, At safepoint: 6750 ns, Total: 279250 ns
[2024-03-11T09:18:36.290+0000][7][safepoint    ] Safepoint "Cleanup", Time since last: 1001727042 ns, Reaching safepoint: 240125 ns, At safepoint: 5292 ns, Total: 245417 ns
[2024-03-11T09:18:37.293+0000][7][safepoint    ] Safepoint "Cleanup", Time since last: 1002449459 ns, Reaching safepoint: 332417 ns, At safepoint: 8375 ns, Total: 340792 ns
[2024-03-11T09:18:38.296+0000][7][safepoint    ] Safepoint "Cleanup", Time since last: 1002448833 ns, Reaching safepoint: 258084 ns, At safepoint: 5875 ns, Total: 263959 ns
[2024-03-11T09:18:39.302+0000][7][safepoint    ] Safepoint "Cleanup", Time since last: 1006303542 ns, Reaching safepoint: 269583 ns, At safepoint: 6750 ns, Total: 276333 ns
[2024-03-11T09:18:40.306+0000][7][safepoint    ] Safepoint "Cleanup", Time since last: 1003335084 ns, Reaching safepoint: 253125 ns, At safepoint: 27625 ns, Total: 280750 ns
[2024-03-11T09:18:41.308+0000][7][safepoint    ] Safepoint "Cleanup", Time since last: 1002323292 ns, Reaching safepoint: 203917 ns, At safepoint: 5666 ns, Total: 209583 ns
[2024-03-11T09:18:42.314+0000][7][safepoint    ] Safepoint "Cleanup", Time since last: 1004978459 ns, Reaching safepoint: 280000 ns, At safepoint: 7834 ns, Total: 287834 ns
[2024-03-11T09:18:43.318+0000][7][safepoint    ] Safepoint "Cleanup", Time since last: 1004259958 ns, Reaching safepoint: 292250 ns, At safepoint: 19375 ns, Total: 311625 ns
[2024-03-11T09:18:44.324+0000][7][safepoint    ] Safepoint "Cleanup", Time since last: 1005172251 ns, Reaching safepoint: 238167 ns, At safepoint: 5500 ns, Total: 243667 ns
[2024-03-11T09:18:45.326+0000][7][safepoint    ] Safepoint "Cleanup", Time since last: 1002417500 ns, Reaching safepoint: 217958 ns, At safepoint: 5500 ns, Total: 223458 ns
[2024-03-11T09:18:46.327+0000][7][safepoint    ] Safepoint "Cleanup", Time since last: 1000933584 ns, Reaching safepoint: 292459 ns, At safepoint: 7458 ns, Total: 299917 ns
[2024-03-11T09:18:47.332+0000][7][safepoint    ] Safepoint "Cleanup", Time since last: 1003940125 ns, Reaching safepoint: 432334 ns, At safepoint: 6083 ns, Total: 438417 ns
[2024-03-11T09:18:48.336+0000][7][safepoint    ] Safepoint "Cleanup", Time since last: 1003648084 ns, Reaching safepoint: 219041 ns, At safepoint: 4375 ns, Total: 223416 ns
[2024-03-11T09:18:49.339+0000][7][safepoint    ] Safepoint "Cleanup", Time since last: 1002489001 ns, Reaching safepoint: 403750 ns, At safepoint: 6042 ns, Total: 409792 ns
[2024-03-11T09:18:50.341+0000][7][safepoint    ] Safepoint "Cleanup", Time since last: 1002030042 ns, Reaching safepoint: 218000 ns, At safepoint: 3416 ns, Total: 221416 ns
[2024-03-11T09:18:51.345+0000][7][safepoint    ] Safepoint "Cleanup", Time since last: 1003518126 ns, Reaching safepoint: 378625 ns, At safepoint: 6667 ns, Total: 385292 ns
[2024-03-11T09:18:52.347+0000][7][safepoint    ] Safepoint "Cleanup", Time since last: 1001571208 ns, Reaching safepoint: 186875 ns, At safepoint: 5334 ns, Total: 192209 ns
[2024-03-11T09:18:53.350+0000][7][safepoint    ] Safepoint "Cleanup", Time since last: 1002819500 ns, Reaching safepoint: 312792 ns, At safepoint: 7667 ns, Total: 320459 ns
[2024-03-11T09:18:54.356+0000][7][safepoint    ] Safepoint "Cleanup", Time since last: 1006253792 ns, Reaching safepoint: 181416 ns, At safepoint: 3959 ns, Total: 185375 ns
[2024-03-11T09:18:55.359+0000][7][safepoint    ] Safepoint "Cleanup", Time since last: 1003066084 ns, Reaching safepoint: 195666 ns, At safepoint: 4000 ns, Total: 199666 ns
[2024-03-11T09:18:56.366+0000][7][safepoint    ] Safepoint "Cleanup", Time since last: 1006652792 ns, Reaching safepoint: 272834 ns, At safepoint: 6250 ns, Total: 279084 ns
[2024-03-11T09:18:57.369+0000][7][safepoint    ] Safepoint "Cleanup", Time since last: 1002569083 ns, Reaching safepoint: 359125 ns, At safepoint: 6875 ns, Total: 366000 ns
[2024-03-11T09:18:58.376+0000][7][safepoint    ] Safepoint "Cleanup", Time since last: 1006670209 ns, Reaching safepoint: 246042 ns, At safepoint: 5292 ns, Total: 251334 ns
[2024-03-11T09:18:59.382+0000][7][safepoint    ] Safepoint "Cleanup", Time since last: 1005909875 ns, Reaching safepoint: 358417 ns, At safepoint: 10500 ns, Total: 368917 ns
[2024-03-11T09:19:00.385+0000][7][safepoint    ] Safepoint "Cleanup", Time since last: 1002789584 ns, Reaching safepoint: 186000 ns, At safepoint: 4291 ns, Total: 190291 ns
[2024-03-11T09:19:01.391+0000][7][safepoint    ] Safepoint "Cleanup", Time since last: 1002199875 ns, Reaching safepoint: 324750 ns, At safepoint: 8375 ns, Total: 333125 ns
[2024-03-11T09:19:02.393+0000][7][safepoint    ] Safepoint "Cleanup", Time since last: 1002110917 ns, Reaching safepoint: 393167 ns, At safepoint: 8542 ns, Total: 401709 ns
[2024-03-11T09:19:03.395+0000][7][safepoint    ] Safepoint "Cleanup", Time since last: 1001588542 ns, Reaching safepoint: 390791 ns, At safepoint: 4834 ns, Total: 395625 ns
[2024-03-11T09:19:04.397+0000][7][safepoint    ] Safepoint "Cleanup", Time since last: 1001647459 ns, Reaching safepoint: 165000 ns, At safepoint: 4791 ns, Total: 169791 ns
[2024-03-11T09:19:05.399+0000][7][safepoint    ] Safepoint "Cleanup", Time since last: 1001188667 ns, Reaching safepoint: 163000 ns, At safepoint: 4000 ns, Total: 167000 ns
[2024-03-11T09:19:06.400+0000][7][safepoint    ] Safepoint "Cleanup", Time since last: 1001440917 ns, Reaching safepoint: 217959 ns, At safepoint: 4583 ns, Total: 222542 ns
[2024-03-11T09:19:07.402+0000][7][safepoint    ] Safepoint "Cleanup", Time since last: 1001585667 ns, Reaching safepoint: 230250 ns, At safepoint: 5125 ns, Total: 235375 ns
[2024-03-11T09:19:08.409+0000][7][safepoint    ] Safepoint "Cleanup", Time since last: 1006846334 ns, Reaching safepoint: 336250 ns, At safepoint: 8708 ns, Total: 344958 ns
[2024-03-11T09:19:09.411+0000][7][safepoint    ] Safepoint "Cleanup", Time since last: 1001854918 ns, Reaching safepoint: 217041 ns, At safepoint: 5584 ns, Total: 222625 ns
[2024-03-11T09:19:10.415+0000][7][safepoint    ] Safepoint "Cleanup", Time since last: 1003996708 ns, Reaching safepoint: 89125 ns, At safepoint: 2125 ns, Total: 91250 ns
[2024-03-11T09:19:11.419+0000][7][safepoint    ] Safepoint "Cleanup", Time since last: 1002956918 ns, Reaching safepoint: 288625 ns, At safepoint: 4916 ns, Total: 293541 ns
[2024-03-11T09:19:12.787+0000][7][safepoint    ] Safepoint "Cleanup", Time since last: 1368002793 ns, Reaching safepoint: 597583 ns, At safepoint: 10625 ns, Total: 608208 ns
[2024-03-11T09:19:13.792+0000][7][safepoint    ] Safepoint "Cleanup", Time since last: 1003718000 ns, Reaching safepoint: 563917 ns, At safepoint: 9667 ns, Total: 573584 ns
[2024-03-11T09:19:14.797+0000][7][safepoint    ] Safepoint "Cleanup", Time since last: 1004798708 ns, Reaching safepoint: 273167 ns, At safepoint: 6583 ns, Total: 279750 ns
[2024-03-11T09:19:15.800+0000][7][safepoint    ] Safepoint "Cleanup", Time since last: 1003072543 ns, Reaching safepoint: 253583 ns, At safepoint: 4250 ns, Total: 257833 ns
[2024-03-11T09:19:16.803+0000][7][safepoint    ] Safepoint "Cleanup", Time since last: 1003342709 ns, Reaching safepoint: 166708 ns, At safepoint: 3833 ns, Total: 170541 ns
[2024-03-11T09:19:17.807+0000][7][safepoint    ] Safepoint "Cleanup", Time since last: 1002852001 ns, Reaching safepoint: 486208 ns, At safepoint: 8584 ns, Total: 494792 ns
[2024-03-11T09:19:18.812+0000][7][safepoint    ] Safepoint "Cleanup", Time since last: 1004200750 ns, Reaching safepoint: 1205417 ns, At safepoint: 13041 ns, Total: 1218458 ns
[2024-03-11T09:19:19.816+0000][7][safepoint    ] Safepoint "Cleanup", Time since last: 1003587043 ns, Reaching safepoint: 405625 ns, At safepoint: 7458 ns, Total: 413083 ns
[2024-03-11T09:19:20.819+0000][7][safepoint    ] Safepoint "Cleanup", Time since last: 1002523084 ns, Reaching safepoint: 357416 ns, At safepoint: 5709 ns, Total: 363125 ns
[2024-03-11T09:19:21.822+0000][7][safepoint    ] Safepoint "Cleanup", Time since last: 1003000125 ns, Reaching safepoint: 267292 ns, At safepoint: 4916 ns, Total: 272208 ns
[2024-03-11T09:19:22.825+0000][7][safepoint    ] Safepoint "Cleanup", Time since last: 1002352959 ns, Reaching safepoint: 157375 ns, At safepoint: 4292 ns, Total: 161667 ns
[2024-03-11T09:19:23.829+0000][7][safepoint    ] Safepoint "Cleanup", Time since last: 1003787167 ns, Reaching safepoint: 195500 ns, At safepoint: 4542 ns, Total: 200042 ns
[2024-03-11T09:19:24.834+0000][7][safepoint    ] Safepoint "Cleanup", Time since last: 1004378292 ns, Reaching safepoint: 418833 ns, At safepoint: 138542 ns, Total: 557375 ns
[2024-03-11T09:19:25.836+0000][7][safepoint    ] Safepoint "Cleanup", Time since last: 1001592500 ns, Reaching safepoint: 261625 ns, At safepoint: 6125 ns, Total: 267750 ns
[2024-03-11T09:19:26.841+0000][7][safepoint    ] Safepoint "Cleanup", Time since last: 1005452834 ns, Reaching safepoint: 258542 ns, At safepoint: 5125 ns, Total: 263667 ns
[2024-03-11T09:19:27.848+0000][7][safepoint    ] Safepoint "Cleanup", Time since last: 1006426084 ns, Reaching safepoint: 290875 ns, At safepoint: 6166 ns, Total: 297041 ns
[2024-03-11T09:19:28.851+0000][7][safepoint    ] Safepoint "Cleanup", Time since last: 1002926501 ns, Reaching safepoint: 195333 ns, At safepoint: 4542 ns, Total: 199875 ns
[2024-03-11T09:19:29.857+0000][7][safepoint    ] Safepoint "Cleanup", Time since last: 1005372209 ns, Reaching safepoint: 267958 ns, At safepoint: 5958 ns, Total: 273916 ns
[2024-03-11T09:19:30.859+0000][7][safepoint    ] Safepoint "Cleanup", Time since last: 1001763251 ns, Reaching safepoint: 397666 ns, At safepoint: 7334 ns, Total: 405000 ns
[2024-03-11T09:19:31.863+0000][7][safepoint    ] Safepoint "Cleanup", Time since last: 1003211333 ns, Reaching safepoint: 224833 ns, At safepoint: 4750 ns, Total: 229583 ns
[2024-03-11T09:19:32.867+0000][7][safepoint    ] Safepoint "Cleanup", Time since last: 1003273875 ns, Reaching safepoint: 330542 ns, At safepoint: 7458 ns, Total: 338000 ns
[2024-03-11T09:19:33.872+0000][7][safepoint    ] Safepoint "Cleanup", Time since last: 1004263709 ns, Reaching safepoint: 278917 ns, At safepoint: 5667 ns, Total: 284584 ns
[2024-03-11T09:19:34.874+0000][7][safepoint    ] Safepoint "Cleanup", Time since last: 1001762792 ns, Reaching safepoint: 331458 ns, At safepoint: 5208 ns, Total: 336666 ns
[2024-03-11T09:19:35.877+0000][7][safepoint    ] Safepoint "Cleanup", Time since last: 1003039043 ns, Reaching safepoint: 277333 ns, At safepoint: 8917 ns, Total: 286250 ns
[2024-03-11T09:19:36.880+0000][7][safepoint    ] Safepoint "Cleanup", Time since last: 1002565708 ns, Reaching safepoint: 139334 ns, At safepoint: 3791 ns, Total: 143125 ns
[2024-03-11T09:19:37.885+0000][7][safepoint    ] Safepoint "Cleanup", Time since last: 1004608168 ns, Reaching safepoint: 542375 ns, At safepoint: 11666 ns, Total: 554041 ns
[2024-03-11T09:19:38.888+0000][7][safepoint    ] Safepoint "Cleanup", Time since last: 1002984709 ns, Reaching safepoint: 197417 ns, At safepoint: 5458 ns, Total: 202875 ns
[2024-03-11T09:19:39.892+0000][7][safepoint    ] Safepoint "Cleanup", Time since last: 1002482125 ns, Reaching safepoint: 1569667 ns, At safepoint: 14833 ns, Total: 1584500 ns
[2024-03-11T09:19:40.893+0000][7][safepoint    ] Safepoint "Cleanup", Time since last: 1000832293 ns, Reaching safepoint: 240000 ns, At safepoint: 6000 ns, Total: 246000 ns
[2024-03-11T09:19:41.898+0000][7][safepoint    ] Safepoint "Cleanup", Time since last: 1004241583 ns, Reaching safepoint: 256250 ns, At safepoint: 5459 ns, Total: 261709 ns
[2024-03-11T09:19:42.904+0000][7][safepoint    ] Safepoint "Cleanup", Time since last: 1005981834 ns, Reaching safepoint: 252625 ns, At safepoint: 6291 ns, Total: 258916 ns
[2024-03-11T09:19:43.909+0000][7][safepoint    ] Safepoint "Cleanup", Time since last: 1005128876 ns, Reaching safepoint: 348208 ns, At safepoint: 9750 ns, Total: 357958 ns
[2024-03-11T09:19:44.916+0000][7][safepoint    ] Safepoint "Cleanup", Time since last: 1005490584 ns, Reaching safepoint: 1018125 ns, At safepoint: 176833 ns, Total: 1194958 ns
[2024-03-11T09:19:45.918+0000][7][safepoint    ] Safepoint "Cleanup", Time since last: 1001807209 ns, Reaching safepoint: 295417 ns, At safepoint: 7041 ns, Total: 302458 ns
[2024-03-11T09:19:46.922+0000][7][safepoint    ] Safepoint "Cleanup", Time since last: 1003807959 ns, Reaching safepoint: 454167 ns, At safepoint: 7958 ns, Total: 462125 ns
[2024-03-11T09:19:47.928+0000][7][safepoint    ] Safepoint "Cleanup", Time since last: 1005375501 ns, Reaching safepoint: 198916 ns, At safepoint: 4792 ns, Total: 203708 ns
[2024-03-11T09:19:48.930+0000][7][safepoint    ] Safepoint "Cleanup", Time since last: 1001638709 ns, Reaching safepoint: 172666 ns, At safepoint: 10209 ns, Total: 182875 ns
[2024-03-11T09:19:49.932+0000][7][safepoint    ] Safepoint "Cleanup", Time since last: 1002015417 ns, Reaching safepoint: 386792 ns, At safepoint: 23458 ns, Total: 410250 ns
[2024-03-11T09:19:50.935+0000][7][safepoint    ] Safepoint "Cleanup", Time since last: 1002609417 ns, Reaching safepoint: 266792 ns, At safepoint: 5916 ns, Total: 272708 ns
[2024-03-11T09:19:51.938+0000][7][safepoint    ] Safepoint "Cleanup", Time since last: 1002787043 ns, Reaching safepoint: 350250 ns, At safepoint: 5250 ns, Total: 355500 ns
[2024-03-11T09:19:52.941+0000][7][safepoint    ] Safepoint "Cleanup", Time since last: 1001928083 ns, Reaching safepoint: 647917 ns, At safepoint: 11917 ns, Total: 659834 ns
[2024-03-11T09:19:53.943+0000][7][safepoint    ] Safepoint "Cleanup", Time since last: 1002160292 ns, Reaching safepoint: 253250 ns, At safepoint: 13125 ns, Total: 266375 ns
[2024-03-11T09:19:54.945+0000][7][safepoint    ] Safepoint "Cleanup", Time since last: 1001774334 ns, Reaching safepoint: 215583 ns, At safepoint: 5417 ns, Total: 221000 ns
[2024-03-11T09:19:55.947+0000][7][safepoint    ] Safepoint "Cleanup", Time since last: 1001816125 ns, Reaching safepoint: 249542 ns, At safepoint: 5791 ns, Total: 255333 ns
[2024-03-11T09:19:56.953+0000][7][safepoint    ] Safepoint "Cleanup", Time since last: 1005121084 ns, Reaching safepoint: 358250 ns, At safepoint: 6375 ns, Total: 364625 ns
[2024-03-11T09:19:57.961+0000][7][safepoint    ] Safepoint "Cleanup", Time since last: 1007783126 ns, Reaching safepoint: 237291 ns, At safepoint: 7042 ns, Total: 244333 ns
[2024-03-11T09:19:58.968+0000][7][safepoint    ] Safepoint "Cleanup", Time since last: 1006311084 ns, Reaching safepoint: 818292 ns, At safepoint: 13250 ns, Total: 831542 ns
[2024-03-11T09:19:59.972+0000][7][safepoint    ] Safepoint "Cleanup", Time since last: 1003733667 ns, Reaching safepoint: 170666 ns, At safepoint: 11875 ns, Total: 182541 ns
[2024-03-11T09:20:00.976+0000][7][safepoint    ] Safepoint "Cleanup", Time since last: 1004333542 ns, Reaching safepoint: 542875 ns, At safepoint: 7666 ns, Total: 550541 ns
[2024-03-11T09:20:01.977+0000][7][safepoint    ] Safepoint "Cleanup", Time since last: 1000949042 ns, Reaching safepoint: 209917 ns, At safepoint: 5917 ns, Total: 215834 ns
[2024-03-11T09:20:02.980+0000][7][safepoint    ] Safepoint "Cleanup", Time since last: 1002547292 ns, Reaching safepoint: 276750 ns, At safepoint: 15250 ns, Total: 292000 ns
[2024-03-11T09:20:03.983+0000][7][safepoint    ] Safepoint "Cleanup", Time since last: 1002518625 ns, Reaching safepoint: 267917 ns, At safepoint: 6625 ns, Total: 274542 ns
[2024-03-11T09:20:04.986+0000][7][safepoint    ] Safepoint "Cleanup", Time since last: 1002129667 ns, Reaching safepoint: 1190833 ns, At safepoint: 13375 ns, Total: 1204208 ns
[2024-03-11T09:20:05.993+0000][7][safepoint    ] Safepoint "Cleanup", Time since last: 1006114334 ns, Reaching safepoint: 766875 ns, At safepoint: 12375 ns, Total: 779250 ns
[2024-03-11T09:20:06.997+0000][7][safepoint    ] Safepoint "Cleanup", Time since last: 1003421459 ns, Reaching safepoint: 162542 ns, At safepoint: 3833 ns, Total: 166375 ns
[2024-03-11T09:20:07.999+0000][7][safepoint    ] Safepoint "Cleanup", Time since last: 1001472834 ns, Reaching safepoint: 356000 ns, At safepoint: 10167 ns, Total: 366167 ns
[2024-03-11T09:20:09.005+0000][7][safepoint    ] Safepoint "Cleanup", Time since last: 1006315250 ns, Reaching safepoint: 281792 ns, At safepoint: 7083 ns, Total: 288875 ns
[2024-03-11T09:20:10.011+0000][7][safepoint    ] Safepoint "Cleanup", Time since last: 1004824959 ns, Reaching safepoint: 310167 ns, At safepoint: 16583 ns, Total: 326750 ns
[2024-03-11T09:20:11.013+0000][7][safepoint    ] Safepoint "Cleanup", Time since last: 1002346084 ns, Reaching safepoint: 322125 ns, At safepoint: 10916 ns, Total: 333041 ns
[2024-03-11T09:20:12.812+0000][7][safepoint    ] Safepoint "Cleanup", Time since last: 1798133251 ns, Reaching safepoint: 315375 ns, At safepoint: 7084 ns, Total: 322459 ns
[2024-03-11T09:22:42.291+0000][7][safepoint    ] Safepoint "Cleanup", Time since last: 149479087193 ns, Reaching safepoint: 779959 ns, At safepoint: 5000 ns, Total: 784959 ns
[2024-03-11T09:23:03.353+0000][7][safepoint    ] Safepoint "Cleanup", Time since last: 21060657676 ns, Reaching safepoint: 1529375 ns, At safepoint: 12750 ns, Total: 1542125 ns
[2024-03-11T09:23:42.476+0000][7][safepoint    ] Safepoint "Cleanup", Time since last: 39123281351 ns, Reaching safepoint: 669583 ns, At safepoint: 6792 ns, Total: 676375 ns
[2024-03-11T09:25:41.850+0000][7][safepoint    ] Safepoint "Cleanup", Time since last: 119372302638 ns, Reaching safepoint: 1409750 ns, At safepoint: 7583 ns, Total: 1417333 ns
[2024-03-11T09:25:42.853+0000][7][safepoint    ] Safepoint "Cleanup", Time since last: 1002781834 ns, Reaching safepoint: 381833 ns, At safepoint: 11250 ns, Total: 393083 ns
[2024-03-11T09:26:42.042+0000][7][safepoint    ] Safepoint "Cleanup", Time since last: 59187779235 ns, Reaching safepoint: 1785291 ns, At safepoint: 19500 ns, Total: 1804791 ns
[2024-03-11T09:27:12.148+0000][7][safepoint    ] Safepoint "Cleanup", Time since last: 30105937347 ns, Reaching safepoint: 865959 ns, At safepoint: 5291 ns, Total: 871250 ns
[2024-03-11T09:27:42.224+0000][7][safepoint    ] Safepoint "Cleanup", Time since last: 30075104639 ns, Reaching safepoint: 249875 ns, At safepoint: 4417 ns, Total: 254292 ns
[2024-03-11T09:27:46.238+0000][7][safepoint    ] Safepoint "Cleanup", Time since last: 4013764002 ns, Reaching safepoint: 363916 ns, At safepoint: 10459 ns, Total: 374375 ns
[2024-03-11T09:28:42.423+0000][7][safepoint    ] Safepoint "Cleanup", Time since last: 56183491275 ns, Reaching safepoint: 1793625 ns, At safepoint: 9208 ns, Total: 1802833 ns
[2024-03-11T09:29:12.521+0000][7][safepoint    ] Safepoint "Cleanup", Time since last: 30098555306 ns, Reaching safepoint: 280792 ns, At safepoint: 4958 ns, Total: 285750 ns
[2024-03-11T09:29:26.580+0000][7][safepoint    ] Safepoint "Cleanup", Time since last: 14058367465 ns, Reaching safepoint: 630125 ns, At safepoint: 19875 ns, Total: 650000 ns
[2024-03-11T09:29:42.627+0000][7][safepoint    ] Safepoint "Cleanup", Time since last: 16045770882 ns, Reaching safepoint: 310000 ns, At safepoint: 5042 ns, Total: 315042 ns
[2024-03-11T09:30:12.708+0000][7][safepoint    ] Safepoint "Cleanup", Time since last: 30081419972 ns, Reaching safepoint: 390459 ns, At safepoint: 10541 ns, Total: 401000 ns
[2024-03-11T09:30:26.759+0000][7][safepoint    ] Safepoint "Cleanup", Time since last: 14050634632 ns, Reaching safepoint: 1021708 ns, At safepoint: 5750 ns, Total: 1027458 ns
[2024-03-11T09:31:34.974+0000][7][safepoint    ] Safepoint "Cleanup", Time since last: 68213944156 ns, Reaching safepoint: 1008583 ns, At safepoint: 5375 ns, Total: 1013958 ns
[2024-03-11T09:31:35.981+0000][7][safepoint    ] Safepoint "Cleanup", Time since last: 1007019168 ns, Reaching safepoint: 587750 ns, At safepoint: 46791 ns, Total: 634541 ns
[2024-03-11T09:31:41.284+0000][7][gc,start     ] GC(17) Pause Young (Normal) (G1 Evacuation Pause)
[2024-03-11T09:31:41.285+0000][7][gc,task      ] GC(17) Using 8 workers of 8 for evacuation
[2024-03-11T09:31:41.286+0000][7][gc,age       ] GC(17) Desired survivor size 19398656 bytes, new threshold 15 (max threshold 15)
[2024-03-11T09:31:41.352+0000][7][gc,age       ] GC(17) Age table with threshold 15 (max threshold 15)
[2024-03-11T09:31:41.352+0000][7][gc,age       ] GC(17) - age   1:      20160 bytes,      20160 total
[2024-03-11T09:31:41.352+0000][7][gc,age       ] GC(17) - age   2:     524344 bytes,     544504 total
[2024-03-11T09:31:41.352+0000][7][gc,age       ] GC(17) - age   3:    6537368 bytes,    7081872 total
[2024-03-11T09:31:41.353+0000][7][gc,age       ] GC(17) - age   4:    9009688 bytes,   16091560 total
[2024-03-11T09:31:41.353+0000][7][gc,phases    ] GC(17)   Pre Evacuate Collection Set: 1.0ms
[2024-03-11T09:31:41.353+0000][7][gc,phases    ] GC(17)   Merge Heap Roots: 0.7ms
[2024-03-11T09:31:41.353+0000][7][gc,phases    ] GC(17)   Evacuate Collection Set: 59.0ms
[2024-03-11T09:31:41.353+0000][7][gc,phases    ] GC(17)   Post Evacuate Collection Set: 3.7ms
[2024-03-11T09:31:41.354+0000][7][gc,phases    ] GC(17)   Other: 4.6ms
[2024-03-11T09:31:41.354+0000][7][gc,heap      ] GC(17) Eden regions: 273->0(279)
[2024-03-11T09:31:41.354+0000][7][gc,heap      ] GC(17) Survivor regions: 18->17(37)
[2024-03-11T09:31:41.354+0000][7][gc,heap      ] GC(17) Old regions: 53->53
[2024-03-11T09:31:41.354+0000][7][gc,heap      ] GC(17) Archive regions: 0->0
[2024-03-11T09:31:41.354+0000][7][gc,heap      ] GC(17) Humongous regions: 15->15
[2024-03-11T09:31:41.354+0000][7][gc,metaspace ] GC(17) Metaspace: 100043K(107600K)->100043K(107600K) NonClass: 86787K(91236K)->86787K(91236K) Class: 13256K(16364K)->13256K(16364K)
[2024-03-11T09:31:41.355+0000][7][gc           ] GC(17) Pause Young (Normal) (G1 Evacuation Pause) 358M->84M(512M) 70.279ms
[2024-03-11T09:31:41.355+0000][7][gc,cpu       ] GC(17) User=0.43s Sys=0.02s Real=0.07s
[2024-03-11T09:31:41.355+0000][7][safepoint    ] Safepoint "G1CollectForAllocation", Time since last: 5301858544 ns, Reaching safepoint: 539625 ns, At safepoint: 71251792 ns, Total: 71791417 ns
[2024-03-11T09:31:52.389+0000][7][safepoint    ] Safepoint "Cleanup", Time since last: 11033439130 ns, Reaching safepoint: 323875 ns, At safepoint: 5000 ns, Total: 328875 ns
[2024-03-11T09:32:12.430+0000][7][safepoint    ] Safepoint "Cleanup", Time since last: 20040980759 ns, Reaching safepoint: 1082042 ns, At safepoint: 7625 ns, Total: 1089667 ns
[2024-03-11T09:34:12.710+0000][7][safepoint    ] Safepoint "Cleanup", Time since last: 120304071139 ns, Reaching safepoint: 1634875 ns, At safepoint: 11583 ns, Total: 1646458 ns
[2024-03-11T09:36:13.074+0000][7][safepoint    ] Safepoint "Cleanup", Time since last: 120365115638 ns, Reaching safepoint: 513709 ns, At safepoint: 4750 ns, Total: 518459 ns
[2024-03-11T09:36:43.165+0000][7][safepoint    ] Safepoint "Cleanup", Time since last: 30091750764 ns, Reaching safepoint: 441791 ns, At safepoint: 6542 ns, Total: 448333 ns
[2024-03-11T09:39:47.643+0000][7][safepoint    ] Safepoint "Cleanup", Time since last: 184479379543 ns, Reaching safepoint: 924167 ns, At safepoint: 9458 ns, Total: 933625 ns
[2024-03-11T09:40:12.691+0000][7][safepoint    ] Safepoint "Cleanup", Time since last: 25046256762 ns, Reaching safepoint: 734000 ns, At safepoint: 10750 ns, Total: 744750 ns
[2024-03-11T09:42:11.960+0000][7][safepoint    ] Safepoint "Cleanup", Time since last: 119269829470 ns, Reaching safepoint: 1455084 ns, At safepoint: 7833 ns, Total: 1462917 ns
[2024-03-11T09:42:43.044+0000][7][safepoint    ] Safepoint "Cleanup", Time since last: 31083654348 ns, Reaching safepoint: 227333 ns, At safepoint: 4250 ns, Total: 231583 ns
[2024-03-11T09:43:43.196+0000][7][safepoint    ] Safepoint "Cleanup", Time since last: 60150926527 ns, Reaching safepoint: 1432875 ns, At safepoint: 7084 ns, Total: 1439959 ns
[2024-03-11T09:43:56.251+0000][7][safepoint    ] Safepoint "Cleanup", Time since last: 13054319131 ns, Reaching safepoint: 450500 ns, At safepoint: 8000 ns, Total: 458500 ns
[2024-03-11T09:43:58.262+0000][7][safepoint    ] Safepoint "Cleanup", Time since last: 2010686917 ns, Reaching safepoint: 276834 ns, At safepoint: 10583 ns, Total: 287417 ns
[2024-03-11T09:44:12.305+0000][7][safepoint    ] Safepoint "Cleanup", Time since last: 14043671298 ns, Reaching safepoint: 338250 ns, At safepoint: 9500 ns, Total: 347750 ns
[2024-03-11T09:44:33.339+0000][7][safepoint    ] Safepoint "Cleanup", Time since last: 21033927801 ns, Reaching safepoint: 377083 ns, At safepoint: 5292 ns, Total: 382375 ns
[2024-03-11T09:44:42.359+0000][7][safepoint    ] Safepoint "Cleanup", Time since last: 9019376254 ns, Reaching safepoint: 322375 ns, At safepoint: 6167 ns, Total: 328542 ns
[2024-03-11T09:47:12.865+0000][7][safepoint    ] Safepoint "Cleanup", Time since last: 150505921485 ns, Reaching safepoint: 1694292 ns, At safepoint: 11208 ns, Total: 1705500 ns
[2024-03-11T09:48:13.076+0000][7][safepoint    ] Safepoint "Cleanup", Time since last: 60211050902 ns, Reaching safepoint: 408500 ns, At safepoint: 11084 ns, Total: 419584 ns
[2024-03-11T09:49:13.257+0000][7][safepoint    ] Safepoint "Cleanup", Time since last: 60166765861 ns, Reaching safepoint: 1203500 ns, At safepoint: 6833 ns, Total: 1210333 ns
[2024-03-11T09:49:18.281+0000][7][safepoint    ] Safepoint "Cleanup", Time since last: 5023305336 ns, Reaching safepoint: 885583 ns, At safepoint: 14292 ns, Total: 899875 ns
[2024-03-11T09:50:18.465+0000][7][safepoint    ] Safepoint "Cleanup", Time since last: 60176556776 ns, Reaching safepoint: 6429750 ns, At safepoint: 11125 ns, Total: 6440875 ns
[2024-03-11T09:50:42.551+0000][7][safepoint    ] Safepoint "Cleanup", Time since last: 24085305011 ns, Reaching safepoint: 1321292 ns, At safepoint: 8875 ns, Total: 1330167 ns
[2024-03-11T09:51:12.630+0000][7][safepoint    ] Safepoint "Cleanup", Time since last: 30077929972 ns, Reaching safepoint: 1063458 ns, At safepoint: 5625 ns, Total: 1069083 ns
[2024-03-11T09:51:42.716+0000][7][safepoint    ] Safepoint "Cleanup", Time since last: 30086764347 ns, Reaching safepoint: 445667 ns, At safepoint: 5083 ns, Total: 450750 ns
[2024-03-11T09:52:38.119+0000][7][gc,start     ] GC(18) Pause Young (Normal) (G1 Evacuation Pause)
[2024-03-11T09:52:38.120+0000][7][gc,task      ] GC(18) Using 8 workers of 8 for evacuation
[2024-03-11T09:52:38.121+0000][7][gc,age       ] GC(18) Desired survivor size 19398656 bytes, new threshold 15 (max threshold 15)
[2024-03-11T09:52:38.171+0000][7][gc,age       ] GC(18) Age table with threshold 15 (max threshold 15)
[2024-03-11T09:52:38.172+0000][7][gc,age       ] GC(18) - age   1:      46144 bytes,      46144 total
[2024-03-11T09:52:38.172+0000][7][gc,age       ] GC(18) - age   2:      11320 bytes,      57464 total
[2024-03-11T09:52:38.172+0000][7][gc,age       ] GC(18) - age   3:     524008 bytes,     581472 total
[2024-03-11T09:52:38.172+0000][7][gc,age       ] GC(18) - age   4:    6537160 bytes,    7118632 total
[2024-03-11T09:52:38.172+0000][7][gc,age       ] GC(18) - age   5:    9009688 bytes,   16128320 total
[2024-03-11T09:52:38.173+0000][7][gc,phases    ] GC(18)   Pre Evacuate Collection Set: 0.7ms
[2024-03-11T09:52:38.173+0000][7][gc,phases    ] GC(18)   Merge Heap Roots: 0.5ms
[2024-03-11T09:52:38.173+0000][7][gc,phases    ] GC(18)   Evacuate Collection Set: 45.4ms
[2024-03-11T09:52:38.173+0000][7][gc,phases    ] GC(18)   Post Evacuate Collection Set: 3.4ms
[2024-03-11T09:52:38.173+0000][7][gc,phases    ] GC(18)   Other: 4.5ms
[2024-03-11T09:52:38.173+0000][7][gc,heap      ] GC(18) Eden regions: 279->0(280)
[2024-03-11T09:52:38.174+0000][7][gc,heap      ] GC(18) Survivor regions: 17->18(37)
[2024-03-11T09:52:38.174+0000][7][gc,heap      ] GC(18) Old regions: 53->53
[2024-03-11T09:52:38.174+0000][7][gc,heap      ] GC(18) Archive regions: 0->0
[2024-03-11T09:52:38.174+0000][7][gc,heap      ] GC(18) Humongous regions: 15->15
[2024-03-11T09:52:38.174+0000][7][gc,metaspace ] GC(18) Metaspace: 100168K(107856K)->100168K(107856K) NonClass: 86912K(91492K)->86912K(91492K) Class: 13256K(16364K)->13256K(16364K)
[2024-03-11T09:52:38.174+0000][7][gc           ] GC(18) Pause Young (Normal) (G1 Evacuation Pause) 363M->84M(512M) 55.837ms
[2024-03-11T09:52:38.174+0000][7][gc,cpu       ] GC(18) User=0.33s Sys=0.00s Real=0.05s
[2024-03-11T09:52:38.175+0000][7][safepoint    ] Safepoint "G1CollectForAllocation", Time since last: 55400188483 ns, Reaching safepoint: 1327250 ns, At safepoint: 56497625 ns, Total: 57824875 ns
[2024-03-11T09:54:13.453+0000][7][safepoint    ] Safepoint "Cleanup", Time since last: 95278601294 ns, Reaching safepoint: 1037917 ns, At safepoint: 6333 ns, Total: 1044250 ns
[2024-03-11T09:55:42.706+0000][7][safepoint    ] Safepoint "Cleanup", Time since last: 89249877999 ns, Reaching safepoint: 1167042 ns, At safepoint: 7583 ns, Total: 1174625 ns
[2024-03-11T09:59:13.374+0000][7][safepoint    ] Safepoint "Cleanup", Time since last: 210671316971 ns, Reaching safepoint: 1526000 ns, At safepoint: 10042 ns, Total: 1536042 ns
[2024-03-11T10:01:14.754+0000][7][safepoint    ] Safepoint "Cleanup", Time since last: 121380634598 ns, Reaching safepoint: 1094875 ns, At safepoint: 15708 ns, Total: 1110583 ns
[2024-03-11T10:01:41.826+0000][7][safepoint    ] Safepoint "Cleanup", Time since last: 27070205096 ns, Reaching safepoint: 840583 ns, At safepoint: 8458 ns, Total: 849041 ns
[2024-03-11T10:02:59.018+0000][7][safepoint    ] Safepoint "Cleanup", Time since last: 77190784369 ns, Reaching safepoint: 1752500 ns, At safepoint: 6834 ns, Total: 1759334 ns
[2024-03-11T10:03:13.045+0000][7][safepoint    ] Safepoint "Cleanup", Time since last: 14027719881 ns, Reaching safepoint: 177208 ns, At safepoint: 5042 ns, Total: 182250 ns
[2024-03-11T10:04:42.307+0000][7][safepoint    ] Safepoint "Cleanup", Time since last: 89289860748 ns, Reaching safepoint: 843250 ns, At safepoint: 13042 ns, Total: 856292 ns
[2024-03-11T10:05:13.405+0000][7][safepoint    ] Safepoint "Cleanup", Time since last: 31098584848 ns, Reaching safepoint: 466583 ns, At safepoint: 5959 ns, Total: 472542 ns
[2024-03-11T10:07:12.804+0000][7][safepoint    ] Safepoint "Cleanup", Time since last: 119398601137 ns, Reaching safepoint: 1284541 ns, At safepoint: 7625 ns, Total: 1292166 ns
[2024-03-11T10:09:13.170+0000][7][safepoint    ] Safepoint "Cleanup", Time since last: 120366491138 ns, Reaching safepoint: 1783792 ns, At safepoint: 10000 ns, Total: 1793792 ns
[2024-03-11T10:09:42.240+0000][7][safepoint    ] Safepoint "Cleanup", Time since last: 29069017305 ns, Reaching safepoint: 577958 ns, At safepoint: 5959 ns, Total: 583917 ns
[2024-03-11T10:10:40.413+0000][7][safepoint    ] Safepoint "Cleanup", Time since last: 58172619193 ns, Reaching safepoint: 960708 ns, At safepoint: 5625 ns, Total: 966333 ns
[2024-03-11T10:10:43.424+0000][7][safepoint    ] Safepoint "Cleanup", Time since last: 3010610835 ns, Reaching safepoint: 428000 ns, At safepoint: 11208 ns, Total: 439208 ns
[2024-03-11T10:11:12.519+0000][7][safepoint    ] Safepoint "Cleanup", Time since last: 29094935972 ns, Reaching safepoint: 685291 ns, At safepoint: 11584 ns, Total: 696875 ns
[2024-03-11T10:11:29.322+0000][7][safepoint    ] Safepoint "Cleanup", Time since last: 16802828716 ns, Reaching safepoint: 135583 ns, At safepoint: 2792 ns, Total: 138375 ns
[2024-03-11T10:12:13.398+0000][7][safepoint    ] Safepoint "Cleanup", Time since last: 44074937270 ns, Reaching safepoint: 1187834 ns, At safepoint: 23583 ns, Total: 1211417 ns
[2024-03-11T10:13:30.286+0000][7][gc,start     ] GC(19) Pause Young (Normal) (G1 Evacuation Pause)
[2024-03-11T10:13:30.289+0000][7][gc,task      ] GC(19) Using 8 workers of 8 for evacuation
[2024-03-11T10:13:30.290+0000][7][gc,age       ] GC(19) Desired survivor size 19922944 bytes, new threshold 15 (max threshold 15)
[2024-03-11T10:13:30.340+0000][7][gc,age       ] GC(19) Age table with threshold 15 (max threshold 15)
[2024-03-11T10:13:30.341+0000][7][gc,age       ] GC(19) - age   1:      78808 bytes,      78808 total
[2024-03-11T10:13:30.341+0000][7][gc,age       ] GC(19) - age   2:      36896 bytes,     115704 total
[2024-03-11T10:13:30.341+0000][7][gc,age       ] GC(19) - age   3:      11120 bytes,     126824 total
[2024-03-11T10:13:30.341+0000][7][gc,age       ] GC(19) - age   4:     523128 bytes,     649952 total
[2024-03-11T10:13:30.341+0000][7][gc,age       ] GC(19) - age   5:    6536792 bytes,    7186744 total
[2024-03-11T10:13:30.342+0000][7][gc,age       ] GC(19) - age   6:    9009688 bytes,   16196432 total
[2024-03-11T10:13:30.342+0000][7][gc,phases    ] GC(19)   Pre Evacuate Collection Set: 0.9ms
[2024-03-11T10:13:30.342+0000][7][gc,phases    ] GC(19)   Merge Heap Roots: 1.0ms
[2024-03-11T10:13:30.342+0000][7][gc,phases    ] GC(19)   Evacuate Collection Set: 44.2ms
[2024-03-11T10:13:30.342+0000][7][gc,phases    ] GC(19)   Post Evacuate Collection Set: 3.7ms
[2024-03-11T10:13:30.342+0000][7][gc,phases    ] GC(19)   Other: 5.9ms
[2024-03-11T10:13:30.343+0000][7][gc,heap      ] GC(19) Eden regions: 280->0(282)
[2024-03-11T10:13:30.343+0000][7][gc,heap      ] GC(19) Survivor regions: 18->17(38)
[2024-03-11T10:13:30.343+0000][7][gc,heap      ] GC(19) Old regions: 53->53
[2024-03-11T10:13:30.343+0000][7][gc,heap      ] GC(19) Archive regions: 0->0
[2024-03-11T10:13:30.343+0000][7][gc,heap      ] GC(19) Humongous regions: 15->15
[2024-03-11T10:13:30.343+0000][7][gc,metaspace ] GC(19) Metaspace: 100244K(107856K)->100244K(107856K) NonClass: 86988K(91492K)->86988K(91492K) Class: 13256K(16364K)->13256K(16364K)
[2024-03-11T10:13:30.344+0000][7][gc           ] GC(19) Pause Young (Normal) (G1 Evacuation Pause) 364M->84M(512M) 57.247ms
[2024-03-11T10:13:30.344+0000][7][gc,cpu       ] GC(19) User=0.31s Sys=0.02s Real=0.06s
[2024-03-11T10:13:30.344+0000][7][safepoint    ] Safepoint "G1CollectForAllocation", Time since last: 76887941619 ns, Reaching safepoint: 1407084 ns, At safepoint: 57890250 ns, Total: 59297334 ns
[2024-03-11T10:14:43.545+0000][7][safepoint    ] Safepoint "Cleanup", Time since last: 73199701950 ns, Reaching safepoint: 1337000 ns, At safepoint: 7334 ns, Total: 1344334 ns
[2024-03-11T10:16:13.717+0000][7][safepoint    ] Safepoint "Cleanup", Time since last: 90172961374 ns, Reaching safepoint: 862167 ns, At safepoint: 5083 ns, Total: 867250 ns
[2024-03-11T10:18:43.200+0000][7][safepoint    ] Safepoint "Cleanup", Time since last: 149476251568 ns, Reaching safepoint: 1470083 ns, At safepoint: 7833 ns, Total: 1477916 ns
[2024-03-11T10:20:52.282+0000][7][safepoint    ] Safepoint "Cleanup", Time since last: 129058370393 ns, Reaching safepoint: 977625 ns, At safepoint: 6750 ns, Total: 984375 ns
[2024-03-11T10:21:12.339+0000][7][safepoint    ] Safepoint "Cleanup", Time since last: 20056227800 ns, Reaching safepoint: 240792 ns, At safepoint: 37083 ns, Total: 277875 ns
[2024-03-11T10:23:12.630+0000][7][safepoint    ] Safepoint "Cleanup", Time since last: 120292471638 ns, Reaching safepoint: 613375 ns, At safepoint: 9917 ns, Total: 623292 ns
[2024-03-11T10:23:13.634+0000][7][safepoint    ] Safepoint "Cleanup", Time since last: 1003085584 ns, Reaching safepoint: 378833 ns, At safepoint: 7667 ns, Total: 386500 ns
[2024-03-11T10:24:43.872+0000][7][safepoint    ] Safepoint "Cleanup", Time since last: 90237813875 ns, Reaching safepoint: 962291 ns, At safepoint: 12250 ns, Total: 974541 ns
[2024-03-11T10:29:12.729+0000][7][safepoint    ] Safepoint "Cleanup", Time since last: 268856953374 ns, Reaching safepoint: 1122792 ns, At safepoint: 6833 ns, Total: 1129625 ns
[2024-03-11T10:29:43.826+0000][7][safepoint    ] Safepoint "Cleanup", Time since last: 31096736014 ns, Reaching safepoint: 1651167 ns, At safepoint: 13042 ns, Total: 1664209 ns
[2024-03-11T10:30:42.983+0000][7][safepoint    ] Safepoint "Cleanup", Time since last: 59155874694 ns, Reaching safepoint: 1517000 ns, At safepoint: 11375 ns, Total: 1528375 ns
[2024-03-11T10:32:43.324+0000][7][safepoint    ] Safepoint "Cleanup", Time since last: 120340523930 ns, Reaching safepoint: 1320834 ns, At safepoint: 10708 ns, Total: 1331542 ns
[2024-03-11T10:34:41.667+0000][7][gc,start     ] GC(20) Pause Young (Normal) (G1 Evacuation Pause)
[2024-03-11T10:34:41.669+0000][7][gc,task      ] GC(20) Using 8 workers of 8 for evacuation
[2024-03-11T10:34:41.670+0000][7][gc,age       ] GC(20) Desired survivor size 19922944 bytes, new threshold 15 (max threshold 15)
[2024-03-11T10:34:41.711+0000][7][gc,age       ] GC(20) Age table with threshold 15 (max threshold 15)
[2024-03-11T10:34:41.711+0000][7][gc,age       ] GC(20) - age   1:      36456 bytes,      36456 total
[2024-03-11T10:34:41.711+0000][7][gc,age       ] GC(20) - age   2:      54368 bytes,      90824 total
[2024-03-11T10:34:41.711+0000][7][gc,age       ] GC(20) - age   3:      36896 bytes,     127720 total
[2024-03-11T10:34:41.712+0000][7][gc,age       ] GC(20) - age   4:      10920 bytes,     138640 total
[2024-03-11T10:34:41.712+0000][7][gc,age       ] GC(20) - age   5:     523088 bytes,     661728 total
[2024-03-11T10:34:41.712+0000][7][gc,age       ] GC(20) - age   6:    6536744 bytes,    7198472 total
[2024-03-11T10:34:41.712+0000][7][gc,age       ] GC(20) - age   7:    9009688 bytes,   16208160 total
[2024-03-11T10:34:41.712+0000][7][gc,phases    ] GC(20)   Pre Evacuate Collection Set: 0.7ms
[2024-03-11T10:34:41.712+0000][7][gc,phases    ] GC(20)   Merge Heap Roots: 0.6ms
[2024-03-11T10:34:41.712+0000][7][gc,phases    ] GC(20)   Evacuate Collection Set: 36.5ms
[2024-03-11T10:34:41.712+0000][7][gc,phases    ] GC(20)   Post Evacuate Collection Set: 2.5ms
[2024-03-11T10:34:41.713+0000][7][gc,phases    ] GC(20)   Other: 5.0ms
[2024-03-11T10:34:41.713+0000][7][gc,heap      ] GC(20) Eden regions: 282->0(282)
[2024-03-11T10:34:41.713+0000][7][gc,heap      ] GC(20) Survivor regions: 17->17(38)
[2024-03-11T10:34:41.713+0000][7][gc,heap      ] GC(20) Old regions: 53->53
[2024-03-11T10:34:41.713+0000][7][gc,heap      ] GC(20) Archive regions: 0->0
[2024-03-11T10:34:41.713+0000][7][gc,heap      ] GC(20) Humongous regions: 15->15
[2024-03-11T10:34:41.713+0000][7][gc,metaspace ] GC(20) Metaspace: 100333K(107856K)->100333K(107856K) NonClass: 87076K(91492K)->87076K(91492K) Class: 13256K(16364K)->13256K(16364K)
[2024-03-11T10:34:41.713+0000][7][gc           ] GC(20) Pause Young (Normal) (G1 Evacuation Pause) 366M->84M(512M) 46.245ms
[2024-03-11T10:34:41.714+0000][7][gc,cpu       ] GC(20) User=0.28s Sys=0.01s Real=0.04s
[2024-03-11T10:34:41.714+0000][7][safepoint    ] Safepoint "G1CollectForAllocation", Time since last: 118372324721 ns, Reaching safepoint: 1615541 ns, At safepoint: 46903459 ns, Total: 48519000 ns
[2024-03-11T10:34:43.721+0000][7][safepoint    ] Safepoint "Cleanup", Time since last: 2006836917 ns, Reaching safepoint: 426375 ns, At safepoint: 11750 ns, Total: 438125 ns
[2024-03-11T10:40:43.783+0000][7][safepoint    ] Safepoint "Cleanup", Time since last: 360065471583 ns, Reaching safepoint: 1463208 ns, At safepoint: 16625 ns, Total: 1479833 ns
[2024-03-11T10:41:11.824+0000][7][safepoint    ] Safepoint "Cleanup", Time since last: 28040669555 ns, Reaching safepoint: 1190375 ns, At safepoint: 24833 ns, Total: 1215208 ns
[2024-03-11T10:41:43.939+0000][7][safepoint    ] Safepoint "Cleanup", Time since last: 32114080223 ns, Reaching safepoint: 998125 ns, At safepoint: 13208 ns, Total: 1011333 ns
[2024-03-11T10:43:28.329+0000][7][safepoint    ] Safepoint "Cleanup", Time since last: 104390078424 ns, Reaching safepoint: 812666 ns, At safepoint: 10459 ns, Total: 823125 ns
[2024-03-11T10:46:41.873+0000][7][safepoint    ] Safepoint "Cleanup", Time since last: 193544861462 ns, Reaching safepoint: 1891083 ns, At safepoint: 23125 ns, Total: 1914208 ns
[2024-03-11T10:47:43.009+0000][7][safepoint    ] Safepoint "Cleanup", Time since last: 61136264612 ns, Reaching safepoint: 681875 ns, At safepoint: 4584 ns, Total: 686459 ns
[2024-03-11T10:47:44.012+0000][7][safepoint    ] Safepoint "Cleanup", Time since last: 1002364250 ns, Reaching safepoint: 131792 ns, At safepoint: 2541 ns, Total: 134333 ns
[2024-03-11T10:48:41.181+0000][7][safepoint    ] Safepoint "Cleanup", Time since last: 57168783109 ns, Reaching safepoint: 1490000 ns, At safepoint: 17584 ns, Total: 1507584 ns
[2024-03-11T10:48:44.192+0000][7][safepoint    ] Safepoint "Cleanup", Time since last: 3010551459 ns, Reaching safepoint: 257792 ns, At safepoint: 5583 ns, Total: 263375 ns
[2024-03-11T10:49:26.272+0000][7][safepoint    ] Safepoint "Cleanup", Time since last: 42102851478 ns, Reaching safepoint: 321125 ns, At safepoint: 5917 ns, Total: 327042 ns
[2024-03-11T10:49:44.329+0000][7][safepoint    ] Safepoint "Cleanup", Time since last: 18062544007 ns, Reaching safepoint: 302250 ns, At safepoint: 8417 ns, Total: 310667 ns
[2024-03-11T10:49:56.937+0000][7][safepoint    ] Safepoint "Cleanup", Time since last: 12608411548 ns, Reaching safepoint: 93292 ns, At safepoint: 3083 ns, Total: 96375 ns
[2024-03-11T10:49:57.939+0000][7][safepoint    ] Safepoint "Cleanup", Time since last: 1002081667 ns, Reaching safepoint: 104000 ns, At safepoint: 2792 ns, Total: 106792 ns
[2024-03-11T10:52:13.320+0000][7][safepoint    ] Safepoint "Cleanup", Time since last: 135381794644 ns, Reaching safepoint: 1719708 ns, At safepoint: 14750 ns, Total: 1734458 ns
[2024-03-11T10:54:14.607+0000][7][safepoint    ] Safepoint "Cleanup", Time since last: 121287662639 ns, Reaching safepoint: 1159708 ns, At safepoint: 7583 ns, Total: 1167291 ns
[2024-03-11T10:54:43.700+0000][7][safepoint    ] Safepoint "Cleanup", Time since last: 29092650180 ns, Reaching safepoint: 525250 ns, At safepoint: 9042 ns, Total: 534292 ns
[2024-03-11T10:55:13.791+0000][7][safepoint    ] Safepoint "Cleanup", Time since last: 30090921763 ns, Reaching safepoint: 644834 ns, At safepoint: 26541 ns, Total: 671375 ns
[2024-03-11T10:55:43.878+0000][7][safepoint    ] Safepoint "Cleanup", Time since last: 30086720722 ns, Reaching safepoint: 426417 ns, At safepoint: 7125 ns, Total: 433542 ns
[2024-03-11T10:55:53.235+0000][7][gc,start     ] GC(21) Pause Young (Normal) (G1 Evacuation Pause)
[2024-03-11T10:55:53.236+0000][7][gc,task      ] GC(21) Using 8 workers of 8 for evacuation
[2024-03-11T10:55:53.237+0000][7][gc,age       ] GC(21) Desired survivor size 19922944 bytes, new threshold 15 (max threshold 15)
[2024-03-11T10:55:53.286+0000][7][gc,age       ] GC(21) Age table with threshold 15 (max threshold 15)
[2024-03-11T10:55:53.287+0000][7][gc,age       ] GC(21) - age   1:      31584 bytes,      31584 total
[2024-03-11T10:55:53.287+0000][7][gc,age       ] GC(21) - age   2:      10888 bytes,      42472 total
[2024-03-11T10:55:53.287+0000][7][gc,age       ] GC(21) - age   3:      54272 bytes,      96744 total
[2024-03-11T10:55:53.287+0000][7][gc,age       ] GC(21) - age   4:      36896 bytes,     133640 total
[2024-03-11T10:55:53.287+0000][7][gc,age       ] GC(21) - age   5:      10920 bytes,     144560 total
[2024-03-11T10:55:53.287+0000][7][gc,age       ] GC(21) - age   6:     523088 bytes,     667648 total
[2024-03-11T10:55:53.287+0000][7][gc,age       ] GC(21) - age   7:    6536712 bytes,    7204360 total
[2024-03-11T10:55:53.288+0000][7][gc,age       ] GC(21) - age   8:    9009688 bytes,   16214048 total
[2024-03-11T10:55:53.288+0000][7][gc,phases    ] GC(21)   Pre Evacuate Collection Set: 0.8ms
[2024-03-11T10:55:53.288+0000][7][gc,phases    ] GC(21)   Merge Heap Roots: 0.8ms
[2024-03-11T10:55:53.288+0000][7][gc,phases    ] GC(21)   Evacuate Collection Set: 43.5ms
[2024-03-11T10:55:53.288+0000][7][gc,phases    ] GC(21)   Post Evacuate Collection Set: 3.3ms
[2024-03-11T10:55:53.289+0000][7][gc,phases    ] GC(21)   Other: 4.6ms
[2024-03-11T10:55:53.289+0000][7][gc,heap      ] GC(21) Eden regions: 282->0(282)
[2024-03-11T10:55:53.289+0000][7][gc,heap      ] GC(21) Survivor regions: 17->17(38)
[2024-03-11T10:55:53.289+0000][7][gc,heap      ] GC(21) Old regions: 53->53
[2024-03-11T10:55:53.289+0000][7][gc,heap      ] GC(21) Archive regions: 0->0
[2024-03-11T10:55:53.289+0000][7][gc,heap      ] GC(21) Humongous regions: 15->15
[2024-03-11T10:55:53.289+0000][7][gc,metaspace ] GC(21) Metaspace: 100467K(108112K)->100467K(108112K) NonClass: 87211K(91748K)->87211K(91748K) Class: 13256K(16364K)->13256K(16364K)
[2024-03-11T10:55:53.289+0000][7][gc           ] GC(21) Pause Young (Normal) (G1 Evacuation Pause) 366M->84M(512M) 54.175ms
[2024-03-11T10:55:53.290+0000][7][gc,cpu       ] GC(21) User=0.32s Sys=0.01s Real=0.06s
[2024-03-11T10:55:53.290+0000][7][safepoint    ] Safepoint "G1CollectForAllocation", Time since last: 9356777463 ns, Reaching safepoint: 408041 ns, At safepoint: 54958167 ns, Total: 55366208 ns
[2024-03-11T10:56:24.313+0000][7][safepoint    ] Safepoint "Cleanup", Time since last: 31023621640 ns, Reaching safepoint: 145166 ns, At safepoint: 2834 ns, Total: 148000 ns
[2024-03-11T10:59:43.937+0000][7][safepoint    ] Safepoint "Cleanup", Time since last: 199625854506 ns, Reaching safepoint: 1644083 ns, At safepoint: 10167 ns, Total: 1654250 ns
[2024-03-11T11:01:14.255+0000][7][safepoint    ] Safepoint "Cleanup", Time since last: 90318882832 ns, Reaching safepoint: 658334 ns, At safepoint: 7166 ns, Total: 665500 ns
[2024-03-11T11:01:41.379+0000][7][safepoint    ] Safepoint "Cleanup", Time since last: 27113593221 ns, Reaching safepoint: 10714167 ns, At safepoint: 21042 ns, Total: 10735209 ns
[2024-03-11T11:02:44.826+0000][7][safepoint    ] Safepoint "Cleanup", Time since last: 63445236279 ns, Reaching safepoint: 2825625 ns, At safepoint: 23792 ns, Total: 2849417 ns
[2024-03-11T11:19:25.258+0000][7][safepoint    ] Safepoint "Cleanup", Time since last: 35199295974 ns, Reaching safepoint: 11097833 ns, At safepoint: 19250 ns, Total: 11117083 ns
[2024-03-11T11:34:51.431+0000][7][safepoint    ] Safepoint "Cleanup", Time since last: 375128046753 ns, Reaching safepoint: 1266792 ns, At safepoint: 6375 ns, Total: 1273167 ns
[2024-03-11T11:36:31.684+0000][7][safepoint    ] Safepoint "Cleanup", Time since last: 100253948296 ns, Reaching safepoint: 653458 ns, At safepoint: 8917 ns, Total: 662375 ns
[2024-03-11T11:41:32.484+0000][7][safepoint    ] Safepoint "Cleanup", Time since last: 300802986471 ns, Reaching safepoint: 1956000 ns, At safepoint: 11417 ns, Total: 1967417 ns
[2024-03-11T11:42:01.561+0000][7][safepoint    ] Safepoint "Cleanup", Time since last: 29076184179 ns, Reaching safepoint: 510625 ns, At safepoint: 12459 ns, Total: 523084 ns
[2024-03-11T11:42:21.914+0000][7][gc,start     ] GC(22) Pause Young (Normal) (G1 Evacuation Pause)
[2024-03-11T11:42:21.916+0000][7][gc,task      ] GC(22) Using 8 workers of 8 for evacuation
[2024-03-11T11:42:21.917+0000][7][gc,age       ] GC(22) Desired survivor size 19922944 bytes, new threshold 15 (max threshold 15)
[2024-03-11T11:42:21.968+0000][7][gc,age       ] GC(22) Age table with threshold 15 (max threshold 15)
[2024-03-11T11:42:21.968+0000][7][gc,age       ] GC(22) - age   1:      35064 bytes,      35064 total
[2024-03-11T11:42:21.968+0000][7][gc,age       ] GC(22) - age   2:       6248 bytes,      41312 total
[2024-03-11T11:42:21.968+0000][7][gc,age       ] GC(22) - age   3:      10592 bytes,      51904 total
[2024-03-11T11:42:21.968+0000][7][gc,age       ] GC(22) - age   4:      54232 bytes,     106136 total
[2024-03-11T11:42:21.969+0000][7][gc,age       ] GC(22) - age   5:      36896 bytes,     143032 total
[2024-03-11T11:42:21.969+0000][7][gc,age       ] GC(22) - age   6:      10920 bytes,     153952 total
[2024-03-11T11:42:21.969+0000][7][gc,age       ] GC(22) - age   7:     523088 bytes,     677040 total
[2024-03-11T11:42:21.969+0000][7][gc,age       ] GC(22) - age   8:    6536648 bytes,    7213688 total
[2024-03-11T11:42:21.969+0000][7][gc,age       ] GC(22) - age   9:    9009688 bytes,   16223376 total
[2024-03-11T11:42:21.970+0000][7][gc,phases    ] GC(22)   Pre Evacuate Collection Set: 0.9ms
[2024-03-11T11:42:21.970+0000][7][gc,phases    ] GC(22)   Merge Heap Roots: 0.7ms
[2024-03-11T11:42:21.970+0000][7][gc,phases    ] GC(22)   Evacuate Collection Set: 45.3ms
[2024-03-11T11:42:21.970+0000][7][gc,phases    ] GC(22)   Post Evacuate Collection Set: 3.0ms
[2024-03-11T11:42:21.970+0000][7][gc,phases    ] GC(22)   Other: 6.4ms
[2024-03-11T11:42:21.970+0000][7][gc,heap      ] GC(22) Eden regions: 282->0(282)
[2024-03-11T11:42:21.970+0000][7][gc,heap      ] GC(22) Survivor regions: 17->17(38)
[2024-03-11T11:42:21.970+0000][7][gc,heap      ] GC(22) Old regions: 53->53
[2024-03-11T11:42:21.971+0000][7][gc,heap      ] GC(22) Archive regions: 0->0
[2024-03-11T11:42:21.971+0000][7][gc,heap      ] GC(22) Humongous regions: 15->15
[2024-03-11T11:42:21.971+0000][7][gc,metaspace ] GC(22) Metaspace: 100495K(108112K)->100495K(108112K) NonClass: 87239K(91748K)->87239K(91748K) Class: 13256K(16364K)->13256K(16364K)
[2024-03-11T11:42:21.971+0000][7][gc           ] GC(22) Pause Young (Normal) (G1 Evacuation Pause) 366M->84M(512M) 57.266ms
[2024-03-11T11:42:21.971+0000][7][gc,cpu       ] GC(22) User=0.34s Sys=0.00s Real=0.06s
[2024-03-11T11:42:21.971+0000][7][safepoint    ] Safepoint "G1CollectForAllocation", Time since last: 20352639259 ns, Reaching safepoint: 528417 ns, At safepoint: 58190917 ns, Total: 58719334 ns
[2024-03-11T11:45:59.135+0000][7][safepoint    ] Safepoint "Cleanup", Time since last: 217090988100 ns, Reaching safepoint: 1537333 ns, At safepoint: 9833 ns, Total: 1547166 ns
[2024-03-11T11:47:01.453+0000][7][safepoint    ] Safepoint "Cleanup", Time since last: 62317138529 ns, Reaching safepoint: 745750 ns, At safepoint: 6166 ns, Total: 751916 ns
[2024-03-11T11:51:00.200+0000][7][safepoint    ] Safepoint "Cleanup", Time since last: 238748745360 ns, Reaching safepoint: 906459 ns, At safepoint: 5000 ns, Total: 911459 ns
[2024-03-11T11:53:01.742+0000][7][safepoint    ] Safepoint "Cleanup", Time since last: 121541850098 ns, Reaching safepoint: 482875 ns, At safepoint: 11500 ns, Total: 494375 ns
[2024-03-11T11:54:31.195+0000][7][safepoint    ] Safepoint "Cleanup", Time since last: 89452356207 ns, Reaching safepoint: 1871875 ns, At safepoint: 9208 ns, Total: 1881083 ns
[2024-03-11T12:03:34.405+0000][7][gc,start     ] GC(23) Pause Young (Normal) (G1 Evacuation Pause)
[2024-03-11T12:03:34.406+0000][7][gc,task      ] GC(23) Using 8 workers of 8 for evacuation
[2024-03-11T12:03:34.407+0000][7][gc,age       ] GC(23) Desired survivor size 19922944 bytes, new threshold 15 (max threshold 15)
[2024-03-11T12:03:34.447+0000][7][gc,age       ] GC(23) Age table with threshold 15 (max threshold 15)
[2024-03-11T12:03:34.447+0000][7][gc,age       ] GC(23) - age   1:      11752 bytes,      11752 total
[2024-03-11T12:03:34.447+0000][7][gc,age       ] GC(23) - age   2:       9816 bytes,      21568 total
[2024-03-11T12:03:34.447+0000][7][gc,age       ] GC(23) - age   3:       6048 bytes,      27616 total
[2024-03-11T12:03:34.448+0000][7][gc,age       ] GC(23) - age   4:      10552 bytes,      38168 total
[2024-03-11T12:03:34.448+0000][7][gc,age       ] GC(23) - age   5:      29896 bytes,      68064 total
[2024-03-11T12:03:34.448+0000][7][gc,age       ] GC(23) - age   6:      36800 bytes,     104864 total
[2024-03-11T12:03:34.448+0000][7][gc,age       ] GC(23) - age   7:      10920 bytes,     115784 total
[2024-03-11T12:03:34.448+0000][7][gc,age       ] GC(23) - age   8:     523088 bytes,     638872 total
[2024-03-11T12:03:34.448+0000][7][gc,age       ] GC(23) - age   9:    6536552 bytes,    7175424 total
[2024-03-11T12:03:34.448+0000][7][gc,age       ] GC(23) - age  10:    9009688 bytes,   16185112 total
[2024-03-11T12:03:34.449+0000][7][gc,phases    ] GC(23)   Pre Evacuate Collection Set: 0.9ms
[2024-03-11T12:03:34.449+0000][7][gc,phases    ] GC(23)   Merge Heap Roots: 0.7ms
[2024-03-11T12:03:34.449+0000][7][gc,phases    ] GC(23)   Evacuate Collection Set: 35.3ms
[2024-03-11T12:03:34.449+0000][7][gc,phases    ] GC(23)   Post Evacuate Collection Set: 2.6ms
[2024-03-11T12:03:34.449+0000][7][gc,phases    ] GC(23)   Other: 4.7ms
[2024-03-11T12:03:34.449+0000][7][gc,heap      ] GC(23) Eden regions: 282->0(282)
[2024-03-11T12:03:34.449+0000][7][gc,heap      ] GC(23) Survivor regions: 17->17(38)
[2024-03-11T12:03:34.449+0000][7][gc,heap      ] GC(23) Old regions: 53->53
[2024-03-11T12:03:34.449+0000][7][gc,heap      ] GC(23) Archive regions: 0->0
[2024-03-11T12:03:34.450+0000][7][gc,heap      ] GC(23) Humongous regions: 15->15
[2024-03-11T12:03:34.450+0000][7][gc,metaspace ] GC(23) Metaspace: 100514K(108112K)->100514K(108112K) NonClass: 87257K(91748K)->87257K(91748K) Class: 13256K(16364K)->13256K(16364K)
[2024-03-11T12:03:34.450+0000][7][gc           ] GC(23) Pause Young (Normal) (G1 Evacuation Pause) 366M->84M(512M) 45.056ms
[2024-03-11T12:03:34.450+0000][7][gc,cpu       ] GC(23) User=0.27s Sys=0.01s Real=0.05s
[2024-03-11T12:03:34.450+0000][7][safepoint    ] Safepoint "G1CollectForAllocation", Time since last: 543227952245 ns, Reaching safepoint: 1918542 ns, At safepoint: 45861458 ns, Total: 47780000 ns
[2024-03-11T12:08:01.115+0000][7][safepoint    ] Safepoint "Cleanup", Time since last: 266663661078 ns, Reaching safepoint: 3256375 ns, At safepoint: 46584 ns, Total: 3302959 ns
[2024-03-11T12:09:01.265+0000][7][safepoint    ] Safepoint "Cleanup", Time since last: 60150576943 ns, Reaching safepoint: 483625 ns, At safepoint: 11750 ns, Total: 495375 ns
[2024-03-11T12:12:01.710+0000][7][safepoint    ] Safepoint "Cleanup", Time since last: 180445449708 ns, Reaching safepoint: 1025042 ns, At safepoint: 6333 ns, Total: 1031375 ns
[2024-03-11T12:13:15.872+0000][7][safepoint    ] Safepoint "Cleanup", Time since last: 74162234409 ns, Reaching safepoint: 908542 ns, At safepoint: 14208 ns, Total: 922750 ns
[2024-03-11T12:13:31.931+0000][7][safepoint    ] Safepoint "Cleanup", Time since last: 16058685341 ns, Reaching safepoint: 382333 ns, At safepoint: 5500 ns, Total: 387833 ns
[2024-03-11T12:19:32.162+0000][7][safepoint    ] Safepoint "Cleanup", Time since last: 360103714996 ns, Reaching safepoint: 1032458 ns, At safepoint: 6417 ns, Total: 1038875 ns
[2024-03-11T12:22:00.619+0000][7][safepoint    ] Safepoint "Cleanup", Time since last: 148454657360 ns, Reaching safepoint: 1867500 ns, At safepoint: 13666 ns, Total: 1881166 ns
[2024-03-11T12:22:30.699+0000][7][safepoint    ] Safepoint "Cleanup", Time since last: 30080072139 ns, Reaching safepoint: 492917 ns, At safepoint: 6958 ns, Total: 499875 ns
[2024-03-11T12:23:29.868+0000][7][safepoint    ] Safepoint "Cleanup", Time since last: 59166947652 ns, Reaching safepoint: 615708 ns, At safepoint: 6334 ns, Total: 622042 ns
[2024-03-11T12:23:31.874+0000][7][safepoint    ] Safepoint "Cleanup", Time since last: 2005725042 ns, Reaching safepoint: 415750 ns, At safepoint: 5167 ns, Total: 420917 ns
[2024-03-11T12:24:01.963+0000][7][safepoint    ] Safepoint "Cleanup", Time since last: 30089164389 ns, Reaching safepoint: 305125 ns, At safepoint: 4833 ns, Total: 309958 ns
[2024-03-11T12:24:30.040+0000][7][safepoint    ] Safepoint "Cleanup", Time since last: 28075905304 ns, Reaching safepoint: 447167 ns, At safepoint: 5250 ns, Total: 452417 ns
[2024-03-11T12:24:32.048+0000][7][safepoint    ] Safepoint "Cleanup", Time since last: 2007591334 ns, Reaching safepoint: 784292 ns, At safepoint: 10458 ns, Total: 794750 ns
[2024-03-11T12:24:46.230+0000][7][gc,start     ] GC(24) Pause Young (Normal) (G1 Evacuation Pause)
[2024-03-11T12:24:46.230+0000][7][gc,task      ] GC(24) Using 8 workers of 8 for evacuation
[2024-03-11T12:24:46.231+0000][7][gc,age       ] GC(24) Desired survivor size 19922944 bytes, new threshold 15 (max threshold 15)
[2024-03-11T12:24:46.276+0000][7][gc,age       ] GC(24) Age table with threshold 15 (max threshold 15)
[2024-03-11T12:24:46.277+0000][7][gc,age       ] GC(24) - age   1:      11456 bytes,      11456 total
[2024-03-11T12:24:46.277+0000][7][gc,age       ] GC(24) - age   2:       2600 bytes,      14056 total
[2024-03-11T12:24:46.277+0000][7][gc,age       ] GC(24) - age   3:       9696 bytes,      23752 total
[2024-03-11T12:24:46.277+0000][7][gc,age       ] GC(24) - age   4:       6048 bytes,      29800 total
[2024-03-11T12:24:46.277+0000][7][gc,age       ] GC(24) - age   5:      10552 bytes,      40352 total
[2024-03-11T12:24:46.277+0000][7][gc,age       ] GC(24) - age   6:      29896 bytes,      70248 total
[2024-03-11T12:24:46.277+0000][7][gc,age       ] GC(24) - age   7:      36704 bytes,     106952 total
[2024-03-11T12:24:46.278+0000][7][gc,age       ] GC(24) - age   8:      10920 bytes,     117872 total
[2024-03-11T12:24:46.278+0000][7][gc,age       ] GC(24) - age   9:     523088 bytes,     640960 total
[2024-03-11T12:24:46.278+0000][7][gc,age       ] GC(24) - age  10:    6536512 bytes,    7177472 total
[2024-03-11T12:24:46.278+0000][7][gc,age       ] GC(24) - age  11:    9009688 bytes,   16187160 total
[2024-03-11T12:24:46.278+0000][7][gc,phases    ] GC(24)   Pre Evacuate Collection Set: 0.6ms
[2024-03-11T12:24:46.278+0000][7][gc,phases    ] GC(24)   Merge Heap Roots: 0.4ms
[2024-03-11T12:24:46.278+0000][7][gc,phases    ] GC(24)   Evacuate Collection Set: 42.1ms
[2024-03-11T12:24:46.278+0000][7][gc,phases    ] GC(24)   Post Evacuate Collection Set: 2.0ms
[2024-03-11T12:24:46.279+0000][7][gc,phases    ] GC(24)   Other: 3.3ms
[2024-03-11T12:24:46.279+0000][7][gc,heap      ] GC(24) Eden regions: 282->0(282)
[2024-03-11T12:24:46.279+0000][7][gc,heap      ] GC(24) Survivor regions: 17->17(38)
[2024-03-11T12:24:46.279+0000][7][gc,heap      ] GC(24) Old regions: 53->53
[2024-03-11T12:24:46.279+0000][7][gc,heap      ] GC(24) Archive regions: 0->0
[2024-03-11T12:24:46.279+0000][7][gc,heap      ] GC(24) Humongous regions: 15->15
[2024-03-11T12:24:46.279+0000][7][gc,metaspace ] GC(24) Metaspace: 100596K(108112K)->100596K(108112K) NonClass: 87339K(91748K)->87339K(91748K) Class: 13256K(16364K)->13256K(16364K)
[2024-03-11T12:24:46.279+0000][7][gc           ] GC(24) Pause Young (Normal) (G1 Evacuation Pause) 366M->84M(512M) 49.564ms
[2024-03-11T12:24:46.279+0000][7][gc,cpu       ] GC(24) User=0.32s Sys=0.00s Real=0.05s
[2024-03-11T12:24:46.280+0000][7][safepoint    ] Safepoint "G1CollectForAllocation", Time since last: 14180748507 ns, Reaching safepoint: 358500 ns, At safepoint: 50038208 ns, Total: 50396708 ns
[2024-03-11T12:26:29.553+0000][7][safepoint    ] Safepoint "Cleanup", Time since last: 103271444879 ns, Reaching safepoint: 1178834 ns, At safepoint: 19583 ns, Total: 1198417 ns
[2024-03-11T12:26:57.651+0000][7][safepoint    ] Safepoint "Cleanup", Time since last: 28097405138 ns, Reaching safepoint: 1096916 ns, At safepoint: 8542 ns, Total: 1105458 ns
[2024-03-11T12:31:32.560+0000][7][safepoint    ] Safepoint "Cleanup", Time since last: 274893782750 ns, Reaching safepoint: 1368125 ns, At safepoint: 7500 ns, Total: 1375625 ns
[2024-03-11T12:35:02.226+0000][7][safepoint    ] Safepoint "Cleanup", Time since last: 209663994553 ns, Reaching safepoint: 1656708 ns, At safepoint: 10917 ns, Total: 1667625 ns
[2024-03-11T12:35:30.311+0000][7][safepoint    ] Safepoint "Cleanup", Time since last: 28084373679 ns, Reaching safepoint: 440542 ns, At safepoint: 11917 ns, Total: 452459 ns
[2024-03-11T12:36:32.504+0000][7][safepoint    ] Safepoint "Cleanup", Time since last: 62190864820 ns, Reaching safepoint: 1652666 ns, At safepoint: 15792 ns, Total: 1668458 ns
[2024-03-11T12:40:02.139+0000][7][safepoint    ] Safepoint "Cleanup", Time since last: 209632904054 ns, Reaching safepoint: 1123625 ns, At safepoint: 5083 ns, Total: 1128708 ns
[2024-03-11T12:40:32.215+0000][7][safepoint    ] Safepoint "Cleanup", Time since last: 30073553681 ns, Reaching safepoint: 1438083 ns, At safepoint: 8584 ns, Total: 1446667 ns
[2024-03-11T12:46:00.885+0000][7][gc,start     ] GC(25) Pause Young (Normal) (G1 Evacuation Pause)
[2024-03-11T12:46:00.887+0000][7][gc,task      ] GC(25) Using 8 workers of 8 for evacuation
[2024-03-11T12:46:00.888+0000][7][gc,age       ] GC(25) Desired survivor size 19922944 bytes, new threshold 15 (max threshold 15)
[2024-03-11T12:46:00.937+0000][7][gc,age       ] GC(25) Age table with threshold 15 (max threshold 15)
[2024-03-11T12:46:00.937+0000][7][gc,age       ] GC(25) - age   1:       8488 bytes,       8488 total
[2024-03-11T12:46:00.937+0000][7][gc,age       ] GC(25) - age   2:       2240 bytes,      10728 total
[2024-03-11T12:46:00.937+0000][7][gc,age       ] GC(25) - age   3:       2600 bytes,      13328 total
[2024-03-11T12:46:00.937+0000][7][gc,age       ] GC(25) - age   4:       9496 bytes,      22824 total
[2024-03-11T12:46:00.938+0000][7][gc,age       ] GC(25) - age   5:       6048 bytes,      28872 total
[2024-03-11T12:46:00.938+0000][7][gc,age       ] GC(25) - age   6:      10552 bytes,      39424 total
[2024-03-11T12:46:00.938+0000][7][gc,age       ] GC(25) - age   7:      29896 bytes,      69320 total
[2024-03-11T12:46:00.938+0000][7][gc,age       ] GC(25) - age   8:      36664 bytes,     105984 total
[2024-03-11T12:46:00.938+0000][7][gc,age       ] GC(25) - age   9:      10920 bytes,     116904 total
[2024-03-11T12:46:00.938+0000][7][gc,age       ] GC(25) - age  10:     523088 bytes,     639992 total
[2024-03-11T12:46:00.938+0000][7][gc,age       ] GC(25) - age  11:    6536512 bytes,    7176504 total
[2024-03-11T12:46:00.938+0000][7][gc,age       ] GC(25) - age  12:    9009688 bytes,   16186192 total
[2024-03-11T12:46:00.938+0000][7][gc,phases    ] GC(25)   Pre Evacuate Collection Set: 1.0ms
[2024-03-11T12:46:00.938+0000][7][gc,phases    ] GC(25)   Merge Heap Roots: 0.5ms
[2024-03-11T12:46:00.939+0000][7][gc,phases    ] GC(25)   Evacuate Collection Set: 44.6ms
[2024-03-11T12:46:00.939+0000][7][gc,phases    ] GC(25)   Post Evacuate Collection Set: 2.3ms
[2024-03-11T12:46:00.939+0000][7][gc,phases    ] GC(25)   Other: 4.9ms
[2024-03-11T12:46:00.939+0000][7][gc,heap      ] GC(25) Eden regions: 282->0(282)
[2024-03-11T12:46:00.939+0000][7][gc,heap      ] GC(25) Survivor regions: 17->17(38)
[2024-03-11T12:46:00.939+0000][7][gc,heap      ] GC(25) Old regions: 53->53
[2024-03-11T12:46:00.939+0000][7][gc,heap      ] GC(25) Archive regions: 0->0
[2024-03-11T12:46:00.939+0000][7][gc,heap      ] GC(25) Humongous regions: 15->15
[2024-03-11T12:46:00.939+0000][7][gc,metaspace ] GC(25) Metaspace: 100620K(108112K)->100620K(108112K) NonClass: 87364K(91748K)->87364K(91748K) Class: 13256K(16364K)->13256K(16364K)
[2024-03-11T12:46:00.939+0000][7][gc           ] GC(25) Pause Young (Normal) (G1 Evacuation Pause) 366M->84M(512M) 54.218ms
[2024-03-11T12:46:00.940+0000][7][gc,cpu       ] GC(25) User=0.34s Sys=0.01s Real=0.05s
[2024-03-11T12:46:00.940+0000][7][safepoint    ] Safepoint "G1CollectForAllocation", Time since last: 328643523525 ns, Reaching safepoint: 1267792 ns, At safepoint: 54702083 ns, Total: 55969875 ns
[2024-03-11T14:22:54.477+0000][7][safepoint    ] Safepoint "Cleanup", Time since last: 481518095928 ns, Reaching safepoint: 1342834 ns, At safepoint: 7125 ns, Total: 1349959 ns
[2024-03-11T14:52:31.240+0000][7][safepoint    ] Safepoint "Cleanup", Time since last: 149797897776 ns, Reaching safepoint: 1464125 ns, At safepoint: 23791 ns, Total: 1487916 ns
[2024-03-11T15:09:04.496+0000][7][safepoint    ] Safepoint "Cleanup", Time since last: 67248415990 ns, Reaching safepoint: 447416 ns, At safepoint: 14500 ns, Total: 461916 ns
[2024-03-11T15:40:48.826+0000][7][safepoint    ] Safepoint "Cleanup", Time since last: 53205237941 ns, Reaching safepoint: 719375 ns, At safepoint: 23375 ns, Total: 742750 ns
[2024-03-11T15:41:18.885+0000][7][safepoint    ] Safepoint "Cleanup", Time since last: 30079990514 ns, Reaching safepoint: 1098625 ns, At safepoint: 10875 ns, Total: 1109500 ns
[2024-03-11T16:09:19.518+0000][7][safepoint    ] Safepoint "Cleanup", Time since last: 60204836860 ns, Reaching safepoint: 702791 ns, At safepoint: 21917 ns, Total: 724708 ns
[2024-03-11T17:10:14.827+0000][7][safepoint    ] Safepoint "Cleanup", Time since last: 149569342734 ns, Reaching safepoint: 961375 ns, At safepoint: 11875 ns, Total: 973250 ns
[2024-03-11T17:42:35.255+0000][7][safepoint    ] Safepoint "Cleanup", Time since last: 90346264749 ns, Reaching safepoint: 530625 ns, At safepoint: 10084 ns, Total: 540709 ns
[2024-03-11T17:59:25.598+0000][7][safepoint    ] Safepoint "Cleanup", Time since last: 60348246319 ns, Reaching safepoint: 351583 ns, At safepoint: 4250 ns, Total: 355833 ns
[2024-03-11T18:47:28.831+0000][7][gc,start     ] GC(26) Pause Young (Normal) (G1 Evacuation Pause)
[2024-03-11T18:47:28.834+0000][7][gc,task      ] GC(26) Using 8 workers of 8 for evacuation
[2024-03-11T18:47:28.834+0000][7][gc,age       ] GC(26) Desired survivor size 19922944 bytes, new threshold 15 (max threshold 15)
[2024-03-11T18:47:28.884+0000][7][gc,age       ] GC(26) Age table with threshold 15 (max threshold 15)
[2024-03-11T18:47:28.885+0000][7][gc,age       ] GC(26) - age   1:      18832 bytes,      18832 total
[2024-03-11T18:47:28.885+0000][7][gc,age       ] GC(26) - age   2:        712 bytes,      19544 total
[2024-03-11T18:47:28.885+0000][7][gc,age       ] GC(26) - age   3:       2240 bytes,      21784 total
[2024-03-11T18:47:28.885+0000][7][gc,age       ] GC(26) - age   4:       2504 bytes,      24288 total
[2024-03-11T18:47:28.885+0000][7][gc,age       ] GC(26) - age   5:       9400 bytes,      33688 total
[2024-03-11T18:47:28.886+0000][7][gc,age       ] GC(26) - age   6:       6048 bytes,      39736 total
[2024-03-11T18:47:28.886+0000][7][gc,age       ] GC(26) - age   7:      10552 bytes,      50288 total
[2024-03-11T18:47:28.886+0000][7][gc,age       ] GC(26) - age   8:      29896 bytes,      80184 total
[2024-03-11T18:47:28.886+0000][7][gc,age       ] GC(26) - age   9:      36664 bytes,     116848 total
[2024-03-11T18:47:28.886+0000][7][gc,age       ] GC(26) - age  10:      10920 bytes,     127768 total
[2024-03-11T18:47:28.886+0000][7][gc,age       ] GC(26) - age  11:     522696 bytes,     650464 total
[2024-03-11T18:47:28.886+0000][7][gc,age       ] GC(26) - age  12:    6536512 bytes,    7186976 total
[2024-03-11T18:47:28.887+0000][7][gc,age       ] GC(26) - age  13:    9009688 bytes,   16196664 total
[2024-03-11T18:47:28.887+0000][7][gc,phases    ] GC(26)   Pre Evacuate Collection Set: 1.1ms
[2024-03-11T18:47:28.887+0000][7][gc,phases    ] GC(26)   Merge Heap Roots: 0.8ms
[2024-03-11T18:47:28.887+0000][7][gc,phases    ] GC(26)   Evacuate Collection Set: 44.1ms
[2024-03-11T18:47:28.887+0000][7][gc,phases    ] GC(26)   Post Evacuate Collection Set: 3.2ms
[2024-03-11T18:47:28.887+0000][7][gc,phases    ] GC(26)   Other: 6.7ms
[2024-03-11T18:47:28.888+0000][7][gc,heap      ] GC(26) Eden regions: 282->0(282)
[2024-03-11T18:47:28.888+0000][7][gc,heap      ] GC(26) Survivor regions: 17->17(38)
[2024-03-11T18:47:28.888+0000][7][gc,heap      ] GC(26) Old regions: 53->53
[2024-03-11T18:47:28.888+0000][7][gc,heap      ] GC(26) Archive regions: 0->0
[2024-03-11T18:47:28.888+0000][7][gc,heap      ] GC(26) Humongous regions: 15->15
[2024-03-11T18:47:28.888+0000][7][gc,metaspace ] GC(26) Metaspace: 100646K(108112K)->100646K(108112K) NonClass: 87389K(91748K)->87389K(91748K) Class: 13256K(16364K)->13256K(16364K)
[2024-03-11T18:47:28.888+0000][7][gc           ] GC(26) Pause Young (Normal) (G1 Evacuation Pause) 366M->84M(512M) 57.039ms
[2024-03-11T18:47:28.889+0000][7][gc,cpu       ] GC(26) User=0.34s Sys=0.00s Real=0.05s
[2024-03-11T18:47:28.889+0000][7][safepoint    ] Safepoint "G1CollectForAllocation", Time since last: 128856045684 ns, Reaching safepoint: 602416 ns, At safepoint: 57910709 ns, Total: 58513125 ns
[2024-03-11T19:04:35.025+0000][7][safepoint    ] Safepoint "Cleanup", Time since last: 51209631939 ns, Reaching safepoint: 361542 ns, At safepoint: 8375 ns, Total: 369917 ns
[2024-03-11T19:15:29.290+0000][7][safepoint    ] Safepoint "Cleanup", Time since last: 59277768985 ns, Reaching safepoint: 1038667 ns, At safepoint: 23250 ns, Total: 1061917 ns
[2024-03-11T19:31:52.669+0000][7][safepoint    ] Safepoint "Cleanup", Time since last: 58279277485 ns, Reaching safepoint: 870541 ns, At safepoint: 28500 ns, Total: 899041 ns
[2024-03-11T19:31:54.678+0000][7][safepoint    ] Safepoint "Cleanup", Time since last: 2009275418 ns, Reaching safepoint: 311375 ns, At safepoint: 8417 ns, Total: 319792 ns
[2024-03-12T01:16:54.368+0000][7][safepoint    ] Safepoint "Cleanup", Time since last: 1080237919449 ns, Reaching safepoint: 1663375 ns, At safepoint: 12583 ns, Total: 1675958 ns
[2024-03-12T01:17:21.726+0000][7][gc,start     ] GC(27) Pause Young (Normal) (G1 Evacuation Pause)
[2024-03-12T01:17:21.728+0000][7][gc,task      ] GC(27) Using 8 workers of 8 for evacuation
[2024-03-12T01:17:21.729+0000][7][gc,age       ] GC(27) Desired survivor size 19922944 bytes, new threshold 15 (max threshold 15)
[2024-03-12T01:17:21.774+0000][7][gc,age       ] GC(27) Age table with threshold 15 (max threshold 15)
[2024-03-12T01:17:21.775+0000][7][gc,age       ] GC(27) - age   1:      19384 bytes,      19384 total
[2024-03-12T01:17:21.775+0000][7][gc,age       ] GC(27) - age   2:       1736 bytes,      21120 total
[2024-03-12T01:17:21.775+0000][7][gc,age       ] GC(27) - age   3:        312 bytes,      21432 total
[2024-03-12T01:17:21.775+0000][7][gc,age       ] GC(27) - age   4:       2240 bytes,      23672 total
[2024-03-12T01:17:21.775+0000][7][gc,age       ] GC(27) - age   5:       2464 bytes,      26136 total
[2024-03-12T01:17:21.776+0000][7][gc,age       ] GC(27) - age   6:       9360 bytes,      35496 total
[2024-03-12T01:17:21.776+0000][7][gc,age       ] GC(27) - age   7:       6048 bytes,      41544 total
[2024-03-12T01:17:21.776+0000][7][gc,age       ] GC(27) - age   8:      10552 bytes,      52096 total
[2024-03-12T01:17:21.776+0000][7][gc,age       ] GC(27) - age   9:      29896 bytes,      81992 total
[2024-03-12T01:17:21.776+0000][7][gc,age       ] GC(27) - age  10:      36664 bytes,     118656 total
[2024-03-12T01:17:21.776+0000][7][gc,age       ] GC(27) - age  11:      10920 bytes,     129576 total
[2024-03-12T01:17:21.776+0000][7][gc,age       ] GC(27) - age  12:     522696 bytes,     652272 total
[2024-03-12T01:17:21.777+0000][7][gc,age       ] GC(27) - age  13:    6536416 bytes,    7188688 total
[2024-03-12T01:17:21.777+0000][7][gc,age       ] GC(27) - age  14:    9009688 bytes,   16198376 total
[2024-03-12T01:17:21.777+0000][7][gc,phases    ] GC(27)   Pre Evacuate Collection Set: 0.8ms
[2024-03-12T01:17:21.777+0000][7][gc,phases    ] GC(27)   Merge Heap Roots: 0.9ms
[2024-03-12T01:17:21.777+0000][7][gc,phases    ] GC(27)   Evacuate Collection Set: 40.0ms
[2024-03-12T01:17:21.778+0000][7][gc,phases    ] GC(27)   Post Evacuate Collection Set: 3.0ms
[2024-03-12T01:17:21.778+0000][7][gc,phases    ] GC(27)   Other: 6.9ms
[2024-03-12T01:17:21.778+0000][7][gc,heap      ] GC(27) Eden regions: 282->0(280)
[2024-03-12T01:17:21.778+0000][7][gc,heap      ] GC(27) Survivor regions: 17->18(38)
[2024-03-12T01:17:21.778+0000][7][gc,heap      ] GC(27) Old regions: 53->53
[2024-03-12T01:17:21.778+0000][7][gc,heap      ] GC(27) Archive regions: 0->0
[2024-03-12T01:17:21.779+0000][7][gc,heap      ] GC(27) Humongous regions: 15->15
[2024-03-12T01:17:21.779+0000][7][gc,metaspace ] GC(27) Metaspace: 100904K(108624K)->100904K(108624K) NonClass: 87648K(92260K)->87648K(92260K) Class: 13256K(16364K)->13256K(16364K)
[2024-03-12T01:17:21.779+0000][7][gc           ] GC(27) Pause Young (Normal) (G1 Evacuation Pause) 366M->84M(512M) 52.923ms
[2024-03-12T01:17:21.779+0000][7][gc,cpu       ] GC(27) User=0.33s Sys=0.00s Real=0.05s
[2024-03-12T01:17:21.779+0000][7][safepoint    ] Safepoint "G1CollectForAllocation", Time since last: 27356949179 ns, Reaching safepoint: 533917 ns, At safepoint: 53782208 ns, Total: 54316125 ns
[2024-03-12T01:17:22.783+0000][7][safepoint    ] Safepoint "Cleanup", Time since last: 1003437167 ns, Reaching safepoint: 448042 ns, At safepoint: 9708 ns, Total: 457750 ns
[2024-03-12T01:17:24.791+0000][7][safepoint    ] Safepoint "Cleanup", Time since last: 2007138501 ns, Reaching safepoint: 342625 ns, At safepoint: 12125 ns, Total: 354750 ns
[2024-03-12T02:30:07.063+0000][7][gc,start     ] GC(28) Pause Young (Normal) (G1 Evacuation Pause)
[2024-03-12T02:30:07.065+0000][7][gc,task      ] GC(28) Using 8 workers of 8 for evacuation
[2024-03-12T02:30:07.066+0000][7][gc,age       ] GC(28) Desired survivor size 19922944 bytes, new threshold 15 (max threshold 15)
[2024-03-12T02:30:07.120+0000][7][gc,age       ] GC(28) Age table with threshold 15 (max threshold 15)
[2024-03-12T02:30:07.120+0000][7][gc,age       ] GC(28) - age   1:       8040 bytes,       8040 total
[2024-03-12T02:30:07.120+0000][7][gc,age       ] GC(28) - age   2:       2880 bytes,      10920 total
[2024-03-12T02:30:07.121+0000][7][gc,age       ] GC(28) - age   3:       1736 bytes,      12656 total
[2024-03-12T02:30:07.121+0000][7][gc,age       ] GC(28) - age   4:        312 bytes,      12968 total
[2024-03-12T02:30:07.121+0000][7][gc,age       ] GC(28) - age   5:       2240 bytes,      15208 total
[2024-03-12T02:30:07.121+0000][7][gc,age       ] GC(28) - age   6:       2464 bytes,      17672 total
[2024-03-12T02:30:07.121+0000][7][gc,age       ] GC(28) - age   7:       9360 bytes,      27032 total
[2024-03-12T02:30:07.121+0000][7][gc,age       ] GC(28) - age   8:       6048 bytes,      33080 total
[2024-03-12T02:30:07.121+0000][7][gc,age       ] GC(28) - age   9:      10552 bytes,      43632 total
[2024-03-12T02:30:07.121+0000][7][gc,age       ] GC(28) - age  10:      29896 bytes,      73528 total
[2024-03-12T02:30:07.122+0000][7][gc,age       ] GC(28) - age  11:      36664 bytes,     110192 total
[2024-03-12T02:30:07.122+0000][7][gc,age       ] GC(28) - age  12:      10920 bytes,     121112 total
[2024-03-12T02:30:07.122+0000][7][gc,age       ] GC(28) - age  13:     522696 bytes,     643808 total
[2024-03-12T02:30:07.122+0000][7][gc,age       ] GC(28) - age  14:    6536416 bytes,    7180224 total
[2024-03-12T02:30:07.122+0000][7][gc,age       ] GC(28) - age  15:    9009688 bytes,   16189912 total
[2024-03-12T02:30:07.122+0000][7][gc,phases    ] GC(28)   Pre Evacuate Collection Set: 1.1ms
[2024-03-12T02:30:07.123+0000][7][gc,phases    ] GC(28)   Merge Heap Roots: 1.3ms
[2024-03-12T02:30:07.123+0000][7][gc,phases    ] GC(28)   Evacuate Collection Set: 44.8ms
[2024-03-12T02:30:07.123+0000][7][gc,phases    ] GC(28)   Post Evacuate Collection Set: 6.2ms
[2024-03-12T02:30:07.123+0000][7][gc,phases    ] GC(28)   Other: 6.1ms
[2024-03-12T02:30:07.123+0000][7][gc,heap      ] GC(28) Eden regions: 280->0(282)
[2024-03-12T02:30:07.123+0000][7][gc,heap      ] GC(28) Survivor regions: 18->17(38)
[2024-03-12T02:30:07.123+0000][7][gc,heap      ] GC(28) Old regions: 53->53
[2024-03-12T02:30:07.123+0000][7][gc,heap      ] GC(28) Archive regions: 0->0
[2024-03-12T02:30:07.124+0000][7][gc,heap      ] GC(28) Humongous regions: 15->15
[2024-03-12T02:30:07.124+0000][7][gc,metaspace ] GC(28) Metaspace: 100910K(108624K)->100910K(108624K) NonClass: 87653K(92260K)->87653K(92260K) Class: 13256K(16364K)->13256K(16364K)
[2024-03-12T02:30:07.124+0000][7][gc           ] GC(28) Pause Young (Normal) (G1 Evacuation Pause) 364M->84M(512M) 60.880ms
[2024-03-12T02:30:07.124+0000][7][gc,cpu       ] GC(28) User=0.32s Sys=0.00s Real=0.06s
[2024-03-12T02:30:07.124+0000][7][safepoint    ] Safepoint "G1CollectForAllocation", Time since last: 1258828228988 ns, Reaching safepoint: 1408250 ns, At safepoint: 61422417 ns, Total: 62830667 ns
[2024-03-12T02:35:38.092+0000][7][safepoint    ] Safepoint "Cleanup", Time since last: 330970667943 ns, Reaching safepoint: 1633250 ns, At safepoint: 9500 ns, Total: 1642750 ns
[2024-03-12T02:36:05.192+0000][7][safepoint    ] Safepoint "Cleanup", Time since last: 27100137387 ns, Reaching safepoint: 389000 ns, At safepoint: 7750 ns, Total: 396750 ns
[2024-03-12T02:36:06.197+0000][7][safepoint    ] Safepoint "Cleanup", Time since last: 1004269626 ns, Reaching safepoint: 778292 ns, At safepoint: 15041 ns, Total: 793333 ns
[2024-03-12T02:36:33.290+0000][7][safepoint    ] Safepoint "Cleanup", Time since last: 27091155388 ns, Reaching safepoint: 1398000 ns, At safepoint: 11333 ns, Total: 1409333 ns
[2024-03-12T02:37:06.839+0000][7][safepoint    ] Safepoint "Cleanup", Time since last: 33549252599 ns, Reaching safepoint: 525750 ns, At safepoint: 8416 ns, Total: 534166 ns
[2024-03-12T02:37:09.510+0000][7][safepoint    ] Safepoint "Cleanup", Time since last: 2670785001 ns, Reaching safepoint: 125667 ns, At safepoint: 2625 ns, Total: 128292 ns
[2024-03-12T02:37:10.592+0000][7][safepoint    ] Safepoint "Cleanup", Time since last: 1081209584 ns, Reaching safepoint: 1041583 ns, At safepoint: 4584 ns, Total: 1046167 ns
[2024-03-12T02:37:38.667+0000][7][safepoint    ] Safepoint "Cleanup", Time since last: 28074006013 ns, Reaching safepoint: 728791 ns, At safepoint: 10292 ns, Total: 739083 ns
[2024-03-12T02:38:21.784+0000][7][safepoint    ] Safepoint "Cleanup", Time since last: 43117029145 ns, Reaching safepoint: 796667 ns, At safepoint: 6958 ns, Total: 803625 ns
[2024-03-12T02:42:08.482+0000][7][safepoint    ] Safepoint "Cleanup", Time since last: 226723032437 ns, Reaching safepoint: 1757083 ns, At safepoint: 10334 ns, Total: 1767417 ns
[2024-03-12T02:42:13.792+0000][7][safepoint    ] Safepoint "Cleanup", Time since last: 5309326794 ns, Reaching safepoint: 505750 ns, At safepoint: 14333 ns, Total: 520083 ns
[2024-03-12T02:42:15.475+0000][7][safepoint    ] Safepoint "Cleanup", Time since last: 1682653668 ns, Reaching safepoint: 432375 ns, At safepoint: 8000 ns, Total: 440375 ns
[2024-03-12T02:42:36.539+0000][7][safepoint    ] Safepoint "Cleanup", Time since last: 21063730259 ns, Reaching safepoint: 1484500 ns, At safepoint: 58459 ns, Total: 1542959 ns
[2024-03-12T02:47:38.460+0000][7][safepoint    ] Safepoint "Cleanup", Time since last: 301924342637 ns, Reaching safepoint: 1575584 ns, At safepoint: 7541 ns, Total: 1583125 ns
[2024-03-12T02:50:35.709+0000][7][gc,start     ] GC(29) Pause Young (Normal) (G1 Evacuation Pause)
[2024-03-12T02:50:35.710+0000][7][gc,task      ] GC(29) Using 8 workers of 8 for evacuation
[2024-03-12T02:50:35.710+0000][7][gc,age       ] GC(29) Desired survivor size 19922944 bytes, new threshold 15 (max threshold 15)
[2024-03-12T02:50:35.745+0000][7][gc,age       ] GC(29) Age table with threshold 15 (max threshold 15)
[2024-03-12T02:50:35.745+0000][7][gc,age       ] GC(29) - age   1:     155712 bytes,     155712 total
[2024-03-12T02:50:35.745+0000][7][gc,age       ] GC(29) - age   2:        280 bytes,     155992 total
[2024-03-12T02:50:35.745+0000][7][gc,age       ] GC(29) - age   3:       2248 bytes,     158240 total
[2024-03-12T02:50:35.745+0000][7][gc,age       ] GC(29) - age   4:       1536 bytes,     159776 total
[2024-03-12T02:50:35.745+0000][7][gc,age       ] GC(29) - age   5:        312 bytes,     160088 total
[2024-03-12T02:50:35.745+0000][7][gc,age       ] GC(29) - age   6:       2240 bytes,     162328 total
[2024-03-12T02:50:35.745+0000][7][gc,age       ] GC(29) - age   7:       2264 bytes,     164592 total
[2024-03-12T02:50:35.745+0000][7][gc,age       ] GC(29) - age   8:       9360 bytes,     173952 total
[2024-03-12T02:50:35.746+0000][7][gc,age       ] GC(29) - age   9:       6048 bytes,     180000 total
[2024-03-12T02:50:35.746+0000][7][gc,age       ] GC(29) - age  10:      10552 bytes,     190552 total
[2024-03-12T02:50:35.746+0000][7][gc,age       ] GC(29) - age  11:      28736 bytes,     219288 total
[2024-03-12T02:50:35.746+0000][7][gc,age       ] GC(29) - age  12:      36624 bytes,     255912 total
[2024-03-12T02:50:35.746+0000][7][gc,age       ] GC(29) - age  13:      10800 bytes,     266712 total
[2024-03-12T02:50:35.746+0000][7][gc,age       ] GC(29) - age  14:     502496 bytes,     769208 total
[2024-03-12T02:50:35.747+0000][7][gc,age       ] GC(29) - age  15:    6535736 bytes,    7304944 total
[2024-03-12T02:50:35.747+0000][7][gc,phases    ] GC(29)   Pre Evacuate Collection Set: 0.4ms
[2024-03-12T02:50:35.749+0000][7][gc,phases    ] GC(29)   Merge Heap Roots: 0.3ms
[2024-03-12T02:50:35.749+0000][7][gc,phases    ] GC(29)   Evacuate Collection Set: 31.6ms
[2024-03-12T02:50:35.749+0000][7][gc,phases    ] GC(29)   Post Evacuate Collection Set: 2.3ms
[2024-03-12T02:50:35.749+0000][7][gc,phases    ] GC(29)   Other: 3.9ms
[2024-03-12T02:50:35.749+0000][7][gc,heap      ] GC(29) Eden regions: 282->0(289)
[2024-03-12T02:50:35.749+0000][7][gc,heap      ] GC(29) Survivor regions: 17->9(38)
[2024-03-12T02:50:35.750+0000][7][gc,heap      ] GC(29) Old regions: 53->62
[2024-03-12T02:50:35.750+0000][7][gc,heap      ] GC(29) Archive regions: 0->0
[2024-03-12T02:50:35.750+0000][7][gc,heap      ] GC(29) Humongous regions: 15->15
[2024-03-12T02:50:35.750+0000][7][gc,metaspace ] GC(29) Metaspace: 100956K(108624K)->100956K(108624K) NonClass: 87699K(92260K)->87699K(92260K) Class: 13257K(16364K)->13257K(16364K)
[2024-03-12T02:50:35.750+0000][7][gc           ] GC(29) Pause Young (Normal) (G1 Evacuation Pause) 366M->84M(512M) 40.995ms
[2024-03-12T02:50:35.750+0000][7][gc,cpu       ] GC(29) User=0.21s Sys=0.00s Real=0.04s
[2024-03-12T02:50:35.750+0000][7][safepoint    ] Safepoint "G1CollectForAllocation", Time since last: 177250951581 ns, Reaching safepoint: 684625 ns, At safepoint: 41606792 ns, Total: 42291417 ns
[2024-03-12T02:50:41.157+0000][7][safepoint    ] Safepoint "BulkRevokeBias", Time since last: 5406492086 ns, Reaching safepoint: 110750 ns, At safepoint: 387333 ns, Total: 498083 ns
[2024-03-12T02:50:42.159+0000][7][safepoint    ] Safepoint "Cleanup", Time since last: 1001288084 ns, Reaching safepoint: 103291 ns, At safepoint: 2709 ns, Total: 106000 ns
[2024-03-12T02:50:44.549+0000][7][safepoint    ] Safepoint "Cleanup", Time since last: 2389782251 ns, Reaching safepoint: 103625 ns, At safepoint: 2625 ns, Total: 106250 ns
[2024-03-12T02:50:45.597+0000][7][safepoint    ] Safepoint "Cleanup", Time since last: 1047919959 ns, Reaching safepoint: 151625 ns, At safepoint: 2666 ns, Total: 154291 ns
[2024-03-12T02:50:46.601+0000][7][safepoint    ] Safepoint "Cleanup", Time since last: 1003617834 ns, Reaching safepoint: 544667 ns, At safepoint: 10541 ns, Total: 555208 ns
[2024-03-12T02:51:06.666+0000][7][safepoint    ] Safepoint "Cleanup", Time since last: 20064408884 ns, Reaching safepoint: 691875 ns, At safepoint: 10375 ns, Total: 702250 ns
[2024-03-12T02:52:08.858+0000][7][safepoint    ] Safepoint "Cleanup", Time since last: 62191804070 ns, Reaching safepoint: 2427083 ns, At safepoint: 12875 ns, Total: 2439958 ns
[2024-03-12T02:54:09.198+0000][7][safepoint    ] Safepoint "Cleanup", Time since last: 120341176348 ns, Reaching safepoint: 1073250 ns, At safepoint: 5750 ns, Total: 1079000 ns
[2024-03-12T02:55:45.019+0000][7][safepoint    ] Safepoint "Cleanup", Time since last: 95820870460 ns, Reaching safepoint: 1556250 ns, At safepoint: 13000 ns, Total: 1569250 ns
[2024-03-12T02:57:09.222+0000][7][safepoint    ] Safepoint "Cleanup", Time since last: 84200455038 ns, Reaching safepoint: 2032958 ns, At safepoint: 9833 ns, Total: 2042791 ns
[2024-03-12T02:58:09.413+0000][7][safepoint    ] Safepoint "Cleanup", Time since last: 60191344861 ns, Reaching safepoint: 682750 ns, At safepoint: 149834 ns, Total: 832584 ns
[2024-03-12T03:03:39.431+0000][7][safepoint    ] Safepoint "Cleanup", Time since last: 330021820984 ns, Reaching safepoint: 1948833 ns, At safepoint: 11167 ns, Total: 1960000 ns
[2024-03-12T03:06:08.921+0000][7][safepoint    ] Safepoint "Cleanup", Time since last: 149491705026 ns, Reaching safepoint: 1225459 ns, At safepoint: 7125 ns, Total: 1232584 ns
[2024-03-12T03:07:39.220+0000][7][safepoint    ] Safepoint "Cleanup", Time since last: 90299488291 ns, Reaching safepoint: 1342083 ns, At safepoint: 10333 ns, Total: 1352416 ns
[2024-03-12T03:11:35.945+0000][7][safepoint    ] Safepoint "Cleanup", Time since last: 236783517608 ns, Reaching safepoint: 2348583 ns, At safepoint: 19000 ns, Total: 2367583 ns
[2024-03-12T03:11:41.280+0000][7][gc,start     ] GC(30) Pause Young (Normal) (G1 Evacuation Pause)
[2024-03-12T03:11:41.281+0000][7][gc,task      ] GC(30) Using 8 workers of 8 for evacuation
[2024-03-12T03:11:41.282+0000][7][gc,age       ] GC(30) Desired survivor size 19922944 bytes, new threshold 15 (max threshold 15)
[2024-03-12T03:11:41.326+0000][7][gc,age       ] GC(30) Age table with threshold 15 (max threshold 15)
[2024-03-12T03:11:41.326+0000][7][gc,age       ] GC(30) - age   1:     116088 bytes,     116088 total
[2024-03-12T03:11:41.327+0000][7][gc,age       ] GC(30) - age   2:      28208 bytes,     144296 total
[2024-03-12T03:11:41.327+0000][7][gc,age       ] GC(30) - age   3:        280 bytes,     144576 total
[2024-03-12T03:11:41.327+0000][7][gc,age       ] GC(30) - age   4:       2248 bytes,     146824 total
[2024-03-12T03:11:41.327+0000][7][gc,age       ] GC(30) - age   5:       1536 bytes,     148360 total
[2024-03-12T03:11:41.328+0000][7][gc,age       ] GC(30) - age   6:        312 bytes,     148672 total
[2024-03-12T03:11:41.328+0000][7][gc,age       ] GC(30) - age   7:       2240 bytes,     150912 total
[2024-03-12T03:11:41.328+0000][7][gc,age       ] GC(30) - age   8:       2264 bytes,     153176 total
[2024-03-12T03:11:41.328+0000][7][gc,age       ] GC(30) - age   9:       9360 bytes,     162536 total
[2024-03-12T03:11:41.328+0000][7][gc,age       ] GC(30) - age  10:       6048 bytes,     168584 total
[2024-03-12T03:11:41.328+0000][7][gc,age       ] GC(30) - age  11:      10552 bytes,     179136 total
[2024-03-12T03:11:41.329+0000][7][gc,age       ] GC(30) - age  12:      28736 bytes,     207872 total
[2024-03-12T03:11:41.329+0000][7][gc,age       ] GC(30) - age  13:      36624 bytes,     244496 total
[2024-03-12T03:11:41.329+0000][7][gc,age       ] GC(30) - age  14:      10720 bytes,     255216 total
[2024-03-12T03:11:41.329+0000][7][gc,age       ] GC(30) - age  15:     499448 bytes,     754664 total
[2024-03-12T03:11:41.329+0000][7][gc,phases    ] GC(30)   Pre Evacuate Collection Set: 0.5ms
[2024-03-12T03:11:41.329+0000][7][gc,phases    ] GC(30)   Merge Heap Roots: 0.5ms
[2024-03-12T03:11:41.330+0000][7][gc,phases    ] GC(30)   Evacuate Collection Set: 38.8ms
[2024-03-12T03:11:41.330+0000][7][gc,phases    ] GC(30)   Post Evacuate Collection Set: 3.4ms
[2024-03-12T03:11:41.330+0000][7][gc,phases    ] GC(30)   Other: 5.9ms
[2024-03-12T03:11:41.330+0000][7][gc,heap      ] GC(30) Eden regions: 289->0(297)
[2024-03-12T03:11:41.330+0000][7][gc,heap      ] GC(30) Survivor regions: 9->2(38)
[2024-03-12T03:11:41.330+0000][7][gc,heap      ] GC(30) Old regions: 62->68
[2024-03-12T03:11:41.331+0000][7][gc,heap      ] GC(30) Archive regions: 0->0
[2024-03-12T03:11:41.331+0000][7][gc,heap      ] GC(30) Humongous regions: 15->15
[2024-03-12T03:11:41.331+0000][7][gc,metaspace ] GC(30) Metaspace: 101023K(108624K)->101023K(108624K) NonClass: 87765K(92260K)->87765K(92260K) Class: 13258K(16364K)->13258K(16364K)
[2024-03-12T03:11:41.331+0000][7][gc           ] GC(30) Pause Young (Normal) (G1 Evacuation Pause) 373M->84M(512M) 50.577ms
[2024-03-12T03:11:41.331+0000][7][gc,cpu       ] GC(30) User=0.23s Sys=0.02s Real=0.05s
[2024-03-12T03:11:41.331+0000][7][safepoint    ] Safepoint "G1CollectForAllocation", Time since last: 5334766878 ns, Reaching safepoint: 465000 ns, At safepoint: 51354041 ns, Total: 51819041 ns
[2024-03-12T03:12:39.511+0000][7][safepoint    ] Safepoint "Cleanup", Time since last: 58179793902 ns, Reaching safepoint: 1253667 ns, At safepoint: 12541 ns, Total: 1266208 ns
[2024-03-12T03:13:06.608+0000][7][safepoint    ] Safepoint "Cleanup", Time since last: 27097144679 ns, Reaching safepoint: 477583 ns, At safepoint: 11000 ns, Total: 488583 ns
[2024-03-12T03:13:09.619+0000][7][safepoint    ] Safepoint "Cleanup", Time since last: 3009972460 ns, Reaching safepoint: 414625 ns, At safepoint: 7625 ns, Total: 422250 ns
[2024-03-12T03:14:38.926+0000][7][safepoint    ] Safepoint "Cleanup", Time since last: 89306912457 ns, Reaching safepoint: 2252625 ns, At safepoint: 11875 ns, Total: 2264500 ns
[2024-03-12T03:19:39.877+0000][7][safepoint    ] Safepoint "Cleanup", Time since last: 300957929847 ns, Reaching safepoint: 1147958 ns, At safepoint: 6000 ns, Total: 1153958 ns
[2024-03-12T03:34:03.371+0000][7][gc,start     ] GC(31) Pause Young (Normal) (G1 Evacuation Pause)
[2024-03-12T03:34:03.373+0000][7][gc,task      ] GC(31) Using 8 workers of 8 for evacuation
[2024-03-12T03:34:03.373+0000][7][gc,age       ] GC(31) Desired survivor size 19922944 bytes, new threshold 15 (max threshold 15)
[2024-03-12T03:34:03.403+0000][7][gc,age       ] GC(31) Age table with threshold 15 (max threshold 15)
[2024-03-12T03:34:03.404+0000][7][gc,age       ] GC(31) - age   1:      17736 bytes,      17736 total
[2024-03-12T03:34:03.404+0000][7][gc,age       ] GC(31) - age   2:      33432 bytes,      51168 total
[2024-03-12T03:34:03.404+0000][7][gc,age       ] GC(31) - age   3:      26232 bytes,      77400 total
[2024-03-12T03:34:03.404+0000][7][gc,age       ] GC(31) - age   4:        280 bytes,      77680 total
[2024-03-12T03:34:03.405+0000][7][gc,age       ] GC(31) - age   5:       2152 bytes,      79832 total
[2024-03-12T03:34:03.405+0000][7][gc,age       ] GC(31) - age   6:       1536 bytes,      81368 total
[2024-03-12T03:34:03.405+0000][7][gc,age       ] GC(31) - age   7:        312 bytes,      81680 total
[2024-03-12T03:34:03.406+0000][7][gc,age       ] GC(31) - age   8:       2240 bytes,      83920 total
[2024-03-12T03:34:03.406+0000][7][gc,age       ] GC(31) - age   9:       2264 bytes,      86184 total
[2024-03-12T03:34:03.407+0000][7][gc,age       ] GC(31) - age  10:       9360 bytes,      95544 total
[2024-03-12T03:34:03.407+0000][7][gc,age       ] GC(31) - age  11:       6048 bytes,     101592 total
[2024-03-12T03:34:03.407+0000][7][gc,age       ] GC(31) - age  12:      10552 bytes,     112144 total
[2024-03-12T03:34:03.407+0000][7][gc,age       ] GC(31) - age  13:      28736 bytes,     140880 total
[2024-03-12T03:34:03.408+0000][7][gc,age       ] GC(31) - age  14:      36624 bytes,     177504 total
[2024-03-12T03:34:03.408+0000][7][gc,age       ] GC(31) - age  15:      10624 bytes,     188128 total
[2024-03-12T03:34:03.408+0000][7][gc,phases    ] GC(31)   Pre Evacuate Collection Set: 0.8ms
[2024-03-12T03:34:03.409+0000][7][gc,phases    ] GC(31)   Merge Heap Roots: 0.4ms
[2024-03-12T03:34:03.409+0000][7][gc,phases    ] GC(31)   Evacuate Collection Set: 23.3ms
[2024-03-12T03:34:03.409+0000][7][gc,phases    ] GC(31)   Post Evacuate Collection Set: 4.3ms
[2024-03-12T03:34:03.409+0000][7][gc,phases    ] GC(31)   Other: 8.8ms
[2024-03-12T03:34:03.410+0000][7][gc,heap      ] GC(31) Eden regions: 297->0(296)
[2024-03-12T03:34:03.410+0000][7][gc,heap      ] GC(31) Survivor regions: 2->1(38)
[2024-03-12T03:34:03.410+0000][7][gc,heap      ] GC(31) Old regions: 68->70
[2024-03-12T03:34:03.410+0000][7][gc,heap      ] GC(31) Archive regions: 0->0
[2024-03-12T03:34:03.411+0000][7][gc,heap      ] GC(31) Humongous regions: 15->15
[2024-03-12T03:34:03.411+0000][7][gc,metaspace ] GC(31) Metaspace: 101123K(108624K)->101123K(108624K) NonClass: 87865K(92260K)->87865K(92260K) Class: 13258K(16364K)->13258K(16364K)
[2024-03-12T03:34:03.411+0000][7][gc           ] GC(31) Pause Young (Normal) (G1 Evacuation Pause) 381M->84M(512M) 40.120ms
[2024-03-12T03:34:03.411+0000][7][gc,cpu       ] GC(31) User=0.15s Sys=0.00s Real=0.04s
[2024-03-12T03:34:03.412+0000][7][safepoint    ] Safepoint "G1CollectForAllocation", Time since last: 863483075768 ns, Reaching safepoint: 1212250 ns, At safepoint: 41028250 ns, Total: 42240500 ns
[2024-03-12T03:37:09.947+0000][7][safepoint    ] Safepoint "Cleanup", Time since last: 186536718586 ns, Reaching safepoint: 2284666 ns, At safepoint: 12459 ns, Total: 2297125 ns
[2024-03-12T03:45:40.531+0000][7][safepoint    ] Safepoint "Cleanup", Time since last: 510614692857 ns, Reaching safepoint: 1255209 ns, At safepoint: 9375 ns, Total: 1264584 ns
[2024-03-12T03:51:05.597+0000][7][safepoint    ] Safepoint "Cleanup", Time since last: 325071523022 ns, Reaching safepoint: 1198583 ns, At safepoint: 6208 ns, Total: 1204791 ns
[2024-03-12T03:53:51.129+0000][7][safepoint    ] Safepoint "Cleanup", Time since last: 165534412534 ns, Reaching safepoint: 2046917 ns, At safepoint: 13167 ns, Total: 2060084 ns
[2024-03-12T03:56:20.589+0000][7][gc,start     ] GC(32) Pause Young (Normal) (G1 Evacuation Pause)
[2024-03-12T03:56:20.589+0000][7][gc,task      ] GC(32) Using 8 workers of 8 for evacuation
[2024-03-12T03:56:20.590+0000][7][gc,age       ] GC(32) Desired survivor size 19922944 bytes, new threshold 15 (max threshold 15)
[2024-03-12T03:56:20.625+0000][7][gc,age       ] GC(32) Age table with threshold 15 (max threshold 15)
[2024-03-12T03:56:20.625+0000][7][gc,age       ] GC(32) - age   1:      11360 bytes,      11360 total
[2024-03-12T03:56:20.626+0000][7][gc,age       ] GC(32) - age   2:       8488 bytes,      19848 total
[2024-03-12T03:56:20.626+0000][7][gc,age       ] GC(32) - age   3:      33032 bytes,      52880 total
[2024-03-12T03:56:20.626+0000][7][gc,age       ] GC(32) - age   4:      26232 bytes,      79112 total
[2024-03-12T03:56:20.626+0000][7][gc,age       ] GC(32) - age   5:        280 bytes,      79392 total
[2024-03-12T03:56:20.626+0000][7][gc,age       ] GC(32) - age   6:       2112 bytes,      81504 total
[2024-03-12T03:56:20.626+0000][7][gc,age       ] GC(32) - age   7:       1536 bytes,      83040 total
[2024-03-12T03:56:20.626+0000][7][gc,age       ] GC(32) - age   8:        312 bytes,      83352 total
[2024-03-12T03:56:20.626+0000][7][gc,age       ] GC(32) - age   9:       2240 bytes,      85592 total
[2024-03-12T03:56:20.626+0000][7][gc,age       ] GC(32) - age  10:       2264 bytes,      87856 total
[2024-03-12T03:56:20.627+0000][7][gc,age       ] GC(32) - age  11:       9360 bytes,      97216 total
[2024-03-12T03:56:20.627+0000][7][gc,age       ] GC(32) - age  12:       6048 bytes,     103264 total
[2024-03-12T03:56:20.627+0000][7][gc,age       ] GC(32) - age  13:      10552 bytes,     113816 total
[2024-03-12T03:56:20.627+0000][7][gc,age       ] GC(32) - age  14:      28736 bytes,     142552 total
[2024-03-12T03:56:20.627+0000][7][gc,age       ] GC(32) - age  15:      36624 bytes,     179176 total
[2024-03-12T03:56:20.627+0000][7][gc,phases    ] GC(32)   Pre Evacuate Collection Set: 0.4ms
[2024-03-12T03:56:20.627+0000][7][gc,phases    ] GC(32)   Merge Heap Roots: 0.2ms
[2024-03-12T03:56:20.627+0000][7][gc,phases    ] GC(32)   Evacuate Collection Set: 31.4ms
[2024-03-12T03:56:20.627+0000][7][gc,phases    ] GC(32)   Post Evacuate Collection Set: 3.0ms
[2024-03-12T03:56:20.628+0000][7][gc,phases    ] GC(32)   Other: 3.6ms
[2024-03-12T03:56:20.628+0000][7][gc,heap      ] GC(32) Eden regions: 296->0(297)
[2024-03-12T03:56:20.628+0000][7][gc,heap      ] GC(32) Survivor regions: 1->1(38)
[2024-03-12T03:56:20.628+0000][7][gc,heap      ] GC(32) Old regions: 70->70
[2024-03-12T03:56:20.628+0000][7][gc,heap      ] GC(32) Archive regions: 0->0
[2024-03-12T03:56:20.628+0000][7][gc,heap      ] GC(32) Humongous regions: 15->15
[2024-03-12T03:56:20.628+0000][7][gc,metaspace ] GC(32) Metaspace: 101128K(108624K)->101128K(108624K) NonClass: 87870K(92260K)->87870K(92260K) Class: 13258K(16364K)->13258K(16364K)
[2024-03-12T03:56:20.628+0000][7][gc           ] GC(32) Pause Young (Normal) (G1 Evacuation Pause) 380M->84M(512M) 39.629ms
[2024-03-12T03:56:20.628+0000][7][gc,cpu       ] GC(32) User=0.10s Sys=0.00s Real=0.04s
[2024-03-12T03:56:20.628+0000][7][safepoint    ] Safepoint "G1CollectForAllocation", Time since last: 149461785108 ns, Reaching safepoint: 1004125 ns, At safepoint: 40059708 ns, Total: 41063833 ns
[2024-03-12T04:08:22.493+0000][7][safepoint    ] Safepoint "Cleanup", Time since last: 721919718956 ns, Reaching safepoint: 2103709 ns, At safepoint: 13500 ns, Total: 2117209 ns
[2024-03-12T04:13:37.313+0000][7][safepoint    ] Safepoint "Cleanup", Time since last: 314807939934 ns, Reaching safepoint: 556666 ns, At safepoint: 11167 ns, Total: 567833 ns
[2024-03-12T04:15:10.673+0000][7][safepoint    ] Safepoint "Cleanup", Time since last: 93361954418 ns, Reaching safepoint: 486916 ns, At safepoint: 11209 ns, Total: 498125 ns
[2024-03-12T04:16:23.881+0000][7][safepoint    ] Safepoint "Cleanup", Time since last: 73209262283 ns, Reaching safepoint: 520625 ns, At safepoint: 8458 ns, Total: 529083 ns
[2024-03-12T04:16:40.953+0000][7][safepoint    ] Safepoint "Cleanup", Time since last: 17071709632 ns, Reaching safepoint: 420042 ns, At safepoint: 59583 ns, Total: 479625 ns
[2024-03-12T04:17:11.032+0000][7][safepoint    ] Safepoint "Cleanup", Time since last: 30079040556 ns, Reaching safepoint: 558125 ns, At safepoint: 11166 ns, Total: 569291 ns
[2024-03-12T04:18:43.313+0000][7][gc,start     ] GC(33) Pause Young (Normal) (G1 Evacuation Pause)
[2024-03-12T04:18:43.314+0000][7][gc,task      ] GC(33) Using 8 workers of 8 for evacuation
[2024-03-12T04:18:43.315+0000][7][gc,age       ] GC(33) Desired survivor size 19922944 bytes, new threshold 15 (max threshold 15)
[2024-03-12T04:18:43.333+0000][7][gc,age       ] GC(33) Age table with threshold 15 (max threshold 15)
[2024-03-12T04:18:43.333+0000][7][gc,age       ] GC(33) - age   1:       9856 bytes,       9856 total
[2024-03-12T04:18:43.333+0000][7][gc,age       ] GC(33) - age   2:       2000 bytes,      11856 total
[2024-03-12T04:18:43.334+0000][7][gc,age       ] GC(33) - age   3:       8488 bytes,      20344 total
[2024-03-12T04:18:43.334+0000][7][gc,age       ] GC(33) - age   4:      33032 bytes,      53376 total
[2024-03-12T04:18:43.334+0000][7][gc,age       ] GC(33) - age   5:      26232 bytes,      79608 total
[2024-03-12T04:18:43.334+0000][7][gc,age       ] GC(33) - age   6:        280 bytes,      79888 total
[2024-03-12T04:18:43.334+0000][7][gc,age       ] GC(33) - age   7:       2112 bytes,      82000 total
[2024-03-12T04:18:43.335+0000][7][gc,age       ] GC(33) - age   8:       1536 bytes,      83536 total
[2024-03-12T04:18:43.335+0000][7][gc,age       ] GC(33) - age   9:        312 bytes,      83848 total
[2024-03-12T04:18:43.335+0000][7][gc,age       ] GC(33) - age  10:       2240 bytes,      86088 total
[2024-03-12T04:18:43.335+0000][7][gc,age       ] GC(33) - age  11:       2264 bytes,      88352 total
[2024-03-12T04:18:43.336+0000][7][gc,age       ] GC(33) - age  12:       9360 bytes,      97712 total
[2024-03-12T04:18:43.336+0000][7][gc,age       ] GC(33) - age  13:       6048 bytes,     103760 total
[2024-03-12T04:18:43.336+0000][7][gc,age       ] GC(33) - age  14:      10552 bytes,     114312 total
[2024-03-12T04:18:43.336+0000][7][gc,age       ] GC(33) - age  15:      28736 bytes,     143048 total
[2024-03-12T04:18:43.337+0000][7][gc,phases    ] GC(33)   Pre Evacuate Collection Set: 1.0ms
[2024-03-12T04:18:43.338+0000][7][gc,phases    ] GC(33)   Merge Heap Roots: 0.5ms
[2024-03-12T04:18:43.338+0000][7][gc,phases    ] GC(33)   Evacuate Collection Set: 12.4ms
[2024-03-12T04:18:43.338+0000][7][gc,phases    ] GC(33)   Post Evacuate Collection Set: 2.9ms
[2024-03-12T04:18:43.339+0000][7][gc,phases    ] GC(33)   Other: 7.9ms
[2024-03-12T04:18:43.339+0000][7][gc,heap      ] GC(33) Eden regions: 297->0(297)
[2024-03-12T04:18:43.340+0000][7][gc,heap      ] GC(33) Survivor regions: 1->1(38)
[2024-03-12T04:18:43.340+0000][7][gc,heap      ] GC(33) Old regions: 70->70
[2024-03-12T04:18:43.340+0000][7][gc,heap      ] GC(33) Archive regions: 0->0
[2024-03-12T04:18:43.341+0000][7][gc,heap      ] GC(33) Humongous regions: 15->15
[2024-03-12T04:18:43.341+0000][7][gc,metaspace ] GC(33) Metaspace: 101158K(108880K)->101158K(108880K) NonClass: 87900K(92516K)->87900K(92516K) Class: 13258K(16364K)->13258K(16364K)
[2024-03-12T04:18:43.342+0000][7][gc           ] GC(33) Pause Young (Normal) (G1 Evacuation Pause) 381M->84M(512M) 28.789ms
[2024-03-12T04:18:43.342+0000][7][gc,cpu       ] GC(33) User=0.07s Sys=0.00s Real=0.03s
[2024-03-12T04:18:43.342+0000][7][safepoint    ] Safepoint "G1CollectForAllocation", Time since last: 92282057335 ns, Reaching safepoint: 868958 ns, At safepoint: 29974958 ns, Total: 30843916 ns
[2024-03-12T04:28:10.577+0000][7][safepoint    ] Safepoint "Cleanup", Time since last: 567253035802 ns, Reaching safepoint: 2275250 ns, At safepoint: 14500 ns, Total: 2289750 ns
[2024-03-12T04:29:40.893+0000][7][safepoint    ] Safepoint "Cleanup", Time since last: 90356675333 ns, Reaching safepoint: 489875 ns, At safepoint: 24875 ns, Total: 514750 ns
[2024-03-12T04:30:41.191+0000][7][safepoint    ] Safepoint "Cleanup", Time since last: 60298770944 ns, Reaching safepoint: 569500 ns, At safepoint: 10041 ns, Total: 579541 ns
[2024-03-12T06:02:26.016+0000][7][gc,start     ] GC(34) Pause Young (Normal) (G1 Evacuation Pause)
[2024-03-12T06:02:26.018+0000][7][gc,task      ] GC(34) Using 8 workers of 8 for evacuation
[2024-03-12T06:02:26.018+0000][7][gc,age       ] GC(34) Desired survivor size 19922944 bytes, new threshold 15 (max threshold 15)
[2024-03-12T06:02:26.041+0000][7][gc,age       ] GC(34) Age table with threshold 15 (max threshold 15)
[2024-03-12T06:02:26.041+0000][7][gc,age       ] GC(34) - age   1:      10736 bytes,      10736 total
[2024-03-12T06:02:26.042+0000][7][gc,age       ] GC(34) - age   2:        632 bytes,      11368 total
[2024-03-12T06:02:26.042+0000][7][gc,age       ] GC(34) - age   3:       2000 bytes,      13368 total
[2024-03-12T06:02:26.042+0000][7][gc,age       ] GC(34) - age   4:       8488 bytes,      21856 total
[2024-03-12T06:02:26.042+0000][7][gc,age       ] GC(34) - age   5:      33032 bytes,      54888 total
[2024-03-12T06:02:26.042+0000][7][gc,age       ] GC(34) - age   6:      26232 bytes,      81120 total
[2024-03-12T06:02:26.043+0000][7][gc,age       ] GC(34) - age   7:        280 bytes,      81400 total
[2024-03-12T06:02:26.043+0000][7][gc,age       ] GC(34) - age   8:       2112 bytes,      83512 total
[2024-03-12T06:02:26.043+0000][7][gc,age       ] GC(34) - age   9:       1536 bytes,      85048 total
[2024-03-12T06:02:26.043+0000][7][gc,age       ] GC(34) - age  10:        216 bytes,      85264 total
[2024-03-12T06:02:26.043+0000][7][gc,age       ] GC(34) - age  11:       2240 bytes,      87504 total
[2024-03-12T06:02:26.044+0000][7][gc,age       ] GC(34) - age  12:       2264 bytes,      89768 total
[2024-03-12T06:02:26.044+0000][7][gc,age       ] GC(34) - age  13:       9360 bytes,      99128 total
[2024-03-12T06:02:26.044+0000][7][gc,age       ] GC(34) - age  14:       6048 bytes,     105176 total
[2024-03-12T06:02:26.044+0000][7][gc,age       ] GC(34) - age  15:      10552 bytes,     115728 total
[2024-03-12T06:02:26.045+0000][7][gc,phases    ] GC(34)   Pre Evacuate Collection Set: 0.6ms
[2024-03-12T06:02:26.045+0000][7][gc,phases    ] GC(34)   Merge Heap Roots: 0.2ms
[2024-03-12T06:02:26.045+0000][7][gc,phases    ] GC(34)   Evacuate Collection Set: 17.8ms
[2024-03-12T06:02:26.045+0000][7][gc,phases    ] GC(34)   Post Evacuate Collection Set: 3.3ms
[2024-03-12T06:02:26.045+0000][7][gc,phases    ] GC(34)   Other: 6.7ms
[2024-03-12T06:02:26.046+0000][7][gc,heap      ] GC(34) Eden regions: 297->0(297)
[2024-03-12T06:02:26.046+0000][7][gc,heap      ] GC(34) Survivor regions: 1->1(38)
[2024-03-12T06:02:26.046+0000][7][gc,heap      ] GC(34) Old regions: 70->70
[2024-03-12T06:02:26.046+0000][7][gc,heap      ] GC(34) Archive regions: 0->0
[2024-03-12T06:02:26.046+0000][7][gc,heap      ] GC(34) Humongous regions: 15->15
[2024-03-12T06:02:26.047+0000][7][gc,metaspace ] GC(34) Metaspace: 101176K(108880K)->101176K(108880K) NonClass: 87918K(92516K)->87918K(92516K) Class: 13258K(16364K)->13258K(16364K)
[2024-03-12T06:02:26.047+0000][7][gc           ] GC(34) Pause Young (Normal) (G1 Evacuation Pause) 381M->84M(512M) 30.699ms
[2024-03-12T06:02:26.047+0000][7][gc,cpu       ] GC(34) User=0.08s Sys=0.01s Real=0.03s
[2024-03-12T06:02:26.047+0000][7][safepoint    ] Safepoint "G1CollectForAllocation", Time since last: 624850850119 ns, Reaching safepoint: 1815208 ns, At safepoint: 31539625 ns, Total: 33354833 ns
[2024-03-12T06:08:27.199+0000][7][safepoint    ] Safepoint "Cleanup", Time since last: 361158019332 ns, Reaching safepoint: 1443333 ns, At safepoint: 17709 ns, Total: 1461042 ns
[2024-03-12T06:24:47.217+0000][7][gc,start     ] GC(35) Pause Young (Normal) (G1 Evacuation Pause)
[2024-03-12T06:24:47.220+0000][7][gc,task      ] GC(35) Using 8 workers of 8 for evacuation
[2024-03-12T06:24:47.221+0000][7][gc,age       ] GC(35) Desired survivor size 19922944 bytes, new threshold 15 (max threshold 15)
[2024-03-12T06:24:47.240+0000][7][gc,age       ] GC(35) Age table with threshold 15 (max threshold 15)
[2024-03-12T06:24:47.240+0000][7][gc,age       ] GC(35) - age   1:       8216 bytes,       8216 total
[2024-03-12T06:24:47.240+0000][7][gc,age       ] GC(35) - age   2:       1912 bytes,      10128 total
[2024-03-12T06:24:47.241+0000][7][gc,age       ] GC(35) - age   3:        232 bytes,      10360 total
[2024-03-12T06:24:47.241+0000][7][gc,age       ] GC(35) - age   4:       2000 bytes,      12360 total
[2024-03-12T06:24:47.242+0000][7][gc,age       ] GC(35) - age   5:       8488 bytes,      20848 total
[2024-03-12T06:24:47.242+0000][7][gc,age       ] GC(35) - age   6:      33032 bytes,      53880 total
[2024-03-12T06:24:47.243+0000][7][gc,age       ] GC(35) - age   7:      26040 bytes,      79920 total
[2024-03-12T06:24:47.243+0000][7][gc,age       ] GC(35) - age   8:        280 bytes,      80200 total
[2024-03-12T06:24:47.244+0000][7][gc,age       ] GC(35) - age   9:       2112 bytes,      82312 total
[2024-03-12T06:24:47.244+0000][7][gc,age       ] GC(35) - age  10:       1536 bytes,      83848 total
[2024-03-12T06:24:47.244+0000][7][gc,age       ] GC(35) - age  11:        176 bytes,      84024 total
[2024-03-12T06:24:47.245+0000][7][gc,age       ] GC(35) - age  12:       2240 bytes,      86264 total
[2024-03-12T06:24:47.245+0000][7][gc,age       ] GC(35) - age  13:       2264 bytes,      88528 total
[2024-03-12T06:24:47.245+0000][7][gc,age       ] GC(35) - age  14:       9360 bytes,      97888 total
[2024-03-12T06:24:47.245+0000][7][gc,age       ] GC(35) - age  15:       6048 bytes,     103936 total
[2024-03-12T06:24:47.246+0000][7][gc,phases    ] GC(35)   Pre Evacuate Collection Set: 1.1ms
[2024-03-12T06:24:47.246+0000][7][gc,phases    ] GC(35)   Merge Heap Roots: 0.5ms
[2024-03-12T06:24:47.246+0000][7][gc,phases    ] GC(35)   Evacuate Collection Set: 13.2ms
[2024-03-12T06:24:47.247+0000][7][gc,phases    ] GC(35)   Post Evacuate Collection Set: 3.2ms
[2024-03-12T06:24:47.247+0000][7][gc,phases    ] GC(35)   Other: 10.9ms
[2024-03-12T06:24:47.247+0000][7][gc,heap      ] GC(35) Eden regions: 297->0(297)
[2024-03-12T06:24:47.248+0000][7][gc,heap      ] GC(35) Survivor regions: 1->1(38)
[2024-03-12T06:24:47.248+0000][7][gc,heap      ] GC(35) Old regions: 70->70
[2024-03-12T06:24:47.248+0000][7][gc,heap      ] GC(35) Archive regions: 0->0
[2024-03-12T06:24:47.248+0000][7][gc,heap      ] GC(35) Humongous regions: 15->15
[2024-03-12T06:24:47.249+0000][7][gc,metaspace ] GC(35) Metaspace: 101181K(108880K)->101181K(108880K) NonClass: 87923K(92516K)->87923K(92516K) Class: 13258K(16364K)->13258K(16364K)
[2024-03-12T06:24:47.249+0000][7][gc           ] GC(35) Pause Young (Normal) (G1 Evacuation Pause) 381M->84M(512M) 31.720ms
[2024-03-12T06:24:47.249+0000][7][gc,cpu       ] GC(35) User=0.07s Sys=0.00s Real=0.03s
[2024-03-12T06:24:47.250+0000][7][safepoint    ] Safepoint "G1CollectForAllocation", Time since last: 980032078697 ns, Reaching safepoint: 1815541 ns, At safepoint: 32697500 ns, Total: 34513041 ns
[2024-03-12T06:27:01.765+0000][7][safepoint    ] Safepoint "Cleanup", Time since last: 134477566812 ns, Reaching safepoint: 2260125 ns, At safepoint: 27750 ns, Total: 2287875 ns
[2024-03-12T06:28:52.085+0000][7][safepoint    ] Safepoint "Cleanup", Time since last: 110320180801 ns, Reaching safepoint: 2359541 ns, At safepoint: 24917 ns, Total: 2384458 ns
[2024-03-12T06:30:27.345+0000][7][safepoint    ] Safepoint "Cleanup", Time since last: 95246481669 ns, Reaching safepoint: 14894000 ns, At safepoint: 25125 ns, Total: 14919125 ns
[2024-03-12T06:35:28.142+0000][7][safepoint    ] Safepoint "Cleanup", Time since last: 300799972263 ns, Reaching safepoint: 2171208 ns, At safepoint: 11250 ns, Total: 2182458 ns
[2024-03-12T06:38:57.865+0000][7][safepoint    ] Safepoint "Cleanup", Time since last: 209724691472 ns, Reaching safepoint: 597959 ns, At safepoint: 10541 ns, Total: 608500 ns
[2024-03-12T06:39:01.887+0000][7][safepoint    ] Safepoint "Cleanup", Time since last: 4021461461 ns, Reaching safepoint: 631250 ns, At safepoint: 18416 ns, Total: 649666 ns
[2024-03-12T06:41:40.433+0000][7][safepoint    ] Safepoint "Cleanup", Time since last: 158569228990 ns, Reaching safepoint: 2200417 ns, At safepoint: 12500 ns, Total: 2212917 ns
[2024-03-12T06:42:01.479+0000][7][safepoint    ] Safepoint "Cleanup", Time since last: 21047149176 ns, Reaching safepoint: 418958 ns, At safepoint: 8292 ns, Total: 427250 ns
[2024-03-12T06:42:31.557+0000][7][safepoint    ] Safepoint "Cleanup", Time since last: 30077988347 ns, Reaching safepoint: 731375 ns, At safepoint: 9875 ns, Total: 741250 ns
[2024-03-12T06:47:05.352+0000][7][gc,start     ] GC(36) Pause Young (Normal) (G1 Evacuation Pause)
[2024-03-12T06:47:05.355+0000][7][gc,task      ] GC(36) Using 8 workers of 8 for evacuation
[2024-03-12T06:47:05.356+0000][7][gc,age       ] GC(36) Desired survivor size 19922944 bytes, new threshold 15 (max threshold 15)
[2024-03-12T06:47:05.380+0000][7][gc,age       ] GC(36) Age table with threshold 15 (max threshold 15)
[2024-03-12T06:47:05.381+0000][7][gc,age       ] GC(36) - age   1:      16720 bytes,      16720 total
[2024-03-12T06:47:05.381+0000][7][gc,age       ] GC(36) - age   2:        440 bytes,      17160 total
[2024-03-12T06:47:05.381+0000][7][gc,age       ] GC(36) - age   3:       1512 bytes,      18672 total
[2024-03-12T06:47:05.381+0000][7][gc,age       ] GC(36) - age   4:        232 bytes,      18904 total
[2024-03-12T06:47:05.382+0000][7][gc,age       ] GC(36) - age   5:       2000 bytes,      20904 total
[2024-03-12T06:47:05.382+0000][7][gc,age       ] GC(36) - age   6:       8488 bytes,      29392 total
[2024-03-12T06:47:05.382+0000][7][gc,age       ] GC(36) - age   7:      33032 bytes,      62424 total
[2024-03-12T06:47:05.382+0000][7][gc,age       ] GC(36) - age   8:      25864 bytes,      88288 total
[2024-03-12T06:47:05.383+0000][7][gc,age       ] GC(36) - age   9:        280 bytes,      88568 total
[2024-03-12T06:47:05.383+0000][7][gc,age       ] GC(36) - age  10:       2112 bytes,      90680 total
[2024-03-12T06:47:05.383+0000][7][gc,age       ] GC(36) - age  11:       1536 bytes,      92216 total
[2024-03-12T06:47:05.383+0000][7][gc,age       ] GC(36) - age  12:        176 bytes,      92392 total
[2024-03-12T06:47:05.383+0000][7][gc,age       ] GC(36) - age  13:       2240 bytes,      94632 total
[2024-03-12T06:47:05.384+0000][7][gc,age       ] GC(36) - age  14:       2264 bytes,      96896 total
[2024-03-12T06:47:05.384+0000][7][gc,age       ] GC(36) - age  15:       9360 bytes,     106256 total
[2024-03-12T06:47:05.384+0000][7][gc,phases    ] GC(36)   Pre Evacuate Collection Set: 1.3ms
[2024-03-12T06:47:05.385+0000][7][gc,phases    ] GC(36)   Merge Heap Roots: 0.4ms
[2024-03-12T06:47:05.385+0000][7][gc,phases    ] GC(36)   Evacuate Collection Set: 17.1ms
[2024-03-12T06:47:05.385+0000][7][gc,phases    ] GC(36)   Post Evacuate Collection Set: 4.7ms
[2024-03-12T06:47:05.385+0000][7][gc,phases    ] GC(36)   Other: 9.4ms
[2024-03-12T06:47:05.385+0000][7][gc,heap      ] GC(36) Eden regions: 297->0(297)
[2024-03-12T06:47:05.386+0000][7][gc,heap      ] GC(36) Survivor regions: 1->1(38)
[2024-03-12T06:47:05.386+0000][7][gc,heap      ] GC(36) Old regions: 70->70
[2024-03-12T06:47:05.386+0000][7][gc,heap      ] GC(36) Archive regions: 0->0
[2024-03-12T06:47:05.386+0000][7][gc,heap      ] GC(36) Humongous regions: 15->15
[2024-03-12T06:47:05.387+0000][7][gc,metaspace ] GC(36) Metaspace: 101202K(108880K)->101202K(108880K) NonClass: 87944K(92516K)->87944K(92516K) Class: 13258K(16364K)->13258K(16364K)
[2024-03-12T06:47:05.387+0000][7][gc           ] GC(36) Pause Young (Normal) (G1 Evacuation Pause) 381M->84M(512M) 35.025ms
[2024-03-12T06:47:05.387+0000][7][gc,cpu       ] GC(36) User=0.08s Sys=0.00s Real=0.03s
[2024-03-12T06:47:05.387+0000][7][safepoint    ] Safepoint "G1CollectForAllocation", Time since last: 273798069041 ns, Reaching safepoint: 2147167 ns, At safepoint: 36171458 ns, Total: 38318625 ns
[2024-03-12T06:53:21.509+0000][7][safepoint    ] Safepoint "Cleanup", Time since last: 376126334463 ns, Reaching safepoint: 2558292 ns, At safepoint: 15208 ns, Total: 2573500 ns
[2024-03-12T06:54:01.648+0000][7][safepoint    ] Safepoint "Cleanup", Time since last: 40138809393 ns, Reaching safepoint: 706417 ns, At safepoint: 8083 ns, Total: 714500 ns
[2024-03-12T07:01:32.156+0000][7][safepoint    ] Safepoint "Cleanup", Time since last: 450493960122 ns, Reaching safepoint: 2068416 ns, At safepoint: 24375 ns, Total: 2092791 ns
[2024-03-12T07:04:03.904+0000][7][safepoint    ] Safepoint "Cleanup", Time since last: 151749691986 ns, Reaching safepoint: 1385166 ns, At safepoint: 9625 ns, Total: 1394791 ns
[2024-03-12T07:05:32.160+0000][7][safepoint    ] Safepoint "Cleanup", Time since last: 88255775957 ns, Reaching safepoint: 1350209 ns, At safepoint: 13333 ns, Total: 1363542 ns
[2024-03-12T07:06:32.359+0000][7][safepoint    ] Safepoint "Cleanup", Time since last: 60199059610 ns, Reaching safepoint: 567917 ns, At safepoint: 8333 ns, Total: 576250 ns
[2024-03-12T07:09:28.417+0000][7][gc,start     ] GC(37) Pause Young (Normal) (G1 Evacuation Pause)
[2024-03-12T07:09:28.419+0000][7][gc,task      ] GC(37) Using 8 workers of 8 for evacuation
[2024-03-12T07:09:28.420+0000][7][gc,age       ] GC(37) Desired survivor size 19922944 bytes, new threshold 15 (max threshold 15)
[2024-03-12T07:09:28.439+0000][7][gc,age       ] GC(37) Age table with threshold 15 (max threshold 15)
[2024-03-12T07:09:28.439+0000][7][gc,age       ] GC(37) - age   1:      19992 bytes,      19992 total
[2024-03-12T07:09:28.440+0000][7][gc,age       ] GC(37) - age   2:       7472 bytes,      27464 total
[2024-03-12T07:09:28.440+0000][7][gc,age       ] GC(37) - age   3:        144 bytes,      27608 total
[2024-03-12T07:09:28.440+0000][7][gc,age       ] GC(37) - age   4:       1512 bytes,      29120 total
[2024-03-12T07:09:28.440+0000][7][gc,age       ] GC(37) - age   5:        232 bytes,      29352 total
[2024-03-12T07:09:28.441+0000][7][gc,age       ] GC(37) - age   6:       2000 bytes,      31352 total
[2024-03-12T07:09:28.441+0000][7][gc,age       ] GC(37) - age   7:       8488 bytes,      39840 total
[2024-03-12T07:09:28.441+0000][7][gc,age       ] GC(37) - age   8:      33032 bytes,      72872 total
[2024-03-12T07:09:28.441+0000][7][gc,age       ] GC(37) - age   9:      25824 bytes,      98696 total
[2024-03-12T07:09:28.442+0000][7][gc,age       ] GC(37) - age  10:        280 bytes,      98976 total
[2024-03-12T07:09:28.442+0000][7][gc,age       ] GC(37) - age  11:       2112 bytes,     101088 total
[2024-03-12T07:09:28.442+0000][7][gc,age       ] GC(37) - age  12:       1536 bytes,     102624 total
[2024-03-12T07:09:28.442+0000][7][gc,age       ] GC(37) - age  13:        176 bytes,     102800 total
[2024-03-12T07:09:28.442+0000][7][gc,age       ] GC(37) - age  14:       2240 bytes,     105040 total
[2024-03-12T07:09:28.443+0000][7][gc,age       ] GC(37) - age  15:       2264 bytes,     107304 total
[2024-03-12T07:09:28.443+0000][7][gc,phases    ] GC(37)   Pre Evacuate Collection Set: 1.0ms
[2024-03-12T07:09:28.443+0000][7][gc,phases    ] GC(37)   Merge Heap Roots: 0.3ms
[2024-03-12T07:09:28.444+0000][7][gc,phases    ] GC(37)   Evacuate Collection Set: 13.1ms
[2024-03-12T07:09:28.444+0000][7][gc,phases    ] GC(37)   Post Evacuate Collection Set: 4.4ms
[2024-03-12T07:09:28.444+0000][7][gc,phases    ] GC(37)   Other: 7.5ms
[2024-03-12T07:09:28.444+0000][7][gc,heap      ] GC(37) Eden regions: 297->0(297)
[2024-03-12T07:09:28.445+0000][7][gc,heap      ] GC(37) Survivor regions: 1->1(38)
[2024-03-12T07:09:28.445+0000][7][gc,heap      ] GC(37) Old regions: 70->70
[2024-03-12T07:09:28.445+0000][7][gc,heap      ] GC(37) Archive regions: 0->0
[2024-03-12T07:09:28.445+0000][7][gc,heap      ] GC(37) Humongous regions: 15->15
[2024-03-12T07:09:28.445+0000][7][gc,metaspace ] GC(37) Metaspace: 101211K(108880K)->101211K(108880K) NonClass: 87953K(92516K)->87953K(92516K) Class: 13258K(16364K)->13258K(16364K)
[2024-03-12T07:09:28.446+0000][7][gc           ] GC(37) Pause Young (Normal) (G1 Evacuation Pause) 381M->84M(512M) 28.726ms
[2024-03-12T07:09:28.446+0000][7][gc,cpu       ] GC(37) User=0.07s Sys=0.00s Real=0.03s
[2024-03-12T07:09:28.446+0000][7][safepoint    ] Safepoint "G1CollectForAllocation", Time since last: 176059071456 ns, Reaching safepoint: 2193458 ns, At safepoint: 29554834 ns, Total: 31748292 ns
[2024-03-12T07:15:02.441+0000][7][safepoint    ] Safepoint "Cleanup", Time since last: 334019536027 ns, Reaching safepoint: 2151166 ns, At safepoint: 11542 ns, Total: 2162708 ns
[2024-03-12T07:22:02.708+0000][7][safepoint    ] Safepoint "Cleanup", Time since last: 420273079817 ns, Reaching safepoint: 1714500 ns, At safepoint: 7834 ns, Total: 1722334 ns
[2024-03-12T07:25:32.196+0000][7][safepoint    ] Safepoint "Cleanup", Time since last: 209490725011 ns, Reaching safepoint: 1233250 ns, At safepoint: 7708 ns, Total: 1240958 ns
[2024-03-12T07:29:32.798+0000][7][safepoint    ] Safepoint "Cleanup", Time since last: 240537090693 ns, Reaching safepoint: 1410375 ns, At safepoint: 5375 ns, Total: 1415750 ns
[2024-03-12T07:30:02.893+0000][7][safepoint    ] Safepoint "Cleanup", Time since last: 30094670680 ns, Reaching safepoint: 532250 ns, At safepoint: 15333 ns, Total: 547583 ns
[2024-03-12T07:31:50.539+0000][7][gc,start     ] GC(38) Pause Young (Normal) (G1 Evacuation Pause)
[2024-03-12T07:31:50.540+0000][7][gc,task      ] GC(38) Using 8 workers of 8 for evacuation
[2024-03-12T07:31:50.541+0000][7][gc,age       ] GC(38) Desired survivor size 19922944 bytes, new threshold 15 (max threshold 15)
[2024-03-12T07:31:50.561+0000][7][gc,age       ] GC(38) Age table with threshold 15 (max threshold 15)
[2024-03-12T07:31:50.562+0000][7][gc,age       ] GC(38) - age   1:      11776 bytes,      11776 total
[2024-03-12T07:31:50.562+0000][7][gc,age       ] GC(38) - age   2:      10968 bytes,      22744 total
[2024-03-12T07:31:50.563+0000][7][gc,age       ] GC(38) - age   3:       7176 bytes,      29920 total
[2024-03-12T07:31:50.563+0000][7][gc,age       ] GC(38) - age   4:        104 bytes,      30024 total
[2024-03-12T07:31:50.563+0000][7][gc,age       ] GC(38) - age   5:       1512 bytes,      31536 total
[2024-03-12T07:31:50.563+0000][7][gc,age       ] GC(38) - age   6:        232 bytes,      31768 total
[2024-03-12T07:31:50.564+0000][7][gc,age       ] GC(38) - age   7:       2000 bytes,      33768 total
[2024-03-12T07:31:50.564+0000][7][gc,age       ] GC(38) - age   8:       8488 bytes,      42256 total
[2024-03-12T07:31:50.564+0000][7][gc,age       ] GC(38) - age   9:      33032 bytes,      75288 total
[2024-03-12T07:31:50.565+0000][7][gc,age       ] GC(38) - age  10:      25824 bytes,     101112 total
[2024-03-12T07:31:50.565+0000][7][gc,age       ] GC(38) - age  11:        280 bytes,     101392 total
[2024-03-12T07:31:50.566+0000][7][gc,age       ] GC(38) - age  12:       2112 bytes,     103504 total
[2024-03-12T07:31:50.566+0000][7][gc,age       ] GC(38) - age  13:       1536 bytes,     105040 total
[2024-03-12T07:31:50.566+0000][7][gc,age       ] GC(38) - age  14:        176 bytes,     105216 total
[2024-03-12T07:31:50.566+0000][7][gc,age       ] GC(38) - age  15:       2240 bytes,     107456 total
[2024-03-12T07:31:50.567+0000][7][gc,phases    ] GC(38)   Pre Evacuate Collection Set: 0.7ms
[2024-03-12T07:31:50.567+0000][7][gc,phases    ] GC(38)   Merge Heap Roots: 0.3ms
[2024-03-12T07:31:50.567+0000][7][gc,phases    ] GC(38)   Evacuate Collection Set: 13.7ms
[2024-03-12T07:31:50.567+0000][7][gc,phases    ] GC(38)   Post Evacuate Collection Set: 5.3ms
[2024-03-12T07:31:50.568+0000][7][gc,phases    ] GC(38)   Other: 8.0ms
[2024-03-12T07:31:50.568+0000][7][gc,heap      ] GC(38) Eden regions: 297->0(297)
[2024-03-12T07:31:50.568+0000][7][gc,heap      ] GC(38) Survivor regions: 1->1(38)
[2024-03-12T07:31:50.568+0000][7][gc,heap      ] GC(38) Old regions: 70->70
[2024-03-12T07:31:50.568+0000][7][gc,heap      ] GC(38) Archive regions: 0->0
[2024-03-12T07:31:50.569+0000][7][gc,heap      ] GC(38) Humongous regions: 15->15
[2024-03-12T07:31:50.569+0000][7][gc,metaspace ] GC(38) Metaspace: 101302K(108880K)->101302K(108880K) NonClass: 88044K(92516K)->88044K(92516K) Class: 13258K(16364K)->13258K(16364K)
[2024-03-12T07:31:50.569+0000][7][gc           ] GC(38) Pause Young (Normal) (G1 Evacuation Pause) 381M->84M(512M) 30.423ms
[2024-03-12T07:31:50.570+0000][7][gc,cpu       ] GC(38) User=0.08s Sys=0.01s Real=0.03s
[2024-03-12T07:31:50.570+0000][7][safepoint    ] Safepoint "G1CollectForAllocation", Time since last: 107645567257 ns, Reaching safepoint: 1509708 ns, At safepoint: 31507334 ns, Total: 33017042 ns
[2024-03-12T07:42:58.637+0000][7][safepoint    ] Safepoint "Cleanup", Time since last: 668032802470 ns, Reaching safepoint: 1889542 ns, At safepoint: 9875 ns, Total: 1899417 ns
[2024-03-12T07:46:03.248+0000][7][safepoint    ] Safepoint "Cleanup", Time since last: 184610016791 ns, Reaching safepoint: 1604584 ns, At safepoint: 8125 ns, Total: 1612709 ns
